<html>
<body>
<pre>
<h1>礦ision Build Log</h1>
<h2>Tool Versions:</h2>
IDE-Version: μVision V5.14.0.0
Copyright (C) 2015 ARM Ltd and ARM Germany GmbH. All rights reserved.
License Information: yi zhu, pig, LIC=X1EWF-6F6IS-67HRS-L7DN5-DYAS0-7AVND
 
Tool Versions:
Toolchain:       MDK-ARM Professional  Version: 5.14.0.0
Toolchain Path:  D:\software\Keil_v5\ARM\ARMCC\Bin
C Compiler:      Armcc.exe V5.05 update 1 (build 106)
Assembler:       Armasm.exe V5.05 update 1 (build 106)
Linker/Locator:  ArmLink.exe V5.05 update 1 (build 106)
Library Manager: ArmAr.exe V5.05 update 1 (build 106)
Hex Converter:   FromElf.exe V5.05 update 1 (build 106)
CPU DLL:         SARMCM3.DLL V5.14.0.0
Dialog DLL:      DCM.DLL V1.13.1.0
Target DLL:      CMSIS_AGDI.dll V1.21.0.0
Dialog DLL:      TCM.DLL V1.14.4.0
 
<h2>Project:</h2>
D:\智能车\麦轮信标\程序\RT1052\固件库学习\project\mdk\YH-RT1052.uvprojx
Project File Date:  04/09/2019

<h2>Output:</h2>
Rebuild target 'nor_txt_ram'
compiling system_MIMXRT1052.c...
assembling startup_MIMXRT1052.s...
compiling fsl_clock.c...
compiling fsl_gpio.c...
compiling fsl_lpuart.c...
compiling fsl_common.c...
compiling fsl_lpspi.c...
compiling fsl_assert.c...
compiling fsl_notifier.c...
compiling fsl_shell.c...
compiling fsl_sbrk.c...
compiling fsl_debug_console.c...
compiling fsl_str.c...
compiling fsl_log.c...
compiling fsl_io.c...
compiling board.c...
compiling clock_config.c...
compiling pin_mux.c...
compiling main.c...
..\..\user\include.h(17): warning:  #1-D: last line of file ends without a newline
  #endif
..\..\user\TFTDriver.h(60): warning:  #1295-D: Deprecated declaration TFT_init - give arg types
  void TFT_init();
..\..\user\TFTDriver.h(78): warning:  #1-D: last line of file ends without a newline
  #endif
..\..\user\include.h(17): warning:  #1-D: last line of file ends without a newline
  #endif
..\..\user\main.c: 4 warnings, 0 errors
compiling TFTDriver.c...
..\..\user\include.h(17): warning:  #1-D: last line of file ends without a newline
  #endif
..\..\user\TFTDriver.h(60): warning:  #1295-D: Deprecated declaration TFT_init - give arg types
  void TFT_init();
..\..\user\TFTDriver.h(78): warning:  #1-D: last line of file ends without a newline
  #endif
..\..\user\include.h(17): warning:  #1-D: last line of file ends without a newline
  #endif
..\..\user\TFTDriver.c(313): warning:  #177-D: variable "flag_fushu" was declared but never referenced
        int flag_fushu = 0;
..\..\user\TFTDriver.c: 5 warnings, 0 errors
compiling peripherals.c...
compiling fire_imxrt1052_sdram_ini_dcd.c...
compiling fire_imxrt1052_spiflash_config.c...
compiling fsl_flexspi_nor_boot.c...
compiling GPIO.C...
..\..\user\pigDriver\GPIO.h(27): warning:  #1-D: last line of file ends without a newline
  # endif
..\..\user\pigDriver\GPIO.C: 1 warning, 0 errors
linking...
Program Size: Code=14420 RO-data=3060 RW-data=44 ZI-data=2104  
".\nor_txt_ram\Objects\YH-RT1052.axf" - 0 Error(s), 10 Warning(s).

<h2>Collection of Component include folders:</h2>
  D:\智能车\麦轮信标\程序\RT1052\固件库学习\project\mdk\RTE
  D:\software\Keil_v5\ARM\PACK\NXP\MIMXRT1052_DFP\10.0.1

<h2>Collection of Component Files used:</h2>
</pre>
</body>
</html>
