###############################################################################
#
# IAR ELF Linker V8.30.1.114/W32 for ARM                  29/Apr/2019  00:57:09
# Copyright 2007-2018 IAR Systems AB.
#
#    Output file  =  
#        D:\智能车\麦轮信标\程序\RT1052\RT1052库\i.MX-RT1052-Library\LQ库改写\sdram_debug\elcdif_rgb.out
#    Map file     =  
#        D:\智能车\麦轮信标\程序\RT1052\RT1052库\i.MX-RT1052-Library\LQ库改写\sdram_debug\list\elcdif_rgb.map
#    Command line =  
#        -f C:\Users\zhuzh\AppData\Local\Temp\EW7B02.tmp
#        (D:\智能车\麦轮信标\程序\RT1052\RT1052库\i.MX-RT1052-Library\LQ库改写\sdram_debug\obj\AHRS.o
#        D:\智能车\麦轮信标\程序\RT1052\RT1052库\i.MX-RT1052-Library\LQ库改写\sdram_debug\obj\ANO_DT.o
#        D:\智能车\麦轮信标\程序\RT1052\RT1052库\i.MX-RT1052-Library\LQ库改写\sdram_debug\obj\AP_Math.o
#        D:\智能车\麦轮信标\程序\RT1052\RT1052库\i.MX-RT1052-Library\LQ库改写\sdram_debug\obj\Appmain.o
#        D:\智能车\麦轮信标\程序\RT1052\RT1052库\i.MX-RT1052-Library\LQ库改写\sdram_debug\obj\board.o
#        D:\智能车\麦轮信标\程序\RT1052\RT1052库\i.MX-RT1052-Library\LQ库改写\sdram_debug\obj\clock_config.o
#        D:\智能车\麦轮信标\程序\RT1052\RT1052库\i.MX-RT1052-Library\LQ库改写\sdram_debug\obj\fsl_adc.o
#        D:\智能车\麦轮信标\程序\RT1052\RT1052库\i.MX-RT1052-Library\LQ库改写\sdram_debug\obj\fsl_assert.o
#        D:\智能车\麦轮信标\程序\RT1052\RT1052库\i.MX-RT1052-Library\LQ库改写\sdram_debug\obj\fsl_clock.o
#        D:\智能车\麦轮信标\程序\RT1052\RT1052库\i.MX-RT1052-Library\LQ库改写\sdram_debug\obj\fsl_common.o
#        D:\智能车\麦轮信标\程序\RT1052\RT1052库\i.MX-RT1052-Library\LQ库改写\sdram_debug\obj\fsl_csi.o
#        D:\智能车\麦轮信标\程序\RT1052\RT1052库\i.MX-RT1052-Library\LQ库改写\sdram_debug\obj\fsl_csi_camera_adapter.o
#        D:\智能车\麦轮信标\程序\RT1052\RT1052库\i.MX-RT1052-Library\LQ库改写\sdram_debug\obj\fsl_debug_console.o
#        D:\智能车\麦轮信标\程序\RT1052\RT1052库\i.MX-RT1052-Library\LQ库改写\sdram_debug\obj\fsl_dmamux.o
#        D:\智能车\麦轮信标\程序\RT1052\RT1052库\i.MX-RT1052-Library\LQ库改写\sdram_debug\obj\fsl_edma.o
#        D:\智能车\麦轮信标\程序\RT1052\RT1052库\i.MX-RT1052-Library\LQ库改写\sdram_debug\obj\fsl_elcdif.o
#        D:\智能车\麦轮信标\程序\RT1052\RT1052库\i.MX-RT1052-Library\LQ库改写\sdram_debug\obj\fsl_enc.o
#        D:\智能车\麦轮信标\程序\RT1052\RT1052库\i.MX-RT1052-Library\LQ库改写\sdram_debug\obj\fsl_flexio.o
#        D:\智能车\麦轮信标\程序\RT1052\RT1052库\i.MX-RT1052-Library\LQ库改写\sdram_debug\obj\fsl_flexio_spi.o
#        D:\智能车\麦轮信标\程序\RT1052\RT1052库\i.MX-RT1052-Library\LQ库改写\sdram_debug\obj\fsl_flexio_spi_edma.o
#        D:\智能车\麦轮信标\程序\RT1052\RT1052库\i.MX-RT1052-Library\LQ库改写\sdram_debug\obj\fsl_flexspi.o
#        D:\智能车\麦轮信标\程序\RT1052\RT1052库\i.MX-RT1052-Library\LQ库改写\sdram_debug\obj\fsl_flexspi_nor_boot.o
#        D:\智能车\麦轮信标\程序\RT1052\RT1052库\i.MX-RT1052-Library\LQ库改写\sdram_debug\obj\fsl_gpio.o
#        D:\智能车\麦轮信标\程序\RT1052\RT1052库\i.MX-RT1052-Library\LQ库改写\sdram_debug\obj\fsl_gpt.o
#        D:\智能车\麦轮信标\程序\RT1052\RT1052库\i.MX-RT1052-Library\LQ库改写\sdram_debug\obj\fsl_io.o
#        D:\智能车\麦轮信标\程序\RT1052\RT1052库\i.MX-RT1052-Library\LQ库改写\sdram_debug\obj\fsl_log.o
#        D:\智能车\麦轮信标\程序\RT1052\RT1052库\i.MX-RT1052-Library\LQ库改写\sdram_debug\obj\fsl_lpi2c.o
#        D:\智能车\麦轮信标\程序\RT1052\RT1052库\i.MX-RT1052-Library\LQ库改写\sdram_debug\obj\fsl_lpspi.o
#        D:\智能车\麦轮信标\程序\RT1052\RT1052库\i.MX-RT1052-Library\LQ库改写\sdram_debug\obj\fsl_lpuart.o
#        D:\智能车\麦轮信标\程序\RT1052\RT1052库\i.MX-RT1052-Library\LQ库改写\sdram_debug\obj\fsl_lpuart_edma.o
#        D:\智能车\麦轮信标\程序\RT1052\RT1052库\i.MX-RT1052-Library\LQ库改写\sdram_debug\obj\fsl_pit.o
#        D:\智能车\麦轮信标\程序\RT1052\RT1052库\i.MX-RT1052-Library\LQ库改写\sdram_debug\obj\fsl_pwm.o
#        D:\智能车\麦轮信标\程序\RT1052\RT1052库\i.MX-RT1052-Library\LQ库改写\sdram_debug\obj\fsl_pxp.o
#        D:\智能车\麦轮信标\程序\RT1052\RT1052库\i.MX-RT1052-Library\LQ库改写\sdram_debug\obj\fsl_qtmr.o
#        D:\智能车\麦轮信标\程序\RT1052\RT1052库\i.MX-RT1052-Library\LQ库改写\sdram_debug\obj\fsl_sccb.o
#        D:\智能车\麦轮信标\程序\RT1052\RT1052库\i.MX-RT1052-Library\LQ库改写\sdram_debug\obj\fsl_semc.o
#        D:\智能车\麦轮信标\程序\RT1052\RT1052库\i.MX-RT1052-Library\LQ库改写\sdram_debug\obj\fsl_str.o
#        D:\智能车\麦轮信标\程序\RT1052\RT1052库\i.MX-RT1052-Library\LQ库改写\sdram_debug\obj\fsl_trng.o
#        D:\智能车\麦轮信标\程序\RT1052\RT1052库\i.MX-RT1052-Library\LQ库改写\sdram_debug\obj\fsl_usdhc.o
#        D:\智能车\麦轮信标\程序\RT1052\RT1052库\i.MX-RT1052-Library\LQ库改写\sdram_debug\obj\fsl_wdog.o
#        D:\智能车\麦轮信标\程序\RT1052\RT1052库\i.MX-RT1052-Library\LQ库改写\sdram_debug\obj\fsl_xbara.o
#        D:\智能车\麦轮信标\程序\RT1052\RT1052库\i.MX-RT1052-Library\LQ库改写\sdram_debug\obj\Inertial_Sensor.o
#        D:\智能车\麦轮信标\程序\RT1052\RT1052库\i.MX-RT1052-Library\LQ库改写\sdram_debug\obj\LQ_12864SPI.o
#        D:\智能车\麦轮信标\程序\RT1052\RT1052库\i.MX-RT1052-Library\LQ库改写\sdram_debug\obj\LQ_9AX.o
#        D:\智能车\麦轮信标\程序\RT1052\RT1052库\i.MX-RT1052-Library\LQ库改写\sdram_debug\obj\LQ_9AXtest.o
#        D:\智能车\麦轮信标\程序\RT1052\RT1052库\i.MX-RT1052-Library\LQ库改写\sdram_debug\obj\LQ_ADC.o
#        D:\智能车\麦轮信标\程序\RT1052\RT1052库\i.MX-RT1052-Library\LQ库改写\sdram_debug\obj\LQ_Control.o
#        D:\智能车\麦轮信标\程序\RT1052\RT1052库\i.MX-RT1052-Library\LQ库改写\sdram_debug\obj\LQ_CSI.o
#        D:\智能车\麦轮信标\程序\RT1052\RT1052库\i.MX-RT1052-Library\LQ库改写\sdram_debug\obj\LQ_Encoder.o
#        D:\智能车\麦轮信标\程序\RT1052\RT1052库\i.MX-RT1052-Library\LQ库改写\sdram_debug\obj\LQ_IIC.o
#        D:\智能车\麦轮信标\程序\RT1052\RT1052库\i.MX-RT1052-Library\LQ库改写\sdram_debug\obj\LQ_KEY.o
#        D:\智能车\麦轮信标\程序\RT1052\RT1052库\i.MX-RT1052-Library\LQ库改写\sdram_debug\obj\LQ_LED.o
#        D:\智能车\麦轮信标\程序\RT1052\RT1052库\i.MX-RT1052-Library\LQ库改写\sdram_debug\obj\LQ_MPU6050.o
#        D:\智能车\麦轮信标\程序\RT1052\RT1052库\i.MX-RT1052-Library\LQ库改写\sdram_debug\obj\LQ_MT9V034M.o
#        D:\智能车\麦轮信标\程序\RT1052\RT1052库\i.MX-RT1052-Library\LQ库改写\sdram_debug\obj\LQ_NRF2401.o
#        D:\智能车\麦轮信标\程序\RT1052\RT1052库\i.MX-RT1052-Library\LQ库改写\sdram_debug\obj\LQ_OV7725M.o
#        D:\智能车\麦轮信标\程序\RT1052\RT1052库\i.MX-RT1052-Library\LQ库改写\sdram_debug\obj\LQ_PIT.o
#        D:\智能车\麦轮信标\程序\RT1052\RT1052库\i.MX-RT1052-Library\LQ库改写\sdram_debug\obj\LQ_PWM.o
#        D:\智能车\麦轮信标\程序\RT1052\RT1052库\i.MX-RT1052-Library\LQ库改写\sdram_debug\obj\LQ_PXP.o
#        D:\智能车\麦轮信标\程序\RT1052\RT1052库\i.MX-RT1052-Library\LQ库改写\sdram_debug\obj\LQ_QTMR.o
#        D:\智能车\麦轮信标\程序\RT1052\RT1052库\i.MX-RT1052-Library\LQ库改写\sdram_debug\obj\LQ_SGP18T.o
#        D:\智能车\麦轮信标\程序\RT1052\RT1052库\i.MX-RT1052-Library\LQ库改写\sdram_debug\obj\LQ_SGP18Test.o
#        D:\智能车\麦轮信标\程序\RT1052\RT1052库\i.MX-RT1052-Library\LQ库改写\sdram_debug\obj\LQ_SPI.o
#        D:\智能车\麦轮信标\程序\RT1052\RT1052库\i.MX-RT1052-Library\LQ库改写\sdram_debug\obj\LQ_TRNG.o
#        D:\智能车\麦轮信标\程序\RT1052\RT1052库\i.MX-RT1052-Library\LQ库改写\sdram_debug\obj\LQ_UART.o
#        D:\智能车\麦轮信标\程序\RT1052\RT1052库\i.MX-RT1052-Library\LQ库改写\sdram_debug\obj\LQ_WDog.o
#        D:\智能车\麦轮信标\程序\RT1052\RT1052库\i.MX-RT1052-Library\LQ库改写\sdram_debug\obj\m_systime.o
#        D:\智能车\麦轮信标\程序\RT1052\RT1052库\i.MX-RT1052-Library\LQ库改写\sdram_debug\obj\PID.o
#        D:\智能车\麦轮信标\程序\RT1052\RT1052库\i.MX-RT1052-Library\LQ库改写\sdram_debug\obj\Pig_edma.o
#        D:\智能车\麦轮信标\程序\RT1052\RT1052库\i.MX-RT1052-Library\LQ库改写\sdram_debug\obj\pin_mux.o
#        D:\智能车\麦轮信标\程序\RT1052\RT1052库\i.MX-RT1052-Library\LQ库改写\sdram_debug\obj\Scheduler.o
#        D:\智能车\麦轮信标\程序\RT1052\RT1052库\i.MX-RT1052-Library\LQ库改写\sdram_debug\obj\SEEKFREE_MT9V032.o
#        D:\智能车\麦轮信标\程序\RT1052\RT1052库\i.MX-RT1052-Library\LQ库改写\sdram_debug\obj\startup_MIMXRT1052.o
#        D:\智能车\麦轮信标\程序\RT1052\RT1052库\i.MX-RT1052-Library\LQ库改写\sdram_debug\obj\status.o
#        D:\智能车\麦轮信标\程序\RT1052\RT1052库\i.MX-RT1052-Library\LQ库改写\sdram_debug\obj\system_MIMXRT1052.o
#        D:\智能车\麦轮信标\程序\RT1052\RT1052库\i.MX-RT1052-Library\LQ库改写\sdram_debug\obj\xip_config.o
#        --no_out_extension -o
#        D:\智能车\麦轮信标\程序\RT1052\RT1052库\i.MX-RT1052-Library\LQ库改写\sdram_debug\elcdif_rgb.out
#        --map
#        D:\智能车\麦轮信标\程序\RT1052\RT1052库\i.MX-RT1052-Library\LQ库改写\sdram_debug\list\elcdif_rgb.map
#        --config
#        D:\智能车\麦轮信标\程序\RT1052\RT1052库\i.MX-RT1052-Library\LQ库改写\LQuserFlies\config\LQ_RT1052SDRAM_Boot.icf
#        --semihosting --entry __iar_program_start --vfe --text_out locale)
#
###############################################################################

*******************************************************************************
*** RUNTIME MODEL ATTRIBUTES
***

CppFlavor       = *
__Heap_Handler  = DLMalloc
__SystemLibrary = DLib
__dlib_version  = 6


*******************************************************************************
*** HEAP SELECTION
***

The advanced heap was selected because the application calls memory
allocation functions outside of system library functions, and there
are calls to deallocation functions in the application.


*******************************************************************************
*** PLACEMENT SUMMARY
***

"A0":  place at 0x8000'0000 { ro section .intvec };
"P1":  place in [from 0x8000'0000 to 0x8000'03ff] |
                [from 0x8000'0400 to 0x801f'ffff] { ro };
define block RW { first rw, section m_usb_dma_init_data };
"P2":  place in [from 0x2000'0000 to 0x2001'dfff] { block RW };
define block ZI
   with alignment = 32 { first zi, section m_usb_dma_noninit_data };
"P3":  place in [from 0x2000'0000 to 0x2001'dfff] { block ZI };
define block CSTACK with size = 8K, alignment = 8 { };
"P5":  place in [from 0x2001'e000 to 0x2001'ffff] { block CSTACK };
define block NCACHE_VAR
   with size = 8M, alignment = 1M {
      section NonCacheable, section NonCacheable.init };
"P6":  place in [from 0x8180'0000 to 0x81ff'ffff] { block NCACHE_VAR };
initialize by copy { rw, section .textrw };

No sections matched the following patterns:

  section NonCacheable.init       in block NCACHE_VAR
  section m_usb_dma_init_data     in block RW
  section m_usb_dma_noninit_data  in block ZI


  Section            Kind         Address      Size  Object
  -------            ----         -------      ----  ------
"P2-P3", part 1 of 2:                         0x153
  RW                          0x2000'0000     0x153  <Block>
    RW-1                      0x2000'0000     0x153  <Init block>
      .data          inited   0x2000'0000      0x34  LQ_Control.o [1]
      .data          inited   0x2000'0034      0x34  LQ_Control.o [1]
      .data          inited   0x2000'0068      0x10  LQ_CSI.o [1]
      .data          inited   0x2000'0078       0x8  LQ_CSI.o [1]
      .data          inited   0x2000'0080       0x4  LQ_CSI.o [1]
      .data          inited   0x2000'0084       0xc  LQ_CSI.o [1]
      .data          inited   0x2000'0090      0x18  LQ_CSI.o [1]
      .data          inited   0x2000'00a8       0x4  LQ_KEY.o [1]
      .data          inited   0x2000'00ac       0x4  LQ_LED.o [1]
      .data          inited   0x2000'00b0      0x14  m_systime.o [1]
      .data          inited   0x2000'00c4      0x48  SEEKFREE_MT9V032.o [1]
      .data          inited   0x2000'010c      0x40  SEEKFREE_MT9V032.o [1]
      .data          inited   0x2000'014c       0x4  system_MIMXRT1052.o [1]
      .data          inited   0x2000'0150       0x2  status.o [1]
      .data          inited   0x2000'0152       0x1  SEEKFREE_MT9V032.o [1]
                            - 0x2000'0153     0x153

"P2-P3", part 2 of 2:                         0x2a8
  ZI                          0x2000'0160     0x2a8  <Block>
    .bss             zero     0x2000'0160      0x34  ANO_DT.o [1]
    .bss             zero     0x2000'0194       0x1  ANO_DT.o [1]
    .bss             zero     0x2000'0195       0x1  ANO_DT.o [1]
    .bss             zero     0x2000'0196       0x1  ANO_DT.o [1]
    .bss             zero     0x2000'0198       0x4  Appmain.o [1]
    .bss             zero     0x2000'01a0       0x8  Appmain.o [1]
    .bss             zero     0x2000'01a8       0x4  fsl_clock.o [1]
    .bss             zero     0x2000'01ac       0x4  fsl_clock.o [1]
    .bss             zero     0x2000'01b0       0x4  fsl_csi.o [1]
    .bss             zero     0x2000'01b4       0x4  fsl_csi.o [1]
    .bss             zero     0x2000'01b8      0x80  fsl_edma.o [1]
    .bss             zero     0x2000'0238       0x8  fsl_flexio.o [1]
    .bss             zero     0x2000'0240       0x8  fsl_flexio.o [1]
    .bss             zero     0x2000'0248       0x8  fsl_flexio.o [1]
    .bss             zero     0x2000'0250       0x4  fsl_flexspi.o [1]
    .bss             zero     0x2000'0254       0x8  fsl_io.o [1]
    .bss             zero     0x2000'025c       0x4  fsl_lpi2c.o [1]
    .bss             zero     0x2000'0260      0x14  fsl_lpi2c.o [1]
    .bss             zero     0x2000'0274       0x4  fsl_lpi2c.o [1]
    .bss             zero     0x2000'0278      0x14  fsl_lpi2c.o [1]
    .bss             zero     0x2000'028c      0x14  fsl_lpspi.o [1]
    .bss             zero     0x2000'02a0       0x4  fsl_lpspi.o [1]
    .bss             zero     0x2000'02a4       0x4  fsl_lpspi.o [1]
    .bss             zero     0x2000'02a8       0xc  fsl_usdhc.o [1]
    .bss             zero     0x2000'02b4       0x4  fsl_usdhc.o [1]
    .bss             zero     0x2000'02b8      0x2c  LQ_CSI.o [1]
    .bss             zero     0x2000'02e4      0x38  LQ_IIC.o [1]
    .bss             zero     0x2000'031c      0x20  LQ_IIC.o [1]
    .bss             zero     0x2000'033c       0x1  LQ_IIC.o [1]
    .bss             zero     0x2000'033d       0x1  LQ_IIC.o [1]
    .bss             zero     0x2000'033e       0x1  LQ_KEY.o [1]
    .bss             zero     0x2000'0340       0x2  LQ_PIT.o [1]
    .bss             zero     0x2000'0342       0x2  LQ_PIT.o [1]
    .bss             zero     0x2000'0344       0x2  LQ_PIT.o [1]
    .bss             zero     0x2000'0346       0x2  LQ_PIT.o [1]
    .bss             zero     0x2000'0348       0x1  LQ_UART.o [1]
    .bss             zero     0x2000'034c      0x64  LQ_UART.o [1]
    .bss             zero     0x2000'03b0       0x1  LQ_UART.o [1]
    .bss             zero     0x2000'03b1       0x1  LQ_UART.o [1]
    .bss             zero     0x2000'03b2       0x1  LQ_UART.o [1]
    .bss             zero     0x2000'03b3       0x1  LQ_UART.o [1]
    .bss             zero     0x2000'03b4       0x1  LQ_UART.o [1]
    .bss             zero     0x2000'03b5       0x1  LQ_UART.o [1]
    .bss             zero     0x2000'03b8       0x8  LQ_UART.o [1]
    .bss             zero     0x2000'03c0      0x1c  LQ_UART.o [1]
    .bss             zero     0x2000'03e0      0x20  m_systime.o [1]
    .bss             zero     0x2000'0400       0x4  SEEKFREE_MT9V032.o [1]
    .bss             zero     0x2000'0404       0x1  SEEKFREE_MT9V032.o [1]
                            - 0x2000'0408     0x2a8

"P5":                                        0x2000
  CSTACK                      0x2001'e000    0x2000  <Block>
    CSTACK           uninit   0x2001'e000    0x2000  <Block tail>
                            - 0x2002'0000    0x2000

"A0":                                         0x400
  .intvec            ro code  0x8000'0000     0x400  startup_MIMXRT1052.o [1]
                            - 0x8000'0400     0x400

"P1":                                        0x741c
  .text              ro code  0x8000'0400     0xab0  LQ_UART.o [1]
  .text              ro code  0x8000'0eb0      0x18  fsl_assert.o [1]
  .text              ro code  0x8000'0ec8     0x5c0  fsl_clock.o [1]
  .text              ro code  0x8000'1488     0x480  fsl_lpuart.o [1]
  .text              ro code  0x8000'1908     0x2e0  ANO_DT.o [1]
  .text              ro code  0x8000'1be8      0xa4  fsl_debug_console.o [1]
  .text              ro code  0x8000'1c8c     0x230  I64DivMod.o [4]
  .text              ro code  0x8000'1ebc      0xf0  fsl_lpuart_edma.o [1]
  .text              ro code  0x8000'1fac     0x314  LQ_LED.o [1]
  .text              ro code  0x8000'22c0      0x60  fsl_log.o [1]
  .text              ro code  0x8000'2320       0x6  ABImemclr4.o [4]
  .text              ro code  0x8000'2326     0x29a  fsl_str.o [1]
  .text              ro code  0x8000'25c0       0x2  I64DivZer.o [4]
  .text              ro code  0x8000'25c2      0x3a  zero_init3.o [4]
  .text              ro code  0x8000'25fc     0xa78  fsl_edma.o [1]
  .text              ro code  0x8000'3074     0x198  fsl_gpio.o [1]
  .text              ro code  0x8000'320c      0xb4  fsl_io.o [1]
  .text              ro code  0x8000'32c0      0x3a  ABImemset48.o [4]
  .rodata            const    0x8000'32fa       0x2  clock_config.o [1]
  .text              ro code  0x8000'32fc      0x36  strlen.o [4]
  .rodata            const    0x8000'3332       0x2  fsl_csi.o [1]
  .text              ro code  0x8000'3334     0x850  pin_mux.o [1]
  .text              ro code  0x8000'3b84     0x6d4  fsl_lpi2c.o [1]
  .text              ro code  0x8000'4258     0x5f4  fsl_csi.o [1]
  .text              ro code  0x8000'484c     0x500  LQ_SGP18T.o [1]
  .text              ro code  0x8000'4d4c     0x2b8  Appmain.o [1]
  .text              ro code  0x8000'5004     0x2f0  board.o [1]
  .text              ro code  0x8000'52f4     0x418  clock_config.o [1]
  .text              ro code  0x8000'570c     0x150  m_systime.o [1]
  .text              ro code  0x8000'585c     0x1c0  SEEKFREE_MT9V032.o [1]
  .text              ro code  0x8000'5a1c     0x18c  LQ_CSI.o [1]
  .text              ro code  0x8000'5ba8     0x15c  LQ_IIC.o [1]
  .text              ro code  0x8000'5d04     0x22c  fsl_flexspi.o [1]
  .text              ro code  0x8000'5f30     0x16a  system_MIMXRT1052.o [1]
  .rodata            const    0x8000'609a       0x2  fsl_csi.o [1]
  .text              ro code  0x8000'609c     0x126  fsl_csi_camera_adapter.o [1]
  .text              ro code  0x8000'61c2       0x2  startup_MIMXRT1052.o [1]
  .text              ro code  0x8000'61c4      0xf0  fsl_lpspi.o [1]
  .text              ro code  0x8000'62b4      0xac  LQ_PIT.o [1]
  .text              ro code  0x8000'6360      0x9c  packbits_init.o [4]
  .text              ro code  0x8000'63fc       0x6  abort.o [2]
  .text              ro code  0x8000'6402       0x2  startup_MIMXRT1052.o [1]
  .text              ro code  0x8000'6404      0x14  exit.o [5]
  .rodata            const    0x8000'6418      0x80  fsl_lpuart_edma.o [1]
  .rodata            const    0x8000'6498      0x7c  fsl_edma.o [1]
  .rodata            const    0x8000'6514      0x7c  LQ_CSI.o [1]
  .rodata            const    0x8000'6590      0x7c  LQ_IIC.o [1]
  .rodata            const    0x8000'660c      0x7c  LQ_LED.o [1]
  .rodata            const    0x8000'6688      0x7c  LQ_SGP18T.o [1]
  .rodata            const    0x8000'6704      0x7c  LQ_UART.o [1]
  .rodata            const    0x8000'6780      0x7c  pin_mux.o [1]
  .rodata            const    0x8000'67fc      0x68  fsl_debug_console.o [1]
  .rodata            const    0x8000'6864      0x68  fsl_edma.o [1]
  .rodata            const    0x8000'68cc      0x64  fsl_edma.o [1]
  .rodata            const    0x8000'6930      0x60  fsl_flexspi.o [1]
  .rodata            const    0x8000'6990      0x60  fsl_lpuart.o [1]
  .rodata            const    0x8000'69f0      0x5c  clock_config.o [1]
  .rodata            const    0x8000'6a4c      0x5c  fsl_csi.o [1]
  .rodata            const    0x8000'6aa8      0x5c  fsl_csi.o [1]
  .rodata            const    0x8000'6b04      0x5c  fsl_gpio.o [1]
  .rodata            const    0x8000'6b60      0x5c  fsl_gpio.o [1]
  .rodata            const    0x8000'6bbc      0x5c  fsl_io.o [1]
  .rodata            const    0x8000'6c18      0x5c  fsl_log.o [1]
  .rodata            const    0x8000'6c74      0x5c  fsl_lpi2c.o [1]
  .rodata            const    0x8000'6cd0      0x5c  fsl_lpi2c.o [1]
  .rodata            const    0x8000'6d2c      0x5c  fsl_lpspi.o [1]
  .rodata            const    0x8000'6d88      0x5c  fsl_lpuart.o [1]
  .text              ro code  0x8000'6de4      0x44  LQ_KEY.o [1]
  .rodata            const    0x8000'6e28      0x40  fsl_lpuart.o [1]
  .rodata            const    0x8000'6e68      0x3c  fsl_csi.o [1]
  .rodata            const    0x8000'6ea4      0x3c  fsl_gpio.o [1]
  .text              ro code  0x8000'6ee0      0x3c  fsl_flexio.o [1]
  .rodata            const    0x8000'6f1c      0x2c  fsl_assert.o [1]
  .rodata            const    0x8000'6f48      0x28  fsl_edma.o [1]
  .text              ro code  0x8000'6f70      0x28  fsl_usdhc.o [1]
  .text              ro code  0x8000'6f98      0x28  startup_MIMXRT1052.o [1]
  .text              ro code  0x8000'6fc0      0x28  data_init.o [4]
  .rodata            const    0x8000'6fe8      0x24  fsl_edma.o [1]
  .rodata            const    0x8000'700c      0x24  fsl_lpuart.o [1]
  .text              ro code  0x8000'7030      0x22  LQ_MT9V034M.o [1]
  .text              ro code  0x8000'7052       0x2  startup_MIMXRT1052.o [1]
  .text              ro code  0x8000'7054      0x22  fpinit_M.o [3]
  .iar.init_table    const    0x8000'7078      0x34  - Linker created -
  .text              ro code  0x8000'70ac       0x2  startup_MIMXRT1052.o [1]
  .rodata            const    0x8000'70b0      0x20  fsl_edma.o [1]
  .rodata            const    0x8000'70d0      0x20  fsl_lpuart.o [1]
  .rodata            const    0x8000'70f0      0x20  fsl_lpuart.o [1]
  .text              ro code  0x8000'7110      0x1e  cmain.o [4]
  .text              ro code  0x8000'712e       0x4  low_level_init.o [2]
  .text              ro code  0x8000'7132       0x4  exit.o [2]
  .text              ro code  0x8000'7136       0x2  startup_MIMXRT1052.o [1]
  .text              ro code  0x8000'7138       0xa  cexit.o [4]
  .text              ro code  0x8000'7142       0x2  startup_MIMXRT1052.o [1]
  .rodata            const    0x8000'7144      0x1c  Appmain.o [1]
  .rodata            const    0x8000'7160      0x1c  Appmain.o [1]
  .rodata            const    0x8000'717c      0x1c  Appmain.o [1]
  .rodata            const    0x8000'7198      0x1c  Appmain.o [1]
  .rodata            const    0x8000'71b4      0x1c  Appmain.o [1]
  .rodata            const    0x8000'71d0      0x1c  Appmain.o [1]
  .rodata            const    0x8000'71ec      0x1c  Appmain.o [1]
  .rodata            const    0x8000'7208      0x1c  Appmain.o [1]
  .rodata            const    0x8000'7224      0x1c  Appmain.o [1]
  .rodata            const    0x8000'7240      0x1c  Appmain.o [1]
  .rodata            const    0x8000'725c      0x1c  Appmain.o [1]
  .rodata            const    0x8000'7278      0x1c  Appmain.o [1]
  .rodata            const    0x8000'7294      0x1c  Appmain.o [1]
  .rodata            const    0x8000'72b0      0x1c  Appmain.o [1]
  .rodata            const    0x8000'72cc      0x1c  fsl_csi_camera_adapter.o [1]
  .rodata            const    0x8000'72e8      0x18  clock_config.o [1]
  .rodata            const    0x8000'7300      0x18  fsl_gpio.o [1]
  .rodata            const    0x8000'7318      0x18  fsl_lpuart.o [1]
  .rodata            const    0x8000'7330      0x18  fsl_lpuart_edma.o [1]
  .rodata            const    0x8000'7348      0x18  LQ_CSI.o [1]
  .rodata            const    0x8000'7360      0x18  LQ_IIC.o [1]
  .rodata            const    0x8000'7378      0x18  LQ_MT9V034M.o [1]
  .rodata            const    0x8000'7390      0x18  LQ_UART.o [1]
  .rodata            const    0x8000'73a8      0x14  Appmain.o [1]
  .rodata            const    0x8000'73bc      0x14  fsl_lpi2c.o [1]
  .rodata            const    0x8000'73d0      0x14  fsl_lpi2c.o [1]
  .rodata            const    0x8000'73e4      0x14  fsl_lpspi.o [1]
  .rodata            const    0x8000'73f8      0x14  fsl_lpspi.o [1]
  .rodata            const    0x8000'740c      0x14  fsl_lpspi.o [1]
  .rodata            const    0x8000'7420      0x14  fsl_lpspi.o [1]
  .rodata            const    0x8000'7434      0x14  fsl_lpuart.o [1]
  .rodata            const    0x8000'7448      0x10  Appmain.o [1]
  .rodata            const    0x8000'7458      0x10  clock_config.o [1]
  .rodata            const    0x8000'7468      0x10  fsl_clock.o [1]
  .rodata            const    0x8000'7478      0x10  fsl_debug_console.o [1]
  .rodata            const    0x8000'7488      0x10  fsl_edma.o [1]
  .rodata            const    0x8000'7498      0x10  fsl_edma.o [1]
  .rodata            const    0x8000'74a8      0x10  fsl_edma.o [1]
  .rodata            const    0x8000'74b8      0x10  fsl_lpi2c.o [1]
  .rodata            const    0x8000'74c8      0x10  fsl_lpuart_edma.o [1]
  .rodata            const    0x8000'74d8       0xc  fsl_csi.o [1]
  .rodata            const    0x8000'74e4       0xc  fsl_edma.o [1]
  .rodata            const    0x8000'74f0       0xc  fsl_edma.o [1]
  .rodata            const    0x8000'74fc       0xc  fsl_edma.o [1]
  .rodata            const    0x8000'7508       0xc  fsl_gpio.o [1]
  .rodata            const    0x8000'7514       0xc  fsl_gpio.o [1]
  .rodata            const    0x8000'7520       0xc  fsl_gpio.o [1]
  .rodata            const    0x8000'752c       0xc  fsl_log.o [1]
  .rodata            const    0x8000'7538       0xc  fsl_lpi2c.o [1]
  .rodata            const    0x8000'7544       0xc  fsl_lpi2c.o [1]
  .rodata            const    0x8000'7550       0xc  fsl_lpi2c.o [1]
  .rodata            const    0x8000'755c       0xc  fsl_lpuart.o [1]
  .rodata            const    0x8000'7568       0xc  fsl_lpuart_edma.o [1]
  .rodata            const    0x8000'7574       0xc  LQ_LED.o [1]
  .rodata            const    0x8000'7580       0xc  LQ_SGP18T.o [1]
  .rodata            const    0x8000'758c       0xc  LQ_UART.o [1]
  .rodata            const    0x8000'7598       0xc  pin_mux.o [1]
  .text              ro code  0x8000'75a4       0xc  cstartup_M.o [4]
  .rodata            const    0x8000'75b0       0x8  clock_config.o [1]
  .rodata            const    0x8000'75b8       0x8  fsl_csi.o [1]
  .rodata            const    0x8000'75c0       0x8  fsl_csi.o [1]
  .rodata            const    0x8000'75c8       0x8  fsl_flexspi.o [1]
  .rodata            const    0x8000'75d0       0x8  fsl_io.o [1]
  .rodata            const    0x8000'75d8       0x8  fsl_lpi2c.o [1]
  .rodata            const    0x8000'75e0       0x8  fsl_lpuart.o [1]
  .rodata            const    0x8000'75e8       0x8  fsl_lpuart.o [1]
  .rodata            const    0x8000'75f0       0x8  fsl_lpuart_edma.o [1]
  .rodata            const    0x8000'75f8       0x8  fsl_lpuart_edma.o [1]
  .text              ro code  0x8000'7600       0x8  startup_MIMXRT1052.o [1]
  .text              ro code  0x8000'7608       0x8  startup_MIMXRT1052.o [1]
  .text              ro code  0x8000'7610       0x8  startup_MIMXRT1052.o [1]
  .text              ro code  0x8000'7618       0x8  startup_MIMXRT1052.o [1]
  .text              ro code  0x8000'7620       0x8  startup_MIMXRT1052.o [1]
  .text              ro code  0x8000'7628       0x8  startup_MIMXRT1052.o [1]
  .text              ro code  0x8000'7630       0x8  startup_MIMXRT1052.o [1]
  .text              ro code  0x8000'7638       0x8  startup_MIMXRT1052.o [1]
  .text              ro code  0x8000'7640       0x8  startup_MIMXRT1052.o [1]
  .text              ro code  0x8000'7648       0x8  startup_MIMXRT1052.o [1]
  .text              ro code  0x8000'7650       0x8  startup_MIMXRT1052.o [1]
  .text              ro code  0x8000'7658       0x8  startup_MIMXRT1052.o [1]
  .text              ro code  0x8000'7660       0x8  startup_MIMXRT1052.o [1]
  .text              ro code  0x8000'7668       0x8  startup_MIMXRT1052.o [1]
  .text              ro code  0x8000'7670       0x8  startup_MIMXRT1052.o [1]
  .text              ro code  0x8000'7678       0x8  startup_MIMXRT1052.o [1]
  .text              ro code  0x8000'7680       0x8  startup_MIMXRT1052.o [1]
  .text              ro code  0x8000'7688       0x8  startup_MIMXRT1052.o [1]
  .text              ro code  0x8000'7690       0x8  startup_MIMXRT1052.o [1]
  .text              ro code  0x8000'7698       0x8  startup_MIMXRT1052.o [1]
  .text              ro code  0x8000'76a0       0x8  startup_MIMXRT1052.o [1]
  .text              ro code  0x8000'76a8       0x8  startup_MIMXRT1052.o [1]
  .text              ro code  0x8000'76b0       0x8  startup_MIMXRT1052.o [1]
  .text              ro code  0x8000'76b8       0x8  startup_MIMXRT1052.o [1]
  .text              ro code  0x8000'76c0       0x8  startup_MIMXRT1052.o [1]
  .text              ro code  0x8000'76c8       0x8  startup_MIMXRT1052.o [1]
  .text              ro code  0x8000'76d0       0x8  startup_MIMXRT1052.o [1]
  .text              ro code  0x8000'76d8       0x8  startup_MIMXRT1052.o [1]
  .text              ro code  0x8000'76e0       0x8  startup_MIMXRT1052.o [1]
  .text              ro code  0x8000'76e8       0x8  startup_MIMXRT1052.o [1]
  .text              ro code  0x8000'76f0       0x8  startup_MIMXRT1052.o [1]
  .text              ro code  0x8000'76f8       0x8  startup_MIMXRT1052.o [1]
  .text              ro code  0x8000'7700       0x8  startup_MIMXRT1052.o [1]
  .text              ro code  0x8000'7708       0x8  startup_MIMXRT1052.o [1]
  .text              ro code  0x8000'7710       0x8  startup_MIMXRT1052.o [1]
  .text              ro code  0x8000'7718       0x8  startup_MIMXRT1052.o [1]
  .text              ro code  0x8000'7720       0x8  startup_MIMXRT1052.o [1]
  .text              ro code  0x8000'7728       0x8  startup_MIMXRT1052.o [1]
  .text              ro code  0x8000'7730       0x8  startup_MIMXRT1052.o [1]
  .text              ro code  0x8000'7738       0x4  startup_MIMXRT1052.o [1]
  .text              ro code  0x8000'773c       0x2  startup_MIMXRT1052.o [1]
  .text              ro code  0x8000'773e       0x2  startup_MIMXRT1052.o [1]
  .rodata            const    0x8000'7740       0x0  zero_init3.o [4]
  .rodata            const    0x8000'7740       0x0  packbits_init.o [4]
  Initializer bytes  const    0x8000'7740      0xdc  <for RW-1>
                            - 0x8000'781c    0x741c

"P6":                                      0x800000
  NCACHE_VAR                  0x8180'0000  0x800000  <Block>
    NonCacheable     zero     0x8180'0000   0x16080  LQ_CSI.o [1]
    NCACHE_VAR       uninit   0x8181'6080  0x7e9f80  <Block tail>
                            - 0x8200'0000  0x800000

Unused ranges:

         From           To       Size
         ----           --       ----
  0x2000'0153  0x2000'015f        0xd
  0x2000'0408  0x2001'dfff   0x1'dbf8
  0x8000'781c  0x801f'ffff  0x1f'87e4


*******************************************************************************
*** INIT TABLE
***

          Address      Size
          -------      ----
Zero (__iar_zero_init3)
    2 destination ranges, total size 0x16325:
          0x2000'0160    0x2a5
          0x8180'0000  0x16080

Copy/packbits (__iar_packbits_init3)
    1 source range, total size 0xdc (64% of destination):
          0x8000'7740     0xdc
    1 destination range, total size 0x153:
          0x2000'0000    0x153



*******************************************************************************
*** MODULE SUMMARY
***

    Module                    ro code  ro data    rw data
    ------                    -------  -------    -------
command line/config:
    -----------------------------------------------------
    Total:

D:\智能车\麦轮信标\程序\RT1052\RT1052库\i.MX-RT1052-Library\LQ库改写\sdram_debug\obj: [1]
    ANO_DT.o                      736                  55
    Appmain.o                     696      428         12
    LQ_CSI.o                      396      190     90 348
    LQ_Control.o                            67        104
    LQ_IIC.o                      348      148         90
    LQ_KEY.o                       68        2          5
    LQ_LED.o                      788      139          4
    LQ_MT9V034M.o                  34       24
    LQ_PIT.o                      172                   8
    LQ_SGP18T.o                 1 280      136
    LQ_UART.o                   2 736      160        143
    SEEKFREE_MT9V032.o            448       89        142
    board.o                       752
    clock_config.o              1 048      142
    fsl_assert.o                   24       44
    fsl_clock.o                 1 472       16          8
    fsl_csi.o                   1 524      276          8
    fsl_csi_camera_adapter.o      294       28
    fsl_debug_console.o           164      120
    fsl_edma.o                  2 680      520        128
    fsl_flexio.o                   60                  24
    fsl_flexspi.o                 556      104          4
    fsl_gpio.o                    408      304
    fsl_io.o                      180      100          8
    fsl_log.o                      96      104
    fsl_lpi2c.o                 1 748      284         48
    fsl_lpspi.o                   240      172         28
    fsl_lpuart.o                1 152      424
    fsl_lpuart_edma.o             240      196
    fsl_str.o                     666
    fsl_usdhc.o                    40                  16
    m_systime.o                   336       13         52
    pin_mux.o                   2 128      136
    startup_MIMXRT1052.o        1 396
    status.o                                 1          2
    system_MIMXRT1052.o           362        3          4
    -----------------------------------------------------
    Total:                     25 268    4 370     91 241

dl7M_tlf.a: [2]
    abort.o                         6
    exit.o                          4
    low_level_init.o                4
    -----------------------------------------------------
    Total:                         14

m7M_tlv.a: [3]
    fpinit_M.o                     34
    -----------------------------------------------------
    Total:                         34

rt7M_tl.a: [4]
    ABImemclr4.o                    6
    ABImemset48.o                  58
    I64DivMod.o                   560
    I64DivZer.o                     2
    cexit.o                        10
    cmain.o                        30
    cstartup_M.o                   12
    data_init.o                    40
    packbits_init.o               156
    strlen.o                       54
    zero_init3.o                   58
    -----------------------------------------------------
    Total:                        986

shb_l.a: [5]
    exit.o                         20
    -----------------------------------------------------
    Total:                         20

    Gaps                                     4         15
    Linker created                          52  8 306 560
---------------------------------------------------------
    Grand Total:               26 322    4 426  8 397 816


*******************************************************************************
*** ENTRY LIST
***

Entry                       Address     Size  Type      Object
-----                       -------     ----  ----      ------
.iar.init_table$$Base   0x8000'7078            --   Gb  - Linker created -
.iar.init_table$$Limit  0x8000'70ac            --   Gb  - Linker created -
?main                   0x8000'7111           Code  Gb  cmain.o [4]
ANO_DT_Data_Receive_Anl
                        0x8000'1a55    0x162  Code  Gb  ANO_DT.o [1]
ANO_DT_Data_Receive_Prepare
                        0x8000'1979     0xd8  Code  Gb  ANO_DT.o [1]
ANO_DT_Data_Receive_Prepare::RxBuffer
                        0x2000'0160     0x34  Data  Lc  ANO_DT.o [1]
ANO_DT_Data_Receive_Prepare::_data_cnt
                        0x2000'0195      0x1  Data  Lc  ANO_DT.o [1]
ANO_DT_Data_Receive_Prepare::_data_len
                        0x2000'0194      0x1  Data  Lc  ANO_DT.o [1]
ANO_DT_Data_Receive_Prepare::state
                        0x2000'0196      0x1  Data  Lc  ANO_DT.o [1]
ANO_DT_Send_Check       0x8000'1931     0x48  Code  Lc  ANO_DT.o [1]
ANO_DT_Send_Data        0x8000'1909     0x28  Code  Gb  ANO_DT.o [1]
ARM_MPU_Disable         0x8000'5025     0x22  Code  Lc  board.o [1]
ARM_MPU_Enable          0x8000'5005     0x20  Code  Lc  board.o [1]
BOARD_BootClockRUN      0x8000'53c1    0x23c  Code  Gb  clock_config.o [1]
BOARD_ConfigMPU         0x8000'5207     0x72  Code  Gb  board.o [1]
BOARD_DebugConsoleSrcFreq
                        0x8000'51b5     0x3a  Code  Gb  board.o [1]
BOARD_InitCSIPins       0x8000'3831    0x182  Code  Gb  pin_mux.o [1]
BOARD_InitCameraResource
                        0x8000'5b03     0x1c  Code  Gb  LQ_CSI.o [1]
BOARD_InitDEBUG_UARTPins
                        0x8000'33a1     0x64  Code  Gb  pin_mux.o [1]
BOARD_InitDebugConsole  0x8000'51ef     0x18  Code  Gb  board.o [1]
BOARD_InitLPI2C1Pins    0x8000'39dd     0x78  Code  Gb  pin_mux.o [1]
BOARD_InitSDRAMPins     0x8000'341d    0x384  Code  Gb  pin_mux.o [1]
CAMERA_DEVICE_Init      0x8000'5af3      0x6  Code  Lc  LQ_CSI.o [1]
CAMERA_DEVICE_Start     0x8000'5af9      0x6  Code  Lc  LQ_CSI.o [1]
CAMERA_RECEIVER_GetFullBuffer
                        0x8000'4dbf      0x6  Code  Lc  Appmain.o [1]
CAMERA_RECEIVER_Init    0x8000'5add      0xa  Code  Lc  LQ_CSI.o [1]
CAMERA_RECEIVER_Start   0x8000'5ae7      0x6  Code  Lc  LQ_CSI.o [1]
CAMERA_RECEIVER_SubmitEmptyBuffer
                        0x8000'4db9      0x6  Code  Lc  Appmain.o [1]
CAMERA_RECEIVER_SubmitEmptyBuffer
                        0x8000'5aed      0x6  Code  Lc  LQ_CSI.o [1]
CLOCK_ControlGate       0x8000'4271     0x40  Code  Lc  fsl_csi.o [1]
CLOCK_ControlGate       0x8000'3075     0x3a  Code  Lc  fsl_gpio.o [1]
CLOCK_ControlGate       0x8000'3b9d     0x40  Code  Lc  fsl_lpi2c.o [1]
CLOCK_ControlGate       0x8000'1489     0x40  Code  Lc  fsl_lpuart.o [1]
CLOCK_ControlGate       0x8000'1fad     0x40  Code  Lc  LQ_LED.o [1]
CLOCK_ControlGate       0x8000'484d     0x40  Code  Lc  LQ_SGP18T.o [1]
CLOCK_ControlGate       0x8000'059f     0x40  Code  Lc  LQ_UART.o [1]
CLOCK_ControlGate       0x8000'3335     0x40  Code  Lc  pin_mux.o [1]
CLOCK_DisableClock      0x8000'42b5      0x4  Code  Lc  fsl_csi.o [1]
CLOCK_EnableClock       0x8000'42b1      0x4  Code  Lc  fsl_csi.o [1]
CLOCK_EnableClock       0x8000'30af      0x4  Code  Lc  fsl_gpio.o [1]
CLOCK_EnableClock       0x8000'3bdd      0x4  Code  Lc  fsl_lpi2c.o [1]
CLOCK_EnableClock       0x8000'14c9      0x4  Code  Lc  fsl_lpuart.o [1]
CLOCK_EnableClock       0x8000'1fed      0x4  Code  Lc  LQ_LED.o [1]
CLOCK_EnableClock       0x8000'488d      0x4  Code  Lc  LQ_SGP18T.o [1]
CLOCK_EnableClock       0x8000'05df      0x4  Code  Lc  LQ_UART.o [1]
CLOCK_EnableClock       0x8000'3375      0x4  Code  Lc  pin_mux.o [1]
CLOCK_GetDiv            0x8000'5179     0x2a  Code  Lc  board.o [1]
CLOCK_GetDiv            0x8000'0575     0x2a  Code  Lc  LQ_UART.o [1]
CLOCK_GetFreq           0x8000'0fc5    0x12a  Code  Gb  fsl_clock.o [1]
CLOCK_GetMux            0x8000'514f     0x2a  Code  Lc  board.o [1]
CLOCK_GetMux            0x8000'04e3     0x2a  Code  Lc  LQ_UART.o [1]
CLOCK_GetOscFreq        0x8000'51a3     0x12  Code  Lc  board.o [1]
CLOCK_GetOscFreq        0x8000'0ec9     0x18  Code  Lc  fsl_clock.o [1]
CLOCK_GetOscFreq        0x8000'05e3     0x18  Code  Lc  LQ_UART.o [1]
CLOCK_GetPeriphClkFreq  0x8000'0f23     0xa0  Code  Lc  fsl_clock.o [1]
CLOCK_GetPllBypassRefClk
                        0x8000'0f0d     0x16  Code  Lc  fsl_clock.o [1]
CLOCK_GetPllFreq        0x8000'11b1    0x172  Code  Gb  fsl_clock.o [1]
CLOCK_GetPllFreq::enetRefClkFreq
                        0x8000'7468     0x10  Data  Lc  fsl_clock.o [1]
CLOCK_GetRtcFreq        0x8000'0ee1      0x6  Code  Lc  fsl_clock.o [1]
CLOCK_GetSysPfdFreq     0x8000'1351     0x58  Code  Gb  fsl_clock.o [1]
CLOCK_GetUsb1PfdFreq    0x8000'13a9     0x58  Code  Gb  fsl_clock.o [1]
CLOCK_InitArmPll        0x8000'10f1     0x40  Code  Gb  fsl_clock.o [1]
CLOCK_InitSysPfd        0x8000'1323     0x2c  Code  Gb  fsl_clock.o [1]
CLOCK_InitSysPll        0x8000'1131     0x40  Code  Gb  fsl_clock.o [1]
CLOCK_InitUsb1Pll       0x8000'1171     0x40  Code  Gb  fsl_clock.o [1]
CLOCK_IsPllBypassed     0x8000'0ee7     0x10  Code  Lc  fsl_clock.o [1]
CLOCK_IsPllEnabled      0x8000'0ef7     0x16  Code  Lc  fsl_clock.o [1]
CLOCK_SetDiv            0x8000'5355     0x60  Code  Lc  clock_config.o [1]
CLOCK_SetDiv            0x8000'5a7d     0x60  Code  Lc  LQ_CSI.o [1]
CLOCK_SetDiv            0x8000'5c09     0x60  Code  Lc  LQ_IIC.o [1]
CLOCK_SetDiv            0x8000'050d     0x68  Code  Lc  LQ_UART.o [1]
CLOCK_SetMux            0x8000'52f5     0x60  Code  Lc  clock_config.o [1]
CLOCK_SetMux            0x8000'5a1d     0x60  Code  Lc  LQ_CSI.o [1]
CLOCK_SetMux            0x8000'5ba9     0x60  Code  Lc  LQ_IIC.o [1]
CLOCK_SetMux            0x8000'047b     0x68  Code  Lc  LQ_UART.o [1]
CLOCK_SetRtcXtalFreq    0x8000'53bb      0x6  Code  Lc  clock_config.o [1]
CLOCK_SetXtalFreq       0x8000'53b5      0x6  Code  Lc  clock_config.o [1]
CSI_ADAPTER_Callback    0x8000'6199     0x20  Code  Lc  fsl_csi_camera_adapter.o [1]
CSI_ADAPTER_Deinit      0x8000'615d      0xe  Code  Lc  fsl_csi_camera_adapter.o [1]
CSI_ADAPTER_GetFullBuffer
                        0x8000'618b      0xc  Code  Lc  fsl_csi_camera_adapter.o [1]
CSI_ADAPTER_Init        0x8000'609d     0xc0  Code  Lc  fsl_csi_camera_adapter.o [1]
CSI_ADAPTER_InitExt     0x8000'61b9      0xa  Code  Lc  fsl_csi_camera_adapter.o [1]
CSI_ADAPTER_Start       0x8000'616b      0xa  Code  Lc  fsl_csi_camera_adapter.o [1]
CSI_ADAPTER_Stop        0x8000'6175      0xa  Code  Lc  fsl_csi_camera_adapter.o [1]
CSI_ADAPTER_SubmitEmptyBuffer
                        0x8000'617f      0xc  Code  Lc  fsl_csi_camera_adapter.o [1]
CSI_ClearFifo           0x8000'4507     0x2e  Code  Gb  fsl_csi.o [1]
CSI_Deinit              0x8000'4455     0x1c  Code  Gb  fsl_csi.o [1]
CSI_DisableInterrupts   0x8000'45a1     0x24  Code  Gb  fsl_csi.o [1]
CSI_DriverIRQHandler    0x8000'4805      0xc  Code  Gb  fsl_csi.o [1]
CSI_EnableFifoDmaRequest
                        0x8000'4555     0x2a  Code  Gb  fsl_csi.o [1]
CSI_EnableInterrupts    0x8000'457f     0x22  Code  Gb  fsl_csi.o [1]
CSI_GetDefaultConfig    0x8000'44b9     0x42  Code  Gb  fsl_csi.o [1]
CSI_GetInstance         0x8000'42f5     0x2e  Code  Lc  fsl_csi.o [1]
CSI_IRQHandler          0x8000'5aff      0x4  Code  Gb  LQ_CSI.o [1]
CSI_Init                0x8000'436b     0xea  Code  Gb  fsl_csi.o [1]
CSI_ReflashFifoDma      0x8000'4535     0x20  Code  Gb  fsl_csi.o [1]
CSI_Reset               0x8000'4471     0x48  Code  Gb  fsl_csi.o [1]
CSI_SetRxBufferAddr     0x8000'44fb      0xc  Code  Gb  fsl_csi.o [1]
CSI_Start               0x8000'42d1     0x16  Code  Lc  fsl_csi.o [1]
CSI_Stop                0x8000'42e7      0xe  Code  Lc  fsl_csi.o [1]
CSI_TransferCreateHandle
                        0x8000'45c5     0x4e  Code  Gb  fsl_csi.o [1]
CSI_TransferGetEmptyBufferCount
                        0x8000'433b      0x8  Code  Lc  fsl_csi.o [1]
CSI_TransferGetFullBuffer
                        0x8000'472d     0x32  Code  Gb  fsl_csi.o [1]
CSI_TransferGetQueueDelta
                        0x8000'4323      0xe  Code  Lc  fsl_csi.o [1]
CSI_TransferHandleIRQ   0x8000'4761     0xa4  Code  Gb  fsl_csi.o [1]
CSI_TransferIncreaseQueueIdx
                        0x8000'4331      0xa  Code  Lc  fsl_csi.o [1]
CSI_TransferLoadBufferToDevice
                        0x8000'4343     0x28  Code  Lc  fsl_csi.o [1]
CSI_TransferStart       0x8000'4613     0x6e  Code  Gb  fsl_csi.o [1]
CSI_TransferStop        0x8000'4681     0x38  Code  Gb  fsl_csi.o [1]
CSI_TransferSubmitEmptyBuffer
                        0x8000'46b9     0x74  Code  Gb  fsl_csi.o [1]
CSTACK$$Base            0x2001'e000            --   Gb  - Linker created -
CSTACK$$Limit           0x2002'0000            --   Gb  - Linker created -
ConvertRadixNumToString
                        0x8000'2327     0x7e  Code  Lc  fsl_str.o [1]
DMA0_DMA16_DriverIRQHandler
                        0x8000'2cfd     0x36  Code  Gb  fsl_edma.o [1]
DMA10_DMA26_DriverIRQHandler
                        0x8000'2f25     0x32  Code  Gb  fsl_edma.o [1]
DMA11_DMA27_DriverIRQHandler
                        0x8000'2f57     0x32  Code  Gb  fsl_edma.o [1]
DMA12_DMA28_DriverIRQHandler
                        0x8000'2f89     0x32  Code  Gb  fsl_edma.o [1]
DMA13_DMA29_DriverIRQHandler
                        0x8000'2fbb     0x32  Code  Gb  fsl_edma.o [1]
DMA14_DMA30_DriverIRQHandler
                        0x8000'2fed     0x32  Code  Gb  fsl_edma.o [1]
DMA15_DMA31_DriverIRQHandler
                        0x8000'301f     0x32  Code  Gb  fsl_edma.o [1]
DMA1_DMA17_DriverIRQHandler
                        0x8000'2d33     0x36  Code  Gb  fsl_edma.o [1]
DMA2_DMA18_DriverIRQHandler
                        0x8000'2d69     0x36  Code  Gb  fsl_edma.o [1]
DMA3_DMA19_DriverIRQHandler
                        0x8000'2d9f     0x36  Code  Gb  fsl_edma.o [1]
DMA4_DMA20_DriverIRQHandler
                        0x8000'2dd5     0x36  Code  Gb  fsl_edma.o [1]
DMA5_DMA21_DriverIRQHandler
                        0x8000'2e11     0x36  Code  Gb  fsl_edma.o [1]
DMA6_DMA22_DriverIRQHandler
                        0x8000'2e49     0x36  Code  Gb  fsl_edma.o [1]
DMA7_DMA23_DriverIRQHandler
                        0x8000'2e81     0x36  Code  Gb  fsl_edma.o [1]
DMA8_DMA24_DriverIRQHandler
                        0x8000'2eb7     0x36  Code  Gb  fsl_edma.o [1]
DMA9_DMA25_DriverIRQHandler
                        0x8000'2ef1     0x34  Code  Gb  fsl_edma.o [1]
DbgConsole_Init         0x8000'1be9     0x2e  Code  Gb  fsl_debug_console.o [1]
DbgConsole_Printf       0x8000'1c21     0x2e  Code  Gb  fsl_debug_console.o [1]
DbgConsole_RelocateLog  0x8000'1c51     0x3c  Code  Lc  fsl_debug_console.o [1]
DelayTest               0x8000'4ddf      0xa  Code  Gb  Appmain.o [1]
DisableGlobalIRQ        0x8000'25fd      0x8  Code  Lc  fsl_edma.o [1]
EDMA_GetChannelStatusFlags
                        0x8000'2847     0x42  Code  Gb  fsl_edma.o [1]
EDMA_HandleIRQ          0x8000'2c3d     0xbe  Code  Gb  fsl_edma.o [1]
EDMA_InstallTCD         0x8000'260b     0xda  Code  Gb  fsl_edma.o [1]
EDMA_PrepareTransfer    0x8000'2889    0x16e  Code  Gb  fsl_edma.o [1]
EDMA_SetTransferConfig  0x8000'26e5     0x60  Code  Gb  fsl_edma.o [1]
EDMA_StartTransfer      0x8000'2bc1     0x76  Code  Gb  fsl_edma.o [1]
EDMA_SubmitTransfer     0x8000'2a05    0x1b6  Code  Gb  fsl_edma.o [1]
EDMA_TcdReset           0x8000'2745     0x52  Code  Gb  fsl_edma.o [1]
EDMA_TcdSetTransferConfig
                        0x8000'2797     0xb0  Code  Gb  fsl_edma.o [1]
EnableGlobalIRQ         0x8000'2605      0x6  Code  Lc  fsl_edma.o [1]
EnableIRQ               0x8000'42b9     0x18  Code  Lc  fsl_csi.o [1]
EnableIRQ               0x8000'3be1     0x18  Code  Lc  fsl_lpi2c.o [1]
EnableIRQ               0x8000'05fb     0x18  Code  Lc  LQ_UART.o [1]
FLEXIO1_DriverIRQHandler
                        0x8000'6f19      0x2  Code  Gb  fsl_flexio.o [1]
FLEXIO2_DriverIRQHandler
                        0x8000'6f1b      0x2  Code  Gb  fsl_flexio.o [1]
FLEXIO_CommonIRQHandler
                        0x8000'6ee1     0x28  Code  Gb  fsl_flexio.o [1]
FLEXSPI_CheckAndClearError
                        0x8000'5d17     0x62  Code  Gb  fsl_flexspi.o [1]
FLEXSPI_ClearInterruptStatusFlags
                        0x8000'5d0f      0x8  Code  Lc  fsl_flexspi.o [1]
FLEXSPI_DisableInterrupts
                        0x8000'5d05      0xa  Code  Lc  fsl_flexspi.o [1]
FLEXSPI_DriverIRQHandler
                        0x8000'5f15      0x8  Code  Gb  fsl_flexspi.o [1]
FLEXSPI_TransferAbort   0x8000'5d7d     0x28  Code  Gb  fsl_flexspi.o [1]
FLEXSPI_TransferHandleIRQ
                        0x8000'5da5    0x170  Code  Gb  fsl_flexspi.o [1]
GET_CFG_1               0x2000'010c     0x40  Data  Gb  SEEKFREE_MT9V032.o [1]
GPIO5_Combined_0_15_IRQHandler
                        0x8000'6def     0x2e  Code  Gb  LQ_KEY.o [1]
GPIO_GetInstance        0x8000'30b5     0x2c  Code  Lc  fsl_gpio.o [1]
GPIO_GetPinsInterruptFlags
                        0x8000'6de9      0x2  Code  Lc  LQ_KEY.o [1]
GPIO_Output_Config      0x2000'00ac      0x4  Data  Gb  LQ_LED.o [1]
GPIO_PinInit            0x8000'30e1     0x52  Code  Gb  fsl_gpio.o [1]
GPIO_PinSetInterruptConfig
                        0x8000'318d     0x80  Code  Gb  fsl_gpio.o [1]
GPIO_PinWrite           0x8000'3133     0x3a  Code  Gb  fsl_gpio.o [1]
GPIO_PortClearInterruptFlags
                        0x8000'6deb      0x4  Code  Lc  LQ_KEY.o [1]
GPIO_PortGetInterruptFlags
                        0x8000'6de5      0x4  Code  Lc  LQ_KEY.o [1]
GPIO_SetPinInterruptConfig
                        0x8000'30b3      0x2  Code  Lc  fsl_gpio.o [1]
IIC_master_callback     0x8000'5c69     0x1a  Code  Gb  LQ_IIC.o [1]
IOMUXC_SetPinConfig     0x8000'200d      0xc  Code  Lc  LQ_LED.o [1]
IOMUXC_SetPinConfig     0x8000'48ad      0xc  Code  Lc  LQ_SGP18T.o [1]
IOMUXC_SetPinConfig     0x8000'062f      0xc  Code  Lc  LQ_UART.o [1]
IOMUXC_SetPinConfig     0x8000'3395      0xc  Code  Lc  pin_mux.o [1]
IOMUXC_SetPinMux        0x8000'1ff1     0x1c  Code  Lc  LQ_LED.o [1]
IOMUXC_SetPinMux        0x8000'4891     0x1c  Code  Lc  LQ_SGP18T.o [1]
IOMUXC_SetPinMux        0x8000'0613     0x1c  Code  Lc  LQ_UART.o [1]
IOMUXC_SetPinMux        0x8000'3379     0x1c  Code  Lc  pin_mux.o [1]
IO_Init                 0x8000'3239     0x52  Code  Gb  fsl_io.o [1]
IO_Transfer             0x8000'328b     0x2a  Code  Gb  fsl_io.o [1]
LED_Color               0x8000'2149    0x136  Code  Gb  LQ_LED.o [1]
LED_Init                0x8000'2019    0x12e  Code  Gb  LQ_LED.o [1]
LOG_Init                0x8000'22c1     0x1a  Code  Gb  fsl_log.o [1]
LOG_Pop                 0x8000'22fd     0x1a  Code  Gb  fsl_log.o [1]
LOG_Push                0x8000'22db     0x22  Code  Gb  fsl_log.o [1]
LPI2C1_DriverIRQHandler
                        0x8000'4217      0x6  Code  Gb  fsl_lpi2c.o [1]
LPI2C2_DriverIRQHandler
                        0x8000'421d      0x6  Code  Gb  fsl_lpi2c.o [1]
LPI2C3_DriverIRQHandler
                        0x8000'4223      0x6  Code  Gb  fsl_lpi2c.o [1]
LPI2C4_DriverIRQHandler
                        0x8000'4229      0x6  Code  Gb  fsl_lpi2c.o [1]
LPI2C_CommonIRQHandler  0x8000'41d5     0x42  Code  Lc  fsl_lpi2c.o [1]
LPI2C_GetCyclesForWidth
                        0x8000'3c7b     0x70  Code  Lc  fsl_lpi2c.o [1]
LPI2C_GetInstance       0x8000'3c4b     0x30  Code  Gb  fsl_lpi2c.o [1]
LPI2C_Init              0x8000'5c83     0x54  Code  Gb  LQ_IIC.o [1]
LPI2C_MasterCheckAndClearError
                        0x8000'3ceb     0x5c  Code  Gb  fsl_lpi2c.o [1]
LPI2C_MasterClearStatusFlags
                        0x8000'3c13      0x4  Code  Lc  fsl_lpi2c.o [1]
LPI2C_MasterDisableInterrupts
                        0x8000'3c17      0xa  Code  Lc  fsl_lpi2c.o [1]
LPI2C_MasterEnable      0x8000'3c03      0xc  Code  Lc  fsl_lpi2c.o [1]
LPI2C_MasterGetDefaultConfig
                        0x8000'3d47     0x2c  Code  Gb  fsl_lpi2c.o [1]
LPI2C_MasterGetFifoCounts
                        0x8000'3c31     0x1a  Code  Lc  fsl_lpi2c.o [1]
LPI2C_MasterGetStatusFlags
                        0x8000'3c0f      0x4  Code  Lc  fsl_lpi2c.o [1]
LPI2C_MasterInit        0x8000'3d73    0x104  Code  Gb  fsl_lpi2c.o [1]
LPI2C_MasterReset       0x8000'3bf9      0xa  Code  Lc  fsl_lpi2c.o [1]
LPI2C_MasterSetBaudRate
                        0x8000'3e7d     0xe6  Code  Gb  fsl_lpi2c.o [1]
LPI2C_MasterSetWatermarks
                        0x8000'3c21     0x10  Code  Lc  fsl_lpi2c.o [1]
LPI2C_MasterTransferCreateHandle
                        0x8000'3f63     0x66  Code  Gb  fsl_lpi2c.o [1]
LPI2C_MasterTransferHandleIRQ
                        0x8000'4159     0x42  Code  Gb  fsl_lpi2c.o [1]
LPI2C_RunTransferStateMachine
                        0x8000'3fc9    0x190  Code  Lc  fsl_lpi2c.o [1]
LPSPI1_DriverIRQHandler
                        0x8000'61f3     0x24  Code  Gb  fsl_lpspi.o [1]
LPSPI2_DriverIRQHandler
                        0x8000'6217     0x24  Code  Gb  fsl_lpspi.o [1]
LPSPI3_DriverIRQHandler
                        0x8000'623b     0x24  Code  Gb  fsl_lpspi.o [1]
LPSPI4_DriverIRQHandler
                        0x8000'625f     0x24  Code  Gb  fsl_lpspi.o [1]
LPSPI_CommonIRQHandler  0x8000'61cd     0x26  Code  Lc  fsl_lpspi.o [1]
LPSPI_IsMaster          0x8000'61c5      0x8  Code  Lc  fsl_lpspi.o [1]
LPUART1_IRQHandler      0x8000'0bf9     0x28  Code  Gb  LQ_UART.o [1]
LPUART2_IRQHandler      0x8000'0c21     0x2c  Code  Gb  LQ_UART.o [1]
LPUART2_IRQHandler::res
                        0x2000'03b0      0x1  Data  Lc  LQ_UART.o [1]
LPUART3_IRQHandler      0x8000'0c4d     0x36  Code  Gb  LQ_UART.o [1]
LPUART3_IRQHandler::res
                        0x2000'03b1      0x1  Data  Lc  LQ_UART.o [1]
LPUART4_IRQHandler      0x8000'5883     0x46  Code  Gb  SEEKFREE_MT9V032.o [1]
LPUART5_IRQHandler      0x8000'0c83     0x36  Code  Gb  LQ_UART.o [1]
LPUART5_IRQHandler::res
                        0x2000'03b2      0x1  Data  Lc  LQ_UART.o [1]
LPUART6_IRQHandler      0x8000'0cb9     0x36  Code  Gb  LQ_UART.o [1]
LPUART6_IRQHandler::res
                        0x2000'03b3      0x1  Data  Lc  LQ_UART.o [1]
LPUART7_IRQHandler      0x8000'0cf5     0x36  Code  Gb  LQ_UART.o [1]
LPUART7_IRQHandler::res
                        0x2000'03b4      0x1  Data  Lc  LQ_UART.o [1]
LPUART8_IRQHandler      0x8000'0d31     0x34  Code  Gb  LQ_UART.o [1]
LPUART8_IRQHandler::res
                        0x2000'03b5      0x1  Data  Lc  LQ_UART.o [1]
LPUART_ClearStatusFlags
                        0x8000'179f     0x38  Code  Gb  fsl_lpuart.o [1]
LPUART_EnableInterrupts
                        0x8000'1767     0x28  Code  Gb  fsl_lpuart.o [1]
LPUART_EnableRx         0x8000'3223     0x16  Code  Lc  fsl_io.o [1]
LPUART_EnableTx         0x8000'320d     0x16  Code  Lc  fsl_io.o [1]
LPUART_EnableTxDMA      0x8000'1ec1     0x16  Code  Lc  fsl_lpuart_edma.o [1]
LPUART_GetDataRegisterAddress
                        0x8000'1ebd      0x4  Code  Lc  fsl_lpuart_edma.o [1]
LPUART_GetDefaultConfig
                        0x8000'1727     0x40  Code  Gb  fsl_lpuart.o [1]
LPUART_GetInstance      0x8000'14df     0x32  Code  Gb  fsl_lpuart.o [1]
LPUART_GetStatusFlags   0x8000'178f     0x10  Code  Gb  fsl_lpuart.o [1]
LPUART_Init             0x8000'1511    0x216  Code  Gb  fsl_lpuart.o [1]
LPUART_RX_BUF           0x2000'034c     0x64  Data  Gb  LQ_UART.o [1]
LPUART_ReadBlocking     0x8000'180f     0xb6  Code  Gb  fsl_lpuart.o [1]
LPUART_ReadByte         0x8000'063b     0x26  Code  Lc  LQ_UART.o [1]
LPUART_ReadByte         0x8000'585d     0x26  Code  Lc  SEEKFREE_MT9V032.o [1]
LPUART_SendEDMA         0x8000'1ed7     0xbe  Code  Gb  fsl_lpuart_edma.o [1]
LPUART_SoftwareReset    0x8000'14cd     0x12  Code  Lc  fsl_lpuart.o [1]
LPUART_WriteBlocking    0x8000'17d7     0x38  Code  Gb  fsl_lpuart.o [1]
LQMT9V034Resource       0x2000'0068     0x10  Data  Lc  LQ_CSI.o [1]
LQMT9V034_Control       0x8000'7041      0x4  Code  Gb  LQ_MT9V034M.o [1]
LQMT9V034_Deinit        0x8000'7031     0x10  Code  Gb  LQ_MT9V034M.o [1]
LQMT9V034_Init          0x8000'704f      0x4  Code  Gb  LQ_MT9V034M.o [1]
LQMT9V034_InitExt       0x8000'704d      0x2  Code  Gb  LQ_MT9V034M.o [1]
LQMT9V034_Start         0x8000'7045      0x4  Code  Gb  LQ_MT9V034M.o [1]
LQMT9V034_Stop          0x8000'7049      0x4  Code  Gb  LQ_MT9V034M.o [1]
LQMT9V034_ops           0x8000'7378     0x18  Data  Gb  LQ_MT9V034M.o [1]
LQ_Camera_Init          0x8000'5b1f     0x58  Code  Gb  LQ_CSI.o [1]
LQ_GetUartSrcFreq       0x8000'0661     0x42  Code  Gb  LQ_UART.o [1]
LQ_UART_Init            0x8000'06a3    0x534  Code  Gb  LQ_UART.o [1]
LQ_UART_PutBuff         0x8000'0be1     0x18  Code  Gb  LQ_UART.o [1]
LQ_UART_PutChar         0x8000'0bd7      0xa  Code  Gb  LQ_UART.o [1]
MT9V032_CFG_1           0x2000'00c4     0x48  Data  Gb  SEEKFREE_MT9V032.o [1]
MeasureRunTime_ms       0x8000'581d     0x18  Code  Gb  m_systime.o [1]
Motor_pid               0x2000'0000     0x34  Data  Gb  LQ_Control.o [1]
NCACHE_VAR$$Base        0x8180'0000            --   Gb  - Linker created -
NCACHE_VAR$$Limit       0x8200'0000            --   Gb  - Linker created -
NVIC_EncodePriority     0x8000'0445     0x36  Code  Lc  LQ_UART.o [1]
PIT_ClearStatusFlags    0x8000'62c3      0xa  Code  Lc  LQ_PIT.o [1]
PIT_GetStatusFlags      0x8000'62b5      0xe  Code  Lc  LQ_PIT.o [1]
PIT_IRQHandler          0x8000'62cd     0x7e  Code  Gb  LQ_PIT.o [1]
RW$$Base                0x2000'0000            --   Gb  - Linker created -
RW$$Limit               0x2000'0153            --   Gb  - Linker created -
Region$$Table$$Base     0x8000'7078            --   Gb  - Linker created -
Region$$Table$$Limit    0x8000'70ac            --   Gb  - Linker created -
SCB_DisableDCache       0x8000'50f5     0x5a  Code  Lc  board.o [1]
SCB_DisableICache       0x8000'5075     0x26  Code  Lc  board.o [1]
SCB_EnableDCache        0x8000'4d67     0x52  Code  Lc  Appmain.o [1]
SCB_EnableDCache        0x8000'509b     0x5a  Code  Lc  board.o [1]
SCB_EnableDCache        0x8000'5f5f     0x5a  Code  Lc  system_MIMXRT1052.o [1]
SCB_EnableICache        0x8000'5047     0x2e  Code  Lc  board.o [1]
SCB_EnableICache        0x8000'5f31     0x2e  Code  Lc  system_MIMXRT1052.o [1]
Servo_pid               0x2000'0034     0x34  Data  Gb  LQ_Control.o [1]
StrFormatPrintf         0x8000'23a5    0x21c  Code  Gb  fsl_str.o [1]
SysTick_Config          0x8000'5729     0x2e  Code  Lc  m_systime.o [1]
SysTick_Handler         0x8000'5787      0xc  Code  Gb  m_systime.o [1]
SystemCoreClock         0x2000'014c      0x4  Data  Gb  system_MIMXRT1052.o [1]
SystemInit              0x8000'5fb9     0xa2  Code  Gb  system_MIMXRT1052.o [1]
TFTSPI_Addr_Rst         0x8000'4ca1     0x46  Code  Gb  LQ_SGP18T.o [1]
TFTSPI_CLS              0x8000'4ce7     0x24  Code  Gb  LQ_SGP18T.o [1]
TFTSPI_Init             0x8000'48b9    0x2fa  Code  Gb  LQ_SGP18T.o [1]
TFTSPI_Write_Byte       0x8000'4c0d     0x52  Code  Gb  LQ_SGP18T.o [1]
TFTSPI_Write_Cmd        0x8000'4bcb     0x42  Code  Gb  LQ_SGP18T.o [1]
TFTSPI_Write_Word       0x8000'4c5f     0x42  Code  Gb  LQ_SGP18T.o [1]
USDHC1_DriverIRQHandler
                        0x8000'6f71      0xc  Code  Gb  fsl_usdhc.o [1]
USDHC2_DriverIRQHandler
                        0x8000'6f7d      0xc  Code  Gb  fsl_usdhc.o [1]
ZI$$Base                0x2000'0160            --   Gb  - Linker created -
ZI$$Limit               0x2000'0408            --   Gb  - Linker created -
__NVIC_EnableIRQ        0x8000'4259     0x18  Code  Lc  fsl_csi.o [1]
__NVIC_EnableIRQ        0x8000'3b85     0x18  Code  Lc  fsl_lpi2c.o [1]
__NVIC_EnableIRQ        0x8000'040d     0x18  Code  Lc  LQ_UART.o [1]
__NVIC_GetPriorityGrouping
                        0x8000'0401      0xc  Code  Lc  LQ_UART.o [1]
__NVIC_SetPriority      0x8000'0425     0x20  Code  Lc  LQ_UART.o [1]
__NVIC_SetPriority      0x8000'570d     0x1c  Code  Lc  m_systime.o [1]
__NVIC_SetPriorityGrouping
                        0x8000'4d4d     0x1a  Code  Lc  Appmain.o [1]
__RAM_VECTOR_TABLE_SIZE {Abs}
                                0x0           Data  Gb  <internal module>
__VECTOR_RAM {Abs}      0x8000'0000           Data  Gb  <internal module>
__VECTOR_TABLE {Abs}    0x8000'0000           Data  Gb  <internal module>
__Vectors               0x8000'0000            --   Gb  startup_MIMXRT1052.o [1]
__Vectors_End           0x8000'0400           Data  Gb  startup_MIMXRT1052.o [1]
__Vectors_Size {Abs}          0x400            --   Gb  startup_MIMXRT1052.o [1]
__aeabi_assert          0x8000'0eb1     0x18  Code  Gb  fsl_assert.o [1]
__aeabi_ldiv0           0x8000'25c1           Code  Gb  I64DivZer.o [4]
__aeabi_memclr4         0x8000'2321           Code  Gb  ABImemclr4.o [4]
__aeabi_memset4         0x8000'32c1           Code  Gb  ABImemset48.o [4]
__aeabi_memset8         0x8000'32c1           Code  Gb  ABImemset48.o [4]
__aeabi_uldivmod        0x8000'1c8d           Code  Gb  I64DivMod.o [4]
__cmain                 0x8000'7111           Code  Gb  cmain.o [4]
__exit                  0x8000'6405     0x14  Code  Gb  exit.o [5]
__iar_Memset4_word      0x8000'32c9           Code  Gb  ABImemset48.o [4]
__iar_Memset8_word      0x8000'32c9           Code  Gb  ABImemset48.o [4]
__iar_data_init3        0x8000'6fc1     0x28  Code  Gb  data_init.o [4]
__iar_init_vfp          0x8000'7055           Code  Gb  fpinit_M.o [3]
__iar_packbits_init3    0x8000'6361     0x9c  Code  Gb  packbits_init.o [4]
__iar_program_start     0x8000'75a5           Code  Gb  cstartup_M.o [4]
__iar_zero_init3        0x8000'25c3     0x3a  Code  Gb  zero_init3.o [4]
__low_level_init        0x8000'712f      0x4  Code  Gb  low_level_init.o [2]
__vector_table          0x8000'0000           Data  Gb  startup_MIMXRT1052.o [1]
__vector_table_0x1c     0x8000'001c           Data  Gb  startup_MIMXRT1052.o [1]
_call_main              0x8000'711d           Code  Gb  cmain.o [4]
_exit                   0x8000'7139           Code  Gb  cexit.o [4]
_main                   0x8000'712b           Code  Gb  cmain.o [4]
_status                 0x2000'0150      0x2  Data  Gb  status.o [1]
_systime                0x2000'00b0     0x14  Data  Gb  m_systime.o [1]
abort                   0x8000'63fd      0x6  Code  Gb  abort.o [2]
armPllConfig_BOARD_BootClockRUN
                        0x8000'75b0      0x8  Data  Gb  clock_config.o [1]
cameraConfig            0x2000'0090     0x18  Data  Gb  LQ_CSI.o [1]
cameraDevice            0x2000'0078      0x8  Data  Gb  LQ_CSI.o [1]
cameraReceiver          0x2000'0084      0xc  Data  Gb  LQ_CSI.o [1]
camera_init_1           0x8000'5981     0x7a  Code  Gb  SEEKFREE_MT9V032.o [1]
csiFrameBuf             0x8180'0000  0x16080  Data  Gb  LQ_CSI.o [1]
csiPrivateData          0x2000'02b8     0x2c  Data  Lc  LQ_CSI.o [1]
csiResource             0x2000'0080      0x4  Data  Lc  LQ_CSI.o [1]
csi_ops                 0x8000'72cc     0x1c  Data  Gb  fsl_csi_camera_adapter.o [1]
delay_ms                0x8000'5813      0xa  Code  Gb  m_systime.o [1]
delay_us                0x8000'57bf     0x54  Code  Gb  m_systime.o [1]
delayms                 0x8000'4dc5     0x1a  Code  Gb  Appmain.o [1]
exit                    0x8000'7133      0x4  Code  Gb  exit.o [2]
fullCameraBufferAddr    0x2000'0198      0x4  Data  Gb  Appmain.o [1]
g_InputSignal           0x2000'033e      0x1  Data  Gb  LQ_KEY.o [1]
g_MasterHandle          0x2000'02e4     0x38  Data  Gb  LQ_IIC.o [1]
g_completionFlag        0x2000'033c      0x1  Data  Lc  LQ_IIC.o [1]
g_fxosHandle            0x2000'031c     0x20  Data  Gb  LQ_IIC.o [1]
g_lpuartEdmaHandle      0x2000'03c0     0x1c  Data  Gb  LQ_UART.o [1]
g_nakFlag               0x2000'033d      0x1  Data  Lc  LQ_IIC.o [1]
g_rtcXtalFreq           0x2000'01ac      0x4  Data  Gb  fsl_clock.o [1]
g_xtalFreq              0x2000'01a8      0x4  Data  Gb  fsl_clock.o [1]
get_config_1            0x8000'58c9     0x4e  Code  Gb  SEEKFREE_MT9V032.o [1]
get_current_time_ms     0x8000'5793     0x12  Code  Gb  m_systime.o [1]
get_current_time_us     0x8000'57a5     0x1a  Code  Gb  m_systime.o [1]
kLpi2cBases             0x8000'73d0     0x14  Data  Lc  fsl_lpi2c.o [1]
kLpi2cClocks            0x8000'7550      0xc  Data  Lc  fsl_lpi2c.o [1]
kLpi2cIrqs              0x8000'7544      0xc  Data  Lc  fsl_lpi2c.o [1]
key_ok                  0x2000'00a8      0x4  Data  Gb  LQ_KEY.o [1]
main                    0x8000'4de9    0x1a0  Code  Gb  Appmain.o [1]
pitIsrCnt0              0x2000'0340      0x2  Data  Gb  LQ_PIT.o [1]
pitIsrCnt1              0x2000'0342      0x2  Data  Gb  LQ_PIT.o [1]
pitIsrCnt2              0x2000'0344      0x2  Data  Gb  LQ_PIT.o [1]
pitIsrCnt3              0x2000'0346      0x2  Data  Gb  LQ_PIT.o [1]
receive_1               0x2000'0400      0x4  Data  Gb  SEEKFREE_MT9V032.o [1]
receive_num_1           0x2000'0404      0x1  Data  Gb  SEEKFREE_MT9V032.o [1]
res                     0x2000'0348      0x1  Data  Gb  LQ_UART.o [1]
s_EDMAHandle            0x2000'01b8     0x80  Data  Lc  fsl_edma.o [1]
s_csiClocks             0x8000'3332      0x2  Data  Lc  fsl_csi.o [1]
s_csiHandle             0x2000'01b0      0x4  Data  Lc  fsl_csi.o [1]
s_csiIRQ                0x8000'609a      0x2  Data  Lc  fsl_csi.o [1]
s_csiIsr                0x2000'01b4      0x4  Data  Lc  fsl_csi.o [1]
s_debugConsoleIO        0x2000'0254      0x8  Data  Lc  fsl_io.o [1]
s_flexioHandle          0x2000'0238      0x8  Data  Lc  fsl_flexio.o [1]
s_flexioIsr             0x2000'0248      0x8  Data  Lc  fsl_flexio.o [1]
s_flexioType            0x2000'0240      0x8  Data  Lc  fsl_flexio.o [1]
s_flexspiHandle         0x2000'0250      0x4  Data  Lc  fsl_flexspi.o [1]
s_gpioBases             0x8000'7300     0x18  Data  Lc  fsl_gpio.o [1]
s_gpioClock             0x8000'7520      0xc  Data  Lc  fsl_gpio.o [1]
s_lpi2cMasterHandle     0x2000'0260     0x14  Data  Lc  fsl_lpi2c.o [1]
s_lpi2cMasterIsr        0x2000'025c      0x4  Data  Lc  fsl_lpi2c.o [1]
s_lpi2cSlaveHandle      0x2000'0278     0x14  Data  Lc  fsl_lpi2c.o [1]
s_lpi2cSlaveIsr         0x2000'0274      0x4  Data  Lc  fsl_lpi2c.o [1]
s_lpspiHandle           0x2000'028c     0x14  Data  Lc  fsl_lpspi.o [1]
s_lpspiMasterIsr        0x2000'02a0      0x4  Data  Lc  fsl_lpspi.o [1]
s_lpspiSlaveIsr         0x2000'02a4      0x4  Data  Lc  fsl_lpspi.o [1]
s_lpuartBases           0x8000'700c     0x24  Data  Lc  fsl_lpuart.o [1]
s_lpuartClock           0x8000'7434     0x14  Data  Lc  fsl_lpuart.o [1]
s_usdhcHandle           0x2000'02a8      0xc  Data  Lc  fsl_usdhc.o [1]
s_usdhcIsr              0x2000'02b4      0x4  Data  Lc  fsl_usdhc.o [1]
sendXfer                0x2000'03b8      0x8  Data  Gb  LQ_UART.o [1]
set_mt9v032_reg_1       0x8000'5917     0x6a  Code  Gb  SEEKFREE_MT9V032.o [1]
strlen                  0x8000'32fd           Code  Gb  strlen.o [4]
sysPllConfig_BOARD_BootClockRUN
                        0x8000'7458     0x10  Data  Gb  clock_config.o [1]
systime_init            0x8000'5757     0x30  Code  Gb  m_systime.o [1]
tft18delay_1us          0x8000'4bb5     0x16  Code  Gb  LQ_SGP18T.o [1]
time                    0x2000'01a0      0x8  Data  Gb  Appmain.o [1]
timer                   0x2000'03e0     0x20  Data  Gb  m_systime.o [1]
uart_receive_flag_1     0x2000'0152      0x1  Data  Gb  SEEKFREE_MT9V032.o [1]
usb1PllConfig_BOARD_BootClockRUN
                        0x8000'32fa      0x2  Data  Gb  clock_config.o [1]


[1] = D:\智能车\麦轮信标\程序\RT1052\RT1052库\i.MX-RT1052-Library\LQ库改写\sdram_debug\obj
[2] = dl7M_tlf.a
[3] = m7M_tlv.a
[4] = rt7M_tl.a
[5] = shb_l.a

     26 322 bytes of readonly  code memory
      4 426 bytes of readonly  data memory
  8 397 816 bytes of readwrite data memory

Errors: none
Warnings: none
