###############################################################################
#
# IAR ELF Linker V8.30.1.114/W32 for ARM                  10/Jun/2019  01:30:42
# Copyright 2007-2018 IAR Systems AB.
#
#    Output file  =  
#        D:\智能车\麦轮信标\程序\RT1052\RT1052库\i.MX-RT1052-Library\sdram_release\LQ_RT1052LCD.bin
#    Map file     =  
#        D:\智能车\麦轮信标\程序\RT1052\RT1052库\i.MX-RT1052-Library\sdram_release\list\LQ_RT1052LCD.map
#    Command line =  
#        -f C:\Users\zhuzh\AppData\Local\Temp\EW3184.tmp
#        (D:\智能车\麦轮信标\程序\RT1052\RT1052库\i.MX-RT1052-Library\sdram_release\obj\AHRS.o
#        D:\智能车\麦轮信标\程序\RT1052\RT1052库\i.MX-RT1052-Library\sdram_release\obj\AP_Math.o
#        D:\智能车\麦轮信标\程序\RT1052\RT1052库\i.MX-RT1052-Library\sdram_release\obj\Appmain.o
#        D:\智能车\麦轮信标\程序\RT1052\RT1052库\i.MX-RT1052-Library\sdram_release\obj\AttitudeCalculation.o
#        D:\智能车\麦轮信标\程序\RT1052\RT1052库\i.MX-RT1052-Library\sdram_release\obj\board.o
#        D:\智能车\麦轮信标\程序\RT1052\RT1052库\i.MX-RT1052-Library\sdram_release\obj\clock_config.o
#        D:\智能车\麦轮信标\程序\RT1052\RT1052库\i.MX-RT1052-Library\sdram_release\obj\DebugFuction.o
#        D:\智能车\麦轮信标\程序\RT1052\RT1052库\i.MX-RT1052-Library\sdram_release\obj\fsl_adc.o
#        D:\智能车\麦轮信标\程序\RT1052\RT1052库\i.MX-RT1052-Library\sdram_release\obj\fsl_assert.o
#        D:\智能车\麦轮信标\程序\RT1052\RT1052库\i.MX-RT1052-Library\sdram_release\obj\fsl_clock.o
#        D:\智能车\麦轮信标\程序\RT1052\RT1052库\i.MX-RT1052-Library\sdram_release\obj\fsl_common.o
#        D:\智能车\麦轮信标\程序\RT1052\RT1052库\i.MX-RT1052-Library\sdram_release\obj\fsl_csi.o
#        D:\智能车\麦轮信标\程序\RT1052\RT1052库\i.MX-RT1052-Library\sdram_release\obj\fsl_debug_console.o
#        D:\智能车\麦轮信标\程序\RT1052\RT1052库\i.MX-RT1052-Library\sdram_release\obj\fsl_dmamux.o
#        D:\智能车\麦轮信标\程序\RT1052\RT1052库\i.MX-RT1052-Library\sdram_release\obj\fsl_edma.o
#        D:\智能车\麦轮信标\程序\RT1052\RT1052库\i.MX-RT1052-Library\sdram_release\obj\fsl_enc.o
#        D:\智能车\麦轮信标\程序\RT1052\RT1052库\i.MX-RT1052-Library\sdram_release\obj\fsl_flexio.o
#        D:\智能车\麦轮信标\程序\RT1052\RT1052库\i.MX-RT1052-Library\sdram_release\obj\fsl_flexio_camera.o
#        D:\智能车\麦轮信标\程序\RT1052\RT1052库\i.MX-RT1052-Library\sdram_release\obj\fsl_flexio_camera_edma.o
#        D:\智能车\麦轮信标\程序\RT1052\RT1052库\i.MX-RT1052-Library\sdram_release\obj\fsl_flexio_spi.o
#        D:\智能车\麦轮信标\程序\RT1052\RT1052库\i.MX-RT1052-Library\sdram_release\obj\fsl_flexio_spi_edma.o
#        D:\智能车\麦轮信标\程序\RT1052\RT1052库\i.MX-RT1052-Library\sdram_release\obj\fsl_flexspi.o
#        D:\智能车\麦轮信标\程序\RT1052\RT1052库\i.MX-RT1052-Library\sdram_release\obj\fsl_flexspi_nor_boot.o
#        D:\智能车\麦轮信标\程序\RT1052\RT1052库\i.MX-RT1052-Library\sdram_release\obj\fsl_gpio.o
#        D:\智能车\麦轮信标\程序\RT1052\RT1052库\i.MX-RT1052-Library\sdram_release\obj\fsl_gpt.o
#        D:\智能车\麦轮信标\程序\RT1052\RT1052库\i.MX-RT1052-Library\sdram_release\obj\fsl_io.o
#        D:\智能车\麦轮信标\程序\RT1052\RT1052库\i.MX-RT1052-Library\sdram_release\obj\fsl_log.o
#        D:\智能车\麦轮信标\程序\RT1052\RT1052库\i.MX-RT1052-Library\sdram_release\obj\fsl_lpi2c.o
#        D:\智能车\麦轮信标\程序\RT1052\RT1052库\i.MX-RT1052-Library\sdram_release\obj\fsl_lpspi.o
#        D:\智能车\麦轮信标\程序\RT1052\RT1052库\i.MX-RT1052-Library\sdram_release\obj\fsl_lpspi_edma.o
#        D:\智能车\麦轮信标\程序\RT1052\RT1052库\i.MX-RT1052-Library\sdram_release\obj\fsl_lpuart.o
#        D:\智能车\麦轮信标\程序\RT1052\RT1052库\i.MX-RT1052-Library\sdram_release\obj\fsl_lpuart_edma.o
#        D:\智能车\麦轮信标\程序\RT1052\RT1052库\i.MX-RT1052-Library\sdram_release\obj\fsl_pit.o
#        D:\智能车\麦轮信标\程序\RT1052\RT1052库\i.MX-RT1052-Library\sdram_release\obj\fsl_pwm.o
#        D:\智能车\麦轮信标\程序\RT1052\RT1052库\i.MX-RT1052-Library\sdram_release\obj\fsl_qtmr.o
#        D:\智能车\麦轮信标\程序\RT1052\RT1052库\i.MX-RT1052-Library\sdram_release\obj\fsl_sccb.o
#        D:\智能车\麦轮信标\程序\RT1052\RT1052库\i.MX-RT1052-Library\sdram_release\obj\fsl_semc.o
#        D:\智能车\麦轮信标\程序\RT1052\RT1052库\i.MX-RT1052-Library\sdram_release\obj\fsl_str.o
#        D:\智能车\麦轮信标\程序\RT1052\RT1052库\i.MX-RT1052-Library\sdram_release\obj\fsl_trng.o
#        D:\智能车\麦轮信标\程序\RT1052\RT1052库\i.MX-RT1052-Library\sdram_release\obj\fsl_usdhc.o
#        D:\智能车\麦轮信标\程序\RT1052\RT1052库\i.MX-RT1052-Library\sdram_release\obj\fsl_wdog.o
#        D:\智能车\麦轮信标\程序\RT1052\RT1052库\i.MX-RT1052-Library\sdram_release\obj\fsl_xbara.o
#        D:\智能车\麦轮信标\程序\RT1052\RT1052库\i.MX-RT1052-Library\sdram_release\obj\Inertial_Sensor.o
#        D:\智能车\麦轮信标\程序\RT1052\RT1052库\i.MX-RT1052-Library\sdram_release\obj\LQ_ADC.o
#        D:\智能车\麦轮信标\程序\RT1052\RT1052库\i.MX-RT1052-Library\sdram_release\obj\LQ_Encoder.o
#        D:\智能车\麦轮信标\程序\RT1052\RT1052库\i.MX-RT1052-Library\sdram_release\obj\LQ_IIC.o
#        D:\智能车\麦轮信标\程序\RT1052\RT1052库\i.MX-RT1052-Library\sdram_release\obj\LQ_KEY.o
#        D:\智能车\麦轮信标\程序\RT1052\RT1052库\i.MX-RT1052-Library\sdram_release\obj\LQ_LED.o
#        D:\智能车\麦轮信标\程序\RT1052\RT1052库\i.MX-RT1052-Library\sdram_release\obj\LQ_MPU6050.o
#        D:\智能车\麦轮信标\程序\RT1052\RT1052库\i.MX-RT1052-Library\sdram_release\obj\LQ_PIT.o
#        D:\智能车\麦轮信标\程序\RT1052\RT1052库\i.MX-RT1052-Library\sdram_release\obj\LQ_PWM.o
#        D:\智能车\麦轮信标\程序\RT1052\RT1052库\i.MX-RT1052-Library\sdram_release\obj\LQ_QTMR.o
#        D:\智能车\麦轮信标\程序\RT1052\RT1052库\i.MX-RT1052-Library\sdram_release\obj\LQ_SGP18T.o
#        D:\智能车\麦轮信标\程序\RT1052\RT1052库\i.MX-RT1052-Library\sdram_release\obj\LQ_SPI.o
#        D:\智能车\麦轮信标\程序\RT1052\RT1052库\i.MX-RT1052-Library\sdram_release\obj\LQ_TRNG.o
#        D:\智能车\麦轮信标\程序\RT1052\RT1052库\i.MX-RT1052-Library\sdram_release\obj\LQ_UART.o
#        D:\智能车\麦轮信标\程序\RT1052\RT1052库\i.MX-RT1052-Library\sdram_release\obj\LQ_WDog.o
#        D:\智能车\麦轮信标\程序\RT1052\RT1052库\i.MX-RT1052-Library\sdram_release\obj\m_systime.o
#        D:\智能车\麦轮信标\程序\RT1052\RT1052库\i.MX-RT1052-Library\sdram_release\obj\MecanumWheelControl.o
#        D:\智能车\麦轮信标\程序\RT1052\RT1052库\i.MX-RT1052-Library\sdram_release\obj\Pig_edma.o
#        D:\智能车\麦轮信标\程序\RT1052\RT1052库\i.MX-RT1052-Library\sdram_release\obj\Pig_SPI.o
#        D:\智能车\麦轮信标\程序\RT1052\RT1052库\i.MX-RT1052-Library\sdram_release\obj\PigMT9V032.o
#        D:\智能车\麦轮信标\程序\RT1052\RT1052库\i.MX-RT1052-Library\sdram_release\obj\pin_mux.o
#        D:\智能车\麦轮信标\程序\RT1052\RT1052库\i.MX-RT1052-Library\sdram_release\obj\startup_MIMXRT1052.o
#        D:\智能车\麦轮信标\程序\RT1052\RT1052库\i.MX-RT1052-Library\sdram_release\obj\status.o
#        D:\智能车\麦轮信标\程序\RT1052\RT1052库\i.MX-RT1052-Library\sdram_release\obj\system_MIMXRT1052.o
#        D:\智能车\麦轮信标\程序\RT1052\RT1052库\i.MX-RT1052-Library\sdram_release\obj\TFTDriver.o
#        D:\智能车\麦轮信标\程序\RT1052\RT1052库\i.MX-RT1052-Library\sdram_release\obj\xip_config.o
#        --no_out_extension -o
#        D:\智能车\麦轮信标\程序\RT1052\RT1052库\i.MX-RT1052-Library\sdram_release\LQ_RT1052LCD.bin
#        --keep image_vector_table --keep boot_data --keep dcd_data --map
#        D:\智能车\麦轮信标\程序\RT1052\RT1052库\i.MX-RT1052-Library\sdram_release\list\LQ_RT1052LCD.map
#        --config
#        D:\智能车\麦轮信标\程序\RT1052\RT1052库\i.MX-RT1052-Library\LQuserFlies\config\LQ_RT1052QSPI_Boot.icf
#        --semihosting --entry __iar_program_start --vfe --text_out locale)
#
###############################################################################

*******************************************************************************
*** RUNTIME MODEL ATTRIBUTES
***

CppFlavor       = *
__Heap_Handler  = DLMalloc
__SystemLibrary = DLib
__dlib_version  = 6


*******************************************************************************
*** HEAP SELECTION
***

The advanced heap was selected because the application calls memory
allocation functions outside of system library functions, and there
are calls to deallocation functions in the application.


*******************************************************************************
*** PLACEMENT SUMMARY
***

"A0":  place at 0x6000'2000 { ro section .intvec };
"A1":  place at 0x6000'0000 { section .boot_hdr.conf };
"A2":  place at 0x6000'1000 { section .boot_hdr.ivt };
"A3":  place at 0x6000'1020 { ro section .boot_hdr.boot_data };
"P1":  place in [from 0x6000'2000 to 0x6000'23ff] |
                [from 0x6000'2400 to 0x63ff'ffff] { ro };
define block RW { first rw, section m_usb_dma_init_data };
"P2":  place in [from 0x2000'0000 to 0x2001'7fff] { block RW };
define block ZI
   with alignment = 32 { first zi, section m_usb_dma_noninit_data };
"P3":  place in [from 0x2000'0000 to 0x2001'7fff] { block ZI };
define block HEAP with size = 1M, alignment = 8 { };
"P4":  place in [from 0x8000'0000 to 0x817f'ffff] { last block HEAP };
define block CSTACK with size = 32K, alignment = 8 { };
"P5":  place in [from 0x2001'8000 to 0x2001'ffff] { block CSTACK };
initialize by copy { rw, section .textrw };
keep {
   section .boot_hdr.conf, section .boot_hdr.ivt, section .boot_hdr.boot_data,
   section .boot_hdr.dcd_data };

No sections matched the following patterns:

  ro section .boot_hdr.dcd_data   in "A4"
  section NonCacheable            in block NCACHE_VAR
  section NonCacheable.init       in block NCACHE_VAR
  section m_usb_dma_init_data     in block RW
  section m_usb_dma_noninit_data  in block ZI


  Section              Kind         Address      Size  Object
  -------              ----         -------      ----  ------
"P2-P3", part 1 of 2:                           0x25d
  RW                            0x2000'0000     0x25d  <Block>
    RW-1                        0x2000'0000     0x25d  <Init block>
      .data            inited   0x2000'0000      0x48  Appmain.o [1]
      .data            inited   0x2000'0048      0x48  Appmain.o [1]
      .data            inited   0x2000'0090      0x20  DebugFuction.o [1]
      .data            inited   0x2000'00b0       0x8  LQ_KEY.o [1]
      .data            inited   0x2000'00b8      0x14  m_systime.o [1]
      .data            inited   0x2000'00cc       0x4  MecanumWheelControl.o [1]
      .data            inited   0x2000'00d0      0x88  MecanumWheelControl.o [1]
      .data            inited   0x2000'0158      0x2c  Pig_SPI.o [1]
      .data            inited   0x2000'0184      0x1c  Pig_SPI.o [1]
      .data            inited   0x2000'01a0      0x1c  Pig_SPI.o [1]
      .data            inited   0x2000'01bc      0x1c  Pig_SPI.o [1]
      .data            inited   0x2000'01d8       0x4  system_MIMXRT1052.o [1]
      .data            inited   0x2000'01dc      0x48  xfiles.o [2]
      .data            inited   0x2000'0224      0x38  xlocale_c.o [2]
      .data            inited   0x2000'025c       0x1  TFTDriver.o [1]
                              - 0x2000'025d     0x25d

"P2-P3", part 2 of 2:                           0x64c
  ZI                            0x2000'0260     0x64c  <Block>
    .bss               zero     0x2000'0260       0x4  Appmain.o [1]
    .bss               zero     0x2000'0264      0x18  DebugFuction.o [1]
    .bss               zero     0x2000'027c      0x18  DebugFuction.o [1]
    .bss               zero     0x2000'0294       0x4  DebugFuction.o [1]
    .bss               zero     0x2000'0298       0x4  fsl_clock.o [1]
    .bss               zero     0x2000'029c       0x4  fsl_clock.o [1]
    .bss               zero     0x2000'02a0      0x80  fsl_edma.o [1]
    .bss               zero     0x2000'0320      0x18  fsl_flexio.o [1]
    .bss               zero     0x2000'0338       0x4  fsl_flexspi.o [1]
    .bss               zero     0x2000'033c       0x8  fsl_io.o [1]
    .bss               zero     0x2000'0344      0x30  fsl_lpi2c.o [1]
    .bss               zero     0x2000'0374      0x1c  fsl_lpspi.o [1]
    .bss               zero     0x2000'0390       0x8  fsl_lpspi.o [1]
    .bss               zero     0x2000'0398      0x10  fsl_usdhc.o [1]
    .bss               zero     0x2000'03a8      0x58  LQ_IIC.o [1]
    .bss               zero     0x2000'0400       0x2  LQ_IIC.o [1]
    .bss               zero     0x2000'0404      0x30  LQ_MPU6050.o [1]
    .bss               zero     0x2000'0434      0x64  LQ_UART.o [1]
    .bss               zero     0x2000'0498       0x1  LQ_UART.o [1]
    .bss               zero     0x2000'0499       0x1  LQ_UART.o [1]
    .bss               zero     0x2000'049a       0x1  LQ_UART.o [1]
    .bss               zero     0x2000'04a0      0x20  m_systime.o [1]
    .bss               zero     0x2000'04c0     0x120  MecanumWheelControl.o [1]
    .bss               zero     0x2000'05e0      0x84  MecanumWheelControl.o [1]
    .bss               zero     0x2000'0664      0x18  dlmalloc.o [2]
    .bss               zero     0x2000'067c     0x1d8  dlmalloc.o [2]
    .bss               zero     0x2000'0854       0x4  xgetmemchunk.o [2]
    .bss               zero     0x2000'0858      0x50  xfiles.o [2]
    .bss               zero     0x2000'08a8       0x4  xfail_s.o [2]
                              - 0x2000'08ac     0x64c

"P5":                                          0x8000
  CSTACK                        0x2001'8000    0x8000  <Block>
    CSTACK             uninit   0x2001'8000    0x8000  <Block tail>
                              - 0x2002'0000    0x8000

"A1":                                           0x200
  .boot_hdr.conf       const    0x6000'0000     0x200  xip_config.o [1]
                              - 0x6000'0200     0x200

"A2":                                            0x20
  .boot_hdr.ivt        const    0x6000'1000      0x20  fsl_flexspi_nor_boot.o [1]
                              - 0x6000'1020      0x20

"A3":                                            0x10
  .boot_hdr.boot_data  const    0x6000'1020      0x10  fsl_flexspi_nor_boot.o [1]
                              - 0x6000'1030      0x10

"A0":                                           0x400
  .intvec              ro code  0x6000'2000     0x400  startup_MIMXRT1052.o [1]
                              - 0x6000'2400     0x400

"P1":                                          0xc3e1
  .text                ro code  0x6000'2400     0xf80  dlmalloc.o [2]
  .text                ro code  0x6000'3380       0x6  abort.o [2]
  .text                ro code  0x6000'3386      0x3a  zero_init3.o [4]
  .text                ro code  0x6000'33c0      0x2c  xgetmemchunk.o [2]
  .text                ro code  0x6000'33ec      0x14  exit.o [5]
  .text                ro code  0x6000'3400     0xf44  TFTDriver.o [1]
  .text                ro code  0x6000'4344      0x40  fsl_assert.o [1]
  .text                ro code  0x6000'4384     0x2a4  fsl_gpio.o [1]
  .text                ro code  0x6000'4628      0xa6  ABImemcpy.o [4]
  .rodata              const    0x6000'46ce       0x2  fsl_flexspi_nor_boot.o [1]
  .text                ro code  0x6000'46d0     0x148  Pig_SPI.o [1]
  .text                ro code  0x6000'4818     0x580  fsl_clock.o [1]
  .text                ro code  0x6000'4d98     0x10c  fsl_debug_console.o [1]
  .text                ro code  0x6000'4ea4     0xa80  fsl_lpspi.o [1]
  .text                ro code  0x6000'5924     0x230  I64DivMod.o [4]
  .text                ro code  0x6000'5b54      0xc0  fsl_log.o [1]
  .text                ro code  0x6000'5c14       0x6  ABImemclr4.o [4]
  .text                ro code  0x6000'5c1a     0x29a  fsl_str.o [1]
  .text                ro code  0x6000'5eb4       0x2  I64DivZer.o [4]
  .text                ro code  0x6000'5eb6       0x2  startup_MIMXRT1052.o [1]
  .text                ro code  0x6000'5eb8     0x110  fsl_io.o [1]
  .text                ro code  0x6000'5fc8      0x3a  ABImemset48.o [4]
  .text                ro code  0x6000'6002       0x2  startup_MIMXRT1052.o [1]
  .text                ro code  0x6000'6004      0x36  strlen.o [4]
  .text                ro code  0x6000'603a       0x2  startup_MIMXRT1052.o [1]
  .text                ro code  0x6000'603c     0x5e0  fsl_lpuart.o [1]
  .text                ro code  0x6000'661c     0xe26  xprintffull_nomb.o [2]
  .text                ro code  0x6000'7442       0x2  startup_MIMXRT1052.o [1]
  .text                ro code  0x6000'7444      0x16  strchr.o [4]
  .text                ro code  0x6000'745a       0x2  startup_MIMXRT1052.o [1]
  .text                ro code  0x6000'745c      0x40  xfail_s.o [2]
  .text                ro code  0x6000'749c      0x58  memchr.o [4]
  .text                ro code  0x6000'74f4      0x12  DblMul.o [3]
  .text                ro code  0x6000'7506       0x2  startup_MIMXRT1052.o [1]
  .text                ro code  0x6000'7508      0x70  frexp.o [3]
  .text                ro code  0x6000'7578      0x2e  DblCmpLe.o [3]
  .text                ro code  0x6000'75a6       0x2  startup_MIMXRT1052.o [1]
  .text                ro code  0x6000'75a8      0x2e  DblCmpGe.o [3]
  .text                ro code  0x6000'75d6       0x2  startup_MIMXRT1052.o [1]
  .text                ro code  0x6000'75d8     0x104  ldexp.o [3]
  .text                ro code  0x6000'76dc       0xe  DblToS32.o [3]
  .text                ro code  0x6000'76ea       0xe  S32ToDbl.o [3]
  .text                ro code  0x6000'76f8      0x12  DblSub.o [3]
  .text                ro code  0x6000'770a      0x12  DblDiv.o [3]
  .text                ro code  0x6000'771c       0xe  DblToU32.o [3]
  .text                ro code  0x6000'772a       0xe  U32ToDbl.o [3]
  .text                ro code  0x6000'7738       0x8  xlocale_c.o [2]
  .text                ro code  0x6000'7740     0xb68  LQ_PWM.o [1]
  .text                ro code  0x6000'82a8      0x28  printf.o [2]
  .text                ro code  0x6000'82d0     0x554  fsl_pwm.o [1]
  .text                ro code  0x6000'8824     0xaa8  fsl_lpi2c.o [1]
  .text                ro code  0x6000'92cc     0xa48  LQ_UART.o [1]
  .text                ro code  0x6000'9d14     0x838  DebugFuction.o [1]
  .text                ro code  0x6000'a54c     0x120  LQ_ADC.o [1]
  .text                ro code  0x6000'a66c     0x418  fsl_adc.o [1]
  .text                ro code  0x6000'aa84     0x838  MecanumWheelControl.o [1]
  .text                ro code  0x6000'b2bc      0x7c  LQ_PWM.o [1]
  .text                ro code  0x6000'b338     0x2c4  LQ_Encoder.o [1]
  .text                ro code  0x6000'b5fc     0x1b2  fsl_xbara.o [1]
  .text                ro code  0x6000'b7b0     0x2d0  fsl_enc.o [1]
  .text                ro code  0x6000'ba80     0x694  pin_mux.o [1]
  .text                ro code  0x6000'c114     0x4c4  fsl_edma.o [1]
  .text                ro code  0x6000'c5d8     0x45a  clock_config.o [1]
  .text                ro code  0x6000'ca34     0x3e8  LQ_MPU6050.o [1]
  .text                ro code  0x6000'ce1c     0x264  LQ_IIC.o [1]
  .text                ro code  0x6000'd080      0x6c  fsl_sccb.o [1]
  .text                ro code  0x6000'd0ec     0x33c  LQ_PIT.o [1]
  .text                ro code  0x6000'd428     0x1c2  fsl_pit.o [1]
  .text                ro code  0x6000'd5ec     0x332  system_MIMXRT1052.o [1]
  .text                ro code  0x6000'd920     0x2f0  Appmain.o [1]
  .text                ro code  0x6000'dc10      0x48  U64ToFlt.o [3]
  .text                ro code  0x6000'dc58     0x14c  m_systime.o [1]
  .text                ro code  0x6000'dda4     0x2c0  board.o [1]
  .text                ro code  0x6000'e064     0x270  fsl_flexspi.o [1]
  .text                ro code  0x6000'e2d4      0x9c  packbits_init.o [4]
  .text                ro code  0x6000'e370      0x48  LQ_KEY.o [1]
  .text                ro code  0x6000'e3b8      0x2e  fsl_flexio.o [1]
  .text                ro code  0x6000'e3e8      0x28  startup_MIMXRT1052.o [1]
  .text                ro code  0x6000'e410      0x28  data_init.o [4]
  .text                ro code  0x6000'e438      0x24  fsl_usdhc.o [1]
  .text                ro code  0x6000'e45c      0x22  fpinit_M.o [3]
  .iar.init_table      const    0x6000'e480      0x2c  - Linker created -
  .rodata              const    0x6000'e4ac      0x20  LQ_PWM.o [1]
  .text                ro code  0x6000'e4cc      0x1e  cmain.o [4]
  .text                ro code  0x6000'e4ea       0x4  low_level_init.o [2]
  .text                ro code  0x6000'e4ee       0x4  exit.o [2]
  .text                ro code  0x6000'e4f4       0xa  cexit.o [4]
  .rodata              const    0x6000'e500      0x1c  Pig_SPI.o [1]
  .text                ro code  0x6000'e51c      0x16  xprout.o [2]
  .text                ro code  0x6000'e534       0xc  putchar.o [2]
  .text                ro code  0x6000'e540       0xc  cstartup_M.o [4]
  .text                ro code  0x6000'e54c       0x8  startup_MIMXRT1052.o [1]
  .text                ro code  0x6000'e554       0x8  startup_MIMXRT1052.o [1]
  .text                ro code  0x6000'e55c       0x8  startup_MIMXRT1052.o [1]
  .text                ro code  0x6000'e564       0x8  startup_MIMXRT1052.o [1]
  .text                ro code  0x6000'e56c       0x8  startup_MIMXRT1052.o [1]
  .text                ro code  0x6000'e574       0x8  startup_MIMXRT1052.o [1]
  .text                ro code  0x6000'e57c       0x8  startup_MIMXRT1052.o [1]
  .text                ro code  0x6000'e584       0x8  startup_MIMXRT1052.o [1]
  .text                ro code  0x6000'e58c       0x8  startup_MIMXRT1052.o [1]
  .text                ro code  0x6000'e594       0x8  startup_MIMXRT1052.o [1]
  .text                ro code  0x6000'e59c       0x8  startup_MIMXRT1052.o [1]
  .text                ro code  0x6000'e5a4       0x8  startup_MIMXRT1052.o [1]
  .text                ro code  0x6000'e5ac       0x8  startup_MIMXRT1052.o [1]
  .text                ro code  0x6000'e5b4       0x8  startup_MIMXRT1052.o [1]
  .text                ro code  0x6000'e5bc       0x8  startup_MIMXRT1052.o [1]
  .text                ro code  0x6000'e5c4       0x8  startup_MIMXRT1052.o [1]
  .text                ro code  0x6000'e5cc       0x8  startup_MIMXRT1052.o [1]
  .text                ro code  0x6000'e5d4       0x8  startup_MIMXRT1052.o [1]
  .text                ro code  0x6000'e5dc       0x8  startup_MIMXRT1052.o [1]
  .text                ro code  0x6000'e5e4       0x8  startup_MIMXRT1052.o [1]
  .text                ro code  0x6000'e5ec       0x8  startup_MIMXRT1052.o [1]
  .text                ro code  0x6000'e5f4       0x8  startup_MIMXRT1052.o [1]
  .text                ro code  0x6000'e5fc       0x8  startup_MIMXRT1052.o [1]
  .text                ro code  0x6000'e604       0x8  startup_MIMXRT1052.o [1]
  .text                ro code  0x6000'e60c       0x8  startup_MIMXRT1052.o [1]
  .text                ro code  0x6000'e614       0x8  startup_MIMXRT1052.o [1]
  .text                ro code  0x6000'e61c       0x8  startup_MIMXRT1052.o [1]
  .text                ro code  0x6000'e624       0x8  startup_MIMXRT1052.o [1]
  .text                ro code  0x6000'e62c       0x8  startup_MIMXRT1052.o [1]
  .text                ro code  0x6000'e634       0x8  startup_MIMXRT1052.o [1]
  .text                ro code  0x6000'e63c       0x8  startup_MIMXRT1052.o [1]
  .text                ro code  0x6000'e644       0x8  startup_MIMXRT1052.o [1]
  .text                ro code  0x6000'e64c       0x8  startup_MIMXRT1052.o [1]
  .text                ro code  0x6000'e654       0x8  startup_MIMXRT1052.o [1]
  .text                ro code  0x6000'e65c       0x8  startup_MIMXRT1052.o [1]
  .text                ro code  0x6000'e664       0x8  startup_MIMXRT1052.o [1]
  .text                ro code  0x6000'e66c       0x8  startup_MIMXRT1052.o [1]
  .text                ro code  0x6000'e674       0x8  startup_MIMXRT1052.o [1]
  .text                ro code  0x6000'e67c       0x8  startup_MIMXRT1052.o [1]
  .rodata              const    0x6000'e684       0x4  xlocale_c.o [2]
  .text                ro code  0x6000'e688       0x4  startup_MIMXRT1052.o [1]
  .rodata              const    0x6000'e68c       0x0  zero_init3.o [4]
  .rodata              const    0x6000'e68c       0x0  packbits_init.o [4]
  Initializer bytes    const    0x6000'e68c     0x155  <for RW-1>
                              - 0x6000'e7e1    0xc3e1

"P4":                                        0x100000
  HEAP                          0x8000'0000  0x100000  <Block>
    HEAP               uninit   0x8000'0000  0x100000  <Block tail>
                              - 0x8010'0000  0x100000

Unused ranges:

         From           To        Size
         ----           --        ----
  0x2000'025d  0x2000'025f         0x3
  0x2000'08ac  0x2001'7fff    0x1'7754
  0x6000'e7e1  0x63ff'ffff  0x3ff'181f
  0x8010'0000  0x817f'ffff  0x170'0000


*******************************************************************************
*** INIT TABLE
***

          Address      Size
          -------      ----
Zero (__iar_zero_init3)
    1 destination range, total size 0x64c:
          0x2000'0260  0x64c

Copy/packbits (__iar_packbits_init3)
    1 source range, total size 0x155 (56% of destination):
          0x6000'e68c  0x155
    1 destination range, total size 0x25d:
          0x2000'0000  0x25d



*******************************************************************************
*** MODULE SUMMARY
***

    Module                  ro code  ro data    rw data
    ------                  -------  -------    -------
command line/config:
    ---------------------------------------------------
    Total:

D:\智能车\麦轮信标\程序\RT1052\RT1052库\i.MX-RT1052-Library\sdram_release\obj: [1]
    Appmain.o                   752       81        148
    DebugFuction.o            2 104       18         84
    LQ_ADC.o                    288
    LQ_Encoder.o                708
    LQ_IIC.o                    612                  90
    LQ_KEY.o                     72        4          8
    LQ_MPU6050.o              1 000                  48
    LQ_PIT.o                    828
    LQ_PWM.o                  3 044       32
    LQ_UART.o                 2 632                 103
    MecanumWheelControl.o     2 104       79        560
    Pig_SPI.o                   328      101        128
    TFTDriver.o               3 908        1          1
    board.o                     704
    clock_config.o            1 114
    fsl_adc.o                 1 048
    fsl_assert.o                 64
    fsl_clock.o               1 408                   8
    fsl_debug_console.o         268
    fsl_edma.o                1 220                 128
    fsl_enc.o                   720
    fsl_flexio.o                 46                  24
    fsl_flexspi.o               624                   4
    fsl_flexspi_nor_boot.o                50
    fsl_gpio.o                  676
    fsl_io.o                    272                   8
    fsl_log.o                   192
    fsl_lpi2c.o               2 728                  48
    fsl_lpspi.o               2 688                  36
    fsl_lpuart.o              1 504
    fsl_pit.o                   450
    fsl_pwm.o                 1 364
    fsl_sccb.o                  108
    fsl_str.o                   666
    fsl_usdhc.o                  36                  16
    fsl_xbara.o                 434
    m_systime.o                 332       11         52
    pin_mux.o                 1 684
    startup_MIMXRT1052.o      1 396
    system_MIMXRT1052.o         818        2          4
    xip_config.o                         512
    ---------------------------------------------------
    Total:                   40 944      891      1 498

dl7M_tlf.a: [2]
    abort.o                       6
    dlmalloc.o                3 968                 496
    exit.o                        4
    low_level_init.o              4
    printf.o                     40
    putchar.o                    12
    xfail_s.o                    64                   4
    xfiles.o                              40        152
    xgetmemchunk.o               44                   4
    xlocale_c.o                   8       36         56
    xprintffull_nomb.o        3 622
    xprout.o                     22
    ---------------------------------------------------
    Total:                    7 794       76        712

m7M_tlv.a: [3]
    DblCmpGe.o                   46
    DblCmpLe.o                   46
    DblDiv.o                     18
    DblMul.o                     18
    DblSub.o                     18
    DblToS32.o                   14
    DblToU32.o                   14
    S32ToDbl.o                   14
    U32ToDbl.o                   14
    U64ToFlt.o                   72
    fpinit_M.o                   34
    frexp.o                     112
    ldexp.o                     260
    ---------------------------------------------------
    Total:                      680

rt7M_tl.a: [4]
    ABImemclr4.o                  6
    ABImemcpy.o                 166
    ABImemset48.o                58
    I64DivMod.o                 560
    I64DivZer.o                   2
    cexit.o                      10
    cmain.o                      30
    cstartup_M.o                 12
    data_init.o                  40
    memchr.o                     88
    packbits_init.o             156
    strchr.o                     22
    strlen.o                     54
    zero_init3.o                 58
    ---------------------------------------------------
    Total:                    1 262

shb_l.a: [5]
    exit.o                       20
    ---------------------------------------------------
    Total:                       20

    Gaps                         14        4          7
    Linker created                        44  1 081 344
-------------------------------------------------------
    Grand Total:             50 714    1 015  1 083 561


*******************************************************************************
*** ENTRY LIST
***

Entry                       Address   Size  Type      Object
-----                       -------   ----  ----      ------
.iar.init_table$$Base   0x6000'e480          --   Gb  - Linker created -
.iar.init_table$$Limit  0x6000'e4ac          --   Gb  - Linker created -
?main                   0x6000'e4cd         Code  Gb  cmain.o [4]
ADC_DoAutoCalibration   0x6000'a871   0x68  Code  Gb  fsl_adc.o [1]
ADC_EnableHardwareTrigger
                        0x6000'a6ff   0x16  Code  Lc  fsl_adc.o [1]
ADC_GetChannelConversionValue
                        0x6000'a6af   0x26  Code  Lc  fsl_adc.o [1]
ADC_GetChannelConversionValue
                        0x6000'a54d   0x26  Code  Lc  LQ_ADC.o [1]
ADC_GetChannelStatusFlags
                        0x6000'a6d5   0x2a  Code  Lc  fsl_adc.o [1]
ADC_GetChannelStatusFlags
                        0x6000'a573   0x2a  Code  Lc  LQ_ADC.o [1]
ADC_GetDefaultConfig    0x6000'a7f5   0x38  Code  Gb  fsl_adc.o [1]
ADC_GetInstance         0x6000'a719   0x32  Code  Lc  fsl_adc.o [1]
ADC_GetStatusFlags      0x6000'a715    0x4  Code  Lc  fsl_adc.o [1]
ADC_Init                0x6000'a74b   0xaa  Code  Gb  fsl_adc.o [1]
ADC_SetChannelConfig    0x6000'a82d   0x44  Code  Gb  fsl_adc.o [1]
ADC_SetHardwareAverageConfig
                        0x6000'a8dd   0x2a  Code  Gb  fsl_adc.o [1]
ARM_MPU_Disable         0x6000'ddc1   0x1e  Code  Lc  board.o [1]
ARM_MPU_Enable          0x6000'dda5   0x1c  Code  Lc  board.o [1]
Accel_OriginData        0x2000'0404   0x18  Data  Gb  LQ_MPU6050.o [1]
BOARD_BootClockRUN      0x6000'c69d  0x22a  Code  Gb  clock_config.o [1]
BOARD_ConfigMPU         0x6000'df85   0x72  Code  Gb  board.o [1]
BOARD_DebugConsoleSrcFreq
                        0x6000'df31   0x3c  Code  Gb  board.o [1]
BOARD_InitDEBUG_UARTPins
                        0x6000'bb51   0x64  Code  Gb  pin_mux.o [1]
BOARD_InitDebugConsole  0x6000'df6d   0x18  Code  Gb  board.o [1]
BOARD_InitLPI2C1Pins    0x6000'c001   0x78  Code  Gb  pin_mux.o [1]
BOARD_InitSDRAMPins     0x6000'bbc5  0x384  Code  Gb  pin_mux.o [1]
Back_Distance_ReceiveBuff
                        0x2000'028c    0x8  Data  Gb  DebugFuction.o [1]
BatteryVoltageCollect_Init
                        0x6000'a235   0x3a  Code  Gb  DebugFuction.o [1]
Battery_V               0x2000'0260    0x4  Data  Gb  Appmain.o [1]
Button                  0x2000'0090    0x4  Data  Gb  DebugFuction.o [1]
ButtonInit              0x6000'9f2b  0x118  Code  Gb  DebugFuction.o [1]
ButtonMenu              0x6000'a14d   0xe8  Code  Gb  DebugFuction.o [1]
ButtonOnceBuffFlag      0x2000'00a0    0xc  Data  Gb  DebugFuction.o [1]
ButtonOnceFlag          0x2000'0094    0xc  Data  Gb  DebugFuction.o [1]
CLOCK_ControlGate       0x6000'9d2f   0x40  Code  Lc  DebugFuction.o [1]
CLOCK_ControlGate       0x6000'a66d   0x3e  Code  Lc  fsl_adc.o [1]
CLOCK_ControlGate       0x6000'b7b1   0x3e  Code  Lc  fsl_enc.o [1]
CLOCK_ControlGate       0x6000'4385   0x3e  Code  Lc  fsl_gpio.o [1]
CLOCK_ControlGate       0x6000'8841   0x40  Code  Lc  fsl_lpi2c.o [1]
CLOCK_ControlGate       0x6000'4ea5   0x40  Code  Lc  fsl_lpspi.o [1]
CLOCK_ControlGate       0x6000'603d   0x40  Code  Lc  fsl_lpuart.o [1]
CLOCK_ControlGate       0x6000'd429   0x3e  Code  Lc  fsl_pit.o [1]
CLOCK_ControlGate       0x6000'82d1   0x3e  Code  Lc  fsl_pwm.o [1]
CLOCK_ControlGate       0x6000'b5fd   0x3e  Code  Lc  fsl_xbara.o [1]
CLOCK_ControlGate       0x6000'b339   0x3e  Code  Lc  LQ_Encoder.o [1]
CLOCK_ControlGate       0x6000'779d   0x40  Code  Lc  LQ_PWM.o [1]
CLOCK_ControlGate       0x6000'9447   0x40  Code  Lc  LQ_UART.o [1]
CLOCK_ControlGate       0x6000'aa85   0x40  Code  Lc  MecanumWheelControl.o [1]
CLOCK_ControlGate       0x6000'ba81   0x40  Code  Lc  pin_mux.o [1]
CLOCK_ControlGate       0x6000'34b9   0x40  Code  Lc  TFTDriver.o [1]
CLOCK_EnableClock       0x6000'9d6f    0x4  Code  Lc  DebugFuction.o [1]
CLOCK_EnableClock       0x6000'a6ab    0x4  Code  Lc  fsl_adc.o [1]
CLOCK_EnableClock       0x6000'b7f5    0x4  Code  Lc  fsl_enc.o [1]
CLOCK_EnableClock       0x6000'43c9    0x4  Code  Lc  fsl_gpio.o [1]
CLOCK_EnableClock       0x6000'88e5    0x4  Code  Lc  fsl_lpi2c.o [1]
CLOCK_EnableClock       0x6000'4f49    0x4  Code  Lc  fsl_lpspi.o [1]
CLOCK_EnableClock       0x6000'60e1    0x4  Code  Lc  fsl_lpuart.o [1]
CLOCK_EnableClock       0x6000'd467    0x4  Code  Lc  fsl_pit.o [1]
CLOCK_EnableClock       0x6000'8315    0x4  Code  Lc  fsl_pwm.o [1]
CLOCK_EnableClock       0x6000'b63b    0x4  Code  Lc  fsl_xbara.o [1]
CLOCK_EnableClock       0x6000'b377    0x4  Code  Lc  LQ_Encoder.o [1]
CLOCK_EnableClock       0x6000'77dd    0x4  Code  Lc  LQ_PWM.o [1]
CLOCK_EnableClock       0x6000'9487    0x4  Code  Lc  LQ_UART.o [1]
CLOCK_EnableClock       0x6000'aac5    0x4  Code  Lc  MecanumWheelControl.o [1]
CLOCK_EnableClock       0x6000'bb25    0x4  Code  Lc  pin_mux.o [1]
CLOCK_EnableClock       0x6000'34f9    0x4  Code  Lc  TFTDriver.o [1]
CLOCK_GetDiv            0x6000'defb   0x24  Code  Lc  board.o [1]
CLOCK_GetDiv            0x6000'9423   0x24  Code  Lc  LQ_UART.o [1]
CLOCK_GetFreq           0x6000'490d  0x12a  Code  Gb  fsl_clock.o [1]
CLOCK_GetMux            0x6000'ded7   0x24  Code  Lc  board.o [1]
CLOCK_GetMux            0x6000'93a3   0x24  Code  Lc  LQ_UART.o [1]
CLOCK_GetOscFreq        0x6000'df1f   0x12  Code  Lc  board.o [1]
CLOCK_GetOscFreq        0x6000'4819   0x18  Code  Lc  fsl_clock.o [1]
CLOCK_GetOscFreq        0x6000'948b   0x18  Code  Lc  LQ_UART.o [1]
CLOCK_GetPeriphClkFreq  0x6000'4873   0x98  Code  Lc  fsl_clock.o [1]
CLOCK_GetPllBypassRefClk
                        0x6000'485d   0x16  Code  Lc  fsl_clock.o [1]
CLOCK_GetPllFreq        0x6000'4af9  0x15e  Code  Gb  fsl_clock.o [1]
CLOCK_GetPllFreq::enetRefClkFreq
                        0x6000'4d88   0x10  Data  Lc  fsl_clock.o [1]
CLOCK_GetRtcFreq        0x6000'4831    0x6  Code  Lc  fsl_clock.o [1]
CLOCK_GetSysPfdFreq     0x6000'4c7d   0x58  Code  Gb  fsl_clock.o [1]
CLOCK_GetUsb1PfdFreq    0x6000'4cd5   0x58  Code  Gb  fsl_clock.o [1]
CLOCK_InitArmPll        0x6000'4a39   0x40  Code  Gb  fsl_clock.o [1]
CLOCK_InitSysPfd        0x6000'4c57   0x26  Code  Gb  fsl_clock.o [1]
CLOCK_InitSysPll        0x6000'4a79   0x40  Code  Gb  fsl_clock.o [1]
CLOCK_InitUsb1Pll       0x6000'4ab9   0x40  Code  Gb  fsl_clock.o [1]
CLOCK_IsPllBypassed     0x6000'4837   0x10  Code  Lc  fsl_clock.o [1]
CLOCK_IsPllEnabled      0x6000'4847   0x16  Code  Lc  fsl_clock.o [1]
CLOCK_SetDiv            0x6000'c635   0x5a  Code  Lc  clock_config.o [1]
CLOCK_SetDiv            0x6000'ce79   0x5a  Code  Lc  LQ_IIC.o [1]
CLOCK_SetDiv            0x6000'd1bd   0x5a  Code  Lc  LQ_PIT.o [1]
CLOCK_SetDiv            0x6000'7741   0x5c  Code  Lc  LQ_PWM.o [1]
CLOCK_SetDiv            0x6000'93c7   0x5c  Code  Lc  LQ_UART.o [1]
CLOCK_SetDiv            0x6000'345d   0x5c  Code  Lc  TFTDriver.o [1]
CLOCK_SetMux            0x6000'c5d9   0x5a  Code  Lc  clock_config.o [1]
CLOCK_SetMux            0x6000'ce1d   0x5a  Code  Lc  LQ_IIC.o [1]
CLOCK_SetMux            0x6000'd161   0x5a  Code  Lc  LQ_PIT.o [1]
CLOCK_SetMux            0x6000'9347   0x5c  Code  Lc  LQ_UART.o [1]
CLOCK_SetMux            0x6000'3401   0x5c  Code  Lc  TFTDriver.o [1]
CLOCK_SetRtcXtalFreq    0x6000'c695    0x6  Code  Lc  clock_config.o [1]
CLOCK_SetXtalFreq       0x6000'c68f    0x6  Code  Lc  clock_config.o [1]
CSTACK$$Base            0x2001'8000          --   Gb  - Linker created -
CSTACK$$Limit           0x2002'0000          --   Gb  - Linker created -
CalTargetSpeed_EachWheel
                        0x6000'acb9   0x68  Code  Gb  MecanumWheelControl.o [1]
Car_Speed_Rotate        0x2000'05e0   0x48  Data  Gb  MecanumWheelControl.o [1]
ControlValue_Closeloop  0x2000'0628   0x10  Data  Gb  MecanumWheelControl.o [1]
ConvertRadixNumToString
                        0x6000'5c1b   0x7e  Code  Lc  fsl_str.o [1]
DMA0_DMA16_DriverIRQHandler
                        0x6000'c22d   0x36  Code  Gb  fsl_edma.o [1]
DMA10_DMA26_DriverIRQHandler
                        0x6000'c44b   0x34  Code  Gb  fsl_edma.o [1]
DMA11_DMA27_DriverIRQHandler
                        0x6000'c47f   0x32  Code  Gb  fsl_edma.o [1]
DMA12_DMA28_DriverIRQHandler
                        0x6000'c4b1   0x32  Code  Gb  fsl_edma.o [1]
DMA13_DMA29_DriverIRQHandler
                        0x6000'c4e3   0x32  Code  Gb  fsl_edma.o [1]
DMA14_DMA30_DriverIRQHandler
                        0x6000'c515   0x32  Code  Gb  fsl_edma.o [1]
DMA15_DMA31_DriverIRQHandler
                        0x6000'c547   0x32  Code  Gb  fsl_edma.o [1]
DMA1_DMA17_DriverIRQHandler
                        0x6000'c263   0x36  Code  Gb  fsl_edma.o [1]
DMA2_DMA18_DriverIRQHandler
                        0x6000'c299   0x36  Code  Gb  fsl_edma.o [1]
DMA3_DMA19_DriverIRQHandler
                        0x6000'c2d1   0x36  Code  Gb  fsl_edma.o [1]
DMA4_DMA20_DriverIRQHandler
                        0x6000'c307   0x36  Code  Gb  fsl_edma.o [1]
DMA5_DMA21_DriverIRQHandler
                        0x6000'c33d   0x36  Code  Gb  fsl_edma.o [1]
DMA6_DMA22_DriverIRQHandler
                        0x6000'c373   0x36  Code  Gb  fsl_edma.o [1]
DMA7_DMA23_DriverIRQHandler
                        0x6000'c3a9   0x36  Code  Gb  fsl_edma.o [1]
DMA8_DMA24_DriverIRQHandler
                        0x6000'c3df   0x36  Code  Gb  fsl_edma.o [1]
DMA9_DMA25_DriverIRQHandler
                        0x6000'c415   0x36  Code  Gb  fsl_edma.o [1]
D_Set                   0x2000'0060   0x10  Data  Gb  Appmain.o [1]
DbgConsole_Init         0x6000'4d99   0x30  Code  Gb  fsl_debug_console.o [1]
DbgConsole_Printf       0x6000'4dc9   0x2e  Code  Gb  fsl_debug_console.o [1]
DbgConsole_RelocateLog  0x6000'4df9   0x3a  Code  Lc  fsl_debug_console.o [1]
DeadBand_Set            0x2000'0080   0x10  Data  Gb  Appmain.o [1]
DefaultSPI_config       0x6000'47fc   0x1c  Data  Gb  Pig_SPI.o [1]
EDMA_GetChannelStatusFlags
                        0x6000'c115   0x46  Code  Gb  fsl_edma.o [1]
EDMA_HandleIRQ          0x6000'c171   0xae  Code  Gb  fsl_edma.o [1]
ENC_DoSoftwareLoadInitialPositionValue
                        0x6000'b951   0x10  Code  Gb  fsl_enc.o [1]
ENC_GetDefaultConfig    0x6000'b911   0x40  Code  Gb  fsl_enc.o [1]
ENC_GetInstance         0x6000'b7f9   0x32  Code  Lc  fsl_enc.o [1]
ENC_GetPositionDifferenceValue
                        0x6000'aac9    0x4  Code  Lc  MecanumWheelControl.o [1]
ENC_Init                0x6000'b82b   0xe6  Code  Gb  fsl_enc.o [1]
EnableIRQ               0x6000'9d73   0x18  Code  Lc  DebugFuction.o [1]
EnableIRQ               0x6000'88e9   0x18  Code  Lc  fsl_lpi2c.o [1]
EnableIRQ               0x6000'd217   0x18  Code  Lc  LQ_PIT.o [1]
EnableIRQ               0x6000'94a3   0x18  Code  Lc  LQ_UART.o [1]
EncoderDirectionPort    0x2000'00fc   0x10  Data  Gb  MecanumWheelControl.o [1]
EncoderMeasure_Init     0x6000'ae2f   0xa0  Code  Gb  MecanumWheelControl.o [1]
Encoder_ENCIndex        0x2000'00ec   0x10  Data  Gb  MecanumWheelControl.o [1]
Encoder_PORTIndex_Direction
                        0x2000'010c   0x10  Data  Gb  MecanumWheelControl.o [1]
FIFO                    0x6000'a387   0x1c  Code  Gb  DebugFuction.o [1]
FIFO_Clean              0x6000'a3a3   0x12  Code  Gb  DebugFuction.o [1]
FLEXIO1_DriverIRQHandler
                        0x6000'e3e1    0x2  Code  Gb  fsl_flexio.o [1]
FLEXIO2_DriverIRQHandler
                        0x6000'e3e3    0x2  Code  Gb  fsl_flexio.o [1]
FLEXIO_CommonIRQHandler
                        0x6000'e3b9   0x20  Code  Gb  fsl_flexio.o [1]
FLEXSPI_CheckAndClearError
                        0x6000'e077   0x5e  Code  Gb  fsl_flexspi.o [1]
FLEXSPI_ClearInterruptStatusFlags
                        0x6000'e06f    0x8  Code  Lc  fsl_flexspi.o [1]
FLEXSPI_DisableInterrupts
                        0x6000'e065    0xa  Code  Lc  fsl_flexspi.o [1]
FLEXSPI_DriverIRQHandler
                        0x6000'e265    0x8  Code  Gb  fsl_flexspi.o [1]
FLEXSPI_TransferAbort   0x6000'e0d9   0x2a  Code  Gb  fsl_flexspi.o [1]
FLEXSPI_TransferHandleIRQ
                        0x6000'e103  0x162  Code  Gb  fsl_flexspi.o [1]
Flag_Reverse            0x2000'00d0    0x4  Data  Gb  MecanumWheelControl.o [1]
Flag_TFTShow            0x2000'025c    0x1  Data  Gb  TFTDriver.o [1]
Front_Distance_ReceiveBuff
                        0x2000'0284    0x8  Data  Gb  DebugFuction.o [1]
GPIO1_Combined_16_31_IRQHandler
                        0x6000'a111   0x3a  Code  Gb  DebugFuction.o [1]
GPIO2_Combined_16_31_IRQHandler
                        0x6000'a0a7   0x6a  Code  Gb  DebugFuction.o [1]
GPIO5_Combined_0_15_IRQHandler
                        0x6000'e37b   0x2e  Code  Gb  LQ_KEY.o [1]
GPIO_GetInstance        0x6000'43d1   0x2e  Code  Lc  fsl_gpio.o [1]
GPIO_GetPinsInterruptFlags
                        0x6000'9dc1    0x2  Code  Lc  DebugFuction.o [1]
GPIO_GetPinsInterruptFlags
                        0x6000'e375    0x2  Code  Lc  LQ_KEY.o [1]
GPIO_PinInit            0x6000'4401   0x4c  Code  Gb  fsl_gpio.o [1]
GPIO_PinRead            0x6000'9d8f   0x26  Code  Lc  DebugFuction.o [1]
GPIO_PinRead            0x6000'aacd   0x26  Code  Lc  MecanumWheelControl.o [1]
GPIO_PinSetInterruptConfig
                        0x6000'4485   0x7c  Code  Gb  fsl_gpio.o [1]
GPIO_PinWrite           0x6000'444d   0x38  Code  Gb  fsl_gpio.o [1]
GPIO_PortClearInterruptFlags
                        0x6000'9dc3    0x4  Code  Lc  DebugFuction.o [1]
GPIO_PortClearInterruptFlags
                        0x6000'e377    0x4  Code  Lc  LQ_KEY.o [1]
GPIO_PortEnableInterrupts
                        0x6000'9db5    0x8  Code  Lc  DebugFuction.o [1]
GPIO_PortGetInterruptFlags
                        0x6000'9dbd    0x4  Code  Lc  DebugFuction.o [1]
GPIO_PortGetInterruptFlags
                        0x6000'e371    0x4  Code  Lc  LQ_KEY.o [1]
GPIO_SetPinInterruptConfig
                        0x6000'43cd    0x2  Code  Lc  fsl_gpio.o [1]
GPIO_WritePinOutput     0x6000'9d8b    0x4  Code  Lc  DebugFuction.o [1]
GYRO_OriginData         0x2000'041c   0x18  Data  Gb  LQ_MPU6050.o [1]
GYRO_Watch              0x2000'0654    0x4  Data  Gb  MecanumWheelControl.o [1]
GetBatteryVoltage       0x6000'a271   0x6e  Code  Gb  DebugFuction.o [1]
GetPIDControlValue      0x6000'ab83  0x106  Code  Gb  MecanumWheelControl.o [1]
GetSpeed                0x6000'af4b   0x66  Code  Gb  MecanumWheelControl.o [1]
Get_AccData             0x6000'cc41   0x68  Code  Gb  LQ_MPU6050.o [1]
Get_Gyro                0x6000'cca9   0x5a  Code  Gb  LQ_MPU6050.o [1]
Get_Offset              0x6000'cd05   0xb8  Code  Gb  LQ_MPU6050.o [1]
HEAP$$Base              0x8000'0000          --   Gb  - Linker created -
HEAP$$Limit             0x8010'0000          --   Gb  - Linker created -
IIC_ReadReg             0x6000'cf45   0x4a  Code  Gb  LQ_IIC.o [1]
IIC_WriteReg            0x6000'cf8f   0x52  Code  Gb  LQ_IIC.o [1]
IIC_master_callback     0x6000'ced3   0x1a  Code  Gb  LQ_IIC.o [1]
IOMUXC_SetPinConfig     0x6000'9de3    0xc  Code  Lc  DebugFuction.o [1]
IOMUXC_SetPinConfig     0x6000'b397    0xc  Code  Lc  LQ_Encoder.o [1]
IOMUXC_SetPinConfig     0x6000'77fd    0xc  Code  Lc  LQ_PWM.o [1]
IOMUXC_SetPinConfig     0x6000'94d7    0xc  Code  Lc  LQ_UART.o [1]
IOMUXC_SetPinConfig     0x6000'bb45    0xc  Code  Lc  pin_mux.o [1]
IOMUXC_SetPinMux        0x6000'9dc7   0x1c  Code  Lc  DebugFuction.o [1]
IOMUXC_SetPinMux        0x6000'b37b   0x1c  Code  Lc  LQ_Encoder.o [1]
IOMUXC_SetPinMux        0x6000'77e1   0x1c  Code  Lc  LQ_PWM.o [1]
IOMUXC_SetPinMux        0x6000'94bb   0x1c  Code  Lc  LQ_UART.o [1]
IOMUXC_SetPinMux        0x6000'aaf3   0x1c  Code  Lc  MecanumWheelControl.o [1]
IOMUXC_SetPinMux        0x6000'bb29   0x1c  Code  Lc  pin_mux.o [1]
IOMUXC_SetPinMux        0x6000'34fd   0x1c  Code  Lc  TFTDriver.o [1]
IO_Init                 0x6000'5ee5   0x52  Code  Gb  fsl_io.o [1]
IO_Transfer             0x6000'5f37   0x2c  Code  Gb  fsl_io.o [1]
I_Set                   0x2000'0070   0x10  Data  Gb  Appmain.o [1]
I_limit                 0x2000'0048    0x4  Data  Gb  Appmain.o [1]
InitAll                 0x6000'da35   0x98  Code  Gb  Appmain.o [1]
LCD_ShowBatteryVoltage  0x6000'a351   0x36  Code  Gb  DebugFuction.o [1]
LCD_WriteData_16Bit     0x6000'363b   0x42  Code  Gb  TFTDriver.o [1]
LOG_Init                0x6000'5b55   0x1a  Code  Gb  fsl_log.o [1]
LOG_Pop                 0x6000'5b97   0x1a  Code  Gb  fsl_log.o [1]
LOG_Push                0x6000'5b71   0x26  Code  Gb  fsl_log.o [1]
LPI2C1_DriverIRQHandler
                        0x6000'91db    0x6  Code  Gb  fsl_lpi2c.o [1]
LPI2C2_DriverIRQHandler
                        0x6000'91e1    0x6  Code  Gb  fsl_lpi2c.o [1]
LPI2C3_DriverIRQHandler
                        0x6000'91e7    0x6  Code  Gb  fsl_lpi2c.o [1]
LPI2C4_DriverIRQHandler
                        0x6000'91ed    0x6  Code  Gb  fsl_lpi2c.o [1]
LPI2C_CheckForBusyBus   0x6000'8abf   0x1a  Code  Gb  fsl_lpi2c.o [1]
LPI2C_CommonIRQHandler  0x6000'919d   0x3e  Code  Lc  fsl_lpi2c.o [1]
LPI2C_GetCyclesForWidth
                        0x6000'89a1   0x6c  Code  Lc  fsl_lpi2c.o [1]
LPI2C_GetInstance       0x6000'895d   0x2e  Code  Gb  fsl_lpi2c.o [1]
LPI2C_Init              0x6000'ceed   0x58  Code  Gb  LQ_IIC.o [1]
LPI2C_InitTransferStateMachine
                        0x6000'8fe5   0xac  Code  Lc  fsl_lpi2c.o [1]
LPI2C_MasterCheckAndClearError
                        0x6000'8a31   0x5c  Code  Gb  fsl_lpi2c.o [1]
LPI2C_MasterClearStatusFlags
                        0x6000'891b    0x4  Code  Lc  fsl_lpi2c.o [1]
LPI2C_MasterDisableInterrupts
                        0x6000'8927    0xa  Code  Lc  fsl_lpi2c.o [1]
LPI2C_MasterEnable      0x6000'890b    0xc  Code  Lc  fsl_lpi2c.o [1]
LPI2C_MasterEnableInterrupts
                        0x6000'891f    0x8  Code  Lc  fsl_lpi2c.o [1]
LPI2C_MasterGetDefaultConfig
                        0x6000'8ad9   0x2c  Code  Gb  fsl_lpi2c.o [1]
LPI2C_MasterGetFifoCounts
                        0x6000'8941   0x1a  Code  Lc  fsl_lpi2c.o [1]
LPI2C_MasterGetStatusFlags
                        0x6000'8917    0x4  Code  Lc  fsl_lpi2c.o [1]
LPI2C_MasterInit        0x6000'8b05   0xfc  Code  Gb  fsl_lpi2c.o [1]
LPI2C_MasterReceive     0x6000'8d57   0x66  Code  Gb  fsl_lpi2c.o [1]
LPI2C_MasterReset       0x6000'8901    0xa  Code  Lc  fsl_lpi2c.o [1]
LPI2C_MasterSend        0x6000'8dbd   0x40  Code  Gb  fsl_lpi2c.o [1]
LPI2C_MasterSetBaudRate
                        0x6000'8c05   0xde  Code  Gb  fsl_lpi2c.o [1]
LPI2C_MasterSetWatermarks
                        0x6000'8931   0x10  Code  Lc  fsl_lpi2c.o [1]
LPI2C_MasterStart       0x6000'8ce3   0x3a  Code  Gb  fsl_lpi2c.o [1]
LPI2C_MasterStop        0x6000'8d1d   0x3a  Code  Gb  fsl_lpi2c.o [1]
LPI2C_MasterTransferCreateHandle
                        0x6000'8dfd   0x64  Code  Gb  fsl_lpi2c.o [1]
LPI2C_MasterTransferHandleIRQ
                        0x6000'9135   0x40  Code  Gb  fsl_lpi2c.o [1]
LPI2C_MasterTransferNonBlocking
                        0x6000'9091   0xa4  Code  Gb  fsl_lpi2c.o [1]
LPI2C_MasterWaitForTxReady
                        0x6000'8a8d   0x32  Code  Lc  fsl_lpi2c.o [1]
LPI2C_RunTransferStateMachine
                        0x6000'8e65  0x17a  Code  Lc  fsl_lpi2c.o [1]
LPSPI1_DriverIRQHandler
                        0x6000'57b5   0x28  Code  Gb  fsl_lpspi.o [1]
LPSPI2_DriverIRQHandler
                        0x6000'57dd   0x28  Code  Gb  fsl_lpspi.o [1]
LPSPI3_DriverIRQHandler
                        0x6000'5805   0x28  Code  Gb  fsl_lpspi.o [1]
LPSPI4_DriverIRQHandler
                        0x6000'582d   0x28  Code  Gb  fsl_lpspi.o [1]
LPSPI_CheckTransferArgument
                        0x6000'5399   0x64  Code  Gb  fsl_lpspi.o [1]
LPSPI_ClearStatusFlags  0x6000'4f83    0x4  Code  Lc  fsl_lpspi.o [1]
LPSPI_CombineWriteData  0x6000'5645   0xac  Code  Lc  fsl_lpspi.o [1]
LPSPI_CommonIRQHandler  0x6000'578b   0x24  Code  Lc  fsl_lpspi.o [1]
LPSPI_Enable            0x6000'4f4d   0x16  Code  Lc  fsl_lpspi.o [1]
LPSPI_FlushFifo         0x6000'4f9f    0xe  Code  Lc  fsl_lpspi.o [1]
LPSPI_GetInstance       0x6000'4fc9   0x32  Code  Gb  fsl_lpspi.o [1]
LPSPI_GetRxFifoCount    0x6000'4f7b    0x8  Code  Lc  fsl_lpspi.o [1]
LPSPI_GetRxFifoSize     0x6000'4f67    0xc  Code  Lc  fsl_lpspi.o [1]
LPSPI_GetStatusFlags    0x6000'4f63    0x4  Code  Lc  fsl_lpspi.o [1]
LPSPI_GetTxFifoCount    0x6000'4f73    0x8  Code  Lc  fsl_lpspi.o [1]
LPSPI_IsMaster          0x6000'4f97    0x8  Code  Lc  fsl_lpspi.o [1]
LPSPI_MasterInit        0x6000'5061   0xec  Code  Gb  fsl_lpspi.o [1]
LPSPI_MasterSetBaudRate
                        0x6000'519d   0xa2  Code  Gb  fsl_lpspi.o [1]
LPSPI_MasterSetDelayScaler
                        0x6000'5255   0x56  Code  Gb  fsl_lpspi.o [1]
LPSPI_MasterSetDelayTimes
                        0x6000'52ad   0xe2  Code  Gb  fsl_lpspi.o [1]
LPSPI_MasterTransferBlocking
                        0x6000'5401  0x216  Code  Gb  fsl_lpspi.o [1]
LPSPI_ReadData          0x6000'4fc1    0x4  Code  Lc  fsl_lpspi.o [1]
LPSPI_Reset             0x6000'515d   0x16  Code  Gb  fsl_lpspi.o [1]
LPSPI_SeparateReadData  0x6000'56f1   0x9a  Code  Lc  fsl_lpspi.o [1]
LPSPI_SetDummyData      0x6000'5051   0x10  Code  Gb  fsl_lpspi.o [1]
LPSPI_SetFifoWatermarks
                        0x6000'4fad   0x10  Code  Lc  fsl_lpspi.o [1]
LPSPI_SetMasterSlaveMode
                        0x6000'4f87   0x10  Code  Lc  fsl_lpspi.o [1]
LPSPI_SetOnePcsPolarity
                        0x6000'5181   0x1a  Code  Lc  fsl_lpspi.o [1]
LPSPI_WriteData         0x6000'4fbd    0x4  Code  Lc  fsl_lpspi.o [1]
LPUART1_IRQHandler      0x6000'9a8b    0xa  Code  Gb  LQ_UART.o [1]
LPUART2_IRQHandler      0x6000'9a95    0xa  Code  Gb  LQ_UART.o [1]
LPUART3_IRQHandler      0x6000'9a9f   0x14  Code  Gb  LQ_UART.o [1]
LPUART4_IRQHandler      0x6000'9ab3   0x2c  Code  Gb  LQ_UART.o [1]
LPUART4_IRQHandler::res
                        0x2000'0498    0x1  Data  Lc  LQ_UART.o [1]
LPUART5_IRQHandler      0x6000'9adf   0x14  Code  Gb  LQ_UART.o [1]
LPUART6_IRQHandler      0x6000'9af3    0xa  Code  Gb  LQ_UART.o [1]
LPUART7_IRQHandler      0x6000'9afd   0x2c  Code  Gb  LQ_UART.o [1]
LPUART7_IRQHandler::res
                        0x2000'0499    0x1  Data  Lc  LQ_UART.o [1]
LPUART8_IRQHandler      0x6000'9b29   0x2c  Code  Gb  LQ_UART.o [1]
LPUART8_IRQHandler::res
                        0x2000'049a    0x1  Data  Lc  LQ_UART.o [1]
LPUART_ClearStatusFlags
                        0x6000'6407   0x38  Code  Gb  fsl_lpuart.o [1]
LPUART_EnableInterrupts
                        0x6000'63cd   0x2a  Code  Gb  fsl_lpuart.o [1]
LPUART_EnableRx         0x6000'5ecf   0x16  Code  Lc  fsl_io.o [1]
LPUART_EnableTx         0x6000'5eb9   0x16  Code  Lc  fsl_io.o [1]
LPUART_GetDefaultConfig
                        0x6000'638d   0x40  Code  Gb  fsl_lpuart.o [1]
LPUART_GetInstance      0x6000'60f9   0x2e  Code  Gb  fsl_lpuart.o [1]
LPUART_GetStatusFlags   0x6000'63f7   0x10  Code  Gb  fsl_lpuart.o [1]
LPUART_Init             0x6000'618d  0x200  Code  Gb  fsl_lpuart.o [1]
LPUART_RX_BUF           0x2000'0434   0x64  Data  Gb  LQ_UART.o [1]
LPUART_ReadBlocking     0x6000'6479   0xb4  Code  Gb  fsl_lpuart.o [1]
LPUART_ReadByte         0x6000'9def   0x26  Code  Lc  DebugFuction.o [1]
LPUART_ReadByte         0x6000'94e3   0x26  Code  Lc  LQ_UART.o [1]
LPUART_SoftwareReset    0x6000'60e5   0x12  Code  Lc  fsl_lpuart.o [1]
LPUART_WriteBlocking    0x6000'6441   0x36  Code  Gb  fsl_lpuart.o [1]
LQADC_Init              0x6000'a59d   0x22  Code  Gb  LQ_ADC.o [1]
LQ_ENC_Init             0x6000'b477   0xc2  Code  Gb  LQ_Encoder.o [1]
LQ_ENC_InitPin          0x6000'b3a5   0xd2  Code  Gb  LQ_Encoder.o [1]
LQ_GetUartSrcFreq       0x6000'950b   0x42  Code  Gb  LQ_UART.o [1]
LQ_PIT_Init             0x6000'd279   0x78  Code  Gb  LQ_PIT.o [1]
LQ_PWMA_B_SetDuty       0x6000'b2bd   0x7c  Code  Gb  LQ_PWM.o [1]
LQ_PWM_Init             0x6000'7ef7  0x122  Code  Gb  LQ_PWM.o [1]
LQ_PWM_InitPins         0x6000'7935  0x5c2  Code  Gb  LQ_PWM.o [1]
LQ_QSPI_BOOT_SDRAM_INIT
                        0x6000'd67b  0x17e  Code  Gb  system_MIMXRT1052.o [1]
LQ_UART_Init            0x6000'954d  0x534  Code  Gb  LQ_UART.o [1]
LQ_UART_PutChar         0x6000'9a81    0xa  Code  Gb  LQ_UART.o [1]
Lcd_SetRegion           0x6000'367d   0x5e  Code  Gb  TFTDriver.o [1]
Lcd_WriteData           0x6000'3619   0x22  Code  Gb  TFTDriver.o [1]
Lcd_WriteIndex          0x6000'35f5   0x24  Code  Gb  TFTDriver.o [1]
LoadInt                 0x6000'67cb   0x7a  Code  Lc  xprintffull_nomb.o [2]
MPU6050_Init            0x6000'ca35   0xc4  Code  Gb  LQ_MPU6050.o [1]
MPU_Get_Accelerometer   0x6000'cbbd   0x44  Code  Gb  LQ_MPU6050.o [1]
MPU_Get_Gyroscope       0x6000'cb79   0x44  Code  Gb  LQ_MPU6050.o [1]
MPU_Read_Byte           0x6000'cc29   0x16  Code  Gb  LQ_MPU6050.o [1]
MPU_Read_Len            0x6000'cc03   0x16  Code  Gb  LQ_MPU6050.o [1]
MPU_Set_Accel_Fsr       0x6000'cb05    0xc  Code  Gb  LQ_MPU6050.o [1]
MPU_Set_Gyro_Fsr        0x6000'caf9    0xc  Code  Gb  LQ_MPU6050.o [1]
MPU_Set_LPF             0x6000'cb11   0x30  Code  Gb  LQ_MPU6050.o [1]
MPU_Set_Rate            0x6000'cb41   0x36  Code  Gb  LQ_MPU6050.o [1]
MPU_Write_Byte          0x6000'cc19   0x10  Code  Gb  LQ_MPU6050.o [1]
Max_output              0x2000'004c    0x4  Data  Gb  Appmain.o [1]
MeasureRunTime_us       0x6000'dd69   0x1a  Code  Gb  m_systime.o [1]
MotorOutput             0x6000'ad21  0x10e  Code  Gb  MecanumWheelControl.o [1]
Motor_init              0x6000'ab0f   0x46  Code  Gb  MecanumWheelControl.o [1]
NVIC_EncodePriority     0x6000'd129   0x36  Code  Lc  LQ_PIT.o [1]
NVIC_EncodePriority     0x6000'9311   0x36  Code  Lc  LQ_UART.o [1]
NowTrans                0x2000'0174   0x10  Data  Gb  Pig_SPI.o [1]
One_loop_bubblesort     0x6000'a3b5   0x40  Code  Gb  DebugFuction.o [1]
PIDControl_Constructor  0x6000'ab55   0x28  Code  Gb  MecanumWheelControl.o [1]
PIDControl_FunctionDefine
                        0x6000'ac97   0x14  Code  Gb  MecanumWheelControl.o [1]
PID_SetTarget           0x6000'ab7d    0x6  Code  Gb  MecanumWheelControl.o [1]
PID_Speedloop_init      0x6000'afc9   0x6e  Code  Gb  MecanumWheelControl.o [1]
PID_locationloop_init   0x6000'b037   0x4e  Code  Gb  MecanumWheelControl.o [1]
PIT0_Flag               0x2000'0028    0x2  Data  Gb  Appmain.o [1]
PIT_ClearStatusFlags    0x6000'd94d    0xa  Code  Lc  Appmain.o [1]
PIT_EnableInterrupts    0x6000'd24d   0x10  Code  Lc  LQ_PIT.o [1]
PIT_GetDefaultConfig    0x6000'd231   0x1c  Code  Lc  LQ_PIT.o [1]
PIT_GetInstance         0x6000'd46d   0x2a  Code  Lc  fsl_pit.o [1]
PIT_GetStatusFlags      0x6000'd93f    0xe  Code  Lc  Appmain.o [1]
PIT_IRQHandler          0x6000'dacd   0xe6  Code  Gb  Appmain.o [1]
PIT_Init                0x6000'd4a1   0x4a  Code  Gb  fsl_pit.o [1]
PIT_SetTimerPeriod      0x6000'd25d    0xa  Code  Lc  LQ_PIT.o [1]
PIT_StartTimer          0x6000'd267   0x12  Code  Lc  LQ_PIT.o [1]
PWM_GetDefaultConfig    0x6000'848d   0x34  Code  Gb  fsl_pwm.o [1]
PWM_GetInstance         0x6000'8319   0x32  Code  Lc  fsl_pwm.o [1]
PWM_Init                0x6000'834d  0x140  Code  Gb  fsl_pwm.o [1]
PWM_SetPwmLdok          0x6000'781b   0x22  Code  Lc  LQ_PWM.o [1]
PWM_SetupPwm            0x6000'84c1  0x1fa  Code  Gb  fsl_pwm.o [1]
PWM_StartTimer          0x6000'7809   0x12  Code  Lc  LQ_PWM.o [1]
PWM_UpdateDuty          0x6000'783d   0xf8  Code  Gb  LQ_PWM.o [1]
P_Set                   0x2000'0050   0x10  Data  Gb  Appmain.o [1]
Para_Refresh            0x6000'ac89    0xe  Code  Gb  MecanumWheelControl.o [1]
QuitSetFlag             0x2000'00ac    0x4  Data  Gb  DebugFuction.o [1]
RS_Now                  0x2000'0658    0xc  Data  Gb  MecanumWheelControl.o [1]
RW$$Base                0x2000'0000          --   Gb  - Linker created -
RW$$Limit               0x2000'025d          --   Gb  - Linker created -
ReadADC                 0x6000'a5bf   0x2e  Code  Gb  LQ_ADC.o [1]
ReceiveBuff             0x2000'0268    0x4  Data  Gb  DebugFuction.o [1]
ReceiveCMD_Remote       0x6000'9e97   0x94  Code  Gb  DebugFuction.o [1]
ReceiveIndex            0x2000'0270    0x4  Data  Gb  DebugFuction.o [1]
Region$$Table$$Base     0x6000'e480          --   Gb  - Linker created -
Region$$Table$$Limit    0x6000'e4ac          --   Gb  - Linker created -
RemoteData              0x2000'0264    0x4  Data  Gb  DebugFuction.o [1]
RemoteData_init         0x6000'9e21   0x10  Code  Gb  DebugFuction.o [1]
RemoteInit              0x6000'9e15    0xc  Code  Gb  DebugFuction.o [1]
Remote_CMD_ReceiveStatus
                        0x2000'026d    0x1  Data  Gb  DebugFuction.o [1]
Rotate_sp               0x2000'064c    0x4  Data  Gb  MecanumWheelControl.o [1]
RunTimeTest             0x6000'd957   0x32  Code  Gb  Appmain.o [1]
SCB_DisableDCache       0x6000'de85   0x52  Code  Lc  board.o [1]
SCB_DisableICache       0x6000'de0d   0x26  Code  Lc  board.o [1]
SCB_EnableDCache        0x6000'de33   0x52  Code  Lc  board.o [1]
SCB_EnableDCache        0x6000'd61b   0x52  Code  Lc  system_MIMXRT1052.o [1]
SCB_EnableICache        0x6000'dddf   0x2e  Code  Lc  board.o [1]
SCB_EnableICache        0x6000'd5ed   0x2e  Code  Lc  system_MIMXRT1052.o [1]
SCCB_ReadMultiRegs      0x6000'd081   0x6c  Code  Gb  fsl_sccb.o [1]
SDRAM_WaitIpCmdDone     0x6000'd66d    0xe  Code  Gb  system_MIMXRT1052.o [1]
SPI1_config             0x2000'0158   0x1c  Data  Gb  Pig_SPI.o [1]
SPI2_config             0x2000'0184   0x1c  Data  Gb  Pig_SPI.o [1]
SPI3_config             0x2000'01a0   0x1c  Data  Gb  Pig_SPI.o [1]
SPI4_config             0x2000'01bc   0x1c  Data  Gb  Pig_SPI.o [1]
SPI_Init                0x6000'46d1   0x98  Code  Gb  Pig_SPI.o [1]
SendRemoteCMDData       0x6000'9e31   0x66  Code  Gb  DebugFuction.o [1]
SeriesIndex             0x2000'0281    0x1  Data  Gb  DebugFuction.o [1]
SeriesReceive           0x2000'0280    0x1  Data  Gb  DebugFuction.o [1]
Series_Control          0x6000'b089   0xcc  Code  Gb  MecanumWheelControl.o [1]
Series_RX               0x6000'a043   0x58  Code  Gb  DebugFuction.o [1]
Series_ReceiveBuff      0x2000'027c    0x4  Data  Gb  DebugFuction.o [1]
Series_Receive_init     0x6000'a09b    0xa  Code  Gb  DebugFuction.o [1]
Series_Speed            0x2000'0650    0x4  Data  Gb  MecanumWheelControl.o [1]
Series_deviation_received
                        0x2000'0005    0x1  Data  Gb  Appmain.o [1]
Series_deviation_received_back
                        0x2000'0003    0x1  Data  Gb  Appmain.o [1]
Series_deviation_received_front
                        0x2000'0001    0x1  Data  Gb  Appmain.o [1]
Series_distance_received
                        0x2000'0006    0x1  Data  Gb  Appmain.o [1]
Series_distance_received_back
                        0x2000'0004    0x1  Data  Gb  Appmain.o [1]
Series_distance_received_front
                        0x2000'0002    0x1  Data  Gb  Appmain.o [1]
SetTargetSpeed_Car      0x6000'acab    0xe  Code  Gb  MecanumWheelControl.o [1]
Sort_MAX_N              0x6000'aecf   0x32  Code  Gb  MecanumWheelControl.o [1]
SpeedClean              0x6000'afb1   0x16  Code  Gb  MecanumWheelControl.o [1]
SpeedCount              0x2000'00dc   0x10  Data  Gb  MecanumWheelControl.o [1]
Speed_get               0x2000'0638   0x10  Data  Gb  MecanumWheelControl.o [1]
Speed_watch             0x2000'0038   0x10  Data  Gb  Appmain.o [1]
StartReceive            0x2000'026c    0x1  Data  Gb  DebugFuction.o [1]
StrFormatPrintf         0x6000'5c99  0x21c  Code  Gb  fsl_str.o [1]
SysTick_Config          0x6000'dc73   0x28  Code  Lc  m_systime.o [1]
SysTick_Handler         0x6000'dcc1    0xc  Code  Gb  m_systime.o [1]
SystemCoreClock         0x2000'01d8    0x4  Data  Gb  system_MIMXRT1052.o [1]
SystemInit              0x6000'd7f9   0x88  Code  Gb  system_MIMXRT1052.o [1]
TFTSPI_config           0x6000'e500   0x1c  Data  Gb  Pig_SPI.o [1]
TFT_PinInit             0x6000'3519   0xd2  Code  Gb  TFTDriver.o [1]
TFT_Pow                 0x6000'3a79   0x12  Code  Gb  TFTDriver.o [1]
TFT_init                0x6000'3711  0x262  Code  Gb  TFTDriver.o [1]
TFT_showUfloat          0x6000'3bc3   0xf4  Code  Gb  TFTDriver.o [1]
TFT_showchar            0x6000'39d1   0x74  Code  Gb  TFTDriver.o [1]
TFT_showfloat           0x6000'3a8b  0x138  Code  Gb  TFTDriver.o [1]
TFT_showstr             0x6000'3a45   0x34  Code  Gb  TFTDriver.o [1]
TimeTest_us             0x2000'0030    0x8  Data  Gb  Appmain.o [1]
USDHC1_DriverIRQHandler
                        0x6000'e439    0xa  Code  Gb  fsl_usdhc.o [1]
USDHC2_DriverIRQHandler
                        0x6000'e443    0xa  Code  Gb  fsl_usdhc.o [1]
UseBeepFlag             0x2000'0294    0x4  Data  Gb  DebugFuction.o [1]
WheelControl            0x2000'04c0  0x120  Data  Gb  MecanumWheelControl.o [1]
Wheels_PWMChannel       0x2000'00cc    0x4  Data  Gb  MecanumWheelControl.o [1]
XBARA_GetInstance       0x6000'b641   0x2a  Code  Lc  fsl_xbara.o [1]
XBARA_Init              0x6000'b66d   0x14  Code  Gb  fsl_xbara.o [1]
XBARA_SetSignalsConnection
                        0x6000'b681   0x26  Code  Gb  fsl_xbara.o [1]
ZI$$Base                0x2000'0260          --   Gb  - Linker created -
ZI$$Limit               0x2000'08ac          --   Gb  - Linker created -
_GenldFullNoMb          0x6000'7141  0x274  Code  Lc  xprintffull_nomb.o [2]
_LdtobFullNoMb          0x6000'6d15  0x400  Code  Lc  xprintffull_nomb.o [2]
_LitobFullNoMb          0x6000'6bbd  0x112  Code  Lc  xprintffull_nomb.o [2]
_Locale_lconv           0x2000'0224   0x38  Data  Lc  xlocale_c.o [2]
_PrintfFullNoMb         0x6000'661d  0x19e  Code  Gb  xprintffull_nomb.o [2]
_Prout                  0x6000'e51d   0x16  Code  Gb  xprout.o [2]
_PutcharsFullNoMb       0x6000'73b5   0x2e  Code  Lc  xprintffull_nomb.o [2]
_PutfldFullNoMb         0x6000'6845  0x26c  Code  Lc  xprintffull_nomb.o [2]
_PuttxtFullNoMb         0x6000'6ab1  0x10c  Code  Lc  xprintffull_nomb.o [2]
__NVIC_EnableIRQ        0x6000'9d15   0x1a  Code  Lc  DebugFuction.o [1]
__NVIC_EnableIRQ        0x6000'8825   0x1a  Code  Lc  fsl_lpi2c.o [1]
__NVIC_EnableIRQ        0x6000'd0f7   0x18  Code  Lc  LQ_PIT.o [1]
__NVIC_EnableIRQ        0x6000'92d9   0x1a  Code  Lc  LQ_UART.o [1]
__NVIC_GetPriorityGrouping
                        0x6000'd0ed    0xa  Code  Lc  LQ_PIT.o [1]
__NVIC_GetPriorityGrouping
                        0x6000'92cd    0xc  Code  Lc  LQ_UART.o [1]
__NVIC_SetPriority      0x6000'd10f   0x1a  Code  Lc  LQ_PIT.o [1]
__NVIC_SetPriority      0x6000'92f3   0x1e  Code  Lc  LQ_UART.o [1]
__NVIC_SetPriority      0x6000'dc59   0x1a  Code  Lc  m_systime.o [1]
__NVIC_SetPriorityGrouping
                        0x6000'd921   0x1e  Code  Lc  Appmain.o [1]
__RAM_VECTOR_TABLE_SIZE {Abs}
                                0x0         Data  Gb  <internal module>
__VECTOR_RAM {Abs}      0x6000'2000         Data  Gb  <internal module>
__VECTOR_TABLE {Abs}    0x6000'2000         Data  Gb  <internal module>
__Vectors               0x6000'2000          --   Gb  startup_MIMXRT1052.o [1]
__Vectors_End           0x6000'2400         Data  Gb  startup_MIMXRT1052.o [1]
__Vectors_Size {Abs}          0x400          --   Gb  startup_MIMXRT1052.o [1]
__aeabi_assert          0x6000'4345   0x12  Code  Gb  fsl_assert.o [1]
__aeabi_cdcmple         0x6000'7579         Code  Gb  DblCmpLe.o [3]
__aeabi_cdrcmple        0x6000'75a9         Code  Gb  DblCmpGe.o [3]
__aeabi_d2iz            0x6000'76dd    0xe  Code  Gb  DblToS32.o [3]
__aeabi_d2uiz           0x6000'771d    0xe  Code  Gb  DblToU32.o [3]
__aeabi_ddiv            0x6000'770b   0x12  Code  Gb  DblDiv.o [3]
__aeabi_dmul            0x6000'74f5   0x12  Code  Gb  DblMul.o [3]
__aeabi_dsub            0x6000'76f9   0x12  Code  Gb  DblSub.o [3]
__aeabi_i2d             0x6000'76eb    0xe  Code  Gb  S32ToDbl.o [3]
__aeabi_ldiv0           0x6000'5eb5         Code  Gb  I64DivZer.o [4]
__aeabi_memclr4         0x6000'5c15         Code  Gb  ABImemclr4.o [4]
__aeabi_memcpy          0x6000'4629         Code  Gb  ABImemcpy.o [4]
__aeabi_memcpy4         0x6000'4649         Code  Gb  ABImemcpy.o [4]
__aeabi_memcpy8         0x6000'4649         Code  Gb  ABImemcpy.o [4]
__aeabi_memset4         0x6000'5fc9         Code  Gb  ABImemset48.o [4]
__aeabi_memset8         0x6000'5fc9         Code  Gb  ABImemset48.o [4]
__aeabi_ui2d            0x6000'772b    0xe  Code  Gb  U32ToDbl.o [3]
__aeabi_ul2f            0x6000'dc11         Code  Gb  U64ToFlt.o [3]
__aeabi_uldivmod        0x6000'5925         Code  Gb  I64DivMod.o [4]
__cmain                 0x6000'e4cd         Code  Gb  cmain.o [4]
__data_GetMemChunk      0x6000'33c1   0x2c  Code  Gb  xgetmemchunk.o [2]
__data_GetMemChunk::start
                        0x2000'0854    0x4  Data  Lc  xgetmemchunk.o [2]
__exit                  0x6000'33ed   0x14  Code  Gb  exit.o [5]
__iar_Fail_s            0x6000'745d   0x1c  Code  Gb  xfail_s.o [2]
__iar_Memchr            0x6000'749d         Code  Gb  memchr.o [4]
__iar_Memset4_word      0x6000'5fd1         Code  Gb  ABImemset48.o [4]
__iar_Memset8_word      0x6000'5fd1         Code  Gb  ABImemset48.o [4]
__iar_Stdout            0x2000'01dc   0x48  Data  Gb  xfiles.o [2]
__iar_Strchr            0x6000'7445         Code  Gb  strchr.o [4]
__iar_data_init3        0x6000'e411   0x28  Code  Gb  data_init.o [4]
__iar_dlmalloc          0x6000'30c5  0x2b6  Code  Gb  dlmalloc.o [2]
__iar_frexp             0x6000'7515         Code  Gb  frexp.o [3]
__iar_frexpl            0x6000'7515         Code  Gb  frexp.o [3]
__iar_init_vfp          0x6000'e45d         Code  Gb  fpinit_M.o [3]
__iar_ldexp64           0x6000'75ed         Code  Gb  ldexp.o [3]
__iar_packbits_init3    0x6000'e2d5   0x9c  Code  Gb  packbits_init.o [4]
__iar_program_start     0x6000'e541         Code  Gb  cstartup_M.o [4]
__iar_scalbln64         0x6000'75ed         Code  Gb  ldexp.o [3]
__iar_scalbn64          0x6000'75ed         Code  Gb  ldexp.o [3]
__iar_softfp___iar_frexp64
                        0x6000'7509         Code  Gb  frexp.o [3]
__iar_softfp___iar_ldexp64
                        0x6000'75d9         Code  Gb  ldexp.o [3]
__iar_softfp___iar_scalbln64
                        0x6000'75d9         Code  Gb  ldexp.o [3]
__iar_softfp___iar_scalbn64
                        0x6000'75d9         Code  Gb  ldexp.o [3]
__iar_softfp_frexp      0x6000'7509         Code  Gb  frexp.o [3]
__iar_softfp_frexpl     0x6000'7509         Code  Gb  frexp.o [3]
__iar_softfp_ldexp      0x6000'75d9         Code  Gb  ldexp.o [3]
__iar_softfp_ldexpl     0x6000'75d9         Code  Gb  ldexp.o [3]
__iar_softfp_scalbln    0x6000'75d9         Code  Gb  ldexp.o [3]
__iar_softfp_scalblnl   0x6000'75d9         Code  Gb  ldexp.o [3]
__iar_softfp_scalbn     0x6000'75d9         Code  Gb  ldexp.o [3]
__iar_softfp_scalbnl    0x6000'75d9         Code  Gb  ldexp.o [3]
__iar_zero_init3        0x6000'3387   0x3a  Code  Gb  zero_init3.o [4]
__low_level_init        0x6000'e4eb    0x4  Code  Gb  low_level_init.o [2]
__vector_table          0x6000'2000         Data  Gb  startup_MIMXRT1052.o [1]
__vector_table_0x1c     0x6000'201c         Data  Gb  startup_MIMXRT1052.o [1]
_call_main              0x6000'e4d9         Code  Gb  cmain.o [4]
_exit                   0x6000'e4f5         Code  Gb  cexit.o [4]
_gm_                    0x2000'067c  0x1d8  Data  Lc  dlmalloc.o [2]
_main                   0x6000'e4e7         Code  Gb  cmain.o [4]
_systime                0x2000'00b8   0x14  Data  Gb  m_systime.o [1]
abort                   0x6000'3381    0x6  Code  Gb  abort.o [2]
add_segment             0x6000'27c9  0x1f2  Code  Lc  dlmalloc.o [2]
armPllConfig_BOARD_BootClockRUN
                        0x6000'ca18    0x8  Data  Gb  clock_config.o [1]
boot_data               0x6000'1020   0x10  Data  Gb  fsl_flexspi_nor_boot.o [1]
count_error_left        0x2000'0274    0x4  Data  Gb  DebugFuction.o [1]
count_error_right       0x2000'0278    0x4  Data  Gb  DebugFuction.o [1]
dcd_data                0x6000'46ce    0x2  Data  Gb  fsl_flexspi_nor_boot.o [1]
delay_ms                0x6000'dd5f    0xa  Code  Gb  m_systime.o [1]
delay_us                0x6000'dcf9   0x66  Code  Gb  m_systime.o [1]
direction_flag          0x2000'0648    0x4  Data  Gb  MecanumWheelControl.o [1]
distance_deviation_relevance_left
                        0x2000'0008   0x20  Data  Gb  Appmain.o [1]
dsp_single_colour       0x6000'36db   0x36  Code  Gb  TFTDriver.o [1]
exit                    0x6000'e4ef    0x4  Code  Gb  exit.o [2]
fiter_Medium            0x6000'af01   0x4a  Code  Gb  MecanumWheelControl.o [1]
flag                    0x2000'0000    0x1  Data  Gb  Appmain.o [1]
fputc                   0x6000'9509    0x2  Code  Gb  LQ_UART.o [1]
g_InputSignal           0x2000'00b0    0x1  Data  Gb  LQ_KEY.o [1]
g_MasterHandle          0x2000'03c8   0x38  Data  Gb  LQ_IIC.o [1]
g_completionFlag        0x2000'0400    0x1  Data  Lc  LQ_IIC.o [1]
g_fxosHandle            0x2000'03a8   0x20  Data  Gb  LQ_IIC.o [1]
g_lpspiDummyData        0x2000'0390    0x8  Data  Gb  fsl_lpspi.o [1]
g_nakFlag               0x2000'0401    0x1  Data  Lc  LQ_IIC.o [1]
g_rtcXtalFreq           0x2000'029c    0x4  Data  Gb  fsl_clock.o [1]
g_xtalFreq              0x2000'0298    0x4  Data  Gb  fsl_clock.o [1]
get_current_time_ms     0x6000'dccd   0x12  Code  Gb  m_systime.o [1]
get_current_time_us     0x6000'dcdf   0x1a  Code  Gb  m_systime.o [1]
image_vector_table      0x6000'1000   0x20  Data  Gb  fsl_flexspi_nor_boot.o [1]
init_mparams            0x6000'241b   0x32  Code  Lc  dlmalloc.o [2]
init_top                0x6000'244d   0x36  Code  Lc  dlmalloc.o [2]
kLpi2cBases             0x6000'898c   0x14  Data  Lc  fsl_lpi2c.o [1]
kLpi2cClocks            0x6000'9174    0xc  Data  Lc  fsl_lpi2c.o [1]
kLpi2cIrqs              0x6000'92c0    0xc  Data  Lc  fsl_lpi2c.o [1]
key_ok                  0x2000'00b4    0x4  Data  Gb  LQ_KEY.o [1]
ldexp                   0x6000'75ed         Code  Gb  ldexp.o [3]
ldexpl                  0x6000'75ed         Code  Gb  ldexp.o [3]
localeconv              0x6000'7739    0x4  Code  Gb  xlocale_c.o [2]
m_boot_hdr_conf_start {Abs}
                        0x6000'0000         Data  Gb  <internal module>
main                    0x6000'd989   0xaa  Code  Gb  Appmain.o [1]
memchr                  0x6000'749d         Code  Gb  memchr.o [4]
mparams                 0x2000'0664   0x18  Data  Lc  dlmalloc.o [2]
obuf                    0x2000'0858   0x50  Data  Lc  xfiles.o [2]
prepend_alloc           0x6000'2483  0x346  Code  Lc  dlmalloc.o [2]
printf                  0x6000'82a9   0x28  Code  Gb  printf.o [2]
putchar                 0x6000'e535    0xc  Code  Gb  putchar.o [2]
qspi_config             0x6000'0000  0x200  Data  Gb  xip_config.o [1]
s_EDMAHandle            0x2000'02a0   0x80  Data  Lc  fsl_edma.o [1]
s_adcBases              0x6000'aa70    0xc  Data  Lc  fsl_adc.o [1]
s_adcClocks             0x6000'aa7c    0x8  Data  Lc  fsl_adc.o [1]
s_baudratePrescaler     0x6000'5390    0x8  Data  Lc  fsl_lpspi.o [1]
s_debugConsoleIO        0x2000'033c    0x8  Data  Lc  fsl_io.o [1]
s_encBases              0x6000'ba60   0x14  Data  Lc  fsl_enc.o [1]
s_encClocks             0x6000'ba74    0xc  Data  Lc  fsl_enc.o [1]
s_flexioHandle          0x2000'0320    0x8  Data  Lc  fsl_flexio.o [1]
s_flexioIsr             0x2000'0330    0x8  Data  Lc  fsl_flexio.o [1]
s_flexioType            0x2000'0328    0x8  Data  Lc  fsl_flexio.o [1]
s_flexspiHandle         0x2000'0338    0x4  Data  Lc  fsl_flexspi.o [1]
s_gpioBases             0x6000'4604   0x18  Data  Lc  fsl_gpio.o [1]
s_gpioClock             0x6000'461c    0xc  Data  Lc  fsl_gpio.o [1]
s_lpi2cMasterHandle     0x2000'0348   0x14  Data  Lc  fsl_lpi2c.o [1]
s_lpi2cMasterIsr        0x2000'0344    0x4  Data  Lc  fsl_lpi2c.o [1]
s_lpi2cSlaveHandle      0x2000'0360   0x14  Data  Lc  fsl_lpi2c.o [1]
s_lpi2cSlaveIsr         0x2000'035c    0x4  Data  Lc  fsl_lpi2c.o [1]
s_lpspiBases            0x6000'4ffc   0x14  Data  Lc  fsl_lpspi.o [1]
s_lpspiClocks           0x6000'5174    0xc  Data  Lc  fsl_lpspi.o [1]
s_lpspiHandle           0x2000'0374   0x14  Data  Lc  fsl_lpspi.o [1]
s_lpspiMasterIsr        0x2000'0388    0x4  Data  Lc  fsl_lpspi.o [1]
s_lpspiSlaveIsr         0x2000'038c    0x4  Data  Lc  fsl_lpspi.o [1]
s_lpuartBases           0x6000'6128   0x24  Data  Lc  fsl_lpuart.o [1]
s_lpuartClock           0x6000'6608   0x14  Data  Lc  fsl_lpuart.o [1]
s_pitClocks             0x6000'd5e8    0x2  Data  Lc  fsl_pit.o [1]
s_pwmBases              0x6000'87e8   0x14  Data  Lc  fsl_pwm.o [1]
s_pwmClocks             0x6000'87fc   0x28  Data  Lc  fsl_pwm.o [1]
s_usdhcHandle           0x2000'0398    0xc  Data  Lc  fsl_usdhc.o [1]
s_usdhcIsr              0x2000'03a4    0x4  Data  Lc  fsl_usdhc.o [1]
s_xbaraClock            0x6000'b7ac    0x2  Data  Lc  fsl_xbara.o [1]
scalbln                 0x6000'75ed         Code  Gb  ldexp.o [3]
scalblnl                0x6000'75ed         Code  Gb  ldexp.o [3]
scalbn                  0x6000'75ed         Code  Gb  ldexp.o [3]
scalbnl                 0x6000'75ed         Code  Gb  ldexp.o [3]
scale                   0x6000'6ccf   0x46  Code  Lc  xprintffull_nomb.o [2]
sec_hand                0x2000'08a8    0x4  Data  Lc  xfail_s.o [2]
segment_holding         0x6000'2401   0x1a  Code  Lc  dlmalloc.o [2]
spi_mosi                0x6000'4769   0x6c  Code  Gb  Pig_SPI.o [1]
strchr                  0x6000'7445         Code  Gb  strchr.o [4]
strlen                  0x6000'6005         Code  Gb  strlen.o [4]
sysPllConfig_BOARD_BootClockRUN
                        0x6000'ca20   0x10  Data  Gb  clock_config.o [1]
sys_alloc               0x6000'29c1  0x164  Code  Lc  dlmalloc.o [2]
systime_init            0x6000'dc9b   0x26  Code  Gb  m_systime.o [1]
temp_Speed              0x2000'00d4    0x8  Data  Gb  MecanumWheelControl.o [1]
temp_Speed_W1           0x2000'011c    0xc  Data  Gb  MecanumWheelControl.o [1]
temp_Speed_W2           0x2000'0128    0xc  Data  Gb  MecanumWheelControl.o [1]
temp_Speed_W3           0x2000'0134    0xc  Data  Gb  MecanumWheelControl.o [1]
temp_Speed_W4           0x2000'0140    0xc  Data  Gb  MecanumWheelControl.o [1]
temp_Speed_buff         0x2000'014c    0xc  Data  Gb  MecanumWheelControl.o [1]
tft_ascii               0x6000'3d54  0x5f0  Data  Gb  TFTDriver.o [1]
tft_delay               0x6000'35eb    0xa  Code  Gb  TFTDriver.o [1]
timer                   0x2000'04a0   0x20  Data  Gb  m_systime.o [1]
tmalloc_large           0x6000'2b31  0x386  Code  Lc  dlmalloc.o [2]
tmalloc_small           0x6000'2eb7  0x200  Code  Lc  dlmalloc.o [2]
usb1PllConfig_BOARD_BootClockRUN
                        0x6000'ca30    0x2  Data  Gb  clock_config.o [1]


[1] = D:\智能车\麦轮信标\程序\RT1052\RT1052库\i.MX-RT1052-Library\sdram_release\obj
[2] = dl7M_tlf.a
[3] = m7M_tlv.a
[4] = rt7M_tl.a
[5] = shb_l.a

     50 714 bytes of readonly  code memory
      1 015 bytes of readonly  data memory
  1 083 561 bytes of readwrite data memory

Errors: none
Warnings: none
