###############################################################################
#
# IAR ELF Linker V8.30.1.114/W32 for ARM                  15/May/2019  13:57:04
# Copyright 2007-2018 IAR Systems AB.
#
#    Output file  =  
#        D:\智能车\麦轮信标\程序\RT1052\RT1052库\i.MX-RT1052-Library\sdram_release\LQ_RT1052LCD.bin
#    Map file     =  
#        D:\智能车\麦轮信标\程序\RT1052\RT1052库\i.MX-RT1052-Library\sdram_release\list\LQ_RT1052LCD.map
#    Command line =  
#        -f C:\Users\zhuzh\AppData\Local\Temp\EW1179.tmp
#        (D:\智能车\麦轮信标\程序\RT1052\RT1052库\i.MX-RT1052-Library\sdram_release\obj\AHRS.o
#        D:\智能车\麦轮信标\程序\RT1052\RT1052库\i.MX-RT1052-Library\sdram_release\obj\AP_Math.o
#        D:\智能车\麦轮信标\程序\RT1052\RT1052库\i.MX-RT1052-Library\sdram_release\obj\Appmain.o
#        D:\智能车\麦轮信标\程序\RT1052\RT1052库\i.MX-RT1052-Library\sdram_release\obj\AttitudeCalculation.o
#        D:\智能车\麦轮信标\程序\RT1052\RT1052库\i.MX-RT1052-Library\sdram_release\obj\board.o
#        D:\智能车\麦轮信标\程序\RT1052\RT1052库\i.MX-RT1052-Library\sdram_release\obj\clock_config.o
#        D:\智能车\麦轮信标\程序\RT1052\RT1052库\i.MX-RT1052-Library\sdram_release\obj\DebugFuction.o
#        D:\智能车\麦轮信标\程序\RT1052\RT1052库\i.MX-RT1052-Library\sdram_release\obj\fsl_adc.o
#        D:\智能车\麦轮信标\程序\RT1052\RT1052库\i.MX-RT1052-Library\sdram_release\obj\fsl_assert.o
#        D:\智能车\麦轮信标\程序\RT1052\RT1052库\i.MX-RT1052-Library\sdram_release\obj\fsl_clock.o
#        D:\智能车\麦轮信标\程序\RT1052\RT1052库\i.MX-RT1052-Library\sdram_release\obj\fsl_common.o
#        D:\智能车\麦轮信标\程序\RT1052\RT1052库\i.MX-RT1052-Library\sdram_release\obj\fsl_csi.o
#        D:\智能车\麦轮信标\程序\RT1052\RT1052库\i.MX-RT1052-Library\sdram_release\obj\fsl_debug_console.o
#        D:\智能车\麦轮信标\程序\RT1052\RT1052库\i.MX-RT1052-Library\sdram_release\obj\fsl_dmamux.o
#        D:\智能车\麦轮信标\程序\RT1052\RT1052库\i.MX-RT1052-Library\sdram_release\obj\fsl_edma.o
#        D:\智能车\麦轮信标\程序\RT1052\RT1052库\i.MX-RT1052-Library\sdram_release\obj\fsl_enc.o
#        D:\智能车\麦轮信标\程序\RT1052\RT1052库\i.MX-RT1052-Library\sdram_release\obj\fsl_flexio.o
#        D:\智能车\麦轮信标\程序\RT1052\RT1052库\i.MX-RT1052-Library\sdram_release\obj\fsl_flexio_camera.o
#        D:\智能车\麦轮信标\程序\RT1052\RT1052库\i.MX-RT1052-Library\sdram_release\obj\fsl_flexio_camera_edma.o
#        D:\智能车\麦轮信标\程序\RT1052\RT1052库\i.MX-RT1052-Library\sdram_release\obj\fsl_flexio_spi.o
#        D:\智能车\麦轮信标\程序\RT1052\RT1052库\i.MX-RT1052-Library\sdram_release\obj\fsl_flexio_spi_edma.o
#        D:\智能车\麦轮信标\程序\RT1052\RT1052库\i.MX-RT1052-Library\sdram_release\obj\fsl_flexspi.o
#        D:\智能车\麦轮信标\程序\RT1052\RT1052库\i.MX-RT1052-Library\sdram_release\obj\fsl_flexspi_nor_boot.o
#        D:\智能车\麦轮信标\程序\RT1052\RT1052库\i.MX-RT1052-Library\sdram_release\obj\fsl_gpio.o
#        D:\智能车\麦轮信标\程序\RT1052\RT1052库\i.MX-RT1052-Library\sdram_release\obj\fsl_gpt.o
#        D:\智能车\麦轮信标\程序\RT1052\RT1052库\i.MX-RT1052-Library\sdram_release\obj\fsl_io.o
#        D:\智能车\麦轮信标\程序\RT1052\RT1052库\i.MX-RT1052-Library\sdram_release\obj\fsl_log.o
#        D:\智能车\麦轮信标\程序\RT1052\RT1052库\i.MX-RT1052-Library\sdram_release\obj\fsl_lpi2c.o
#        D:\智能车\麦轮信标\程序\RT1052\RT1052库\i.MX-RT1052-Library\sdram_release\obj\fsl_lpspi.o
#        D:\智能车\麦轮信标\程序\RT1052\RT1052库\i.MX-RT1052-Library\sdram_release\obj\fsl_lpuart.o
#        D:\智能车\麦轮信标\程序\RT1052\RT1052库\i.MX-RT1052-Library\sdram_release\obj\fsl_lpuart_edma.o
#        D:\智能车\麦轮信标\程序\RT1052\RT1052库\i.MX-RT1052-Library\sdram_release\obj\fsl_pit.o
#        D:\智能车\麦轮信标\程序\RT1052\RT1052库\i.MX-RT1052-Library\sdram_release\obj\fsl_pwm.o
#        D:\智能车\麦轮信标\程序\RT1052\RT1052库\i.MX-RT1052-Library\sdram_release\obj\fsl_qtmr.o
#        D:\智能车\麦轮信标\程序\RT1052\RT1052库\i.MX-RT1052-Library\sdram_release\obj\fsl_semc.o
#        D:\智能车\麦轮信标\程序\RT1052\RT1052库\i.MX-RT1052-Library\sdram_release\obj\fsl_str.o
#        D:\智能车\麦轮信标\程序\RT1052\RT1052库\i.MX-RT1052-Library\sdram_release\obj\fsl_trng.o
#        D:\智能车\麦轮信标\程序\RT1052\RT1052库\i.MX-RT1052-Library\sdram_release\obj\fsl_usdhc.o
#        D:\智能车\麦轮信标\程序\RT1052\RT1052库\i.MX-RT1052-Library\sdram_release\obj\fsl_wdog.o
#        D:\智能车\麦轮信标\程序\RT1052\RT1052库\i.MX-RT1052-Library\sdram_release\obj\fsl_xbara.o
#        D:\智能车\麦轮信标\程序\RT1052\RT1052库\i.MX-RT1052-Library\sdram_release\obj\Inertial_Sensor.o
#        D:\智能车\麦轮信标\程序\RT1052\RT1052库\i.MX-RT1052-Library\sdram_release\obj\LQ_ADC.o
#        D:\智能车\麦轮信标\程序\RT1052\RT1052库\i.MX-RT1052-Library\sdram_release\obj\LQ_Encoder.o
#        D:\智能车\麦轮信标\程序\RT1052\RT1052库\i.MX-RT1052-Library\sdram_release\obj\LQ_IIC.o
#        D:\智能车\麦轮信标\程序\RT1052\RT1052库\i.MX-RT1052-Library\sdram_release\obj\LQ_KEY.o
#        D:\智能车\麦轮信标\程序\RT1052\RT1052库\i.MX-RT1052-Library\sdram_release\obj\LQ_LED.o
#        D:\智能车\麦轮信标\程序\RT1052\RT1052库\i.MX-RT1052-Library\sdram_release\obj\LQ_PIT.o
#        D:\智能车\麦轮信标\程序\RT1052\RT1052库\i.MX-RT1052-Library\sdram_release\obj\LQ_PWM.o
#        D:\智能车\麦轮信标\程序\RT1052\RT1052库\i.MX-RT1052-Library\sdram_release\obj\LQ_QTMR.o
#        D:\智能车\麦轮信标\程序\RT1052\RT1052库\i.MX-RT1052-Library\sdram_release\obj\LQ_SGP18T.o
#        D:\智能车\麦轮信标\程序\RT1052\RT1052库\i.MX-RT1052-Library\sdram_release\obj\LQ_SPI.o
#        D:\智能车\麦轮信标\程序\RT1052\RT1052库\i.MX-RT1052-Library\sdram_release\obj\LQ_TRNG.o
#        D:\智能车\麦轮信标\程序\RT1052\RT1052库\i.MX-RT1052-Library\sdram_release\obj\LQ_UART.o
#        D:\智能车\麦轮信标\程序\RT1052\RT1052库\i.MX-RT1052-Library\sdram_release\obj\LQ_WDog.o
#        D:\智能车\麦轮信标\程序\RT1052\RT1052库\i.MX-RT1052-Library\sdram_release\obj\m_systime.o
#        D:\智能车\麦轮信标\程序\RT1052\RT1052库\i.MX-RT1052-Library\sdram_release\obj\MecanumWheelControl.o
#        D:\智能车\麦轮信标\程序\RT1052\RT1052库\i.MX-RT1052-Library\sdram_release\obj\Pig_edma.o
#        D:\智能车\麦轮信标\程序\RT1052\RT1052库\i.MX-RT1052-Library\sdram_release\obj\PigMT9V032.o
#        D:\智能车\麦轮信标\程序\RT1052\RT1052库\i.MX-RT1052-Library\sdram_release\obj\pin_mux.o
#        D:\智能车\麦轮信标\程序\RT1052\RT1052库\i.MX-RT1052-Library\sdram_release\obj\startup_MIMXRT1052.o
#        D:\智能车\麦轮信标\程序\RT1052\RT1052库\i.MX-RT1052-Library\sdram_release\obj\status.o
#        D:\智能车\麦轮信标\程序\RT1052\RT1052库\i.MX-RT1052-Library\sdram_release\obj\system_MIMXRT1052.o
#        D:\智能车\麦轮信标\程序\RT1052\RT1052库\i.MX-RT1052-Library\sdram_release\obj\xip_config.o
#        --no_out_extension -o
#        D:\智能车\麦轮信标\程序\RT1052\RT1052库\i.MX-RT1052-Library\sdram_release\LQ_RT1052LCD.bin
#        --keep image_vector_table --keep boot_data --keep dcd_data --map
#        D:\智能车\麦轮信标\程序\RT1052\RT1052库\i.MX-RT1052-Library\sdram_release\list\LQ_RT1052LCD.map
#        --config
#        D:\智能车\麦轮信标\程序\RT1052\RT1052库\i.MX-RT1052-Library\LQuserFlies\config\LQ_RT1052QSPI_Boot.icf
#        --semihosting --entry __iar_program_start --vfe --text_out locale)
#
###############################################################################

*******************************************************************************
*** RUNTIME MODEL ATTRIBUTES
***

CppFlavor       = *
__Heap_Handler  = DLMalloc
__SystemLibrary = DLib
__dlib_version  = 6


*******************************************************************************
*** HEAP SELECTION
***

The advanced heap was selected because the application calls memory
allocation functions outside of system library functions, and there
are calls to deallocation functions in the application.


*******************************************************************************
*** PLACEMENT SUMMARY
***

"A0":  place at 0x6000'2000 { ro section .intvec };
"A1":  place at 0x6000'0000 { section .boot_hdr.conf };
"A2":  place at 0x6000'1000 { section .boot_hdr.ivt };
"A3":  place at 0x6000'1020 { ro section .boot_hdr.boot_data };
"P1":  place in [from 0x6000'2000 to 0x6000'23ff] |
                [from 0x6000'2400 to 0x63ff'ffff] { ro };
define block RW { first rw, section m_usb_dma_init_data };
"P2":  place in [from 0x2000'0000 to 0x2001'7fff] { block RW };
define block ZI
   with alignment = 32 { first zi, section m_usb_dma_noninit_data };
"P3":  place in [from 0x2000'0000 to 0x2001'7fff] { block ZI };
define block CSTACK with size = 32K, alignment = 8 { };
"P5":  place in [from 0x2001'8000 to 0x2001'ffff] { block CSTACK };
initialize by copy { rw, section .textrw };
keep {
   section .boot_hdr.conf, section .boot_hdr.ivt, section .boot_hdr.boot_data,
   section .boot_hdr.dcd_data };

No sections matched the following patterns:

  ro section .boot_hdr.dcd_data   in "A4"
  section NonCacheable            in block NCACHE_VAR
  section NonCacheable.init       in block NCACHE_VAR
  section m_usb_dma_init_data     in block RW
  section m_usb_dma_noninit_data  in block ZI


  Section              Kind         Address    Size  Object
  -------              ----         -------    ----  ------
"P2-P3", part 1 of 2:                         0x1f4
  RW                            0x2000'0000   0x1f4  <Block>
    RW-1                        0x2000'0000   0x1f4  <Init block>
      .data            inited   0x2000'0000    0x48  Appmain.o [1]
      .data            inited   0x2000'0048     0x8  LQ_KEY.o [1]
      .data            inited   0x2000'0050     0x4  LQ_LED.o [1]
      .data            inited   0x2000'0054    0x14  m_systime.o [1]
      .data            inited   0x2000'0068     0x4  MecanumWheelControl.o [1]
      .data            inited   0x2000'006c    0x7c  MecanumWheelControl.o [1]
      .data            inited   0x2000'00e8    0x88  MecanumWheelControl.o [1]
      .data            inited   0x2000'0170     0x4  system_MIMXRT1052.o [1]
      .data            inited   0x2000'0174    0x48  xfiles.o [2]
      .data            inited   0x2000'01bc    0x38  xlocale_c.o [2]
                              - 0x2000'01f4   0x1f4

"P2-P3", part 2 of 2:                         0x34c
  ZI                            0x2000'0200   0x34c  <Block>
    .bss               zero     0x2000'0200     0x4  Appmain.o [1]
    .bss               zero     0x2000'0204    0x14  Appmain.o [1]
    .bss               zero     0x2000'0218    0x10  DebugFuction.o [1]
    .bss               zero     0x2000'0228    0x18  DebugFuction.o [1]
    .bss               zero     0x2000'0240     0x4  fsl_clock.o [1]
    .bss               zero     0x2000'0244     0x4  fsl_clock.o [1]
    .bss               zero     0x2000'0248    0x80  fsl_edma.o [1]
    .bss               zero     0x2000'02c8    0x18  fsl_flexio.o [1]
    .bss               zero     0x2000'02e0     0x4  fsl_flexspi.o [1]
    .bss               zero     0x2000'02e4     0x8  fsl_io.o [1]
    .bss               zero     0x2000'02ec    0x30  fsl_lpi2c.o [1]
    .bss               zero     0x2000'031c    0x1c  fsl_lpspi.o [1]
    .bss               zero     0x2000'0338    0x10  fsl_usdhc.o [1]
    .bss               zero     0x2000'0348     0x1  LQ_UART.o [1]
    .bss               zero     0x2000'034c    0x64  LQ_UART.o [1]
    .bss               zero     0x2000'03b0     0x1  LQ_UART.o [1]
    .bss               zero     0x2000'03b1     0x1  LQ_UART.o [1]
    .bss               zero     0x2000'03b2     0x1  LQ_UART.o [1]
    .bss               zero     0x2000'03b3     0x1  LQ_UART.o [1]
    .bss               zero     0x2000'03b4     0x1  LQ_UART.o [1]
    .bss               zero     0x2000'03b5     0x1  LQ_UART.o [1]
    .bss               zero     0x2000'03b8    0x20  m_systime.o [1]
    .bss               zero     0x2000'03d8   0x120  MecanumWheelControl.o [1]
    .bss               zero     0x2000'04f8    0x50  xfiles.o [2]
    .bss               zero     0x2000'0548     0x4  xfail_s.o [2]
                              - 0x2000'054c   0x34c

"P5":                                        0x8000
  CSTACK                        0x2001'8000  0x8000  <Block>
    CSTACK             uninit   0x2001'8000  0x8000  <Block tail>
                              - 0x2002'0000  0x8000

"A1":                                         0x200
  .boot_hdr.conf       const    0x6000'0000   0x200  xip_config.o [1]
                              - 0x6000'0200   0x200

"A2":                                          0x20
  .boot_hdr.ivt        const    0x6000'1000    0x20  fsl_flexspi_nor_boot.o [1]
                              - 0x6000'1020    0x20

"A3":                                          0x10
  .boot_hdr.boot_data  const    0x6000'1020    0x10  fsl_flexspi_nor_boot.o [1]
                              - 0x6000'1030    0x10

"A0":                                         0x400
  .intvec              ro code  0x6000'2000   0x400  startup_MIMXRT1052.o [1]
                              - 0x6000'2400   0x400

"P1":                                        0x889a
  .text                ro code  0x6000'2400   0xe26  xprintffull_nomb.o [2]
  .text                ro code  0x6000'3226    0x3a  zero_init3.o [4]
  .text                ro code  0x6000'3260    0x16  strchr.o [4]
  .rodata              const    0x6000'3276     0x2  fsl_flexspi_nor_boot.o [1]
  .text                ro code  0x6000'3278    0x40  xfail_s.o [2]
  .text                ro code  0x6000'32b8    0x36  strlen.o [4]
  .text                ro code  0x6000'32ee     0x2  startup_MIMXRT1052.o [1]
  .text                ro code  0x6000'32f0    0x58  memchr.o [4]
  .text                ro code  0x6000'3348   0x230  I64DivMod.o [4]
  .text                ro code  0x6000'3578    0x12  DblMul.o [3]
  .text                ro code  0x6000'358a     0x2  startup_MIMXRT1052.o [1]
  .text                ro code  0x6000'358c    0xa6  ABImemcpy.o [4]
  .text                ro code  0x6000'3632     0x2  startup_MIMXRT1052.o [1]
  .text                ro code  0x6000'3634    0x70  frexp.o [3]
  .text                ro code  0x6000'36a4    0x2e  DblCmpLe.o [3]
  .text                ro code  0x6000'36d2     0x2  startup_MIMXRT1052.o [1]
  .text                ro code  0x6000'36d4    0x2e  DblCmpGe.o [3]
  .text                ro code  0x6000'3702     0x2  startup_MIMXRT1052.o [1]
  .text                ro code  0x6000'3704   0x104  ldexp.o [3]
  .text                ro code  0x6000'3808     0xe  DblToS32.o [3]
  .text                ro code  0x6000'3816     0xe  S32ToDbl.o [3]
  .text                ro code  0x6000'3824    0x12  DblSub.o [3]
  .text                ro code  0x6000'3836    0x12  DblDiv.o [3]
  .text                ro code  0x6000'3848     0xe  DblToU32.o [3]
  .text                ro code  0x6000'3856     0xe  U32ToDbl.o [3]
  .text                ro code  0x6000'3864     0x8  xlocale_c.o [2]
  .text                ro code  0x6000'386c     0x6  abort.o [2]
  .text                ro code  0x6000'3872     0x2  startup_MIMXRT1052.o [1]
  .text                ro code  0x6000'3874     0x2  I64DivZer.o [4]
  .text                ro code  0x6000'3876     0x2  startup_MIMXRT1052.o [1]
  .text                ro code  0x6000'3878    0x14  exit.o [5]
  .text                ro code  0x6000'388c   0xb68  LQ_PWM.o [1]
  .text                ro code  0x6000'43f4    0x40  fsl_assert.o [1]
  .text                ro code  0x6000'4434    0x28  printf.o [2]
  .text                ro code  0x6000'445c   0x580  fsl_clock.o [1]
  .text                ro code  0x6000'49dc   0x584  fsl_pwm.o [1]
  .text                ro code  0x6000'4f60   0x124  fsl_debug_console.o [1]
  .text                ro code  0x6000'5084    0xd8  fsl_log.o [1]
  .text                ro code  0x6000'515c     0x6  ABImemclr4.o [4]
  .text                ro code  0x6000'5162   0x29a  fsl_str.o [1]
  .text                ro code  0x6000'53fc   0x128  fsl_io.o [1]
  .text                ro code  0x6000'5524    0x32  ABImemset48.o [4]
  .text                ro code  0x6000'5556     0x2  startup_MIMXRT1052.o [1]
  .text                ro code  0x6000'5558   0x610  fsl_lpuart.o [1]
  .text                ro code  0x6000'5b68   0xad4  LQ_UART.o [1]
  .text                ro code  0x6000'663c   0x260  DebugFuction.o [1]
  .text                ro code  0x6000'689c   0x120  LQ_ADC.o [1]
  .text                ro code  0x6000'69bc   0x460  fsl_adc.o [1]
  .text                ro code  0x6000'6e1c   0x788  MecanumWheelControl.o [1]
  .text                ro code  0x6000'75a4    0x7c  LQ_PWM.o [1]
  .text                ro code  0x6000'7620   0x2c0  LQ_Encoder.o [1]
  .text                ro code  0x6000'78e0   0x2d4  fsl_gpio.o [1]
  .text                ro code  0x6000'7bb4   0x1e2  fsl_xbara.o [1]
  .text                ro code  0x6000'7d98   0x304  fsl_enc.o [1]
  .text                ro code  0x6000'809c   0x61c  pin_mux.o [1]
  .text                ro code  0x6000'86b8   0x584  LQ_SGP18T.o [1]
  .text                ro code  0x6000'8c3c   0x4dc  fsl_edma.o [1]
  .text                ro code  0x6000'9118   0x472  clock_config.o [1]
  .text                ro code  0x6000'958c   0x33c  LQ_PIT.o [1]
  .text                ro code  0x6000'98c8   0x1f2  fsl_pit.o [1]
  .text                ro code  0x6000'9abc   0x332  system_MIMXRT1052.o [1]
  .text                ro code  0x6000'9df0   0x2c0  board.o [1]
  .text                ro code  0x6000'a0b0   0x288  fsl_flexspi.o [1]
  .text                ro code  0x6000'a338   0x1a4  fsl_lpspi.o [1]
  .text                ro code  0x6000'a4dc   0x1a0  Appmain.o [1]
  .text                ro code  0x6000'a67c   0x12c  m_systime.o [1]
  .text                ro code  0x6000'a7a8    0x9c  packbits_init.o [4]
  .text                ro code  0x6000'a844    0x6c  fsl_lpi2c.o [1]
  .text                ro code  0x6000'a8b0    0x48  LQ_KEY.o [1]
  .text                ro code  0x6000'a8f8    0x2e  fsl_flexio.o [1]
  .text                ro code  0x6000'a928    0x28  startup_MIMXRT1052.o [1]
  .text                ro code  0x6000'a950    0x28  data_init.o [4]
  .text                ro code  0x6000'a978    0x24  fsl_usdhc.o [1]
  .text                ro code  0x6000'a99c    0x22  fpinit_M.o [3]
  .iar.init_table      const    0x6000'a9c0    0x2c  - Linker created -
  .rodata              const    0x6000'a9ec    0x20  LQ_PWM.o [1]
  .text                ro code  0x6000'aa0c    0x1e  cmain.o [4]
  .text                ro code  0x6000'aa2a     0x4  low_level_init.o [2]
  .text                ro code  0x6000'aa2e     0x4  exit.o [2]
  .text                ro code  0x6000'aa34     0xa  cexit.o [4]
  .text                ro code  0x6000'aa3e    0x16  xprout.o [2]
  .text                ro code  0x6000'aa54     0xc  putchar.o [2]
  .text                ro code  0x6000'aa60     0xc  cstartup_M.o [4]
  .text                ro code  0x6000'aa6c     0x8  startup_MIMXRT1052.o [1]
  .text                ro code  0x6000'aa74     0x8  startup_MIMXRT1052.o [1]
  .text                ro code  0x6000'aa7c     0x8  startup_MIMXRT1052.o [1]
  .text                ro code  0x6000'aa84     0x8  startup_MIMXRT1052.o [1]
  .text                ro code  0x6000'aa8c     0x8  startup_MIMXRT1052.o [1]
  .text                ro code  0x6000'aa94     0x8  startup_MIMXRT1052.o [1]
  .text                ro code  0x6000'aa9c     0x8  startup_MIMXRT1052.o [1]
  .text                ro code  0x6000'aaa4     0x8  startup_MIMXRT1052.o [1]
  .text                ro code  0x6000'aaac     0x8  startup_MIMXRT1052.o [1]
  .text                ro code  0x6000'aab4     0x8  startup_MIMXRT1052.o [1]
  .text                ro code  0x6000'aabc     0x8  startup_MIMXRT1052.o [1]
  .text                ro code  0x6000'aac4     0x8  startup_MIMXRT1052.o [1]
  .text                ro code  0x6000'aacc     0x8  startup_MIMXRT1052.o [1]
  .text                ro code  0x6000'aad4     0x8  startup_MIMXRT1052.o [1]
  .text                ro code  0x6000'aadc     0x8  startup_MIMXRT1052.o [1]
  .text                ro code  0x6000'aae4     0x8  startup_MIMXRT1052.o [1]
  .text                ro code  0x6000'aaec     0x8  startup_MIMXRT1052.o [1]
  .text                ro code  0x6000'aaf4     0x8  startup_MIMXRT1052.o [1]
  .text                ro code  0x6000'aafc     0x8  startup_MIMXRT1052.o [1]
  .text                ro code  0x6000'ab04     0x8  startup_MIMXRT1052.o [1]
  .text                ro code  0x6000'ab0c     0x8  startup_MIMXRT1052.o [1]
  .text                ro code  0x6000'ab14     0x8  startup_MIMXRT1052.o [1]
  .text                ro code  0x6000'ab1c     0x8  startup_MIMXRT1052.o [1]
  .text                ro code  0x6000'ab24     0x8  startup_MIMXRT1052.o [1]
  .text                ro code  0x6000'ab2c     0x8  startup_MIMXRT1052.o [1]
  .text                ro code  0x6000'ab34     0x8  startup_MIMXRT1052.o [1]
  .text                ro code  0x6000'ab3c     0x8  startup_MIMXRT1052.o [1]
  .text                ro code  0x6000'ab44     0x8  startup_MIMXRT1052.o [1]
  .text                ro code  0x6000'ab4c     0x8  startup_MIMXRT1052.o [1]
  .text                ro code  0x6000'ab54     0x8  startup_MIMXRT1052.o [1]
  .text                ro code  0x6000'ab5c     0x8  startup_MIMXRT1052.o [1]
  .text                ro code  0x6000'ab64     0x8  startup_MIMXRT1052.o [1]
  .text                ro code  0x6000'ab6c     0x8  startup_MIMXRT1052.o [1]
  .text                ro code  0x6000'ab74     0x8  startup_MIMXRT1052.o [1]
  .text                ro code  0x6000'ab7c     0x8  startup_MIMXRT1052.o [1]
  .text                ro code  0x6000'ab84     0x8  startup_MIMXRT1052.o [1]
  .text                ro code  0x6000'ab8c     0x8  startup_MIMXRT1052.o [1]
  .text                ro code  0x6000'ab94     0x8  startup_MIMXRT1052.o [1]
  .text                ro code  0x6000'ab9c     0x8  startup_MIMXRT1052.o [1]
  .rodata              const    0x6000'aba4     0x4  xlocale_c.o [2]
  .text                ro code  0x6000'aba8     0x4  startup_MIMXRT1052.o [1]
  .rodata              const    0x6000'abac     0x0  zero_init3.o [4]
  .rodata              const    0x6000'abac     0x0  packbits_init.o [4]
  Initializer bytes    const    0x6000'abac    0xee  <for RW-1>
                              - 0x6000'ac9a  0x889a

Unused ranges:

         From           To        Size
         ----           --        ----
  0x2000'01f4  0x2000'01ff         0xc
  0x2000'054c  0x2001'7fff    0x1'7ab4
  0x6000'ac9a  0x63ff'ffff  0x3ff'5366


*******************************************************************************
*** INIT TABLE
***

          Address      Size
          -------      ----
Zero (__iar_zero_init3)
    1 destination range, total size 0x34c:
          0x2000'0200  0x34c

Copy/packbits (__iar_packbits_init3)
    1 source range, total size 0xee (47% of destination):
          0x6000'abac   0xee
    1 destination range, total size 0x1f4:
          0x2000'0000  0x1f4



*******************************************************************************
*** MODULE SUMMARY
***

    Module                  ro code  ro data  rw data
    ------                  -------  -------  -------
command line/config:
    -------------------------------------------------
    Total:

D:\智能车\麦轮信标\程序\RT1052\RT1052库\i.MX-RT1052-Library\sdram_release\obj: [1]
    Appmain.o                   416       34       96
    DebugFuction.o              608                40
    LQ_ADC.o                    288
    LQ_Encoder.o                704
    LQ_KEY.o                     72        4        8
    LQ_LED.o                               1        4
    LQ_PIT.o                    828
    LQ_PWM.o                  3 044       32
    LQ_SGP18T.o               1 412
    LQ_UART.o                 2 772               107
    MecanumWheelControl.o     1 928      126      552
    board.o                     704
    clock_config.o            1 138
    fsl_adc.o                 1 120
    fsl_assert.o                 64
    fsl_clock.o               1 408                 8
    fsl_debug_console.o         292
    fsl_edma.o                1 244               128
    fsl_enc.o                   772
    fsl_flexio.o                 46                24
    fsl_flexspi.o               648                 4
    fsl_flexspi_nor_boot.o                50
    fsl_gpio.o                  724
    fsl_io.o                    296                 8
    fsl_log.o                   216
    fsl_lpi2c.o                 108                48
    fsl_lpspi.o                 420                28
    fsl_lpuart.o              1 552
    fsl_pit.o                   498
    fsl_pwm.o                 1 412
    fsl_str.o                   666
    fsl_usdhc.o                  36                16
    fsl_xbara.o                 482
    m_systime.o                 300       10       52
    pin_mux.o                 1 564
    startup_MIMXRT1052.o      1 396
    system_MIMXRT1052.o         818        2        4
    xip_config.o                         512
    -------------------------------------------------
    Total:                   29 996      771    1 127

dl7M_tlf.a: [2]
    abort.o                       6
    exit.o                        4
    low_level_init.o              4
    printf.o                     40
    putchar.o                    12
    xfail_s.o                    64                 4
    xfiles.o                              34      152
    xlocale_c.o                   8       31       56
    xprintffull_nomb.o        3 622
    xprout.o                     22
    -------------------------------------------------
    Total:                    3 782       65      212

m7M_tlv.a: [3]
    DblCmpGe.o                   46
    DblCmpLe.o                   46
    DblDiv.o                     18
    DblMul.o                     18
    DblSub.o                     18
    DblToS32.o                   14
    DblToU32.o                   14
    S32ToDbl.o                   14
    U32ToDbl.o                   14
    fpinit_M.o                   34
    frexp.o                     112
    ldexp.o                     260
    -------------------------------------------------
    Total:                      608

rt7M_tl.a: [4]
    ABImemclr4.o                  6
    ABImemcpy.o                 166
    ABImemset48.o                50
    I64DivMod.o                 560
    I64DivZer.o                   2
    cexit.o                      10
    cmain.o                      30
    cstartup_M.o                 12
    data_init.o                  40
    memchr.o                     88
    packbits_init.o             156
    strchr.o                     22
    strlen.o                     54
    zero_init3.o                 58
    -------------------------------------------------
    Total:                    1 254

shb_l.a: [5]
    exit.o                       20
    -------------------------------------------------
    Total:                       20

    Gaps                         12        2        5
    Linker created                        44   32 768
-----------------------------------------------------
    Grand Total:             35 672      882   34 112


*******************************************************************************
*** ENTRY LIST
***

Entry                       Address   Size  Type      Object
-----                       -------   ----  ----      ------
.iar.init_table$$Base   0x6000'a9c0          --   Gb  - Linker created -
.iar.init_table$$Limit  0x6000'a9ec          --   Gb  - Linker created -
?main                   0x6000'aa0d         Code  Gb  cmain.o [4]
ADC_DoAutoCalibration   0x6000'6bc1   0x68  Code  Gb  fsl_adc.o [1]
ADC_EnableHardwareTrigger
                        0x6000'6a4f   0x16  Code  Lc  fsl_adc.o [1]
ADC_GetChannelConversionValue
                        0x6000'69ff   0x26  Code  Lc  fsl_adc.o [1]
ADC_GetChannelConversionValue
                        0x6000'689d   0x26  Code  Lc  LQ_ADC.o [1]
ADC_GetChannelStatusFlags
                        0x6000'6a25   0x2a  Code  Lc  fsl_adc.o [1]
ADC_GetChannelStatusFlags
                        0x6000'68c3   0x2a  Code  Lc  LQ_ADC.o [1]
ADC_GetDefaultConfig    0x6000'6b45   0x38  Code  Gb  fsl_adc.o [1]
ADC_GetInstance         0x6000'6a69   0x32  Code  Lc  fsl_adc.o [1]
ADC_GetStatusFlags      0x6000'6a65    0x4  Code  Lc  fsl_adc.o [1]
ADC_Init                0x6000'6a9b   0xaa  Code  Gb  fsl_adc.o [1]
ADC_SetChannelConfig    0x6000'6b7d   0x44  Code  Gb  fsl_adc.o [1]
ADC_SetHardwareAverageConfig
                        0x6000'6c2d   0x2a  Code  Gb  fsl_adc.o [1]
ARM_MPU_Disable         0x6000'9e0d   0x1e  Code  Lc  board.o [1]
ARM_MPU_Enable          0x6000'9df1   0x1c  Code  Lc  board.o [1]
BOARD_BootClockRUN      0x6000'91dd  0x22a  Code  Gb  clock_config.o [1]
BOARD_ConfigMPU         0x6000'9fd1   0x72  Code  Gb  board.o [1]
BOARD_DebugConsoleSrcFreq
                        0x6000'9f7d   0x3c  Code  Gb  board.o [1]
BOARD_InitDEBUG_UARTPins
                        0x6000'8185   0x64  Code  Gb  pin_mux.o [1]
BOARD_InitDebugConsole  0x6000'9fb9   0x18  Code  Gb  board.o [1]
BOARD_InitSDRAMPins     0x6000'81f9  0x384  Code  Gb  pin_mux.o [1]
BatteryVoltageCollect_Init
                        0x6000'6845    0x6  Code  Gb  DebugFuction.o [1]
CLOCK_ControlGate       0x6000'69bd   0x3e  Code  Lc  fsl_adc.o [1]
CLOCK_ControlGate       0x6000'7d99   0x3e  Code  Lc  fsl_enc.o [1]
CLOCK_ControlGate       0x6000'78e1   0x3e  Code  Lc  fsl_gpio.o [1]
CLOCK_ControlGate       0x6000'5559   0x40  Code  Lc  fsl_lpuart.o [1]
CLOCK_ControlGate       0x6000'98c9   0x3e  Code  Lc  fsl_pit.o [1]
CLOCK_ControlGate       0x6000'49dd   0x3e  Code  Lc  fsl_pwm.o [1]
CLOCK_ControlGate       0x6000'7bb5   0x3e  Code  Lc  fsl_xbara.o [1]
CLOCK_ControlGate       0x6000'7621   0x3e  Code  Lc  LQ_Encoder.o [1]
CLOCK_ControlGate       0x6000'38e9   0x40  Code  Lc  LQ_PWM.o [1]
CLOCK_ControlGate       0x6000'86b9   0x40  Code  Lc  LQ_SGP18T.o [1]
CLOCK_ControlGate       0x6000'5ce3   0x40  Code  Lc  LQ_UART.o [1]
CLOCK_ControlGate       0x6000'6e1d   0x40  Code  Lc  MecanumWheelControl.o [1]
CLOCK_ControlGate       0x6000'809d   0x40  Code  Lc  pin_mux.o [1]
CLOCK_EnableClock       0x6000'69fb    0x4  Code  Lc  fsl_adc.o [1]
CLOCK_EnableClock       0x6000'7ddd    0x4  Code  Lc  fsl_enc.o [1]
CLOCK_EnableClock       0x6000'7925    0x4  Code  Lc  fsl_gpio.o [1]
CLOCK_EnableClock       0x6000'5615    0x4  Code  Lc  fsl_lpuart.o [1]
CLOCK_EnableClock       0x6000'9907    0x4  Code  Lc  fsl_pit.o [1]
CLOCK_EnableClock       0x6000'4a21    0x4  Code  Lc  fsl_pwm.o [1]
CLOCK_EnableClock       0x6000'7bf3    0x4  Code  Lc  fsl_xbara.o [1]
CLOCK_EnableClock       0x6000'765f    0x4  Code  Lc  LQ_Encoder.o [1]
CLOCK_EnableClock       0x6000'3929    0x4  Code  Lc  LQ_PWM.o [1]
CLOCK_EnableClock       0x6000'8775    0x4  Code  Lc  LQ_SGP18T.o [1]
CLOCK_EnableClock       0x6000'5d23    0x4  Code  Lc  LQ_UART.o [1]
CLOCK_EnableClock       0x6000'6e5d    0x4  Code  Lc  MecanumWheelControl.o [1]
CLOCK_EnableClock       0x6000'8159    0x4  Code  Lc  pin_mux.o [1]
CLOCK_GetDiv            0x6000'9f47   0x24  Code  Lc  board.o [1]
CLOCK_GetDiv            0x6000'5cbf   0x24  Code  Lc  LQ_UART.o [1]
CLOCK_GetFreq           0x6000'4551  0x12a  Code  Gb  fsl_clock.o [1]
CLOCK_GetMux            0x6000'9f23   0x24  Code  Lc  board.o [1]
CLOCK_GetMux            0x6000'5c3f   0x24  Code  Lc  LQ_UART.o [1]
CLOCK_GetOscFreq        0x6000'9f6b   0x12  Code  Lc  board.o [1]
CLOCK_GetOscFreq        0x6000'445d   0x18  Code  Lc  fsl_clock.o [1]
CLOCK_GetOscFreq        0x6000'5d27   0x18  Code  Lc  LQ_UART.o [1]
CLOCK_GetPeriphClkFreq  0x6000'44b7   0x98  Code  Lc  fsl_clock.o [1]
CLOCK_GetPllBypassRefClk
                        0x6000'44a1   0x16  Code  Lc  fsl_clock.o [1]
CLOCK_GetPllFreq        0x6000'473d  0x15e  Code  Gb  fsl_clock.o [1]
CLOCK_GetPllFreq::enetRefClkFreq
                        0x6000'49cc   0x10  Data  Lc  fsl_clock.o [1]
CLOCK_GetRtcFreq        0x6000'4475    0x6  Code  Lc  fsl_clock.o [1]
CLOCK_GetSysPfdFreq     0x6000'48c1   0x58  Code  Gb  fsl_clock.o [1]
CLOCK_GetUsb1PfdFreq    0x6000'4919   0x58  Code  Gb  fsl_clock.o [1]
CLOCK_InitArmPll        0x6000'467d   0x40  Code  Gb  fsl_clock.o [1]
CLOCK_InitSysPfd        0x6000'489b   0x26  Code  Gb  fsl_clock.o [1]
CLOCK_InitSysPll        0x6000'46bd   0x40  Code  Gb  fsl_clock.o [1]
CLOCK_InitUsb1Pll       0x6000'46fd   0x40  Code  Gb  fsl_clock.o [1]
CLOCK_IsPllBypassed     0x6000'447b   0x10  Code  Lc  fsl_clock.o [1]
CLOCK_IsPllEnabled      0x6000'448b   0x16  Code  Lc  fsl_clock.o [1]
CLOCK_SetDiv            0x6000'9175   0x5a  Code  Lc  clock_config.o [1]
CLOCK_SetDiv            0x6000'965d   0x5a  Code  Lc  LQ_PIT.o [1]
CLOCK_SetDiv            0x6000'388d   0x5c  Code  Lc  LQ_PWM.o [1]
CLOCK_SetDiv            0x6000'5c63   0x5c  Code  Lc  LQ_UART.o [1]
CLOCK_SetMux            0x6000'9119   0x5a  Code  Lc  clock_config.o [1]
CLOCK_SetMux            0x6000'9601   0x5a  Code  Lc  LQ_PIT.o [1]
CLOCK_SetMux            0x6000'5be3   0x5c  Code  Lc  LQ_UART.o [1]
CLOCK_SetRtcXtalFreq    0x6000'91d5    0x6  Code  Lc  clock_config.o [1]
CLOCK_SetXtalFreq       0x6000'91cf    0x6  Code  Lc  clock_config.o [1]
CRC_CHECK               0x6000'6663   0x4a  Code  Gb  DebugFuction.o [1]
CSTACK$$Base            0x2001'8000          --   Gb  - Linker created -
CSTACK$$Limit           0x2002'0000          --   Gb  - Linker created -
CalTargetSpeed_EachWheel
                        0x6000'704b   0x68  Code  Gb  MecanumWheelControl.o [1]
Car_Speed_Rotate        0x2000'006c   0x48  Data  Gb  MecanumWheelControl.o [1]
ControlValue_Closeloop  0x2000'00b4   0x10  Data  Gb  MecanumWheelControl.o [1]
ConvertRadixNumToString
                        0x6000'5163   0x7e  Code  Lc  fsl_str.o [1]
DMA0_DMA16_DriverIRQHandler
                        0x6000'8d55   0x36  Code  Gb  fsl_edma.o [1]
DMA10_DMA26_DriverIRQHandler
                        0x6000'8f73   0x34  Code  Gb  fsl_edma.o [1]
DMA11_DMA27_DriverIRQHandler
                        0x6000'8fa7   0x32  Code  Gb  fsl_edma.o [1]
DMA12_DMA28_DriverIRQHandler
                        0x6000'8fd9   0x32  Code  Gb  fsl_edma.o [1]
DMA13_DMA29_DriverIRQHandler
                        0x6000'900b   0x32  Code  Gb  fsl_edma.o [1]
DMA14_DMA30_DriverIRQHandler
                        0x6000'903d   0x32  Code  Gb  fsl_edma.o [1]
DMA15_DMA31_DriverIRQHandler
                        0x6000'906f   0x32  Code  Gb  fsl_edma.o [1]
DMA1_DMA17_DriverIRQHandler
                        0x6000'8d8b   0x36  Code  Gb  fsl_edma.o [1]
DMA2_DMA18_DriverIRQHandler
                        0x6000'8dc1   0x36  Code  Gb  fsl_edma.o [1]
DMA3_DMA19_DriverIRQHandler
                        0x6000'8df9   0x36  Code  Gb  fsl_edma.o [1]
DMA4_DMA20_DriverIRQHandler
                        0x6000'8e2f   0x36  Code  Gb  fsl_edma.o [1]
DMA5_DMA21_DriverIRQHandler
                        0x6000'8e65   0x36  Code  Gb  fsl_edma.o [1]
DMA6_DMA22_DriverIRQHandler
                        0x6000'8e9b   0x36  Code  Gb  fsl_edma.o [1]
DMA7_DMA23_DriverIRQHandler
                        0x6000'8ed1   0x36  Code  Gb  fsl_edma.o [1]
DMA8_DMA24_DriverIRQHandler
                        0x6000'8f07   0x36  Code  Gb  fsl_edma.o [1]
DMA9_DMA25_DriverIRQHandler
                        0x6000'8f3d   0x36  Code  Gb  fsl_edma.o [1]
D_Set                   0x2000'0018   0x10  Data  Gb  Appmain.o [1]
DbgConsole_Init         0x6000'4f61   0x30  Code  Gb  fsl_debug_console.o [1]
DbgConsole_Printf       0x6000'4f91   0x2e  Code  Gb  fsl_debug_console.o [1]
DbgConsole_RelocateLog  0x6000'4fc1   0x3a  Code  Lc  fsl_debug_console.o [1]
DeadBand_Set            0x2000'0038   0x10  Data  Gb  Appmain.o [1]
EDMA_GetChannelStatusFlags
                        0x6000'8c3d   0x46  Code  Gb  fsl_edma.o [1]
EDMA_HandleIRQ          0x6000'8c99   0xae  Code  Gb  fsl_edma.o [1]
ENC_DoSoftwareLoadInitialPositionValue
                        0x6000'7f3b   0x10  Code  Gb  fsl_enc.o [1]
ENC_GetDefaultConfig    0x6000'7ef9   0x42  Code  Gb  fsl_enc.o [1]
ENC_GetInstance         0x6000'7de1   0x32  Code  Lc  fsl_enc.o [1]
ENC_GetPositionDifferenceValue
                        0x6000'6e61    0x4  Code  Lc  MecanumWheelControl.o [1]
ENC_Init                0x6000'7e13   0xe6  Code  Gb  fsl_enc.o [1]
EnableIRQ               0x6000'96b7   0x18  Code  Lc  LQ_PIT.o [1]
EnableIRQ               0x6000'5d3f   0x18  Code  Lc  LQ_UART.o [1]
EncoderDirectionPort    0x2000'0114   0x10  Data  Gb  MecanumWheelControl.o [1]
EncoderMeasure_Init     0x6000'71c1   0x98  Code  Gb  MecanumWheelControl.o [1]
Encoder_ENCIndex        0x2000'0104   0x10  Data  Gb  MecanumWheelControl.o [1]
Encoder_PORTIndex_Direction
                        0x2000'0124   0x10  Data  Gb  MecanumWheelControl.o [1]
FLEXIO1_DriverIRQHandler
                        0x6000'a921    0x2  Code  Gb  fsl_flexio.o [1]
FLEXIO2_DriverIRQHandler
                        0x6000'a923    0x2  Code  Gb  fsl_flexio.o [1]
FLEXIO_CommonIRQHandler
                        0x6000'a8f9   0x20  Code  Gb  fsl_flexio.o [1]
FLEXSPI_CheckAndClearError
                        0x6000'a0c3   0x5e  Code  Gb  fsl_flexspi.o [1]
FLEXSPI_ClearInterruptStatusFlags
                        0x6000'a0bb    0x8  Code  Lc  fsl_flexspi.o [1]
FLEXSPI_DisableInterrupts
                        0x6000'a0b1    0xa  Code  Lc  fsl_flexspi.o [1]
FLEXSPI_DriverIRQHandler
                        0x6000'a2b1    0x8  Code  Gb  fsl_flexspi.o [1]
FLEXSPI_TransferAbort   0x6000'a125   0x2a  Code  Gb  fsl_flexspi.o [1]
FLEXSPI_TransferHandleIRQ
                        0x6000'a14f  0x162  Code  Gb  fsl_flexspi.o [1]
Flag_Reverse            0x2000'00e8    0x4  Data  Gb  MecanumWheelControl.o [1]
GPIO5_Combined_0_15_IRQHandler
                        0x6000'a8bb   0x2e  Code  Gb  LQ_KEY.o [1]
GPIO_GetInstance        0x6000'792d   0x2e  Code  Lc  fsl_gpio.o [1]
GPIO_GetPinsInterruptFlags
                        0x6000'a8b5    0x2  Code  Lc  LQ_KEY.o [1]
GPIO_Output_Config      0x2000'0050    0x4  Data  Gb  LQ_LED.o [1]
GPIO_PinInit            0x6000'795d   0x4c  Code  Gb  fsl_gpio.o [1]
GPIO_PinRead            0x6000'6e65   0x26  Code  Lc  MecanumWheelControl.o [1]
GPIO_PinSetInterruptConfig
                        0x6000'79e1   0x7c  Code  Gb  fsl_gpio.o [1]
GPIO_PinWrite           0x6000'79a9   0x38  Code  Gb  fsl_gpio.o [1]
GPIO_PortClearInterruptFlags
                        0x6000'a8b7    0x4  Code  Lc  LQ_KEY.o [1]
GPIO_PortGetInterruptFlags
                        0x6000'a8b1    0x4  Code  Lc  LQ_KEY.o [1]
GPIO_SetPinInterruptConfig
                        0x6000'7929    0x2  Code  Lc  fsl_gpio.o [1]
GetBatteryVoltage       0x6000'684d   0x28  Code  Gb  DebugFuction.o [1]
GetPIDControlValue      0x6000'6f15  0x106  Code  Gb  MecanumWheelControl.o [1]
GetSpeed                0x6000'72d5   0x66  Code  Gb  MecanumWheelControl.o [1]
IOMUXC_SetPinConfig     0x6000'767f    0xc  Code  Lc  LQ_Encoder.o [1]
IOMUXC_SetPinConfig     0x6000'3949    0xc  Code  Lc  LQ_PWM.o [1]
IOMUXC_SetPinConfig     0x6000'8795    0xc  Code  Lc  LQ_SGP18T.o [1]
IOMUXC_SetPinConfig     0x6000'5d73    0xc  Code  Lc  LQ_UART.o [1]
IOMUXC_SetPinConfig     0x6000'8179    0xc  Code  Lc  pin_mux.o [1]
IOMUXC_SetPinMux        0x6000'7663   0x1c  Code  Lc  LQ_Encoder.o [1]
IOMUXC_SetPinMux        0x6000'392d   0x1c  Code  Lc  LQ_PWM.o [1]
IOMUXC_SetPinMux        0x6000'8779   0x1c  Code  Lc  LQ_SGP18T.o [1]
IOMUXC_SetPinMux        0x6000'5d57   0x1c  Code  Lc  LQ_UART.o [1]
IOMUXC_SetPinMux        0x6000'6e8b   0x1c  Code  Lc  MecanumWheelControl.o [1]
IOMUXC_SetPinMux        0x6000'815d   0x1c  Code  Lc  pin_mux.o [1]
IO_Init                 0x6000'5429   0x52  Code  Gb  fsl_io.o [1]
IO_Transfer             0x6000'547b   0x2c  Code  Gb  fsl_io.o [1]
I_Set                   0x2000'0028   0x10  Data  Gb  Appmain.o [1]
I_limit                 0x2000'0000    0x4  Data  Gb  Appmain.o [1]
InitAll                 0x6000'a555   0x5e  Code  Gb  Appmain.o [1]
LOG_Init                0x6000'5085   0x1a  Code  Gb  fsl_log.o [1]
LOG_Pop                 0x6000'50c7   0x1a  Code  Gb  fsl_log.o [1]
LOG_Push                0x6000'50a1   0x26  Code  Gb  fsl_log.o [1]
LPI2C1_DriverIRQHandler
                        0x6000'a883    0x6  Code  Gb  fsl_lpi2c.o [1]
LPI2C2_DriverIRQHandler
                        0x6000'a889    0x6  Code  Gb  fsl_lpi2c.o [1]
LPI2C3_DriverIRQHandler
                        0x6000'a88f    0x6  Code  Gb  fsl_lpi2c.o [1]
LPI2C4_DriverIRQHandler
                        0x6000'a895    0x6  Code  Gb  fsl_lpi2c.o [1]
LPI2C_CommonIRQHandler  0x6000'a845   0x3e  Code  Lc  fsl_lpi2c.o [1]
LPSPI1_DriverIRQHandler
                        0x6000'a369   0x28  Code  Gb  fsl_lpspi.o [1]
LPSPI2_DriverIRQHandler
                        0x6000'a391   0x28  Code  Gb  fsl_lpspi.o [1]
LPSPI3_DriverIRQHandler
                        0x6000'a3b9   0x28  Code  Gb  fsl_lpspi.o [1]
LPSPI4_DriverIRQHandler
                        0x6000'a3e1   0x28  Code  Gb  fsl_lpspi.o [1]
LPSPI_CommonIRQHandler  0x6000'a341   0x24  Code  Lc  fsl_lpspi.o [1]
LPSPI_IsMaster          0x6000'a339    0x8  Code  Lc  fsl_lpspi.o [1]
LPUART1_IRQHandler      0x6000'633f   0x22  Code  Gb  LQ_UART.o [1]
LPUART2_IRQHandler      0x6000'6361   0x14  Code  Gb  LQ_UART.o [1]
LPUART3_IRQHandler      0x6000'6375   0x2c  Code  Gb  LQ_UART.o [1]
LPUART3_IRQHandler::res
                        0x2000'03b0    0x1  Data  Lc  LQ_UART.o [1]
LPUART4_IRQHandler      0x6000'63a1   0x2c  Code  Gb  LQ_UART.o [1]
LPUART4_IRQHandler::res
                        0x2000'03b1    0x1  Data  Lc  LQ_UART.o [1]
LPUART5_IRQHandler      0x6000'63cd   0x2c  Code  Gb  LQ_UART.o [1]
LPUART5_IRQHandler::res
                        0x2000'03b2    0x1  Data  Lc  LQ_UART.o [1]
LPUART6_IRQHandler      0x6000'63f9   0x2c  Code  Gb  LQ_UART.o [1]
LPUART6_IRQHandler::res
                        0x2000'03b3    0x1  Data  Lc  LQ_UART.o [1]
LPUART7_IRQHandler      0x6000'6425   0x2c  Code  Gb  LQ_UART.o [1]
LPUART7_IRQHandler::res
                        0x2000'03b4    0x1  Data  Lc  LQ_UART.o [1]
LPUART8_IRQHandler      0x6000'6451   0x2c  Code  Gb  LQ_UART.o [1]
LPUART8_IRQHandler::res
                        0x2000'03b5    0x1  Data  Lc  LQ_UART.o [1]
LPUART_ClearStatusFlags
                        0x6000'593b   0x38  Code  Gb  fsl_lpuart.o [1]
LPUART_EnableInterrupts
                        0x6000'5901   0x2a  Code  Gb  fsl_lpuart.o [1]
LPUART_EnableRx         0x6000'5413   0x16  Code  Lc  fsl_io.o [1]
LPUART_EnableTx         0x6000'53fd   0x16  Code  Lc  fsl_io.o [1]
LPUART_GetDefaultConfig
                        0x6000'58c1   0x40  Code  Gb  fsl_lpuart.o [1]
LPUART_GetInstance      0x6000'562d   0x2e  Code  Gb  fsl_lpuart.o [1]
LPUART_GetStatusFlags   0x6000'592b   0x10  Code  Gb  fsl_lpuart.o [1]
LPUART_Init             0x6000'56c1  0x200  Code  Gb  fsl_lpuart.o [1]
LPUART_RX_BUF           0x2000'034c   0x64  Data  Gb  LQ_UART.o [1]
LPUART_ReadBlocking     0x6000'59ad   0xb4  Code  Gb  fsl_lpuart.o [1]
LPUART_ReadByte         0x6000'663d   0x26  Code  Lc  DebugFuction.o [1]
LPUART_ReadByte         0x6000'5d7f   0x26  Code  Lc  LQ_UART.o [1]
LPUART_SoftwareReset    0x6000'5619   0x12  Code  Lc  fsl_lpuart.o [1]
LPUART_WriteBlocking    0x6000'5975   0x36  Code  Gb  fsl_lpuart.o [1]
LQADC_Init              0x6000'68ed   0x22  Code  Gb  LQ_ADC.o [1]
LQ_ENC_Init             0x6000'775d   0xc2  Code  Gb  LQ_Encoder.o [1]
LQ_ENC_InitPin          0x6000'768d   0xd0  Code  Gb  LQ_Encoder.o [1]
LQ_GetUartSrcFreq       0x6000'5da7   0x42  Code  Gb  LQ_UART.o [1]
LQ_PIT_Init             0x6000'9719   0x78  Code  Gb  LQ_PIT.o [1]
LQ_PWMA_B_SetDuty       0x6000'75a5   0x7c  Code  Gb  LQ_PWM.o [1]
LQ_PWM_Init             0x6000'4043  0x122  Code  Gb  LQ_PWM.o [1]
LQ_PWM_InitPins         0x6000'3a81  0x5c2  Code  Gb  LQ_PWM.o [1]
LQ_QSPI_BOOT_SDRAM_INIT
                        0x6000'9b4b  0x17e  Code  Gb  system_MIMXRT1052.o [1]
LQ_UART_Init            0x6000'5de9  0x534  Code  Gb  LQ_UART.o [1]
LQ_UART_PutBuff         0x6000'6327   0x18  Code  Gb  LQ_UART.o [1]
LQ_UART_PutChar         0x6000'631d    0xa  Code  Gb  LQ_UART.o [1]
LoadInt                 0x6000'25af   0x7a  Code  Lc  xprintffull_nomb.o [2]
Max_output              0x2000'0004    0x4  Data  Gb  Appmain.o [1]
MotorOutput             0x6000'70b3  0x10e  Code  Gb  MecanumWheelControl.o [1]
Motor_init              0x6000'6ea7   0x46  Code  Gb  MecanumWheelControl.o [1]
NVIC_EncodePriority     0x6000'95c9   0x36  Code  Lc  LQ_PIT.o [1]
NVIC_EncodePriority     0x6000'5bad   0x36  Code  Lc  LQ_UART.o [1]
OutData                 0x2000'0218   0x10  Data  Gb  DebugFuction.o [1]
OutPut_Data             0x6000'66ad   0x92  Code  Gb  DebugFuction.o [1]
PIDControl_Constructor  0x6000'6eed   0x28  Code  Gb  MecanumWheelControl.o [1]
PIDControl_FunctionDefine
                        0x6000'7029   0x14  Code  Gb  MecanumWheelControl.o [1]
PID_Speedloop_init      0x6000'73df   0x6e  Code  Gb  MecanumWheelControl.o [1]
PIT0_Flag               0x2000'0204    0x2  Data  Gb  Appmain.o [1]
PIT_ClearStatusFlags    0x6000'a509    0xa  Code  Lc  Appmain.o [1]
PIT_EnableInterrupts    0x6000'96ed   0x10  Code  Lc  LQ_PIT.o [1]
PIT_GetDefaultConfig    0x6000'96d1   0x1c  Code  Lc  LQ_PIT.o [1]
PIT_GetInstance         0x6000'990d   0x2a  Code  Lc  fsl_pit.o [1]
PIT_GetStatusFlags      0x6000'a4fb    0xe  Code  Lc  Appmain.o [1]
PIT_IRQHandler          0x6000'a5b3   0x9c  Code  Gb  Appmain.o [1]
PIT_Init                0x6000'9941   0x4a  Code  Gb  fsl_pit.o [1]
PIT_SetTimerPeriod      0x6000'96fd    0xa  Code  Lc  LQ_PIT.o [1]
PIT_StartTimer          0x6000'9707   0x12  Code  Lc  LQ_PIT.o [1]
PWM_GetDefaultConfig    0x6000'4b99   0x34  Code  Gb  fsl_pwm.o [1]
PWM_GetInstance         0x6000'4a25   0x32  Code  Lc  fsl_pwm.o [1]
PWM_Init                0x6000'4a59  0x140  Code  Gb  fsl_pwm.o [1]
PWM_SetPwmLdok          0x6000'3967   0x22  Code  Lc  LQ_PWM.o [1]
PWM_SetupPwm            0x6000'4bcd  0x1fa  Code  Gb  fsl_pwm.o [1]
PWM_StartTimer          0x6000'3955   0x12  Code  Lc  LQ_PWM.o [1]
PWM_UpdateDuty          0x6000'3989   0xf8  Code  Gb  LQ_PWM.o [1]
P_Set                   0x2000'0008   0x10  Data  Gb  Appmain.o [1]
Para_Refresh            0x6000'701b    0xe  Code  Gb  MecanumWheelControl.o [1]
RS_Now                  0x2000'00dc    0xc  Data  Gb  MecanumWheelControl.o [1]
RW$$Base                0x2000'0000          --   Gb  - Linker created -
RW$$Limit               0x2000'01f4          --   Gb  - Linker created -
ReadADC                 0x6000'690f   0x2e  Code  Gb  LQ_ADC.o [1]
ReceiveBuff             0x2000'022c    0x4  Data  Gb  DebugFuction.o [1]
ReceiveCMD_Remote       0x6000'67b5   0x90  Code  Gb  DebugFuction.o [1]
ReceiveIndex            0x2000'0234    0x4  Data  Gb  DebugFuction.o [1]
Region$$Table$$Base     0x6000'a9c0          --   Gb  - Linker created -
Region$$Table$$Limit    0x6000'a9ec          --   Gb  - Linker created -
RemoteData              0x2000'0228    0x4  Data  Gb  DebugFuction.o [1]
RemoteInit              0x6000'6753    0xa  Code  Gb  DebugFuction.o [1]
Remote_CMD_ReceiveStatus
                        0x2000'0231    0x1  Data  Gb  DebugFuction.o [1]
Rotate_sp               0x2000'00d4    0x4  Data  Gb  MecanumWheelControl.o [1]
SCB_DisableDCache       0x6000'9ed1   0x52  Code  Lc  board.o [1]
SCB_DisableICache       0x6000'9e59   0x26  Code  Lc  board.o [1]
SCB_EnableDCache        0x6000'9e7f   0x52  Code  Lc  board.o [1]
SCB_EnableDCache        0x6000'9aeb   0x52  Code  Lc  system_MIMXRT1052.o [1]
SCB_EnableICache        0x6000'9e2b   0x2e  Code  Lc  board.o [1]
SCB_EnableICache        0x6000'9abd   0x2e  Code  Lc  system_MIMXRT1052.o [1]
SDRAM_WaitIpCmdDone     0x6000'9b3d    0xe  Code  Gb  system_MIMXRT1052.o [1]
SEND                    0x6000'673f   0x14  Code  Gb  DebugFuction.o [1]
SendRemoteCMDData       0x6000'675d   0x58  Code  Gb  DebugFuction.o [1]
Series_Speed            0x2000'00d8    0x4  Data  Gb  MecanumWheelControl.o [1]
SetSpeed_FromRemote_Analog
                        0x6000'7355   0x8a  Code  Gb  MecanumWheelControl.o [1]
SetTargetSpeed_Car      0x6000'703d    0xe  Code  Gb  MecanumWheelControl.o [1]
Sort_MAX_N              0x6000'7259   0x32  Code  Gb  MecanumWheelControl.o [1]
SpeedClean              0x6000'733b   0x16  Code  Gb  MecanumWheelControl.o [1]
SpeedCount              0x2000'00f4   0x10  Data  Gb  MecanumWheelControl.o [1]
Speed_get               0x2000'00c4   0x10  Data  Gb  MecanumWheelControl.o [1]
Speed_watch             0x2000'0208   0x10  Data  Gb  Appmain.o [1]
StartReceive            0x2000'0230    0x1  Data  Gb  DebugFuction.o [1]
StrFormatPrintf         0x6000'51e1  0x21c  Code  Gb  fsl_str.o [1]
SysTick_Config          0x6000'a697   0x28  Code  Lc  m_systime.o [1]
SysTick_Handler         0x6000'a6e5    0xc  Code  Gb  m_systime.o [1]
SystemCoreClock         0x2000'0170    0x4  Data  Gb  system_MIMXRT1052.o [1]
SystemInit              0x6000'9cc9   0x88  Code  Gb  system_MIMXRT1052.o [1]
TFTSPI_Addr_Rst         0x6000'8b91   0x46  Code  Gb  LQ_SGP18T.o [1]
TFTSPI_CLS              0x6000'8bd7   0x24  Code  Gb  LQ_SGP18T.o [1]
TFTSPI_Init             0x6000'87a1  0x302  Code  Gb  LQ_SGP18T.o [1]
TFTSPI_Write_Byte       0x6000'8afd   0x52  Code  Gb  LQ_SGP18T.o [1]
TFTSPI_Write_Cmd        0x6000'8abb   0x42  Code  Gb  LQ_SGP18T.o [1]
TFTSPI_Write_Word       0x6000'8b4f   0x42  Code  Gb  LQ_SGP18T.o [1]
USDHC1_DriverIRQHandler
                        0x6000'a979    0xa  Code  Gb  fsl_usdhc.o [1]
USDHC2_DriverIRQHandler
                        0x6000'a983    0xa  Code  Gb  fsl_usdhc.o [1]
WheelControl            0x2000'03d8  0x120  Data  Gb  MecanumWheelControl.o [1]
Wheels_PWMChannel       0x2000'0068    0x4  Data  Gb  MecanumWheelControl.o [1]
XBARA_GetInstance       0x6000'7bf9   0x2a  Code  Lc  fsl_xbara.o [1]
XBARA_Init              0x6000'7c25   0x14  Code  Gb  fsl_xbara.o [1]
XBARA_SetSignalsConnection
                        0x6000'7c39   0x26  Code  Gb  fsl_xbara.o [1]
ZI$$Base                0x2000'0200          --   Gb  - Linker created -
ZI$$Limit               0x2000'054c          --   Gb  - Linker created -
_GenldFullNoMb          0x6000'2f25  0x274  Code  Lc  xprintffull_nomb.o [2]
_LdtobFullNoMb          0x6000'2af9  0x400  Code  Lc  xprintffull_nomb.o [2]
_LitobFullNoMb          0x6000'29a1  0x112  Code  Lc  xprintffull_nomb.o [2]
_Locale_lconv           0x2000'01bc   0x38  Data  Lc  xlocale_c.o [2]
_PrintfFullNoMb         0x6000'2401  0x19e  Code  Gb  xprintffull_nomb.o [2]
_Prout                  0x6000'aa3f   0x16  Code  Gb  xprout.o [2]
_PutcharsFullNoMb       0x6000'3199   0x2e  Code  Lc  xprintffull_nomb.o [2]
_PutfldFullNoMb         0x6000'2629  0x26c  Code  Lc  xprintffull_nomb.o [2]
_PuttxtFullNoMb         0x6000'2895  0x10c  Code  Lc  xprintffull_nomb.o [2]
__NVIC_EnableIRQ        0x6000'9597   0x18  Code  Lc  LQ_PIT.o [1]
__NVIC_EnableIRQ        0x6000'5b75   0x1a  Code  Lc  LQ_UART.o [1]
__NVIC_GetPriorityGrouping
                        0x6000'958d    0xa  Code  Lc  LQ_PIT.o [1]
__NVIC_GetPriorityGrouping
                        0x6000'5b69    0xc  Code  Lc  LQ_UART.o [1]
__NVIC_SetPriority      0x6000'95af   0x1a  Code  Lc  LQ_PIT.o [1]
__NVIC_SetPriority      0x6000'5b8f   0x1e  Code  Lc  LQ_UART.o [1]
__NVIC_SetPriority      0x6000'a67d   0x1a  Code  Lc  m_systime.o [1]
__NVIC_SetPriorityGrouping
                        0x6000'a4dd   0x1e  Code  Lc  Appmain.o [1]
__RAM_VECTOR_TABLE_SIZE {Abs}
                                0x0         Data  Gb  <internal module>
__VECTOR_RAM {Abs}      0x6000'2000         Data  Gb  <internal module>
__VECTOR_TABLE {Abs}    0x6000'2000         Data  Gb  <internal module>
__Vectors               0x6000'2000          --   Gb  startup_MIMXRT1052.o [1]
__Vectors_End           0x6000'2400         Data  Gb  startup_MIMXRT1052.o [1]
__Vectors_Size {Abs}          0x400          --   Gb  startup_MIMXRT1052.o [1]
__aeabi_assert          0x6000'43f5   0x12  Code  Gb  fsl_assert.o [1]
__aeabi_cdcmple         0x6000'36a5         Code  Gb  DblCmpLe.o [3]
__aeabi_cdrcmple        0x6000'36d5         Code  Gb  DblCmpGe.o [3]
__aeabi_d2iz            0x6000'3809    0xe  Code  Gb  DblToS32.o [3]
__aeabi_d2uiz           0x6000'3849    0xe  Code  Gb  DblToU32.o [3]
__aeabi_ddiv            0x6000'3837   0x12  Code  Gb  DblDiv.o [3]
__aeabi_dmul            0x6000'3579   0x12  Code  Gb  DblMul.o [3]
__aeabi_dsub            0x6000'3825   0x12  Code  Gb  DblSub.o [3]
__aeabi_i2d             0x6000'3817    0xe  Code  Gb  S32ToDbl.o [3]
__aeabi_ldiv0           0x6000'3875         Code  Gb  I64DivZer.o [4]
__aeabi_memclr4         0x6000'515d         Code  Gb  ABImemclr4.o [4]
__aeabi_memcpy          0x6000'358d         Code  Gb  ABImemcpy.o [4]
__aeabi_memcpy4         0x6000'35ad         Code  Gb  ABImemcpy.o [4]
__aeabi_memcpy8         0x6000'35ad         Code  Gb  ABImemcpy.o [4]
__aeabi_ui2d            0x6000'3857    0xe  Code  Gb  U32ToDbl.o [3]
__aeabi_uldivmod        0x6000'3349         Code  Gb  I64DivMod.o [4]
__cmain                 0x6000'aa0d         Code  Gb  cmain.o [4]
__exit                  0x6000'3879   0x14  Code  Gb  exit.o [5]
__iar_Fail_s            0x6000'3279   0x1c  Code  Gb  xfail_s.o [2]
__iar_Memchr            0x6000'32f1         Code  Gb  memchr.o [4]
__iar_Memset4_word      0x6000'5525         Code  Gb  ABImemset48.o [4]
__iar_Memset8_word      0x6000'5525         Code  Gb  ABImemset48.o [4]
__iar_Stdout            0x2000'0174   0x48  Data  Gb  xfiles.o [2]
__iar_Strchr            0x6000'3261         Code  Gb  strchr.o [4]
__iar_data_init3        0x6000'a951   0x28  Code  Gb  data_init.o [4]
__iar_frexp             0x6000'3641         Code  Gb  frexp.o [3]
__iar_frexpl            0x6000'3641         Code  Gb  frexp.o [3]
__iar_init_vfp          0x6000'a99d         Code  Gb  fpinit_M.o [3]
__iar_ldexp64           0x6000'3719         Code  Gb  ldexp.o [3]
__iar_packbits_init3    0x6000'a7a9   0x9c  Code  Gb  packbits_init.o [4]
__iar_program_start     0x6000'aa61         Code  Gb  cstartup_M.o [4]
__iar_scalbln64         0x6000'3719         Code  Gb  ldexp.o [3]
__iar_scalbn64          0x6000'3719         Code  Gb  ldexp.o [3]
__iar_softfp___iar_frexp64
                        0x6000'3635         Code  Gb  frexp.o [3]
__iar_softfp___iar_ldexp64
                        0x6000'3705         Code  Gb  ldexp.o [3]
__iar_softfp___iar_scalbln64
                        0x6000'3705         Code  Gb  ldexp.o [3]
__iar_softfp___iar_scalbn64
                        0x6000'3705         Code  Gb  ldexp.o [3]
__iar_softfp_frexp      0x6000'3635         Code  Gb  frexp.o [3]
__iar_softfp_frexpl     0x6000'3635         Code  Gb  frexp.o [3]
__iar_softfp_ldexp      0x6000'3705         Code  Gb  ldexp.o [3]
__iar_softfp_ldexpl     0x6000'3705         Code  Gb  ldexp.o [3]
__iar_softfp_scalbln    0x6000'3705         Code  Gb  ldexp.o [3]
__iar_softfp_scalblnl   0x6000'3705         Code  Gb  ldexp.o [3]
__iar_softfp_scalbn     0x6000'3705         Code  Gb  ldexp.o [3]
__iar_softfp_scalbnl    0x6000'3705         Code  Gb  ldexp.o [3]
__iar_zero_init3        0x6000'3227   0x3a  Code  Gb  zero_init3.o [4]
__low_level_init        0x6000'aa2b    0x4  Code  Gb  low_level_init.o [2]
__vector_table          0x6000'2000         Data  Gb  startup_MIMXRT1052.o [1]
__vector_table_0x1c     0x6000'201c         Data  Gb  startup_MIMXRT1052.o [1]
_call_main              0x6000'aa19         Code  Gb  cmain.o [4]
_exit                   0x6000'aa35         Code  Gb  cexit.o [4]
_main                   0x6000'aa27         Code  Gb  cmain.o [4]
_systime                0x2000'0054   0x14  Data  Gb  m_systime.o [1]
abort                   0x6000'386d    0x6  Code  Gb  abort.o [2]
adc_V                   0x2000'0200    0x4  Data  Gb  Appmain.o [1]
armPllConfig_BOARD_BootClockRUN
                        0x6000'9570    0x8  Data  Gb  clock_config.o [1]
boot_data               0x6000'1020   0x10  Data  Gb  fsl_flexspi_nor_boot.o [1]
count_error_left        0x2000'0238    0x4  Data  Gb  DebugFuction.o [1]
count_error_right       0x2000'023c    0x4  Data  Gb  DebugFuction.o [1]
dcd_data                0x6000'3276    0x2  Data  Gb  fsl_flexspi_nor_boot.o [1]
delay_ms                0x6000'a783    0xa  Code  Gb  m_systime.o [1]
delay_us                0x6000'a71d   0x66  Code  Gb  m_systime.o [1]
exit                    0x6000'aa2f    0x4  Code  Gb  exit.o [2]
fiter_Medium            0x6000'728b   0x4a  Code  Gb  MecanumWheelControl.o [1]
fputc                   0x6000'5da5    0x2  Code  Gb  LQ_UART.o [1]
g_InputSignal           0x2000'0048    0x1  Data  Gb  LQ_KEY.o [1]
g_rtcXtalFreq           0x2000'0244    0x4  Data  Gb  fsl_clock.o [1]
g_xtalFreq              0x2000'0240    0x4  Data  Gb  fsl_clock.o [1]
get_current_time_ms     0x6000'a6f1   0x12  Code  Gb  m_systime.o [1]
get_current_time_us     0x6000'a703   0x1a  Code  Gb  m_systime.o [1]
image_vector_table      0x6000'1000   0x20  Data  Gb  fsl_flexspi_nor_boot.o [1]
key_ok                  0x2000'004c    0x4  Data  Gb  LQ_KEY.o [1]
ldexp                   0x6000'3719         Code  Gb  ldexp.o [3]
ldexpl                  0x6000'3719         Code  Gb  ldexp.o [3]
localeconv              0x6000'3865    0x4  Code  Gb  xlocale_c.o [2]
m_boot_hdr_conf_start {Abs}
                        0x6000'0000         Data  Gb  <internal module>
main                    0x6000'a513   0x3e  Code  Gb  Appmain.o [1]
memchr                  0x6000'32f1         Code  Gb  memchr.o [4]
obuf                    0x2000'04f8   0x50  Data  Lc  xfiles.o [2]
printf                  0x6000'4435   0x28  Code  Gb  printf.o [2]
putchar                 0x6000'aa55    0xc  Code  Gb  putchar.o [2]
qspi_config             0x6000'0000  0x200  Data  Gb  xip_config.o [1]
res                     0x2000'0348    0x1  Data  Gb  LQ_UART.o [1]
s_EDMAHandle            0x2000'0248   0x80  Data  Lc  fsl_edma.o [1]
s_adcBases              0x6000'6e08    0xc  Data  Lc  fsl_adc.o [1]
s_adcClocks             0x6000'6e14    0x8  Data  Lc  fsl_adc.o [1]
s_debugConsoleIO        0x2000'02e4    0x8  Data  Lc  fsl_io.o [1]
s_encBases              0x6000'807c   0x14  Data  Lc  fsl_enc.o [1]
s_encClocks             0x6000'8090    0xc  Data  Lc  fsl_enc.o [1]
s_flexioHandle          0x2000'02c8    0x8  Data  Lc  fsl_flexio.o [1]
s_flexioIsr             0x2000'02d8    0x8  Data  Lc  fsl_flexio.o [1]
s_flexioType            0x2000'02d0    0x8  Data  Lc  fsl_flexio.o [1]
s_flexspiHandle         0x2000'02e0    0x4  Data  Lc  fsl_flexspi.o [1]
s_gpioBases             0x6000'7b90   0x18  Data  Lc  fsl_gpio.o [1]
s_gpioClock             0x6000'7ba8    0xc  Data  Lc  fsl_gpio.o [1]
s_lpi2cMasterHandle     0x2000'02f0   0x14  Data  Lc  fsl_lpi2c.o [1]
s_lpi2cMasterIsr        0x2000'02ec    0x4  Data  Lc  fsl_lpi2c.o [1]
s_lpi2cSlaveHandle      0x2000'0308   0x14  Data  Lc  fsl_lpi2c.o [1]
s_lpi2cSlaveIsr         0x2000'0304    0x4  Data  Lc  fsl_lpi2c.o [1]
s_lpspiHandle           0x2000'031c   0x14  Data  Lc  fsl_lpspi.o [1]
s_lpspiMasterIsr        0x2000'0330    0x4  Data  Lc  fsl_lpspi.o [1]
s_lpspiSlaveIsr         0x2000'0334    0x4  Data  Lc  fsl_lpspi.o [1]
s_lpuartBases           0x6000'565c   0x24  Data  Lc  fsl_lpuart.o [1]
s_lpuartClock           0x6000'5b54   0x14  Data  Lc  fsl_lpuart.o [1]
s_pitClocks             0x6000'9ab8    0x2  Data  Lc  fsl_pit.o [1]
s_pwmBases              0x6000'4f24   0x14  Data  Lc  fsl_pwm.o [1]
s_pwmClocks             0x6000'4f38   0x28  Data  Lc  fsl_pwm.o [1]
s_usdhcHandle           0x2000'0338    0xc  Data  Lc  fsl_usdhc.o [1]
s_usdhcIsr              0x2000'0344    0x4  Data  Lc  fsl_usdhc.o [1]
s_xbaraClock            0x6000'7d94    0x2  Data  Lc  fsl_xbara.o [1]
scalbln                 0x6000'3719         Code  Gb  ldexp.o [3]
scalblnl                0x6000'3719         Code  Gb  ldexp.o [3]
scalbn                  0x6000'3719         Code  Gb  ldexp.o [3]
scalbnl                 0x6000'3719         Code  Gb  ldexp.o [3]
scale                   0x6000'2ab3   0x46  Code  Lc  xprintffull_nomb.o [2]
sec_hand                0x2000'0548    0x4  Data  Lc  xfail_s.o [2]
strchr                  0x6000'3261         Code  Gb  strchr.o [4]
strlen                  0x6000'32b9         Code  Gb  strlen.o [4]
sysPllConfig_BOARD_BootClockRUN
                        0x6000'9578   0x10  Data  Gb  clock_config.o [1]
systime_init            0x6000'a6bf   0x26  Code  Gb  m_systime.o [1]
temp_Speed              0x2000'00ec    0x8  Data  Gb  MecanumWheelControl.o [1]
temp_Speed_W1           0x2000'0134    0xc  Data  Gb  MecanumWheelControl.o [1]
temp_Speed_W2           0x2000'0140    0xc  Data  Gb  MecanumWheelControl.o [1]
temp_Speed_W3           0x2000'014c    0xc  Data  Gb  MecanumWheelControl.o [1]
temp_Speed_W4           0x2000'0158    0xc  Data  Gb  MecanumWheelControl.o [1]
temp_Speed_buff         0x2000'0164    0xc  Data  Gb  MecanumWheelControl.o [1]
tft18delay_1us          0x6000'8aa5   0x16  Code  Gb  LQ_SGP18T.o [1]
timer                   0x2000'03b8   0x20  Data  Gb  m_systime.o [1]
usb1PllConfig_BOARD_BootClockRUN
                        0x6000'9588    0x2  Data  Gb  clock_config.o [1]


[1] = D:\智能车\麦轮信标\程序\RT1052\RT1052库\i.MX-RT1052-Library\sdram_release\obj
[2] = dl7M_tlf.a
[3] = m7M_tlv.a
[4] = rt7M_tl.a
[5] = shb_l.a

  35 672 bytes of readonly  code memory
     882 bytes of readonly  data memory
  34 112 bytes of readwrite data memory

Errors: none
Warnings: none
