###############################################################################
#
# IAR ELF Linker V8.30.1.114/W32 for ARM                  31/May/2019  20:54:26
# Copyright 2007-2018 IAR Systems AB.
#
#    Output file  =  
#        D:\智能车\麦轮信标\程序\RT1052\RT1052库\i.MX-RT1052-Library\sdram_release\LQ_RT1052LCD.bin
#    Map file     =  
#        D:\智能车\麦轮信标\程序\RT1052\RT1052库\i.MX-RT1052-Library\sdram_release\list\LQ_RT1052LCD.map
#    Command line =  
#        -f C:\Users\zhuzh\AppData\Local\Temp\EW2144.tmp
#        (D:\智能车\麦轮信标\程序\RT1052\RT1052库\i.MX-RT1052-Library\sdram_release\obj\AHRS.o
#        D:\智能车\麦轮信标\程序\RT1052\RT1052库\i.MX-RT1052-Library\sdram_release\obj\AP_Math.o
#        D:\智能车\麦轮信标\程序\RT1052\RT1052库\i.MX-RT1052-Library\sdram_release\obj\Appmain.o
#        D:\智能车\麦轮信标\程序\RT1052\RT1052库\i.MX-RT1052-Library\sdram_release\obj\AttitudeCalculation.o
#        D:\智能车\麦轮信标\程序\RT1052\RT1052库\i.MX-RT1052-Library\sdram_release\obj\board.o
#        D:\智能车\麦轮信标\程序\RT1052\RT1052库\i.MX-RT1052-Library\sdram_release\obj\clock_config.o
#        D:\智能车\麦轮信标\程序\RT1052\RT1052库\i.MX-RT1052-Library\sdram_release\obj\DebugFuction.o
#        D:\智能车\麦轮信标\程序\RT1052\RT1052库\i.MX-RT1052-Library\sdram_release\obj\fsl_adc.o
#        D:\智能车\麦轮信标\程序\RT1052\RT1052库\i.MX-RT1052-Library\sdram_release\obj\fsl_assert.o
#        D:\智能车\麦轮信标\程序\RT1052\RT1052库\i.MX-RT1052-Library\sdram_release\obj\fsl_clock.o
#        D:\智能车\麦轮信标\程序\RT1052\RT1052库\i.MX-RT1052-Library\sdram_release\obj\fsl_common.o
#        D:\智能车\麦轮信标\程序\RT1052\RT1052库\i.MX-RT1052-Library\sdram_release\obj\fsl_csi.o
#        D:\智能车\麦轮信标\程序\RT1052\RT1052库\i.MX-RT1052-Library\sdram_release\obj\fsl_debug_console.o
#        D:\智能车\麦轮信标\程序\RT1052\RT1052库\i.MX-RT1052-Library\sdram_release\obj\fsl_dmamux.o
#        D:\智能车\麦轮信标\程序\RT1052\RT1052库\i.MX-RT1052-Library\sdram_release\obj\fsl_edma.o
#        D:\智能车\麦轮信标\程序\RT1052\RT1052库\i.MX-RT1052-Library\sdram_release\obj\fsl_enc.o
#        D:\智能车\麦轮信标\程序\RT1052\RT1052库\i.MX-RT1052-Library\sdram_release\obj\fsl_flexio.o
#        D:\智能车\麦轮信标\程序\RT1052\RT1052库\i.MX-RT1052-Library\sdram_release\obj\fsl_flexio_camera.o
#        D:\智能车\麦轮信标\程序\RT1052\RT1052库\i.MX-RT1052-Library\sdram_release\obj\fsl_flexio_camera_edma.o
#        D:\智能车\麦轮信标\程序\RT1052\RT1052库\i.MX-RT1052-Library\sdram_release\obj\fsl_flexio_spi.o
#        D:\智能车\麦轮信标\程序\RT1052\RT1052库\i.MX-RT1052-Library\sdram_release\obj\fsl_flexio_spi_edma.o
#        D:\智能车\麦轮信标\程序\RT1052\RT1052库\i.MX-RT1052-Library\sdram_release\obj\fsl_flexspi.o
#        D:\智能车\麦轮信标\程序\RT1052\RT1052库\i.MX-RT1052-Library\sdram_release\obj\fsl_flexspi_nor_boot.o
#        D:\智能车\麦轮信标\程序\RT1052\RT1052库\i.MX-RT1052-Library\sdram_release\obj\fsl_gpio.o
#        D:\智能车\麦轮信标\程序\RT1052\RT1052库\i.MX-RT1052-Library\sdram_release\obj\fsl_gpt.o
#        D:\智能车\麦轮信标\程序\RT1052\RT1052库\i.MX-RT1052-Library\sdram_release\obj\fsl_io.o
#        D:\智能车\麦轮信标\程序\RT1052\RT1052库\i.MX-RT1052-Library\sdram_release\obj\fsl_log.o
#        D:\智能车\麦轮信标\程序\RT1052\RT1052库\i.MX-RT1052-Library\sdram_release\obj\fsl_lpi2c.o
#        D:\智能车\麦轮信标\程序\RT1052\RT1052库\i.MX-RT1052-Library\sdram_release\obj\fsl_lpspi.o
#        D:\智能车\麦轮信标\程序\RT1052\RT1052库\i.MX-RT1052-Library\sdram_release\obj\fsl_lpspi_edma.o
#        D:\智能车\麦轮信标\程序\RT1052\RT1052库\i.MX-RT1052-Library\sdram_release\obj\fsl_lpuart.o
#        D:\智能车\麦轮信标\程序\RT1052\RT1052库\i.MX-RT1052-Library\sdram_release\obj\fsl_lpuart_edma.o
#        D:\智能车\麦轮信标\程序\RT1052\RT1052库\i.MX-RT1052-Library\sdram_release\obj\fsl_pit.o
#        D:\智能车\麦轮信标\程序\RT1052\RT1052库\i.MX-RT1052-Library\sdram_release\obj\fsl_pwm.o
#        D:\智能车\麦轮信标\程序\RT1052\RT1052库\i.MX-RT1052-Library\sdram_release\obj\fsl_qtmr.o
#        D:\智能车\麦轮信标\程序\RT1052\RT1052库\i.MX-RT1052-Library\sdram_release\obj\fsl_semc.o
#        D:\智能车\麦轮信标\程序\RT1052\RT1052库\i.MX-RT1052-Library\sdram_release\obj\fsl_str.o
#        D:\智能车\麦轮信标\程序\RT1052\RT1052库\i.MX-RT1052-Library\sdram_release\obj\fsl_trng.o
#        D:\智能车\麦轮信标\程序\RT1052\RT1052库\i.MX-RT1052-Library\sdram_release\obj\fsl_usdhc.o
#        D:\智能车\麦轮信标\程序\RT1052\RT1052库\i.MX-RT1052-Library\sdram_release\obj\fsl_wdog.o
#        D:\智能车\麦轮信标\程序\RT1052\RT1052库\i.MX-RT1052-Library\sdram_release\obj\fsl_xbara.o
#        D:\智能车\麦轮信标\程序\RT1052\RT1052库\i.MX-RT1052-Library\sdram_release\obj\Inertial_Sensor.o
#        D:\智能车\麦轮信标\程序\RT1052\RT1052库\i.MX-RT1052-Library\sdram_release\obj\LQ_ADC.o
#        D:\智能车\麦轮信标\程序\RT1052\RT1052库\i.MX-RT1052-Library\sdram_release\obj\LQ_Encoder.o
#        D:\智能车\麦轮信标\程序\RT1052\RT1052库\i.MX-RT1052-Library\sdram_release\obj\LQ_IIC.o
#        D:\智能车\麦轮信标\程序\RT1052\RT1052库\i.MX-RT1052-Library\sdram_release\obj\LQ_KEY.o
#        D:\智能车\麦轮信标\程序\RT1052\RT1052库\i.MX-RT1052-Library\sdram_release\obj\LQ_LED.o
#        D:\智能车\麦轮信标\程序\RT1052\RT1052库\i.MX-RT1052-Library\sdram_release\obj\LQ_PIT.o
#        D:\智能车\麦轮信标\程序\RT1052\RT1052库\i.MX-RT1052-Library\sdram_release\obj\LQ_PWM.o
#        D:\智能车\麦轮信标\程序\RT1052\RT1052库\i.MX-RT1052-Library\sdram_release\obj\LQ_QTMR.o
#        D:\智能车\麦轮信标\程序\RT1052\RT1052库\i.MX-RT1052-Library\sdram_release\obj\LQ_SGP18T.o
#        D:\智能车\麦轮信标\程序\RT1052\RT1052库\i.MX-RT1052-Library\sdram_release\obj\LQ_SPI.o
#        D:\智能车\麦轮信标\程序\RT1052\RT1052库\i.MX-RT1052-Library\sdram_release\obj\LQ_TRNG.o
#        D:\智能车\麦轮信标\程序\RT1052\RT1052库\i.MX-RT1052-Library\sdram_release\obj\LQ_UART.o
#        D:\智能车\麦轮信标\程序\RT1052\RT1052库\i.MX-RT1052-Library\sdram_release\obj\LQ_WDog.o
#        D:\智能车\麦轮信标\程序\RT1052\RT1052库\i.MX-RT1052-Library\sdram_release\obj\m_systime.o
#        D:\智能车\麦轮信标\程序\RT1052\RT1052库\i.MX-RT1052-Library\sdram_release\obj\MecanumWheelControl.o
#        D:\智能车\麦轮信标\程序\RT1052\RT1052库\i.MX-RT1052-Library\sdram_release\obj\Pig_edma.o
#        D:\智能车\麦轮信标\程序\RT1052\RT1052库\i.MX-RT1052-Library\sdram_release\obj\Pig_SPI.o
#        D:\智能车\麦轮信标\程序\RT1052\RT1052库\i.MX-RT1052-Library\sdram_release\obj\PigMT9V032.o
#        D:\智能车\麦轮信标\程序\RT1052\RT1052库\i.MX-RT1052-Library\sdram_release\obj\pin_mux.o
#        D:\智能车\麦轮信标\程序\RT1052\RT1052库\i.MX-RT1052-Library\sdram_release\obj\startup_MIMXRT1052.o
#        D:\智能车\麦轮信标\程序\RT1052\RT1052库\i.MX-RT1052-Library\sdram_release\obj\status.o
#        D:\智能车\麦轮信标\程序\RT1052\RT1052库\i.MX-RT1052-Library\sdram_release\obj\system_MIMXRT1052.o
#        D:\智能车\麦轮信标\程序\RT1052\RT1052库\i.MX-RT1052-Library\sdram_release\obj\TFTDriver.o
#        D:\智能车\麦轮信标\程序\RT1052\RT1052库\i.MX-RT1052-Library\sdram_release\obj\xip_config.o
#        --no_out_extension -o
#        D:\智能车\麦轮信标\程序\RT1052\RT1052库\i.MX-RT1052-Library\sdram_release\LQ_RT1052LCD.bin
#        --keep image_vector_table --keep boot_data --keep dcd_data --map
#        D:\智能车\麦轮信标\程序\RT1052\RT1052库\i.MX-RT1052-Library\sdram_release\list\LQ_RT1052LCD.map
#        --config
#        D:\智能车\麦轮信标\程序\RT1052\RT1052库\i.MX-RT1052-Library\LQuserFlies\config\LQ_RT1052QSPI_Boot.icf
#        --semihosting --entry __iar_program_start --vfe --text_out locale)
#
###############################################################################

*******************************************************************************
*** RUNTIME MODEL ATTRIBUTES
***

CppFlavor       = *
__Heap_Handler  = DLMalloc
__SystemLibrary = DLib
__dlib_version  = 6


*******************************************************************************
*** HEAP SELECTION
***

The advanced heap was selected because the application calls memory
allocation functions outside of system library functions, and there
are calls to deallocation functions in the application.


*******************************************************************************
*** PLACEMENT SUMMARY
***

"A0":  place at 0x6000'2000 { ro section .intvec };
"A1":  place at 0x6000'0000 { section .boot_hdr.conf };
"A2":  place at 0x6000'1000 { section .boot_hdr.ivt };
"A3":  place at 0x6000'1020 { ro section .boot_hdr.boot_data };
"P1":  place in [from 0x6000'2000 to 0x6000'23ff] |
                [from 0x6000'2400 to 0x63ff'ffff] { ro };
define block RW { first rw, section m_usb_dma_init_data };
"P2":  place in [from 0x2000'0000 to 0x2001'7fff] { block RW };
define block ZI
   with alignment = 32 { first zi, section m_usb_dma_noninit_data };
"P3":  place in [from 0x2000'0000 to 0x2001'7fff] { block ZI };
define block CSTACK with size = 32K, alignment = 8 { };
"P5":  place in [from 0x2001'8000 to 0x2001'ffff] { block CSTACK };
initialize by copy { rw, section .textrw };
keep {
   section .boot_hdr.conf, section .boot_hdr.ivt, section .boot_hdr.boot_data,
   section .boot_hdr.dcd_data };

No sections matched the following patterns:

  ro section .boot_hdr.dcd_data   in "A4"
  section NonCacheable            in block NCACHE_VAR
  section NonCacheable.init       in block NCACHE_VAR
  section m_usb_dma_init_data     in block RW
  section m_usb_dma_noninit_data  in block ZI


  Section              Kind         Address    Size  Object
  -------              ----         -------    ----  ------
"P2-P3", part 1 of 2:                         0x1f0
  RW                            0x2000'0000   0x1f0  <Block>
    RW-1                        0x2000'0000   0x1f0  <Init block>
      .data            inited   0x2000'0000    0x48  Appmain.o [1]
      .data            inited   0x2000'0048     0x8  LQ_KEY.o [1]
      .data            inited   0x2000'0050    0x14  m_systime.o [1]
      .data            inited   0x2000'0064     0x4  MecanumWheelControl.o [1]
      .data            inited   0x2000'0068    0x7c  MecanumWheelControl.o [1]
      .data            inited   0x2000'00e4    0x88  MecanumWheelControl.o [1]
      .data            inited   0x2000'016c     0x4  system_MIMXRT1052.o [1]
      .data            inited   0x2000'0170    0x48  xfiles.o [2]
      .data            inited   0x2000'01b8    0x38  xlocale_c.o [2]
                              - 0x2000'01f0   0x1f0

"P2-P3", part 2 of 2:                         0x33c
  ZI                            0x2000'0200   0x33c  <Block>
    .bss               zero     0x2000'0200    0x14  Appmain.o [1]
    .bss               zero     0x2000'0214    0x18  DebugFuction.o [1]
    .bss               zero     0x2000'022c     0x4  fsl_clock.o [1]
    .bss               zero     0x2000'0230     0x4  fsl_clock.o [1]
    .bss               zero     0x2000'0234    0x80  fsl_edma.o [1]
    .bss               zero     0x2000'02b4    0x18  fsl_flexio.o [1]
    .bss               zero     0x2000'02cc     0x4  fsl_flexspi.o [1]
    .bss               zero     0x2000'02d0     0x8  fsl_io.o [1]
    .bss               zero     0x2000'02d8    0x30  fsl_lpi2c.o [1]
    .bss               zero     0x2000'0308    0x1c  fsl_lpspi.o [1]
    .bss               zero     0x2000'0324    0x10  fsl_usdhc.o [1]
    .bss               zero     0x2000'0334     0x1  LQ_UART.o [1]
    .bss               zero     0x2000'0338    0x64  LQ_UART.o [1]
    .bss               zero     0x2000'039c     0x1  LQ_UART.o [1]
    .bss               zero     0x2000'039d     0x1  LQ_UART.o [1]
    .bss               zero     0x2000'039e     0x1  LQ_UART.o [1]
    .bss               zero     0x2000'039f     0x1  LQ_UART.o [1]
    .bss               zero     0x2000'03a0     0x1  LQ_UART.o [1]
    .bss               zero     0x2000'03a8    0x20  m_systime.o [1]
    .bss               zero     0x2000'03c8   0x120  MecanumWheelControl.o [1]
    .bss               zero     0x2000'04e8    0x50  xfiles.o [2]
    .bss               zero     0x2000'0538     0x4  xfail_s.o [2]
                              - 0x2000'053c   0x33c

"P5":                                        0x8000
  CSTACK                        0x2001'8000  0x8000  <Block>
    CSTACK             uninit   0x2001'8000  0x8000  <Block tail>
                              - 0x2002'0000  0x8000

"A1":                                         0x200
  .boot_hdr.conf       const    0x6000'0000   0x200  xip_config.o [1]
                              - 0x6000'0200   0x200

"A2":                                          0x20
  .boot_hdr.ivt        const    0x6000'1000    0x20  fsl_flexspi_nor_boot.o [1]
                              - 0x6000'1020    0x20

"A3":                                          0x10
  .boot_hdr.boot_data  const    0x6000'1020    0x10  fsl_flexspi_nor_boot.o [1]
                              - 0x6000'1030    0x10

"A0":                                         0x400
  .intvec              ro code  0x6000'2000   0x400  startup_MIMXRT1052.o [1]
                              - 0x6000'2400   0x400

"P1":                                        0x7bc7
  .text                ro code  0x6000'2400   0xe26  xprintffull_nomb.o [2]
  .text                ro code  0x6000'3226    0x3a  zero_init3.o [4]
  .text                ro code  0x6000'3260    0x16  strchr.o [4]
  .rodata              const    0x6000'3276     0x2  fsl_flexspi_nor_boot.o [1]
  .text                ro code  0x6000'3278    0x40  xfail_s.o [2]
  .text                ro code  0x6000'32b8    0x36  strlen.o [4]
  .text                ro code  0x6000'32ee     0x2  startup_MIMXRT1052.o [1]
  .text                ro code  0x6000'32f0    0x58  memchr.o [4]
  .text                ro code  0x6000'3348   0x230  I64DivMod.o [4]
  .text                ro code  0x6000'3578    0x12  DblMul.o [3]
  .text                ro code  0x6000'358a     0x2  startup_MIMXRT1052.o [1]
  .text                ro code  0x6000'358c    0xa6  ABImemcpy.o [4]
  .text                ro code  0x6000'3632     0x2  startup_MIMXRT1052.o [1]
  .text                ro code  0x6000'3634    0x70  frexp.o [3]
  .text                ro code  0x6000'36a4    0x2e  DblCmpLe.o [3]
  .text                ro code  0x6000'36d2     0x2  startup_MIMXRT1052.o [1]
  .text                ro code  0x6000'36d4    0x2e  DblCmpGe.o [3]
  .text                ro code  0x6000'3702     0x2  startup_MIMXRT1052.o [1]
  .text                ro code  0x6000'3704   0x104  ldexp.o [3]
  .text                ro code  0x6000'3808     0xe  DblToS32.o [3]
  .text                ro code  0x6000'3816     0xe  S32ToDbl.o [3]
  .text                ro code  0x6000'3824    0x12  DblSub.o [3]
  .text                ro code  0x6000'3836    0x12  DblDiv.o [3]
  .text                ro code  0x6000'3848     0xe  DblToU32.o [3]
  .text                ro code  0x6000'3856     0xe  U32ToDbl.o [3]
  .text                ro code  0x6000'3864     0x8  xlocale_c.o [2]
  .text                ro code  0x6000'386c     0x6  abort.o [2]
  .text                ro code  0x6000'3872     0x2  startup_MIMXRT1052.o [1]
  .text                ro code  0x6000'3874     0x2  I64DivZer.o [4]
  .text                ro code  0x6000'3876     0x2  startup_MIMXRT1052.o [1]
  .text                ro code  0x6000'3878    0x14  exit.o [5]
  .text                ro code  0x6000'388c   0xb68  LQ_PWM.o [1]
  .text                ro code  0x6000'43f4    0x40  fsl_assert.o [1]
  .text                ro code  0x6000'4434    0x28  printf.o [2]
  .text                ro code  0x6000'445c   0x580  fsl_clock.o [1]
  .text                ro code  0x6000'49dc   0x584  fsl_pwm.o [1]
  .text                ro code  0x6000'4f60   0x124  fsl_debug_console.o [1]
  .text                ro code  0x6000'5084    0xd8  fsl_log.o [1]
  .text                ro code  0x6000'515c     0x6  ABImemclr4.o [4]
  .text                ro code  0x6000'5162   0x29a  fsl_str.o [1]
  .text                ro code  0x6000'53fc   0x128  fsl_io.o [1]
  .text                ro code  0x6000'5524    0x32  ABImemset48.o [4]
  .text                ro code  0x6000'5556     0x2  startup_MIMXRT1052.o [1]
  .text                ro code  0x6000'5558   0x610  fsl_lpuart.o [1]
  .text                ro code  0x6000'5b68   0xa9c  LQ_UART.o [1]
  .text                ro code  0x6000'6604   0x12c  DebugFuction.o [1]
  .text                ro code  0x6000'6730   0x788  MecanumWheelControl.o [1]
  .text                ro code  0x6000'6eb8    0x7c  LQ_PWM.o [1]
  .text                ro code  0x6000'6f34   0x2b8  LQ_Encoder.o [1]
  .text                ro code  0x6000'71ec   0x2d4  fsl_gpio.o [1]
  .text                ro code  0x6000'74c0   0x1e2  fsl_xbara.o [1]
  .text                ro code  0x6000'76a4   0x304  fsl_enc.o [1]
  .text                ro code  0x6000'79a8   0x61c  pin_mux.o [1]
  .text                ro code  0x6000'7fc4   0x4dc  fsl_edma.o [1]
  .text                ro code  0x6000'84a0   0x472  clock_config.o [1]
  .text                ro code  0x6000'8914   0x33c  LQ_PIT.o [1]
  .text                ro code  0x6000'8c50   0x1f2  fsl_pit.o [1]
  .text                ro code  0x6000'8e44   0x332  system_MIMXRT1052.o [1]
  .text                ro code  0x6000'9178   0x2c0  board.o [1]
  .text                ro code  0x6000'9438   0x288  fsl_flexspi.o [1]
  .text                ro code  0x6000'96c0   0x1a4  fsl_lpspi.o [1]
  .text                ro code  0x6000'9864   0x158  Appmain.o [1]
  .text                ro code  0x6000'99bc   0x12c  m_systime.o [1]
  .text                ro code  0x6000'9ae8    0x9c  packbits_init.o [4]
  .text                ro code  0x6000'9b84    0x6c  fsl_lpi2c.o [1]
  .text                ro code  0x6000'9bf0    0x48  LQ_KEY.o [1]
  .text                ro code  0x6000'9c38    0x2e  fsl_flexio.o [1]
  .text                ro code  0x6000'9c68    0x28  startup_MIMXRT1052.o [1]
  .text                ro code  0x6000'9c90    0x28  data_init.o [4]
  .text                ro code  0x6000'9cb8    0x24  fsl_usdhc.o [1]
  .text                ro code  0x6000'9cdc    0x22  fpinit_M.o [3]
  .iar.init_table      const    0x6000'9d00    0x2c  - Linker created -
  .rodata              const    0x6000'9d2c    0x20  LQ_PWM.o [1]
  .text                ro code  0x6000'9d4c    0x1e  cmain.o [4]
  .text                ro code  0x6000'9d6a     0x4  low_level_init.o [2]
  .text                ro code  0x6000'9d6e     0x4  exit.o [2]
  .text                ro code  0x6000'9d74     0xa  cexit.o [4]
  .text                ro code  0x6000'9d7e    0x16  xprout.o [2]
  .text                ro code  0x6000'9d94     0xc  putchar.o [2]
  .text                ro code  0x6000'9da0     0xc  cstartup_M.o [4]
  .text                ro code  0x6000'9dac     0x8  startup_MIMXRT1052.o [1]
  .text                ro code  0x6000'9db4     0x8  startup_MIMXRT1052.o [1]
  .text                ro code  0x6000'9dbc     0x8  startup_MIMXRT1052.o [1]
  .text                ro code  0x6000'9dc4     0x8  startup_MIMXRT1052.o [1]
  .text                ro code  0x6000'9dcc     0x8  startup_MIMXRT1052.o [1]
  .text                ro code  0x6000'9dd4     0x8  startup_MIMXRT1052.o [1]
  .text                ro code  0x6000'9ddc     0x8  startup_MIMXRT1052.o [1]
  .text                ro code  0x6000'9de4     0x8  startup_MIMXRT1052.o [1]
  .text                ro code  0x6000'9dec     0x8  startup_MIMXRT1052.o [1]
  .text                ro code  0x6000'9df4     0x8  startup_MIMXRT1052.o [1]
  .text                ro code  0x6000'9dfc     0x8  startup_MIMXRT1052.o [1]
  .text                ro code  0x6000'9e04     0x8  startup_MIMXRT1052.o [1]
  .text                ro code  0x6000'9e0c     0x8  startup_MIMXRT1052.o [1]
  .text                ro code  0x6000'9e14     0x8  startup_MIMXRT1052.o [1]
  .text                ro code  0x6000'9e1c     0x8  startup_MIMXRT1052.o [1]
  .text                ro code  0x6000'9e24     0x8  startup_MIMXRT1052.o [1]
  .text                ro code  0x6000'9e2c     0x8  startup_MIMXRT1052.o [1]
  .text                ro code  0x6000'9e34     0x8  startup_MIMXRT1052.o [1]
  .text                ro code  0x6000'9e3c     0x8  startup_MIMXRT1052.o [1]
  .text                ro code  0x6000'9e44     0x8  startup_MIMXRT1052.o [1]
  .text                ro code  0x6000'9e4c     0x8  startup_MIMXRT1052.o [1]
  .text                ro code  0x6000'9e54     0x8  startup_MIMXRT1052.o [1]
  .text                ro code  0x6000'9e5c     0x8  startup_MIMXRT1052.o [1]
  .text                ro code  0x6000'9e64     0x8  startup_MIMXRT1052.o [1]
  .text                ro code  0x6000'9e6c     0x8  startup_MIMXRT1052.o [1]
  .text                ro code  0x6000'9e74     0x8  startup_MIMXRT1052.o [1]
  .text                ro code  0x6000'9e7c     0x8  startup_MIMXRT1052.o [1]
  .text                ro code  0x6000'9e84     0x8  startup_MIMXRT1052.o [1]
  .text                ro code  0x6000'9e8c     0x8  startup_MIMXRT1052.o [1]
  .text                ro code  0x6000'9e94     0x8  startup_MIMXRT1052.o [1]
  .text                ro code  0x6000'9e9c     0x8  startup_MIMXRT1052.o [1]
  .text                ro code  0x6000'9ea4     0x8  startup_MIMXRT1052.o [1]
  .text                ro code  0x6000'9eac     0x8  startup_MIMXRT1052.o [1]
  .text                ro code  0x6000'9eb4     0x8  startup_MIMXRT1052.o [1]
  .text                ro code  0x6000'9ebc     0x8  startup_MIMXRT1052.o [1]
  .text                ro code  0x6000'9ec4     0x8  startup_MIMXRT1052.o [1]
  .text                ro code  0x6000'9ecc     0x8  startup_MIMXRT1052.o [1]
  .text                ro code  0x6000'9ed4     0x8  startup_MIMXRT1052.o [1]
  .text                ro code  0x6000'9edc     0x8  startup_MIMXRT1052.o [1]
  .rodata              const    0x6000'9ee4     0x4  xlocale_c.o [2]
  .text                ro code  0x6000'9ee8     0x4  startup_MIMXRT1052.o [1]
  .rodata              const    0x6000'9eec     0x0  zero_init3.o [4]
  .rodata              const    0x6000'9eec     0x0  packbits_init.o [4]
  Initializer bytes    const    0x6000'9eec    0xdb  <for RW-1>
                              - 0x6000'9fc7  0x7bc7

Unused ranges:

         From           To        Size
         ----           --        ----
  0x2000'01f0  0x2000'01ff        0x10
  0x2000'053c  0x2001'7fff    0x1'7ac4
  0x6000'9fc7  0x63ff'ffff  0x3ff'6039


*******************************************************************************
*** INIT TABLE
***

          Address      Size
          -------      ----
Zero (__iar_zero_init3)
    1 destination range, total size 0x33c:
          0x2000'0200  0x33c

Copy/packbits (__iar_packbits_init3)
    1 source range, total size 0xdb (44% of destination):
          0x6000'9eec   0xdb
    1 destination range, total size 0x1f0:
          0x2000'0000  0x1f0



*******************************************************************************
*** MODULE SUMMARY
***

    Module                  ro code  ro data  rw data
    ------                  -------  -------  -------
command line/config:
    -------------------------------------------------
    Total:

D:\智能车\麦轮信标\程序\RT1052\RT1052库\i.MX-RT1052-Library\sdram_release\obj: [1]
    Appmain.o                   344       31       92
    DebugFuction.o              300                24
    LQ_Encoder.o                696
    LQ_KEY.o                     72        4        8
    LQ_PIT.o                    828
    LQ_PWM.o                  3 044       32
    LQ_UART.o                 2 716               106
    MecanumWheelControl.o     1 928      116      552
    board.o                     704
    clock_config.o            1 138
    fsl_assert.o                 64
    fsl_clock.o               1 408                 8
    fsl_debug_console.o         292
    fsl_edma.o                1 244               128
    fsl_enc.o                   772
    fsl_flexio.o                 46                24
    fsl_flexspi.o               648                 4
    fsl_flexspi_nor_boot.o                50
    fsl_gpio.o                  724
    fsl_io.o                    296                 8
    fsl_log.o                   216
    fsl_lpi2c.o                 108                48
    fsl_lpspi.o                 420                28
    fsl_lpuart.o              1 552
    fsl_pit.o                   498
    fsl_pwm.o                 1 412
    fsl_str.o                   666
    fsl_usdhc.o                  36                16
    fsl_xbara.o                 482
    m_systime.o                 300        9       52
    pin_mux.o                 1 564
    startup_MIMXRT1052.o      1 396
    system_MIMXRT1052.o         818        2        4
    xip_config.o                         512
    -------------------------------------------------
    Total:                   26 732      756    1 102

dl7M_tlf.a: [2]
    abort.o                       6
    exit.o                        4
    low_level_init.o              4
    printf.o                     40
    putchar.o                    12
    xfail_s.o                    64                 4
    xfiles.o                              32      152
    xlocale_c.o                   8       29       56
    xprintffull_nomb.o        3 622
    xprout.o                     22
    -------------------------------------------------
    Total:                    3 782       61      212

m7M_tlv.a: [3]
    DblCmpGe.o                   46
    DblCmpLe.o                   46
    DblDiv.o                     18
    DblMul.o                     18
    DblSub.o                     18
    DblToS32.o                   14
    DblToU32.o                   14
    S32ToDbl.o                   14
    U32ToDbl.o                   14
    fpinit_M.o                   34
    frexp.o                     112
    ldexp.o                     260
    -------------------------------------------------
    Total:                      608

rt7M_tl.a: [4]
    ABImemclr4.o                  6
    ABImemcpy.o                 166
    ABImemset48.o                50
    I64DivMod.o                 560
    I64DivZer.o                   2
    cexit.o                      10
    cmain.o                      30
    cstartup_M.o                 12
    data_init.o                  40
    memchr.o                     88
    packbits_init.o             156
    strchr.o                     22
    strlen.o                     54
    zero_init3.o                 58
    -------------------------------------------------
    Total:                    1 254

shb_l.a: [5]
    exit.o                       20
    -------------------------------------------------
    Total:                       20

    Gaps                         12        2       10
    Linker created                        44   32 768
-----------------------------------------------------
    Grand Total:             32 408      863   34 092


*******************************************************************************
*** ENTRY LIST
***

Entry                       Address   Size  Type      Object
-----                       -------   ----  ----      ------
.iar.init_table$$Base   0x6000'9d00          --   Gb  - Linker created -
.iar.init_table$$Limit  0x6000'9d2c          --   Gb  - Linker created -
?main                   0x6000'9d4d         Code  Gb  cmain.o [4]
ARM_MPU_Disable         0x6000'9195   0x1e  Code  Lc  board.o [1]
ARM_MPU_Enable          0x6000'9179   0x1c  Code  Lc  board.o [1]
BOARD_BootClockRUN      0x6000'8565  0x22a  Code  Gb  clock_config.o [1]
BOARD_ConfigMPU         0x6000'9359   0x72  Code  Gb  board.o [1]
BOARD_DebugConsoleSrcFreq
                        0x6000'9305   0x3c  Code  Gb  board.o [1]
BOARD_InitDEBUG_UARTPins
                        0x6000'7a91   0x64  Code  Gb  pin_mux.o [1]
BOARD_InitDebugConsole  0x6000'9341   0x18  Code  Gb  board.o [1]
BOARD_InitSDRAMPins     0x6000'7b05  0x384  Code  Gb  pin_mux.o [1]
CLOCK_ControlGate       0x6000'76a5   0x3e  Code  Lc  fsl_enc.o [1]
CLOCK_ControlGate       0x6000'71ed   0x3e  Code  Lc  fsl_gpio.o [1]
CLOCK_ControlGate       0x6000'5559   0x40  Code  Lc  fsl_lpuart.o [1]
CLOCK_ControlGate       0x6000'8c51   0x3e  Code  Lc  fsl_pit.o [1]
CLOCK_ControlGate       0x6000'49dd   0x3e  Code  Lc  fsl_pwm.o [1]
CLOCK_ControlGate       0x6000'74c1   0x3e  Code  Lc  fsl_xbara.o [1]
CLOCK_ControlGate       0x6000'6f35   0x3e  Code  Lc  LQ_Encoder.o [1]
CLOCK_ControlGate       0x6000'38e9   0x40  Code  Lc  LQ_PWM.o [1]
CLOCK_ControlGate       0x6000'5ce3   0x40  Code  Lc  LQ_UART.o [1]
CLOCK_ControlGate       0x6000'6731   0x40  Code  Lc  MecanumWheelControl.o [1]
CLOCK_ControlGate       0x6000'79a9   0x40  Code  Lc  pin_mux.o [1]
CLOCK_EnableClock       0x6000'76e9    0x4  Code  Lc  fsl_enc.o [1]
CLOCK_EnableClock       0x6000'7231    0x4  Code  Lc  fsl_gpio.o [1]
CLOCK_EnableClock       0x6000'5615    0x4  Code  Lc  fsl_lpuart.o [1]
CLOCK_EnableClock       0x6000'8c8f    0x4  Code  Lc  fsl_pit.o [1]
CLOCK_EnableClock       0x6000'4a21    0x4  Code  Lc  fsl_pwm.o [1]
CLOCK_EnableClock       0x6000'74ff    0x4  Code  Lc  fsl_xbara.o [1]
CLOCK_EnableClock       0x6000'6f73    0x4  Code  Lc  LQ_Encoder.o [1]
CLOCK_EnableClock       0x6000'3929    0x4  Code  Lc  LQ_PWM.o [1]
CLOCK_EnableClock       0x6000'5d23    0x4  Code  Lc  LQ_UART.o [1]
CLOCK_EnableClock       0x6000'6771    0x4  Code  Lc  MecanumWheelControl.o [1]
CLOCK_EnableClock       0x6000'7a65    0x4  Code  Lc  pin_mux.o [1]
CLOCK_GetDiv            0x6000'92cf   0x24  Code  Lc  board.o [1]
CLOCK_GetDiv            0x6000'5cbf   0x24  Code  Lc  LQ_UART.o [1]
CLOCK_GetFreq           0x6000'4551  0x12a  Code  Gb  fsl_clock.o [1]
CLOCK_GetMux            0x6000'92ab   0x24  Code  Lc  board.o [1]
CLOCK_GetMux            0x6000'5c3f   0x24  Code  Lc  LQ_UART.o [1]
CLOCK_GetOscFreq        0x6000'92f3   0x12  Code  Lc  board.o [1]
CLOCK_GetOscFreq        0x6000'445d   0x18  Code  Lc  fsl_clock.o [1]
CLOCK_GetOscFreq        0x6000'5d27   0x18  Code  Lc  LQ_UART.o [1]
CLOCK_GetPeriphClkFreq  0x6000'44b7   0x98  Code  Lc  fsl_clock.o [1]
CLOCK_GetPllBypassRefClk
                        0x6000'44a1   0x16  Code  Lc  fsl_clock.o [1]
CLOCK_GetPllFreq        0x6000'473d  0x15e  Code  Gb  fsl_clock.o [1]
CLOCK_GetPllFreq::enetRefClkFreq
                        0x6000'49cc   0x10  Data  Lc  fsl_clock.o [1]
CLOCK_GetRtcFreq        0x6000'4475    0x6  Code  Lc  fsl_clock.o [1]
CLOCK_GetSysPfdFreq     0x6000'48c1   0x58  Code  Gb  fsl_clock.o [1]
CLOCK_GetUsb1PfdFreq    0x6000'4919   0x58  Code  Gb  fsl_clock.o [1]
CLOCK_InitArmPll        0x6000'467d   0x40  Code  Gb  fsl_clock.o [1]
CLOCK_InitSysPfd        0x6000'489b   0x26  Code  Gb  fsl_clock.o [1]
CLOCK_InitSysPll        0x6000'46bd   0x40  Code  Gb  fsl_clock.o [1]
CLOCK_InitUsb1Pll       0x6000'46fd   0x40  Code  Gb  fsl_clock.o [1]
CLOCK_IsPllBypassed     0x6000'447b   0x10  Code  Lc  fsl_clock.o [1]
CLOCK_IsPllEnabled      0x6000'448b   0x16  Code  Lc  fsl_clock.o [1]
CLOCK_SetDiv            0x6000'84fd   0x5a  Code  Lc  clock_config.o [1]
CLOCK_SetDiv            0x6000'89e5   0x5a  Code  Lc  LQ_PIT.o [1]
CLOCK_SetDiv            0x6000'388d   0x5c  Code  Lc  LQ_PWM.o [1]
CLOCK_SetDiv            0x6000'5c63   0x5c  Code  Lc  LQ_UART.o [1]
CLOCK_SetMux            0x6000'84a1   0x5a  Code  Lc  clock_config.o [1]
CLOCK_SetMux            0x6000'8989   0x5a  Code  Lc  LQ_PIT.o [1]
CLOCK_SetMux            0x6000'5be3   0x5c  Code  Lc  LQ_UART.o [1]
CLOCK_SetRtcXtalFreq    0x6000'855d    0x6  Code  Lc  clock_config.o [1]
CLOCK_SetXtalFreq       0x6000'8557    0x6  Code  Lc  clock_config.o [1]
CSTACK$$Base            0x2001'8000          --   Gb  - Linker created -
CSTACK$$Limit           0x2002'0000          --   Gb  - Linker created -
CalTargetSpeed_EachWheel
                        0x6000'695f   0x68  Code  Gb  MecanumWheelControl.o [1]
Car_Speed_Rotate        0x2000'0068   0x48  Data  Gb  MecanumWheelControl.o [1]
ControlValue_Closeloop  0x2000'00b0   0x10  Data  Gb  MecanumWheelControl.o [1]
ConvertRadixNumToString
                        0x6000'5163   0x7e  Code  Lc  fsl_str.o [1]
DMA0_DMA16_DriverIRQHandler
                        0x6000'80dd   0x36  Code  Gb  fsl_edma.o [1]
DMA10_DMA26_DriverIRQHandler
                        0x6000'82fb   0x34  Code  Gb  fsl_edma.o [1]
DMA11_DMA27_DriverIRQHandler
                        0x6000'832f   0x32  Code  Gb  fsl_edma.o [1]
DMA12_DMA28_DriverIRQHandler
                        0x6000'8361   0x32  Code  Gb  fsl_edma.o [1]
DMA13_DMA29_DriverIRQHandler
                        0x6000'8393   0x32  Code  Gb  fsl_edma.o [1]
DMA14_DMA30_DriverIRQHandler
                        0x6000'83c5   0x32  Code  Gb  fsl_edma.o [1]
DMA15_DMA31_DriverIRQHandler
                        0x6000'83f7   0x32  Code  Gb  fsl_edma.o [1]
DMA1_DMA17_DriverIRQHandler
                        0x6000'8113   0x36  Code  Gb  fsl_edma.o [1]
DMA2_DMA18_DriverIRQHandler
                        0x6000'8149   0x36  Code  Gb  fsl_edma.o [1]
DMA3_DMA19_DriverIRQHandler
                        0x6000'8181   0x36  Code  Gb  fsl_edma.o [1]
DMA4_DMA20_DriverIRQHandler
                        0x6000'81b7   0x36  Code  Gb  fsl_edma.o [1]
DMA5_DMA21_DriverIRQHandler
                        0x6000'81ed   0x36  Code  Gb  fsl_edma.o [1]
DMA6_DMA22_DriverIRQHandler
                        0x6000'8223   0x36  Code  Gb  fsl_edma.o [1]
DMA7_DMA23_DriverIRQHandler
                        0x6000'8259   0x36  Code  Gb  fsl_edma.o [1]
DMA8_DMA24_DriverIRQHandler
                        0x6000'828f   0x36  Code  Gb  fsl_edma.o [1]
DMA9_DMA25_DriverIRQHandler
                        0x6000'82c5   0x36  Code  Gb  fsl_edma.o [1]
D_Set                   0x2000'0018   0x10  Data  Gb  Appmain.o [1]
DbgConsole_Init         0x6000'4f61   0x30  Code  Gb  fsl_debug_console.o [1]
DbgConsole_Printf       0x6000'4f91   0x2e  Code  Gb  fsl_debug_console.o [1]
DbgConsole_RelocateLog  0x6000'4fc1   0x3a  Code  Lc  fsl_debug_console.o [1]
DeadBand_Set            0x2000'0038   0x10  Data  Gb  Appmain.o [1]
EDMA_GetChannelStatusFlags
                        0x6000'7fc5   0x46  Code  Gb  fsl_edma.o [1]
EDMA_HandleIRQ          0x6000'8021   0xae  Code  Gb  fsl_edma.o [1]
ENC_DoSoftwareLoadInitialPositionValue
                        0x6000'7847   0x10  Code  Gb  fsl_enc.o [1]
ENC_GetDefaultConfig    0x6000'7805   0x42  Code  Gb  fsl_enc.o [1]
ENC_GetInstance         0x6000'76ed   0x32  Code  Lc  fsl_enc.o [1]
ENC_GetPositionDifferenceValue
                        0x6000'6775    0x4  Code  Lc  MecanumWheelControl.o [1]
ENC_Init                0x6000'771f   0xe6  Code  Gb  fsl_enc.o [1]
EnableIRQ               0x6000'8a3f   0x18  Code  Lc  LQ_PIT.o [1]
EnableIRQ               0x6000'5d3f   0x18  Code  Lc  LQ_UART.o [1]
EncoderDirectionPort    0x2000'0110   0x10  Data  Gb  MecanumWheelControl.o [1]
EncoderMeasure_Init     0x6000'6ad5   0x98  Code  Gb  MecanumWheelControl.o [1]
Encoder_ENCIndex        0x2000'0100   0x10  Data  Gb  MecanumWheelControl.o [1]
Encoder_PORTIndex_Direction
                        0x2000'0120   0x10  Data  Gb  MecanumWheelControl.o [1]
FLEXIO1_DriverIRQHandler
                        0x6000'9c61    0x2  Code  Gb  fsl_flexio.o [1]
FLEXIO2_DriverIRQHandler
                        0x6000'9c63    0x2  Code  Gb  fsl_flexio.o [1]
FLEXIO_CommonIRQHandler
                        0x6000'9c39   0x20  Code  Gb  fsl_flexio.o [1]
FLEXSPI_CheckAndClearError
                        0x6000'944b   0x5e  Code  Gb  fsl_flexspi.o [1]
FLEXSPI_ClearInterruptStatusFlags
                        0x6000'9443    0x8  Code  Lc  fsl_flexspi.o [1]
FLEXSPI_DisableInterrupts
                        0x6000'9439    0xa  Code  Lc  fsl_flexspi.o [1]
FLEXSPI_DriverIRQHandler
                        0x6000'9639    0x8  Code  Gb  fsl_flexspi.o [1]
FLEXSPI_TransferAbort   0x6000'94ad   0x2a  Code  Gb  fsl_flexspi.o [1]
FLEXSPI_TransferHandleIRQ
                        0x6000'94d7  0x162  Code  Gb  fsl_flexspi.o [1]
Flag_Reverse            0x2000'00e4    0x4  Data  Gb  MecanumWheelControl.o [1]
GPIO5_Combined_0_15_IRQHandler
                        0x6000'9bfb   0x2e  Code  Gb  LQ_KEY.o [1]
GPIO_GetInstance        0x6000'7239   0x2e  Code  Lc  fsl_gpio.o [1]
GPIO_GetPinsInterruptFlags
                        0x6000'9bf5    0x2  Code  Lc  LQ_KEY.o [1]
GPIO_PinInit            0x6000'7269   0x4c  Code  Gb  fsl_gpio.o [1]
GPIO_PinRead            0x6000'6779   0x26  Code  Lc  MecanumWheelControl.o [1]
GPIO_PinSetInterruptConfig
                        0x6000'72ed   0x7c  Code  Gb  fsl_gpio.o [1]
GPIO_PinWrite           0x6000'72b5   0x38  Code  Gb  fsl_gpio.o [1]
GPIO_PortClearInterruptFlags
                        0x6000'9bf7    0x4  Code  Lc  LQ_KEY.o [1]
GPIO_PortGetInterruptFlags
                        0x6000'9bf1    0x4  Code  Lc  LQ_KEY.o [1]
GPIO_SetPinInterruptConfig
                        0x6000'7235    0x2  Code  Lc  fsl_gpio.o [1]
GetPIDControlValue      0x6000'6829  0x106  Code  Gb  MecanumWheelControl.o [1]
GetSpeed                0x6000'6be9   0x66  Code  Gb  MecanumWheelControl.o [1]
IOMUXC_SetPinConfig     0x6000'6f93    0xc  Code  Lc  LQ_Encoder.o [1]
IOMUXC_SetPinConfig     0x6000'3949    0xc  Code  Lc  LQ_PWM.o [1]
IOMUXC_SetPinConfig     0x6000'5d73    0xc  Code  Lc  LQ_UART.o [1]
IOMUXC_SetPinConfig     0x6000'7a85    0xc  Code  Lc  pin_mux.o [1]
IOMUXC_SetPinMux        0x6000'6f77   0x1c  Code  Lc  LQ_Encoder.o [1]
IOMUXC_SetPinMux        0x6000'392d   0x1c  Code  Lc  LQ_PWM.o [1]
IOMUXC_SetPinMux        0x6000'5d57   0x1c  Code  Lc  LQ_UART.o [1]
IOMUXC_SetPinMux        0x6000'679f   0x1c  Code  Lc  MecanumWheelControl.o [1]
IOMUXC_SetPinMux        0x6000'7a69   0x1c  Code  Lc  pin_mux.o [1]
IO_Init                 0x6000'5429   0x52  Code  Gb  fsl_io.o [1]
IO_Transfer             0x6000'547b   0x2c  Code  Gb  fsl_io.o [1]
I_Set                   0x2000'0028   0x10  Data  Gb  Appmain.o [1]
I_limit                 0x2000'0000    0x4  Data  Gb  Appmain.o [1]
InitAll                 0x6000'98d1   0x46  Code  Gb  Appmain.o [1]
LOG_Init                0x6000'5085   0x1a  Code  Gb  fsl_log.o [1]
LOG_Pop                 0x6000'50c7   0x1a  Code  Gb  fsl_log.o [1]
LOG_Push                0x6000'50a1   0x26  Code  Gb  fsl_log.o [1]
LPI2C1_DriverIRQHandler
                        0x6000'9bc3    0x6  Code  Gb  fsl_lpi2c.o [1]
LPI2C2_DriverIRQHandler
                        0x6000'9bc9    0x6  Code  Gb  fsl_lpi2c.o [1]
LPI2C3_DriverIRQHandler
                        0x6000'9bcf    0x6  Code  Gb  fsl_lpi2c.o [1]
LPI2C4_DriverIRQHandler
                        0x6000'9bd5    0x6  Code  Gb  fsl_lpi2c.o [1]
LPI2C_CommonIRQHandler  0x6000'9b85   0x3e  Code  Lc  fsl_lpi2c.o [1]
LPSPI1_DriverIRQHandler
                        0x6000'96f1   0x28  Code  Gb  fsl_lpspi.o [1]
LPSPI2_DriverIRQHandler
                        0x6000'9719   0x28  Code  Gb  fsl_lpspi.o [1]
LPSPI3_DriverIRQHandler
                        0x6000'9741   0x28  Code  Gb  fsl_lpspi.o [1]
LPSPI4_DriverIRQHandler
                        0x6000'9769   0x28  Code  Gb  fsl_lpspi.o [1]
LPSPI_CommonIRQHandler  0x6000'96c9   0x24  Code  Lc  fsl_lpspi.o [1]
LPSPI_IsMaster          0x6000'96c1    0x8  Code  Lc  fsl_lpspi.o [1]
LPUART1_IRQHandler      0x6000'6327   0x22  Code  Gb  LQ_UART.o [1]
LPUART2_IRQHandler      0x6000'6349    0xa  Code  Gb  LQ_UART.o [1]
LPUART3_IRQHandler      0x6000'6353   0x14  Code  Gb  LQ_UART.o [1]
LPUART4_IRQHandler      0x6000'6367   0x2c  Code  Gb  LQ_UART.o [1]
LPUART4_IRQHandler::res
                        0x2000'039c    0x1  Data  Lc  LQ_UART.o [1]
LPUART5_IRQHandler      0x6000'6393   0x2c  Code  Gb  LQ_UART.o [1]
LPUART5_IRQHandler::res
                        0x2000'039d    0x1  Data  Lc  LQ_UART.o [1]
LPUART6_IRQHandler      0x6000'63bf   0x2c  Code  Gb  LQ_UART.o [1]
LPUART6_IRQHandler::res
                        0x2000'039e    0x1  Data  Lc  LQ_UART.o [1]
LPUART7_IRQHandler      0x6000'63eb   0x2c  Code  Gb  LQ_UART.o [1]
LPUART7_IRQHandler::res
                        0x2000'039f    0x1  Data  Lc  LQ_UART.o [1]
LPUART8_IRQHandler      0x6000'6417   0x2c  Code  Gb  LQ_UART.o [1]
LPUART8_IRQHandler::res
                        0x2000'03a0    0x1  Data  Lc  LQ_UART.o [1]
LPUART_ClearStatusFlags
                        0x6000'593b   0x38  Code  Gb  fsl_lpuart.o [1]
LPUART_EnableInterrupts
                        0x6000'5901   0x2a  Code  Gb  fsl_lpuart.o [1]
LPUART_EnableRx         0x6000'5413   0x16  Code  Lc  fsl_io.o [1]
LPUART_EnableTx         0x6000'53fd   0x16  Code  Lc  fsl_io.o [1]
LPUART_GetDefaultConfig
                        0x6000'58c1   0x40  Code  Gb  fsl_lpuart.o [1]
LPUART_GetInstance      0x6000'562d   0x2e  Code  Gb  fsl_lpuart.o [1]
LPUART_GetStatusFlags   0x6000'592b   0x10  Code  Gb  fsl_lpuart.o [1]
LPUART_Init             0x6000'56c1  0x200  Code  Gb  fsl_lpuart.o [1]
LPUART_RX_BUF           0x2000'0338   0x64  Data  Gb  LQ_UART.o [1]
LPUART_ReadBlocking     0x6000'59ad   0xb4  Code  Gb  fsl_lpuart.o [1]
LPUART_ReadByte         0x6000'6605   0x26  Code  Lc  DebugFuction.o [1]
LPUART_ReadByte         0x6000'5d7f   0x26  Code  Lc  LQ_UART.o [1]
LPUART_SoftwareReset    0x6000'5619   0x12  Code  Lc  fsl_lpuart.o [1]
LPUART_WriteBlocking    0x6000'5975   0x36  Code  Gb  fsl_lpuart.o [1]
LQ_ENC_Init             0x6000'706f   0xc2  Code  Gb  LQ_Encoder.o [1]
LQ_ENC_InitPin          0x6000'6fa1   0xce  Code  Gb  LQ_Encoder.o [1]
LQ_GetUartSrcFreq       0x6000'5da7   0x42  Code  Gb  LQ_UART.o [1]
LQ_PIT_Init             0x6000'8aa1   0x78  Code  Gb  LQ_PIT.o [1]
LQ_PWMA_B_SetDuty       0x6000'6eb9   0x7c  Code  Gb  LQ_PWM.o [1]
LQ_PWM_Init             0x6000'4043  0x122  Code  Gb  LQ_PWM.o [1]
LQ_PWM_InitPins         0x6000'3a81  0x5c2  Code  Gb  LQ_PWM.o [1]
LQ_QSPI_BOOT_SDRAM_INIT
                        0x6000'8ed3  0x17e  Code  Gb  system_MIMXRT1052.o [1]
LQ_UART_Init            0x6000'5de9  0x534  Code  Gb  LQ_UART.o [1]
LQ_UART_PutChar         0x6000'631d    0xa  Code  Gb  LQ_UART.o [1]
LoadInt                 0x6000'25af   0x7a  Code  Lc  xprintffull_nomb.o [2]
Max_output              0x2000'0004    0x4  Data  Gb  Appmain.o [1]
MotorOutput             0x6000'69c7  0x10e  Code  Gb  MecanumWheelControl.o [1]
Motor_init              0x6000'67bb   0x46  Code  Gb  MecanumWheelControl.o [1]
NVIC_EncodePriority     0x6000'8951   0x36  Code  Lc  LQ_PIT.o [1]
NVIC_EncodePriority     0x6000'5bad   0x36  Code  Lc  LQ_UART.o [1]
PIDControl_Constructor  0x6000'6801   0x28  Code  Gb  MecanumWheelControl.o [1]
PIDControl_FunctionDefine
                        0x6000'693d   0x14  Code  Gb  MecanumWheelControl.o [1]
PID_Speedloop_init      0x6000'6cf3   0x6e  Code  Gb  MecanumWheelControl.o [1]
PIT0_Flag               0x2000'0200    0x2  Data  Gb  Appmain.o [1]
PIT_ClearStatusFlags    0x6000'9891    0xa  Code  Lc  Appmain.o [1]
PIT_EnableInterrupts    0x6000'8a75   0x10  Code  Lc  LQ_PIT.o [1]
PIT_GetDefaultConfig    0x6000'8a59   0x1c  Code  Lc  LQ_PIT.o [1]
PIT_GetInstance         0x6000'8c95   0x2a  Code  Lc  fsl_pit.o [1]
PIT_GetStatusFlags      0x6000'9883    0xe  Code  Lc  Appmain.o [1]
PIT_IRQHandler          0x6000'9917   0x80  Code  Gb  Appmain.o [1]
PIT_Init                0x6000'8cc9   0x4a  Code  Gb  fsl_pit.o [1]
PIT_SetTimerPeriod      0x6000'8a85    0xa  Code  Lc  LQ_PIT.o [1]
PIT_StartTimer          0x6000'8a8f   0x12  Code  Lc  LQ_PIT.o [1]
PWM_GetDefaultConfig    0x6000'4b99   0x34  Code  Gb  fsl_pwm.o [1]
PWM_GetInstance         0x6000'4a25   0x32  Code  Lc  fsl_pwm.o [1]
PWM_Init                0x6000'4a59  0x140  Code  Gb  fsl_pwm.o [1]
PWM_SetPwmLdok          0x6000'3967   0x22  Code  Lc  LQ_PWM.o [1]
PWM_SetupPwm            0x6000'4bcd  0x1fa  Code  Gb  fsl_pwm.o [1]
PWM_StartTimer          0x6000'3955   0x12  Code  Lc  LQ_PWM.o [1]
PWM_UpdateDuty          0x6000'3989   0xf8  Code  Gb  LQ_PWM.o [1]
P_Set                   0x2000'0008   0x10  Data  Gb  Appmain.o [1]
Para_Refresh            0x6000'692f    0xe  Code  Gb  MecanumWheelControl.o [1]
RS_Now                  0x2000'00d8    0xc  Data  Gb  MecanumWheelControl.o [1]
RW$$Base                0x2000'0000          --   Gb  - Linker created -
RW$$Limit               0x2000'01f0          --   Gb  - Linker created -
ReceiveBuff             0x2000'0218    0x4  Data  Gb  DebugFuction.o [1]
ReceiveCMD_Remote       0x6000'6697   0x90  Code  Gb  DebugFuction.o [1]
ReceiveIndex            0x2000'0220    0x4  Data  Gb  DebugFuction.o [1]
Region$$Table$$Base     0x6000'9d00          --   Gb  - Linker created -
Region$$Table$$Limit    0x6000'9d2c          --   Gb  - Linker created -
RemoteData              0x2000'0214    0x4  Data  Gb  DebugFuction.o [1]
RemoteInit              0x6000'662b    0xa  Code  Gb  DebugFuction.o [1]
Remote_CMD_ReceiveStatus
                        0x2000'021d    0x1  Data  Gb  DebugFuction.o [1]
Rotate_sp               0x2000'00d0    0x4  Data  Gb  MecanumWheelControl.o [1]
SCB_DisableDCache       0x6000'9259   0x52  Code  Lc  board.o [1]
SCB_DisableICache       0x6000'91e1   0x26  Code  Lc  board.o [1]
SCB_EnableDCache        0x6000'9207   0x52  Code  Lc  board.o [1]
SCB_EnableDCache        0x6000'8e73   0x52  Code  Lc  system_MIMXRT1052.o [1]
SCB_EnableICache        0x6000'91b3   0x2e  Code  Lc  board.o [1]
SCB_EnableICache        0x6000'8e45   0x2e  Code  Lc  system_MIMXRT1052.o [1]
SDRAM_WaitIpCmdDone     0x6000'8ec5    0xe  Code  Gb  system_MIMXRT1052.o [1]
SendRemoteCMDData       0x6000'6635   0x62  Code  Gb  DebugFuction.o [1]
Series_Speed            0x2000'00d4    0x4  Data  Gb  MecanumWheelControl.o [1]
SetSpeed_FromRemote_Analog
                        0x6000'6c69   0x8a  Code  Gb  MecanumWheelControl.o [1]
SetTargetSpeed_Car      0x6000'6951    0xe  Code  Gb  MecanumWheelControl.o [1]
Sort_MAX_N              0x6000'6b6d   0x32  Code  Gb  MecanumWheelControl.o [1]
SpeedClean              0x6000'6c4f   0x16  Code  Gb  MecanumWheelControl.o [1]
SpeedCount              0x2000'00f0   0x10  Data  Gb  MecanumWheelControl.o [1]
Speed_get               0x2000'00c0   0x10  Data  Gb  MecanumWheelControl.o [1]
Speed_watch             0x2000'0204   0x10  Data  Gb  Appmain.o [1]
StartReceive            0x2000'021c    0x1  Data  Gb  DebugFuction.o [1]
StrFormatPrintf         0x6000'51e1  0x21c  Code  Gb  fsl_str.o [1]
SysTick_Config          0x6000'99d7   0x28  Code  Lc  m_systime.o [1]
SysTick_Handler         0x6000'9a25    0xc  Code  Gb  m_systime.o [1]
SystemCoreClock         0x2000'016c    0x4  Data  Gb  system_MIMXRT1052.o [1]
SystemInit              0x6000'9051   0x88  Code  Gb  system_MIMXRT1052.o [1]
USDHC1_DriverIRQHandler
                        0x6000'9cb9    0xa  Code  Gb  fsl_usdhc.o [1]
USDHC2_DriverIRQHandler
                        0x6000'9cc3    0xa  Code  Gb  fsl_usdhc.o [1]
WheelControl            0x2000'03c8  0x120  Data  Gb  MecanumWheelControl.o [1]
Wheels_PWMChannel       0x2000'0064    0x4  Data  Gb  MecanumWheelControl.o [1]
XBARA_GetInstance       0x6000'7505   0x2a  Code  Lc  fsl_xbara.o [1]
XBARA_Init              0x6000'7531   0x14  Code  Gb  fsl_xbara.o [1]
XBARA_SetSignalsConnection
                        0x6000'7545   0x26  Code  Gb  fsl_xbara.o [1]
ZI$$Base                0x2000'0200          --   Gb  - Linker created -
ZI$$Limit               0x2000'053c          --   Gb  - Linker created -
_GenldFullNoMb          0x6000'2f25  0x274  Code  Lc  xprintffull_nomb.o [2]
_LdtobFullNoMb          0x6000'2af9  0x400  Code  Lc  xprintffull_nomb.o [2]
_LitobFullNoMb          0x6000'29a1  0x112  Code  Lc  xprintffull_nomb.o [2]
_Locale_lconv           0x2000'01b8   0x38  Data  Lc  xlocale_c.o [2]
_PrintfFullNoMb         0x6000'2401  0x19e  Code  Gb  xprintffull_nomb.o [2]
_Prout                  0x6000'9d7f   0x16  Code  Gb  xprout.o [2]
_PutcharsFullNoMb       0x6000'3199   0x2e  Code  Lc  xprintffull_nomb.o [2]
_PutfldFullNoMb         0x6000'2629  0x26c  Code  Lc  xprintffull_nomb.o [2]
_PuttxtFullNoMb         0x6000'2895  0x10c  Code  Lc  xprintffull_nomb.o [2]
__NVIC_EnableIRQ        0x6000'891f   0x18  Code  Lc  LQ_PIT.o [1]
__NVIC_EnableIRQ        0x6000'5b75   0x1a  Code  Lc  LQ_UART.o [1]
__NVIC_GetPriorityGrouping
                        0x6000'8915    0xa  Code  Lc  LQ_PIT.o [1]
__NVIC_GetPriorityGrouping
                        0x6000'5b69    0xc  Code  Lc  LQ_UART.o [1]
__NVIC_SetPriority      0x6000'8937   0x1a  Code  Lc  LQ_PIT.o [1]
__NVIC_SetPriority      0x6000'5b8f   0x1e  Code  Lc  LQ_UART.o [1]
__NVIC_SetPriority      0x6000'99bd   0x1a  Code  Lc  m_systime.o [1]
__NVIC_SetPriorityGrouping
                        0x6000'9865   0x1e  Code  Lc  Appmain.o [1]
__RAM_VECTOR_TABLE_SIZE {Abs}
                                0x0         Data  Gb  <internal module>
__VECTOR_RAM {Abs}      0x6000'2000         Data  Gb  <internal module>
__VECTOR_TABLE {Abs}    0x6000'2000         Data  Gb  <internal module>
__Vectors               0x6000'2000          --   Gb  startup_MIMXRT1052.o [1]
__Vectors_End           0x6000'2400         Data  Gb  startup_MIMXRT1052.o [1]
__Vectors_Size {Abs}          0x400          --   Gb  startup_MIMXRT1052.o [1]
__aeabi_assert          0x6000'43f5   0x12  Code  Gb  fsl_assert.o [1]
__aeabi_cdcmple         0x6000'36a5         Code  Gb  DblCmpLe.o [3]
__aeabi_cdrcmple        0x6000'36d5         Code  Gb  DblCmpGe.o [3]
__aeabi_d2iz            0x6000'3809    0xe  Code  Gb  DblToS32.o [3]
__aeabi_d2uiz           0x6000'3849    0xe  Code  Gb  DblToU32.o [3]
__aeabi_ddiv            0x6000'3837   0x12  Code  Gb  DblDiv.o [3]
__aeabi_dmul            0x6000'3579   0x12  Code  Gb  DblMul.o [3]
__aeabi_dsub            0x6000'3825   0x12  Code  Gb  DblSub.o [3]
__aeabi_i2d             0x6000'3817    0xe  Code  Gb  S32ToDbl.o [3]
__aeabi_ldiv0           0x6000'3875         Code  Gb  I64DivZer.o [4]
__aeabi_memclr4         0x6000'515d         Code  Gb  ABImemclr4.o [4]
__aeabi_memcpy          0x6000'358d         Code  Gb  ABImemcpy.o [4]
__aeabi_memcpy4         0x6000'35ad         Code  Gb  ABImemcpy.o [4]
__aeabi_memcpy8         0x6000'35ad         Code  Gb  ABImemcpy.o [4]
__aeabi_ui2d            0x6000'3857    0xe  Code  Gb  U32ToDbl.o [3]
__aeabi_uldivmod        0x6000'3349         Code  Gb  I64DivMod.o [4]
__cmain                 0x6000'9d4d         Code  Gb  cmain.o [4]
__exit                  0x6000'3879   0x14  Code  Gb  exit.o [5]
__iar_Fail_s            0x6000'3279   0x1c  Code  Gb  xfail_s.o [2]
__iar_Memchr            0x6000'32f1         Code  Gb  memchr.o [4]
__iar_Memset4_word      0x6000'5525         Code  Gb  ABImemset48.o [4]
__iar_Memset8_word      0x6000'5525         Code  Gb  ABImemset48.o [4]
__iar_Stdout            0x2000'0170   0x48  Data  Gb  xfiles.o [2]
__iar_Strchr            0x6000'3261         Code  Gb  strchr.o [4]
__iar_data_init3        0x6000'9c91   0x28  Code  Gb  data_init.o [4]
__iar_frexp             0x6000'3641         Code  Gb  frexp.o [3]
__iar_frexpl            0x6000'3641         Code  Gb  frexp.o [3]
__iar_init_vfp          0x6000'9cdd         Code  Gb  fpinit_M.o [3]
__iar_ldexp64           0x6000'3719         Code  Gb  ldexp.o [3]
__iar_packbits_init3    0x6000'9ae9   0x9c  Code  Gb  packbits_init.o [4]
__iar_program_start     0x6000'9da1         Code  Gb  cstartup_M.o [4]
__iar_scalbln64         0x6000'3719         Code  Gb  ldexp.o [3]
__iar_scalbn64          0x6000'3719         Code  Gb  ldexp.o [3]
__iar_softfp___iar_frexp64
                        0x6000'3635         Code  Gb  frexp.o [3]
__iar_softfp___iar_ldexp64
                        0x6000'3705         Code  Gb  ldexp.o [3]
__iar_softfp___iar_scalbln64
                        0x6000'3705         Code  Gb  ldexp.o [3]
__iar_softfp___iar_scalbn64
                        0x6000'3705         Code  Gb  ldexp.o [3]
__iar_softfp_frexp      0x6000'3635         Code  Gb  frexp.o [3]
__iar_softfp_frexpl     0x6000'3635         Code  Gb  frexp.o [3]
__iar_softfp_ldexp      0x6000'3705         Code  Gb  ldexp.o [3]
__iar_softfp_ldexpl     0x6000'3705         Code  Gb  ldexp.o [3]
__iar_softfp_scalbln    0x6000'3705         Code  Gb  ldexp.o [3]
__iar_softfp_scalblnl   0x6000'3705         Code  Gb  ldexp.o [3]
__iar_softfp_scalbn     0x6000'3705         Code  Gb  ldexp.o [3]
__iar_softfp_scalbnl    0x6000'3705         Code  Gb  ldexp.o [3]
__iar_zero_init3        0x6000'3227   0x3a  Code  Gb  zero_init3.o [4]
__low_level_init        0x6000'9d6b    0x4  Code  Gb  low_level_init.o [2]
__vector_table          0x6000'2000         Data  Gb  startup_MIMXRT1052.o [1]
__vector_table_0x1c     0x6000'201c         Data  Gb  startup_MIMXRT1052.o [1]
_call_main              0x6000'9d59         Code  Gb  cmain.o [4]
_exit                   0x6000'9d75         Code  Gb  cexit.o [4]
_main                   0x6000'9d67         Code  Gb  cmain.o [4]
_systime                0x2000'0050   0x14  Data  Gb  m_systime.o [1]
abort                   0x6000'386d    0x6  Code  Gb  abort.o [2]
armPllConfig_BOARD_BootClockRUN
                        0x6000'88f8    0x8  Data  Gb  clock_config.o [1]
boot_data               0x6000'1020   0x10  Data  Gb  fsl_flexspi_nor_boot.o [1]
count_error_left        0x2000'0224    0x4  Data  Gb  DebugFuction.o [1]
count_error_right       0x2000'0228    0x4  Data  Gb  DebugFuction.o [1]
dcd_data                0x6000'3276    0x2  Data  Gb  fsl_flexspi_nor_boot.o [1]
delay_ms                0x6000'9ac3    0xa  Code  Gb  m_systime.o [1]
delay_us                0x6000'9a5d   0x66  Code  Gb  m_systime.o [1]
exit                    0x6000'9d6f    0x4  Code  Gb  exit.o [2]
fiter_Medium            0x6000'6b9f   0x4a  Code  Gb  MecanumWheelControl.o [1]
fputc                   0x6000'5da5    0x2  Code  Gb  LQ_UART.o [1]
g_InputSignal           0x2000'0048    0x1  Data  Gb  LQ_KEY.o [1]
g_rtcXtalFreq           0x2000'0230    0x4  Data  Gb  fsl_clock.o [1]
g_xtalFreq              0x2000'022c    0x4  Data  Gb  fsl_clock.o [1]
get_current_time_ms     0x6000'9a31   0x12  Code  Gb  m_systime.o [1]
get_current_time_us     0x6000'9a43   0x1a  Code  Gb  m_systime.o [1]
image_vector_table      0x6000'1000   0x20  Data  Gb  fsl_flexspi_nor_boot.o [1]
key_ok                  0x2000'004c    0x4  Data  Gb  LQ_KEY.o [1]
ldexp                   0x6000'3719         Code  Gb  ldexp.o [3]
ldexpl                  0x6000'3719         Code  Gb  ldexp.o [3]
localeconv              0x6000'3865    0x4  Code  Gb  xlocale_c.o [2]
m_boot_hdr_conf_start {Abs}
                        0x6000'0000         Data  Gb  <internal module>
main                    0x6000'989b   0x36  Code  Gb  Appmain.o [1]
memchr                  0x6000'32f1         Code  Gb  memchr.o [4]
obuf                    0x2000'04e8   0x50  Data  Lc  xfiles.o [2]
printf                  0x6000'4435   0x28  Code  Gb  printf.o [2]
putchar                 0x6000'9d95    0xc  Code  Gb  putchar.o [2]
qspi_config             0x6000'0000  0x200  Data  Gb  xip_config.o [1]
res                     0x2000'0334    0x1  Data  Gb  LQ_UART.o [1]
s_EDMAHandle            0x2000'0234   0x80  Data  Lc  fsl_edma.o [1]
s_debugConsoleIO        0x2000'02d0    0x8  Data  Lc  fsl_io.o [1]
s_encBases              0x6000'7988   0x14  Data  Lc  fsl_enc.o [1]
s_encClocks             0x6000'799c    0xc  Data  Lc  fsl_enc.o [1]
s_flexioHandle          0x2000'02b4    0x8  Data  Lc  fsl_flexio.o [1]
s_flexioIsr             0x2000'02c4    0x8  Data  Lc  fsl_flexio.o [1]
s_flexioType            0x2000'02bc    0x8  Data  Lc  fsl_flexio.o [1]
s_flexspiHandle         0x2000'02cc    0x4  Data  Lc  fsl_flexspi.o [1]
s_gpioBases             0x6000'749c   0x18  Data  Lc  fsl_gpio.o [1]
s_gpioClock             0x6000'74b4    0xc  Data  Lc  fsl_gpio.o [1]
s_lpi2cMasterHandle     0x2000'02dc   0x14  Data  Lc  fsl_lpi2c.o [1]
s_lpi2cMasterIsr        0x2000'02d8    0x4  Data  Lc  fsl_lpi2c.o [1]
s_lpi2cSlaveHandle      0x2000'02f4   0x14  Data  Lc  fsl_lpi2c.o [1]
s_lpi2cSlaveIsr         0x2000'02f0    0x4  Data  Lc  fsl_lpi2c.o [1]
s_lpspiHandle           0x2000'0308   0x14  Data  Lc  fsl_lpspi.o [1]
s_lpspiMasterIsr        0x2000'031c    0x4  Data  Lc  fsl_lpspi.o [1]
s_lpspiSlaveIsr         0x2000'0320    0x4  Data  Lc  fsl_lpspi.o [1]
s_lpuartBases           0x6000'565c   0x24  Data  Lc  fsl_lpuart.o [1]
s_lpuartClock           0x6000'5b54   0x14  Data  Lc  fsl_lpuart.o [1]
s_pitClocks             0x6000'8e40    0x2  Data  Lc  fsl_pit.o [1]
s_pwmBases              0x6000'4f24   0x14  Data  Lc  fsl_pwm.o [1]
s_pwmClocks             0x6000'4f38   0x28  Data  Lc  fsl_pwm.o [1]
s_usdhcHandle           0x2000'0324    0xc  Data  Lc  fsl_usdhc.o [1]
s_usdhcIsr              0x2000'0330    0x4  Data  Lc  fsl_usdhc.o [1]
s_xbaraClock            0x6000'76a0    0x2  Data  Lc  fsl_xbara.o [1]
scalbln                 0x6000'3719         Code  Gb  ldexp.o [3]
scalblnl                0x6000'3719         Code  Gb  ldexp.o [3]
scalbn                  0x6000'3719         Code  Gb  ldexp.o [3]
scalbnl                 0x6000'3719         Code  Gb  ldexp.o [3]
scale                   0x6000'2ab3   0x46  Code  Lc  xprintffull_nomb.o [2]
sec_hand                0x2000'0538    0x4  Data  Lc  xfail_s.o [2]
strchr                  0x6000'3261         Code  Gb  strchr.o [4]
strlen                  0x6000'32b9         Code  Gb  strlen.o [4]
sysPllConfig_BOARD_BootClockRUN
                        0x6000'8900   0x10  Data  Gb  clock_config.o [1]
systime_init            0x6000'99ff   0x26  Code  Gb  m_systime.o [1]
temp_Speed              0x2000'00e8    0x8  Data  Gb  MecanumWheelControl.o [1]
temp_Speed_W1           0x2000'0130    0xc  Data  Gb  MecanumWheelControl.o [1]
temp_Speed_W2           0x2000'013c    0xc  Data  Gb  MecanumWheelControl.o [1]
temp_Speed_W3           0x2000'0148    0xc  Data  Gb  MecanumWheelControl.o [1]
temp_Speed_W4           0x2000'0154    0xc  Data  Gb  MecanumWheelControl.o [1]
temp_Speed_buff         0x2000'0160    0xc  Data  Gb  MecanumWheelControl.o [1]
timer                   0x2000'03a8   0x20  Data  Gb  m_systime.o [1]
usb1PllConfig_BOARD_BootClockRUN
                        0x6000'8910    0x2  Data  Gb  clock_config.o [1]


[1] = D:\智能车\麦轮信标\程序\RT1052\RT1052库\i.MX-RT1052-Library\sdram_release\obj
[2] = dl7M_tlf.a
[3] = m7M_tlv.a
[4] = rt7M_tl.a
[5] = shb_l.a

  32 408 bytes of readonly  code memory
     863 bytes of readonly  data memory
  34 092 bytes of readwrite data memory

Errors: none
Warnings: none
