###############################################################################
#
# IAR ELF Linker V8.30.1.114/W32 for ARM                  29/Jun/2019  16:33:45
# Copyright 2007-2018 IAR Systems AB.
#
#    Output file  =  
#        D:\智能车\麦轮信标\程序\RT1052\RT1052库\i.MX-RT1052-Library\sdram_release\LQ_RT1052LCD.bin
#    Map file     =  
#        D:\智能车\麦轮信标\程序\RT1052\RT1052库\i.MX-RT1052-Library\sdram_release\list\LQ_RT1052LCD.map
#    Command line =  
#        -f C:\Users\zhuzh\AppData\Local\Temp\EWD769.tmp
#        (D:\智能车\麦轮信标\程序\RT1052\RT1052库\i.MX-RT1052-Library\sdram_release\obj\AHRS.o
#        D:\智能车\麦轮信标\程序\RT1052\RT1052库\i.MX-RT1052-Library\sdram_release\obj\AP_Math.o
#        D:\智能车\麦轮信标\程序\RT1052\RT1052库\i.MX-RT1052-Library\sdram_release\obj\Appmain.o
#        D:\智能车\麦轮信标\程序\RT1052\RT1052库\i.MX-RT1052-Library\sdram_release\obj\AttitudeCalculation.o
#        D:\智能车\麦轮信标\程序\RT1052\RT1052库\i.MX-RT1052-Library\sdram_release\obj\AvoidObstacle.o
#        D:\智能车\麦轮信标\程序\RT1052\RT1052库\i.MX-RT1052-Library\sdram_release\obj\board.o
#        D:\智能车\麦轮信标\程序\RT1052\RT1052库\i.MX-RT1052-Library\sdram_release\obj\clock_config.o
#        D:\智能车\麦轮信标\程序\RT1052\RT1052库\i.MX-RT1052-Library\sdram_release\obj\DebugFuction.o
#        D:\智能车\麦轮信标\程序\RT1052\RT1052库\i.MX-RT1052-Library\sdram_release\obj\fsl_adc.o
#        D:\智能车\麦轮信标\程序\RT1052\RT1052库\i.MX-RT1052-Library\sdram_release\obj\fsl_assert.o
#        D:\智能车\麦轮信标\程序\RT1052\RT1052库\i.MX-RT1052-Library\sdram_release\obj\fsl_clock.o
#        D:\智能车\麦轮信标\程序\RT1052\RT1052库\i.MX-RT1052-Library\sdram_release\obj\fsl_common.o
#        D:\智能车\麦轮信标\程序\RT1052\RT1052库\i.MX-RT1052-Library\sdram_release\obj\fsl_csi.o
#        D:\智能车\麦轮信标\程序\RT1052\RT1052库\i.MX-RT1052-Library\sdram_release\obj\fsl_debug_console.o
#        D:\智能车\麦轮信标\程序\RT1052\RT1052库\i.MX-RT1052-Library\sdram_release\obj\fsl_dmamux.o
#        D:\智能车\麦轮信标\程序\RT1052\RT1052库\i.MX-RT1052-Library\sdram_release\obj\fsl_edma.o
#        D:\智能车\麦轮信标\程序\RT1052\RT1052库\i.MX-RT1052-Library\sdram_release\obj\fsl_enc.o
#        D:\智能车\麦轮信标\程序\RT1052\RT1052库\i.MX-RT1052-Library\sdram_release\obj\fsl_flexio.o
#        D:\智能车\麦轮信标\程序\RT1052\RT1052库\i.MX-RT1052-Library\sdram_release\obj\fsl_flexio_camera.o
#        D:\智能车\麦轮信标\程序\RT1052\RT1052库\i.MX-RT1052-Library\sdram_release\obj\fsl_flexio_camera_edma.o
#        D:\智能车\麦轮信标\程序\RT1052\RT1052库\i.MX-RT1052-Library\sdram_release\obj\fsl_flexio_spi.o
#        D:\智能车\麦轮信标\程序\RT1052\RT1052库\i.MX-RT1052-Library\sdram_release\obj\fsl_flexio_spi_edma.o
#        D:\智能车\麦轮信标\程序\RT1052\RT1052库\i.MX-RT1052-Library\sdram_release\obj\fsl_flexspi.o
#        D:\智能车\麦轮信标\程序\RT1052\RT1052库\i.MX-RT1052-Library\sdram_release\obj\fsl_flexspi_nor_boot.o
#        D:\智能车\麦轮信标\程序\RT1052\RT1052库\i.MX-RT1052-Library\sdram_release\obj\fsl_gpio.o
#        D:\智能车\麦轮信标\程序\RT1052\RT1052库\i.MX-RT1052-Library\sdram_release\obj\fsl_gpt.o
#        D:\智能车\麦轮信标\程序\RT1052\RT1052库\i.MX-RT1052-Library\sdram_release\obj\fsl_io.o
#        D:\智能车\麦轮信标\程序\RT1052\RT1052库\i.MX-RT1052-Library\sdram_release\obj\fsl_log.o
#        D:\智能车\麦轮信标\程序\RT1052\RT1052库\i.MX-RT1052-Library\sdram_release\obj\fsl_lpi2c.o
#        D:\智能车\麦轮信标\程序\RT1052\RT1052库\i.MX-RT1052-Library\sdram_release\obj\fsl_lpspi.o
#        D:\智能车\麦轮信标\程序\RT1052\RT1052库\i.MX-RT1052-Library\sdram_release\obj\fsl_lpspi_edma.o
#        D:\智能车\麦轮信标\程序\RT1052\RT1052库\i.MX-RT1052-Library\sdram_release\obj\fsl_lpuart.o
#        D:\智能车\麦轮信标\程序\RT1052\RT1052库\i.MX-RT1052-Library\sdram_release\obj\fsl_lpuart_edma.o
#        D:\智能车\麦轮信标\程序\RT1052\RT1052库\i.MX-RT1052-Library\sdram_release\obj\fsl_pit.o
#        D:\智能车\麦轮信标\程序\RT1052\RT1052库\i.MX-RT1052-Library\sdram_release\obj\fsl_pwm.o
#        D:\智能车\麦轮信标\程序\RT1052\RT1052库\i.MX-RT1052-Library\sdram_release\obj\fsl_qtmr.o
#        D:\智能车\麦轮信标\程序\RT1052\RT1052库\i.MX-RT1052-Library\sdram_release\obj\fsl_sccb.o
#        D:\智能车\麦轮信标\程序\RT1052\RT1052库\i.MX-RT1052-Library\sdram_release\obj\fsl_semc.o
#        D:\智能车\麦轮信标\程序\RT1052\RT1052库\i.MX-RT1052-Library\sdram_release\obj\fsl_str.o
#        D:\智能车\麦轮信标\程序\RT1052\RT1052库\i.MX-RT1052-Library\sdram_release\obj\fsl_trng.o
#        D:\智能车\麦轮信标\程序\RT1052\RT1052库\i.MX-RT1052-Library\sdram_release\obj\fsl_usdhc.o
#        D:\智能车\麦轮信标\程序\RT1052\RT1052库\i.MX-RT1052-Library\sdram_release\obj\fsl_wdog.o
#        D:\智能车\麦轮信标\程序\RT1052\RT1052库\i.MX-RT1052-Library\sdram_release\obj\fsl_xbara.o
#        D:\智能车\麦轮信标\程序\RT1052\RT1052库\i.MX-RT1052-Library\sdram_release\obj\Inertial_Sensor.o
#        D:\智能车\麦轮信标\程序\RT1052\RT1052库\i.MX-RT1052-Library\sdram_release\obj\LQ_ADC.o
#        D:\智能车\麦轮信标\程序\RT1052\RT1052库\i.MX-RT1052-Library\sdram_release\obj\LQ_Encoder.o
#        D:\智能车\麦轮信标\程序\RT1052\RT1052库\i.MX-RT1052-Library\sdram_release\obj\LQ_IIC.o
#        D:\智能车\麦轮信标\程序\RT1052\RT1052库\i.MX-RT1052-Library\sdram_release\obj\LQ_KEY.o
#        D:\智能车\麦轮信标\程序\RT1052\RT1052库\i.MX-RT1052-Library\sdram_release\obj\LQ_LED.o
#        D:\智能车\麦轮信标\程序\RT1052\RT1052库\i.MX-RT1052-Library\sdram_release\obj\LQ_MPU6050.o
#        D:\智能车\麦轮信标\程序\RT1052\RT1052库\i.MX-RT1052-Library\sdram_release\obj\LQ_PIT.o
#        D:\智能车\麦轮信标\程序\RT1052\RT1052库\i.MX-RT1052-Library\sdram_release\obj\LQ_PWM.o
#        D:\智能车\麦轮信标\程序\RT1052\RT1052库\i.MX-RT1052-Library\sdram_release\obj\LQ_QTMR.o
#        D:\智能车\麦轮信标\程序\RT1052\RT1052库\i.MX-RT1052-Library\sdram_release\obj\LQ_SGP18T.o
#        D:\智能车\麦轮信标\程序\RT1052\RT1052库\i.MX-RT1052-Library\sdram_release\obj\LQ_SPI.o
#        D:\智能车\麦轮信标\程序\RT1052\RT1052库\i.MX-RT1052-Library\sdram_release\obj\LQ_TRNG.o
#        D:\智能车\麦轮信标\程序\RT1052\RT1052库\i.MX-RT1052-Library\sdram_release\obj\LQ_UART.o
#        D:\智能车\麦轮信标\程序\RT1052\RT1052库\i.MX-RT1052-Library\sdram_release\obj\LQ_WDog.o
#        D:\智能车\麦轮信标\程序\RT1052\RT1052库\i.MX-RT1052-Library\sdram_release\obj\m_systime.o
#        D:\智能车\麦轮信标\程序\RT1052\RT1052库\i.MX-RT1052-Library\sdram_release\obj\MecanumWheelControl.o
#        D:\智能车\麦轮信标\程序\RT1052\RT1052库\i.MX-RT1052-Library\sdram_release\obj\Pig_edma.o
#        D:\智能车\麦轮信标\程序\RT1052\RT1052库\i.MX-RT1052-Library\sdram_release\obj\Pig_SPI.o
#        D:\智能车\麦轮信标\程序\RT1052\RT1052库\i.MX-RT1052-Library\sdram_release\obj\PigMT9V032.o
#        D:\智能车\麦轮信标\程序\RT1052\RT1052库\i.MX-RT1052-Library\sdram_release\obj\pin_mux.o
#        D:\智能车\麦轮信标\程序\RT1052\RT1052库\i.MX-RT1052-Library\sdram_release\obj\startup_MIMXRT1052.o
#        D:\智能车\麦轮信标\程序\RT1052\RT1052库\i.MX-RT1052-Library\sdram_release\obj\status.o
#        D:\智能车\麦轮信标\程序\RT1052\RT1052库\i.MX-RT1052-Library\sdram_release\obj\system_MIMXRT1052.o
#        D:\智能车\麦轮信标\程序\RT1052\RT1052库\i.MX-RT1052-Library\sdram_release\obj\TFTDriver.o
#        D:\智能车\麦轮信标\程序\RT1052\RT1052库\i.MX-RT1052-Library\sdram_release\obj\xip_config.o
#        --no_out_extension -o
#        D:\智能车\麦轮信标\程序\RT1052\RT1052库\i.MX-RT1052-Library\sdram_release\LQ_RT1052LCD.bin
#        --keep image_vector_table --keep boot_data --keep dcd_data --map
#        D:\智能车\麦轮信标\程序\RT1052\RT1052库\i.MX-RT1052-Library\sdram_release\list\LQ_RT1052LCD.map
#        --config
#        D:\智能车\麦轮信标\程序\RT1052\RT1052库\i.MX-RT1052-Library\LQuserFlies\config\LQ_RT1052QSPI_Boot.icf
#        --semihosting --entry __iar_program_start --vfe --text_out locale)
#
###############################################################################

*******************************************************************************
*** RUNTIME MODEL ATTRIBUTES
***

CppFlavor       = *
__Heap_Handler  = DLMalloc
__SystemLibrary = DLib
__dlib_version  = 6


*******************************************************************************
*** HEAP SELECTION
***

The advanced heap was selected because the application calls memory
allocation functions outside of system library functions, and there
are calls to deallocation functions in the application.


*******************************************************************************
*** PLACEMENT SUMMARY
***

"A0":  place at 0x6000'2000 { ro section .intvec };
"A1":  place at 0x6000'0000 { section .boot_hdr.conf };
"A2":  place at 0x6000'1000 { section .boot_hdr.ivt };
"A3":  place at 0x6000'1020 { ro section .boot_hdr.boot_data };
"P1":  place in [from 0x6000'2000 to 0x6000'23ff] |
                [from 0x6000'2400 to 0x63ff'ffff] { ro };
define block RW { first rw, section m_usb_dma_init_data };
"P2":  place in [from 0x2000'0000 to 0x2001'7fff] { block RW };
define block ZI
   with alignment = 32 { first zi, section m_usb_dma_noninit_data };
"P3":  place in [from 0x2000'0000 to 0x2001'7fff] { block ZI };
define block HEAP with size = 1M, alignment = 8 { };
"P4":  place in [from 0x8000'0000 to 0x817f'ffff] { last block HEAP };
define block CSTACK with size = 32K, alignment = 8 { };
"P5":  place in [from 0x2001'8000 to 0x2001'ffff] { block CSTACK };
initialize by copy { rw, section .textrw };
keep {
   section .boot_hdr.conf, section .boot_hdr.ivt, section .boot_hdr.boot_data,
   section .boot_hdr.dcd_data };

No sections matched the following patterns:

  ro section .boot_hdr.dcd_data   in "A4"
  section NonCacheable            in block NCACHE_VAR
  section NonCacheable.init       in block NCACHE_VAR
  section m_usb_dma_init_data     in block RW
  section m_usb_dma_noninit_data  in block ZI


  Section              Kind         Address      Size  Object
  -------              ----         -------      ----  ------
"P2-P3", part 1 of 2:                           0x2f9
  RW                            0x2000'0000     0x2f9  <Block>
    RW-1                        0x2000'0000     0x2f9  <Init block>
      .data            inited   0x2000'0000      0x58  Appmain.o [1]
      .data            inited   0x2000'0058      0x50  Appmain.o [1]
      .data            inited   0x2000'00a8      0x20  DebugFuction.o [1]
      .data            inited   0x2000'00c8       0x8  LQ_KEY.o [1]
      .data            inited   0x2000'00d0      0x14  m_systime.o [1]
      .data            inited   0x2000'00e4       0x4  MecanumWheelControl.o [1]
      .data            inited   0x2000'00e8      0x84  MecanumWheelControl.o [1]
      .data            inited   0x2000'016c      0x88  MecanumWheelControl.o [1]
      .data            inited   0x2000'01f4      0x2c  Pig_SPI.o [1]
      .data            inited   0x2000'0220      0x1c  Pig_SPI.o [1]
      .data            inited   0x2000'023c      0x1c  Pig_SPI.o [1]
      .data            inited   0x2000'0258      0x1c  Pig_SPI.o [1]
      .data            inited   0x2000'0274       0x4  system_MIMXRT1052.o [1]
      .data            inited   0x2000'0278      0x48  xfiles.o [2]
      .data            inited   0x2000'02c0      0x38  xlocale_c.o [2]
      .data            inited   0x2000'02f8       0x1  TFTDriver.o [1]
                              - 0x2000'02f9     0x2f9

"P2-P3", part 2 of 2:                           0x668
  ZI                            0x2000'0300     0x668  <Block>
    .bss               zero     0x2000'0300       0x4  Appmain.o [1]
    .bss               zero     0x2000'0304       0xc  AvoidObstacle.o [1]
    .bss               zero     0x2000'0310       0x1  DebugFuction.o [1]
    .bss               zero     0x2000'0314      0x18  DebugFuction.o [1]
    .bss               zero     0x2000'032c      0x10  DebugFuction.o [1]
    .bss               zero     0x2000'033c       0x8  DebugFuction.o [1]
    .bss               zero     0x2000'0344       0x4  fsl_clock.o [1]
    .bss               zero     0x2000'0348       0x4  fsl_clock.o [1]
    .bss               zero     0x2000'034c      0x80  fsl_edma.o [1]
    .bss               zero     0x2000'03cc       0x1  fsl_edma.o [1]
    .bss               zero     0x2000'03d0      0x18  fsl_flexio.o [1]
    .bss               zero     0x2000'03e8       0x4  fsl_flexspi.o [1]
    .bss               zero     0x2000'03ec       0x8  fsl_io.o [1]
    .bss               zero     0x2000'03f4      0x30  fsl_lpi2c.o [1]
    .bss               zero     0x2000'0424      0x1c  fsl_lpspi.o [1]
    .bss               zero     0x2000'0440       0x8  fsl_lpspi.o [1]
    .bss               zero     0x2000'0448      0x48  fsl_lpuart_edma.o [1]
    .bss               zero     0x2000'0490      0x10  fsl_usdhc.o [1]
    .bss               zero     0x2000'04a0      0x58  LQ_IIC.o [1]
    .bss               zero     0x2000'04f8       0x2  LQ_IIC.o [1]
    .bss               zero     0x2000'04fc      0x30  LQ_MPU6050.o [1]
    .bss               zero     0x2000'052c      0x64  LQ_UART.o [1]
    .bss               zero     0x2000'0590       0x1  LQ_UART.o [1]
    .bss               zero     0x2000'0591       0x1  LQ_UART.o [1]
    .bss               zero     0x2000'0592       0x1  LQ_UART.o [1]
    .bss               zero     0x2000'0594      0x4c  LQ_UART.o [1]
    .bss               zero     0x2000'05e0      0x20  m_systime.o [1]
    .bss               zero     0x2000'0600     0x120  MecanumWheelControl.o [1]
    .bss               zero     0x2000'0720      0x18  dlmalloc.o [2]
    .bss               zero     0x2000'0738     0x1d8  dlmalloc.o [2]
    .bss               zero     0x2000'0910       0x4  xgetmemchunk.o [2]
    .bss               zero     0x2000'0914      0x50  xfiles.o [2]
    .bss               zero     0x2000'0964       0x4  xfail_s.o [2]
                              - 0x2000'0968     0x668

"P5":                                          0x8000
  CSTACK                        0x2001'8000    0x8000  <Block>
    CSTACK             uninit   0x2001'8000    0x8000  <Block tail>
                              - 0x2002'0000    0x8000

"A1":                                           0x200
  .boot_hdr.conf       const    0x6000'0000     0x200  xip_config.o [1]
                              - 0x6000'0200     0x200

"A2":                                            0x20
  .boot_hdr.ivt        const    0x6000'1000      0x20  fsl_flexspi_nor_boot.o [1]
                              - 0x6000'1020      0x20

"A3":                                            0x10
  .boot_hdr.boot_data  const    0x6000'1020      0x10  fsl_flexspi_nor_boot.o [1]
                              - 0x6000'1030      0x10

"A0":                                           0x400
  .intvec              ro code  0x6000'2000     0x400  startup_MIMXRT1052.o [1]
                              - 0x6000'2400     0x400

"P1":                                          0xcf71
  .text                ro code  0x6000'2400     0xf80  dlmalloc.o [2]
  .text                ro code  0x6000'3380       0x6  abort.o [2]
  .text                ro code  0x6000'3386      0x3a  zero_init3.o [4]
  .text                ro code  0x6000'33c0      0x2c  xgetmemchunk.o [2]
  .text                ro code  0x6000'33ec      0x14  exit.o [5]
  .text                ro code  0x6000'3400     0xf44  TFTDriver.o [1]
  .text                ro code  0x6000'4344      0x40  fsl_assert.o [1]
  .text                ro code  0x6000'4384     0x2d4  fsl_gpio.o [1]
  .text                ro code  0x6000'4658      0xa6  ABImemcpy.o [4]
  .rodata              const    0x6000'46fe       0x2  fsl_flexspi_nor_boot.o [1]
  .text                ro code  0x6000'4700     0x148  Pig_SPI.o [1]
  .text                ro code  0x6000'4848     0x580  fsl_clock.o [1]
  .text                ro code  0x6000'4dc8     0x124  fsl_debug_console.o [1]
  .text                ro code  0x6000'4eec     0xab0  fsl_lpspi.o [1]
  .text                ro code  0x6000'599c     0x230  I64DivMod.o [4]
  .text                ro code  0x6000'5bcc      0xd8  fsl_log.o [1]
  .text                ro code  0x6000'5ca4       0x6  ABImemclr4.o [4]
  .text                ro code  0x6000'5caa     0x29a  fsl_str.o [1]
  .text                ro code  0x6000'5f44       0x2  I64DivZer.o [4]
  .text                ro code  0x6000'5f46       0x2  startup_MIMXRT1052.o [1]
  .text                ro code  0x6000'5f48     0x128  fsl_io.o [1]
  .text                ro code  0x6000'6070      0x3a  ABImemset48.o [4]
  .text                ro code  0x6000'60aa       0x2  startup_MIMXRT1052.o [1]
  .text                ro code  0x6000'60ac      0x36  strlen.o [4]
  .text                ro code  0x6000'60e2       0x2  startup_MIMXRT1052.o [1]
  .text                ro code  0x6000'60e4     0x610  fsl_lpuart.o [1]
  .text                ro code  0x6000'66f4     0xe26  xprintffull_nomb.o [2]
  .text                ro code  0x6000'751a       0x2  startup_MIMXRT1052.o [1]
  .text                ro code  0x6000'751c      0x16  strchr.o [4]
  .text                ro code  0x6000'7532       0x2  startup_MIMXRT1052.o [1]
  .text                ro code  0x6000'7534      0x40  xfail_s.o [2]
  .text                ro code  0x6000'7574      0x58  memchr.o [4]
  .text                ro code  0x6000'75cc      0x12  DblMul.o [3]
  .text                ro code  0x6000'75de       0x2  startup_MIMXRT1052.o [1]
  .text                ro code  0x6000'75e0      0x70  frexp.o [3]
  .text                ro code  0x6000'7650      0x2e  DblCmpLe.o [3]
  .text                ro code  0x6000'767e       0x2  startup_MIMXRT1052.o [1]
  .text                ro code  0x6000'7680      0x2e  DblCmpGe.o [3]
  .text                ro code  0x6000'76ae       0x2  startup_MIMXRT1052.o [1]
  .text                ro code  0x6000'76b0     0x104  ldexp.o [3]
  .text                ro code  0x6000'77b4       0xe  DblToS32.o [3]
  .text                ro code  0x6000'77c2       0xe  S32ToDbl.o [3]
  .text                ro code  0x6000'77d0      0x12  DblSub.o [3]
  .text                ro code  0x6000'77e2      0x12  DblDiv.o [3]
  .text                ro code  0x6000'77f4       0xe  DblToU32.o [3]
  .text                ro code  0x6000'7802       0xe  U32ToDbl.o [3]
  .text                ro code  0x6000'7810       0x8  xlocale_c.o [2]
  .text                ro code  0x6000'7818     0xbd4  LQ_UART.o [1]
  .text                ro code  0x6000'83ec     0x818  DebugFuction.o [1]
  .text                ro code  0x6000'8c04      0xec  AvoidObstacle.o [1]
  .text                ro code  0x6000'8cf0     0x1ba  fsl_dmamux.o [1]
  .text                ro code  0x6000'8eac     0x820  fsl_edma.o [1]
  .text                ro code  0x6000'96cc     0x27c  fsl_lpuart_edma.o [1]
  .text                ro code  0x6000'9948     0x120  LQ_ADC.o [1]
  .text                ro code  0x6000'9a68     0x460  fsl_adc.o [1]
  .text                ro code  0x6000'9ec8     0xb68  LQ_PWM.o [1]
  .text                ro code  0x6000'aa30      0x28  printf.o [2]
  .text                ro code  0x6000'aa58     0x584  fsl_pwm.o [1]
  .text                ro code  0x6000'afdc     0xad8  fsl_lpi2c.o [1]
  .text                ro code  0x6000'bab4     0x80c  MecanumWheelControl.o [1]
  .text                ro code  0x6000'c2c0      0x7c  LQ_PWM.o [1]
  .text                ro code  0x6000'c33c     0x2c4  LQ_Encoder.o [1]
  .text                ro code  0x6000'c600     0x1e2  fsl_xbara.o [1]
  .text                ro code  0x6000'c7e4     0x304  fsl_enc.o [1]
  .text                ro code  0x6000'cae8     0x6ac  pin_mux.o [1]
  .text                ro code  0x6000'd194     0x472  clock_config.o [1]
  .text                ro code  0x6000'd608     0x3e8  LQ_MPU6050.o [1]
  .text                ro code  0x6000'd9f0     0x264  LQ_IIC.o [1]
  .text                ro code  0x6000'dc54      0x6c  fsl_sccb.o [1]
  .text                ro code  0x6000'dcc0     0x33c  LQ_PIT.o [1]
  .text                ro code  0x6000'dffc     0x1f2  fsl_pit.o [1]
  .text                ro code  0x6000'e1f0     0x332  system_MIMXRT1052.o [1]
  .text                ro code  0x6000'e524     0x2c8  Appmain.o [1]
  .text                ro code  0x6000'e7ec     0x2c0  board.o [1]
  .text                ro code  0x6000'eaac     0x288  fsl_flexspi.o [1]
  .text                ro code  0x6000'ed34     0x12c  m_systime.o [1]
  .text                ro code  0x6000'ee60      0x9c  packbits_init.o [4]
  .text                ro code  0x6000'eefc      0x48  LQ_KEY.o [1]
  .text                ro code  0x6000'ef44      0x2e  fsl_flexio.o [1]
  .text                ro code  0x6000'ef74      0x28  startup_MIMXRT1052.o [1]
  .text                ro code  0x6000'ef9c      0x28  data_init.o [4]
  .text                ro code  0x6000'efc4      0x24  fsl_usdhc.o [1]
  .text                ro code  0x6000'efe8      0x22  fpinit_M.o [3]
  .iar.init_table      const    0x6000'f00c      0x2c  - Linker created -
  .rodata              const    0x6000'f038      0x20  LQ_PWM.o [1]
  .text                ro code  0x6000'f058      0x1e  cmain.o [4]
  .text                ro code  0x6000'f076       0x4  low_level_init.o [2]
  .text                ro code  0x6000'f07a       0x4  exit.o [2]
  .text                ro code  0x6000'f080       0xa  cexit.o [4]
  .rodata              const    0x6000'f08c      0x1c  Pig_SPI.o [1]
  .text                ro code  0x6000'f0a8      0x16  xprout.o [2]
  .text                ro code  0x6000'f0c0       0xc  putchar.o [2]
  .text                ro code  0x6000'f0cc       0xc  cstartup_M.o [4]
  .text                ro code  0x6000'f0d8       0x8  startup_MIMXRT1052.o [1]
  .text                ro code  0x6000'f0e0       0x8  startup_MIMXRT1052.o [1]
  .text                ro code  0x6000'f0e8       0x8  startup_MIMXRT1052.o [1]
  .text                ro code  0x6000'f0f0       0x8  startup_MIMXRT1052.o [1]
  .text                ro code  0x6000'f0f8       0x8  startup_MIMXRT1052.o [1]
  .text                ro code  0x6000'f100       0x8  startup_MIMXRT1052.o [1]
  .text                ro code  0x6000'f108       0x8  startup_MIMXRT1052.o [1]
  .text                ro code  0x6000'f110       0x8  startup_MIMXRT1052.o [1]
  .text                ro code  0x6000'f118       0x8  startup_MIMXRT1052.o [1]
  .text                ro code  0x6000'f120       0x8  startup_MIMXRT1052.o [1]
  .text                ro code  0x6000'f128       0x8  startup_MIMXRT1052.o [1]
  .text                ro code  0x6000'f130       0x8  startup_MIMXRT1052.o [1]
  .text                ro code  0x6000'f138       0x8  startup_MIMXRT1052.o [1]
  .text                ro code  0x6000'f140       0x8  startup_MIMXRT1052.o [1]
  .text                ro code  0x6000'f148       0x8  startup_MIMXRT1052.o [1]
  .text                ro code  0x6000'f150       0x8  startup_MIMXRT1052.o [1]
  .text                ro code  0x6000'f158       0x8  startup_MIMXRT1052.o [1]
  .text                ro code  0x6000'f160       0x8  startup_MIMXRT1052.o [1]
  .text                ro code  0x6000'f168       0x8  startup_MIMXRT1052.o [1]
  .text                ro code  0x6000'f170       0x8  startup_MIMXRT1052.o [1]
  .text                ro code  0x6000'f178       0x8  startup_MIMXRT1052.o [1]
  .text                ro code  0x6000'f180       0x8  startup_MIMXRT1052.o [1]
  .text                ro code  0x6000'f188       0x8  startup_MIMXRT1052.o [1]
  .text                ro code  0x6000'f190       0x8  startup_MIMXRT1052.o [1]
  .text                ro code  0x6000'f198       0x8  startup_MIMXRT1052.o [1]
  .text                ro code  0x6000'f1a0       0x8  startup_MIMXRT1052.o [1]
  .text                ro code  0x6000'f1a8       0x8  startup_MIMXRT1052.o [1]
  .text                ro code  0x6000'f1b0       0x8  startup_MIMXRT1052.o [1]
  .text                ro code  0x6000'f1b8       0x8  startup_MIMXRT1052.o [1]
  .text                ro code  0x6000'f1c0       0x8  startup_MIMXRT1052.o [1]
  .text                ro code  0x6000'f1c8       0x8  startup_MIMXRT1052.o [1]
  .text                ro code  0x6000'f1d0       0x8  startup_MIMXRT1052.o [1]
  .text                ro code  0x6000'f1d8       0x8  startup_MIMXRT1052.o [1]
  .text                ro code  0x6000'f1e0       0x8  startup_MIMXRT1052.o [1]
  .text                ro code  0x6000'f1e8       0x8  startup_MIMXRT1052.o [1]
  .text                ro code  0x6000'f1f0       0x8  startup_MIMXRT1052.o [1]
  .text                ro code  0x6000'f1f8       0x8  startup_MIMXRT1052.o [1]
  .text                ro code  0x6000'f200       0x8  startup_MIMXRT1052.o [1]
  .text                ro code  0x6000'f208       0x8  startup_MIMXRT1052.o [1]
  .rodata              const    0x6000'f210       0x4  xlocale_c.o [2]
  .text                ro code  0x6000'f214       0x4  startup_MIMXRT1052.o [1]
  .rodata              const    0x6000'f218       0x0  zero_init3.o [4]
  .rodata              const    0x6000'f218       0x0  packbits_init.o [4]
  Initializer bytes    const    0x6000'f218     0x159  <for RW-1>
                              - 0x6000'f371    0xcf71

"P4":                                        0x100000
  HEAP                          0x8000'0000  0x100000  <Block>
    HEAP               uninit   0x8000'0000  0x100000  <Block tail>
                              - 0x8010'0000  0x100000

Unused ranges:

         From           To        Size
         ----           --        ----
  0x2000'02f9  0x2000'02ff         0x7
  0x2000'0968  0x2001'7fff    0x1'7698
  0x6000'f371  0x63ff'ffff  0x3ff'0c8f
  0x8010'0000  0x817f'ffff  0x170'0000


*******************************************************************************
*** INIT TABLE
***

          Address      Size
          -------      ----
Zero (__iar_zero_init3)
    1 destination range, total size 0x668:
          0x2000'0300  0x668

Copy/packbits (__iar_packbits_init3)
    1 source range, total size 0x159 (45% of destination):
          0x6000'f218  0x159
    1 destination range, total size 0x2f9:
          0x2000'0000  0x2f9



*******************************************************************************
*** MODULE SUMMARY
***

    Module                  ro code  ro data    rw data
    ------                  -------  -------    -------
command line/config:
    ---------------------------------------------------
    Total:

D:\智能车\麦轮信标\程序\RT1052\RT1052库\i.MX-RT1052-Library\sdram_release\obj: [1]
    Appmain.o                   712       76        172
    AvoidObstacle.o             236                  12
    DebugFuction.o            2 072       14         81
    LQ_ADC.o                    288
    LQ_Encoder.o                708
    LQ_IIC.o                    612                  90
    LQ_KEY.o                     72        4          8
    LQ_MPU6050.o              1 000                  48
    LQ_PIT.o                    828
    LQ_PWM.o                  3 044       32
    LQ_UART.o                 3 028                 179
    MecanumWheelControl.o     2 060      123        560
    Pig_SPI.o                   328       86        128
    TFTDriver.o               3 908        1          1
    board.o                     704
    clock_config.o            1 138
    fsl_adc.o                 1 120
    fsl_assert.o                 64
    fsl_clock.o               1 408                   8
    fsl_debug_console.o         292
    fsl_dmamux.o                442
    fsl_edma.o                2 080                 129
    fsl_enc.o                   772
    fsl_flexio.o                 46                  24
    fsl_flexspi.o               648                   4
    fsl_flexspi_nor_boot.o                50
    fsl_gpio.o                  724
    fsl_io.o                    296                   8
    fsl_log.o                   216
    fsl_lpi2c.o               2 776                  48
    fsl_lpspi.o               2 736                  36
    fsl_lpuart.o              1 552
    fsl_lpuart_edma.o           636                  72
    fsl_pit.o                   498
    fsl_pwm.o                 1 412
    fsl_sccb.o                  108
    fsl_str.o                   666
    fsl_usdhc.o                  36                  16
    fsl_xbara.o                 482
    m_systime.o                 300        9         52
    pin_mux.o                 1 708
    startup_MIMXRT1052.o      1 396
    system_MIMXRT1052.o         818        2          4
    xip_config.o                         512
    ---------------------------------------------------
    Total:                   43 970      909      1 680

dl7M_tlf.a: [2]
    abort.o                       6
    dlmalloc.o                3 968                 496
    exit.o                        4
    low_level_init.o              4
    printf.o                     40
    putchar.o                    12
    xfail_s.o                    64                   4
    xfiles.o                              33        152
    xgetmemchunk.o               44                   4
    xlocale_c.o                   8       29         56
    xprintffull_nomb.o        3 622
    xprout.o                     22
    ---------------------------------------------------
    Total:                    7 794       62        712

m7M_tlv.a: [3]
    DblCmpGe.o                   46
    DblCmpLe.o                   46
    DblDiv.o                     18
    DblMul.o                     18
    DblSub.o                     18
    DblToS32.o                   14
    DblToU32.o                   14
    S32ToDbl.o                   14
    U32ToDbl.o                   14
    fpinit_M.o                   34
    frexp.o                     112
    ldexp.o                     260
    ---------------------------------------------------
    Total:                      608

rt7M_tl.a: [4]
    ABImemclr4.o                  6
    ABImemcpy.o                 166
    ABImemset48.o                58
    I64DivMod.o                 560
    I64DivZer.o                   2
    cexit.o                      10
    cmain.o                      30
    cstartup_M.o                 12
    data_init.o                  40
    memchr.o                     88
    packbits_init.o             156
    strchr.o                     22
    strlen.o                     54
    zero_init3.o                 58
    ---------------------------------------------------
    Total:                    1 262

shb_l.a: [5]
    exit.o                       20
    ---------------------------------------------------
    Total:                       20

    Gaps                         16        4          9
    Linker created                        44  1 081 344
-------------------------------------------------------
    Grand Total:             53 670    1 019  1 083 745


*******************************************************************************
*** ENTRY LIST
***

Entry                       Address   Size  Type      Object
-----                       -------   ----  ----      ------
.iar.init_table$$Base   0x6000'f00c          --   Gb  - Linker created -
.iar.init_table$$Limit  0x6000'f038          --   Gb  - Linker created -
?main                   0x6000'f059         Code  Gb  cmain.o [4]
ADC_DoAutoCalibration   0x6000'9c6d   0x68  Code  Gb  fsl_adc.o [1]
ADC_EnableHardwareTrigger
                        0x6000'9afb   0x16  Code  Lc  fsl_adc.o [1]
ADC_GetChannelConversionValue
                        0x6000'9aab   0x26  Code  Lc  fsl_adc.o [1]
ADC_GetChannelConversionValue
                        0x6000'9949   0x26  Code  Lc  LQ_ADC.o [1]
ADC_GetChannelStatusFlags
                        0x6000'9ad1   0x2a  Code  Lc  fsl_adc.o [1]
ADC_GetChannelStatusFlags
                        0x6000'996f   0x2a  Code  Lc  LQ_ADC.o [1]
ADC_GetDefaultConfig    0x6000'9bf1   0x38  Code  Gb  fsl_adc.o [1]
ADC_GetInstance         0x6000'9b15   0x32  Code  Lc  fsl_adc.o [1]
ADC_GetStatusFlags      0x6000'9b11    0x4  Code  Lc  fsl_adc.o [1]
ADC_Init                0x6000'9b47   0xaa  Code  Gb  fsl_adc.o [1]
ADC_SetChannelConfig    0x6000'9c29   0x44  Code  Gb  fsl_adc.o [1]
ADC_SetHardwareAverageConfig
                        0x6000'9cd9   0x2a  Code  Gb  fsl_adc.o [1]
ARM_MPU_Disable         0x6000'e809   0x1e  Code  Lc  board.o [1]
ARM_MPU_Enable          0x6000'e7ed   0x1c  Code  Lc  board.o [1]
Accel_OriginData        0x2000'04fc   0x18  Data  Gb  LQ_MPU6050.o [1]
BOARD_BootClockRUN      0x6000'd259  0x22a  Code  Gb  clock_config.o [1]
BOARD_ConfigMPU         0x6000'e9cd   0x72  Code  Gb  board.o [1]
BOARD_DebugConsoleSrcFreq
                        0x6000'e979   0x3c  Code  Gb  board.o [1]
BOARD_InitDEBUG_UARTPins
                        0x6000'cbd1   0x64  Code  Gb  pin_mux.o [1]
BOARD_InitDebugConsole  0x6000'e9b5   0x18  Code  Gb  board.o [1]
BOARD_InitLPI2C1Pins    0x6000'd081   0x78  Code  Gb  pin_mux.o [1]
BOARD_InitSDRAMPins     0x6000'cc45  0x384  Code  Gb  pin_mux.o [1]
Back_Distance_ReceiveBuff
                        0x2000'0338    0x4  Data  Gb  DebugFuction.o [1]
BatteryVoltageCollect_Init
                        0x6000'890d   0x3a  Code  Gb  DebugFuction.o [1]
Battery_V               0x2000'0300    0x4  Data  Gb  Appmain.o [1]
Button                  0x2000'00a8    0x4  Data  Gb  DebugFuction.o [1]
ButtonInit              0x6000'8603  0x118  Code  Gb  DebugFuction.o [1]
ButtonMenu              0x6000'8825   0xe8  Code  Gb  DebugFuction.o [1]
ButtonOnceBuffFlag      0x2000'00b8    0xc  Data  Gb  DebugFuction.o [1]
ButtonOnceFlag          0x2000'00ac    0xc  Data  Gb  DebugFuction.o [1]
CLOCK_ControlGate       0x6000'8407   0x40  Code  Lc  DebugFuction.o [1]
CLOCK_ControlGate       0x6000'9a69   0x3e  Code  Lc  fsl_adc.o [1]
CLOCK_ControlGate       0x6000'8cf1   0x3e  Code  Lc  fsl_dmamux.o [1]
CLOCK_ControlGate       0x6000'8ec7   0x40  Code  Lc  fsl_edma.o [1]
CLOCK_ControlGate       0x6000'c7e5   0x3e  Code  Lc  fsl_enc.o [1]
CLOCK_ControlGate       0x6000'4385   0x3e  Code  Lc  fsl_gpio.o [1]
CLOCK_ControlGate       0x6000'aff9   0x40  Code  Lc  fsl_lpi2c.o [1]
CLOCK_ControlGate       0x6000'4eed   0x40  Code  Lc  fsl_lpspi.o [1]
CLOCK_ControlGate       0x6000'60e5   0x40  Code  Lc  fsl_lpuart.o [1]
CLOCK_ControlGate       0x6000'dffd   0x3e  Code  Lc  fsl_pit.o [1]
CLOCK_ControlGate       0x6000'aa59   0x3e  Code  Lc  fsl_pwm.o [1]
CLOCK_ControlGate       0x6000'c601   0x3e  Code  Lc  fsl_xbara.o [1]
CLOCK_ControlGate       0x6000'c33d   0x3e  Code  Lc  LQ_Encoder.o [1]
CLOCK_ControlGate       0x6000'9f25   0x40  Code  Lc  LQ_PWM.o [1]
CLOCK_ControlGate       0x6000'7993   0x40  Code  Lc  LQ_UART.o [1]
CLOCK_ControlGate       0x6000'bab5   0x40  Code  Lc  MecanumWheelControl.o [1]
CLOCK_ControlGate       0x6000'cae9   0x40  Code  Lc  pin_mux.o [1]
CLOCK_ControlGate       0x6000'34b9   0x40  Code  Lc  TFTDriver.o [1]
CLOCK_EnableClock       0x6000'8447    0x4  Code  Lc  DebugFuction.o [1]
CLOCK_EnableClock       0x6000'9aa7    0x4  Code  Lc  fsl_adc.o [1]
CLOCK_EnableClock       0x6000'8d2f    0x4  Code  Lc  fsl_dmamux.o [1]
CLOCK_EnableClock       0x6000'8f85    0x4  Code  Lc  fsl_edma.o [1]
CLOCK_EnableClock       0x6000'c829    0x4  Code  Lc  fsl_enc.o [1]
CLOCK_EnableClock       0x6000'43c9    0x4  Code  Lc  fsl_gpio.o [1]
CLOCK_EnableClock       0x6000'b0b5    0x4  Code  Lc  fsl_lpi2c.o [1]
CLOCK_EnableClock       0x6000'4fa9    0x4  Code  Lc  fsl_lpspi.o [1]
CLOCK_EnableClock       0x6000'61a1    0x4  Code  Lc  fsl_lpuart.o [1]
CLOCK_EnableClock       0x6000'e03b    0x4  Code  Lc  fsl_pit.o [1]
CLOCK_EnableClock       0x6000'aa9d    0x4  Code  Lc  fsl_pwm.o [1]
CLOCK_EnableClock       0x6000'c63f    0x4  Code  Lc  fsl_xbara.o [1]
CLOCK_EnableClock       0x6000'c37b    0x4  Code  Lc  LQ_Encoder.o [1]
CLOCK_EnableClock       0x6000'9f65    0x4  Code  Lc  LQ_PWM.o [1]
CLOCK_EnableClock       0x6000'79d3    0x4  Code  Lc  LQ_UART.o [1]
CLOCK_EnableClock       0x6000'baf5    0x4  Code  Lc  MecanumWheelControl.o [1]
CLOCK_EnableClock       0x6000'cba5    0x4  Code  Lc  pin_mux.o [1]
CLOCK_EnableClock       0x6000'34f9    0x4  Code  Lc  TFTDriver.o [1]
CLOCK_GetDiv            0x6000'e943   0x24  Code  Lc  board.o [1]
CLOCK_GetDiv            0x6000'796f   0x24  Code  Lc  LQ_UART.o [1]
CLOCK_GetFreq           0x6000'493d  0x12a  Code  Gb  fsl_clock.o [1]
CLOCK_GetMux            0x6000'e91f   0x24  Code  Lc  board.o [1]
CLOCK_GetMux            0x6000'78ef   0x24  Code  Lc  LQ_UART.o [1]
CLOCK_GetOscFreq        0x6000'e967   0x12  Code  Lc  board.o [1]
CLOCK_GetOscFreq        0x6000'4849   0x18  Code  Lc  fsl_clock.o [1]
CLOCK_GetOscFreq        0x6000'79d7   0x18  Code  Lc  LQ_UART.o [1]
CLOCK_GetPeriphClkFreq  0x6000'48a3   0x98  Code  Lc  fsl_clock.o [1]
CLOCK_GetPllBypassRefClk
                        0x6000'488d   0x16  Code  Lc  fsl_clock.o [1]
CLOCK_GetPllFreq        0x6000'4b29  0x15e  Code  Gb  fsl_clock.o [1]
CLOCK_GetPllFreq::enetRefClkFreq
                        0x6000'4db8   0x10  Data  Lc  fsl_clock.o [1]
CLOCK_GetRtcFreq        0x6000'4861    0x6  Code  Lc  fsl_clock.o [1]
CLOCK_GetSysPfdFreq     0x6000'4cad   0x58  Code  Gb  fsl_clock.o [1]
CLOCK_GetUsb1PfdFreq    0x6000'4d05   0x58  Code  Gb  fsl_clock.o [1]
CLOCK_InitArmPll        0x6000'4a69   0x40  Code  Gb  fsl_clock.o [1]
CLOCK_InitSysPfd        0x6000'4c87   0x26  Code  Gb  fsl_clock.o [1]
CLOCK_InitSysPll        0x6000'4aa9   0x40  Code  Gb  fsl_clock.o [1]
CLOCK_InitUsb1Pll       0x6000'4ae9   0x40  Code  Gb  fsl_clock.o [1]
CLOCK_IsPllBypassed     0x6000'4867   0x10  Code  Lc  fsl_clock.o [1]
CLOCK_IsPllEnabled      0x6000'4877   0x16  Code  Lc  fsl_clock.o [1]
CLOCK_SetDiv            0x6000'd1f1   0x5a  Code  Lc  clock_config.o [1]
CLOCK_SetDiv            0x6000'da4d   0x5a  Code  Lc  LQ_IIC.o [1]
CLOCK_SetDiv            0x6000'dd91   0x5a  Code  Lc  LQ_PIT.o [1]
CLOCK_SetDiv            0x6000'9ec9   0x5c  Code  Lc  LQ_PWM.o [1]
CLOCK_SetDiv            0x6000'7913   0x5c  Code  Lc  LQ_UART.o [1]
CLOCK_SetDiv            0x6000'345d   0x5c  Code  Lc  TFTDriver.o [1]
CLOCK_SetMux            0x6000'd195   0x5a  Code  Lc  clock_config.o [1]
CLOCK_SetMux            0x6000'd9f1   0x5a  Code  Lc  LQ_IIC.o [1]
CLOCK_SetMux            0x6000'dd35   0x5a  Code  Lc  LQ_PIT.o [1]
CLOCK_SetMux            0x6000'7893   0x5c  Code  Lc  LQ_UART.o [1]
CLOCK_SetMux            0x6000'3401   0x5c  Code  Lc  TFTDriver.o [1]
CLOCK_SetRtcXtalFreq    0x6000'd251    0x6  Code  Lc  clock_config.o [1]
CLOCK_SetXtalFreq       0x6000'd24b    0x6  Code  Lc  clock_config.o [1]
CSTACK$$Base            0x2001'8000          --   Gb  - Linker created -
CSTACK$$Limit           0x2002'0000          --   Gb  - Linker created -
CalTargetSpeed_EachWheel
                        0x6000'bce9   0x68  Code  Gb  MecanumWheelControl.o [1]
Car_Speed_Rotate        0x2000'00e8   0x48  Data  Gb  MecanumWheelControl.o [1]
ControlValue_Closeloop  0x2000'0130   0x10  Data  Gb  MecanumWheelControl.o [1]
ConvertRadixNumToString
                        0x6000'5cab   0x7e  Code  Lc  fsl_str.o [1]
DMA0_DMA16_DriverIRQHandler
                        0x6000'9305   0x36  Code  Gb  fsl_edma.o [1]
DMA10_DMA26_DriverIRQHandler
                        0x6000'9523   0x34  Code  Gb  fsl_edma.o [1]
DMA11_DMA27_DriverIRQHandler
                        0x6000'9557   0x32  Code  Gb  fsl_edma.o [1]
DMA12_DMA28_DriverIRQHandler
                        0x6000'9589   0x32  Code  Gb  fsl_edma.o [1]
DMA13_DMA29_DriverIRQHandler
                        0x6000'95bb   0x32  Code  Gb  fsl_edma.o [1]
DMA14_DMA30_DriverIRQHandler
                        0x6000'95ed   0x32  Code  Gb  fsl_edma.o [1]
DMA15_DMA31_DriverIRQHandler
                        0x6000'961f   0x32  Code  Gb  fsl_edma.o [1]
DMA1_DMA17_DriverIRQHandler
                        0x6000'933b   0x36  Code  Gb  fsl_edma.o [1]
DMA2_DMA18_DriverIRQHandler
                        0x6000'9371   0x36  Code  Gb  fsl_edma.o [1]
DMA3_DMA19_DriverIRQHandler
                        0x6000'93a9   0x36  Code  Gb  fsl_edma.o [1]
DMA4_DMA20_DriverIRQHandler
                        0x6000'93df   0x36  Code  Gb  fsl_edma.o [1]
DMA5_DMA21_DriverIRQHandler
                        0x6000'9415   0x36  Code  Gb  fsl_edma.o [1]
DMA6_DMA22_DriverIRQHandler
                        0x6000'944b   0x36  Code  Gb  fsl_edma.o [1]
DMA7_DMA23_DriverIRQHandler
                        0x6000'9481   0x36  Code  Gb  fsl_edma.o [1]
DMA8_DMA24_DriverIRQHandler
                        0x6000'94b7   0x36  Code  Gb  fsl_edma.o [1]
DMA9_DMA25_DriverIRQHandler
                        0x6000'94ed   0x36  Code  Gb  fsl_edma.o [1]
DMAMUX_EnableChannel    0x6000'7a55   0x2a  Code  Lc  LQ_UART.o [1]
DMAMUX_GetInstance      0x6000'8d35   0x2a  Code  Lc  fsl_dmamux.o [1]
DMAMUX_Init             0x6000'8d69   0x14  Code  Gb  fsl_dmamux.o [1]
DMAMUX_SetSource        0x6000'7a7f   0x32  Code  Lc  LQ_UART.o [1]
DMASendStatus           0x2000'0310    0x1  Data  Gb  DebugFuction.o [1]
D_Set                   0x2000'0078   0x10  Data  Gb  Appmain.o [1]
DbgConsole_Init         0x6000'4dc9   0x30  Code  Gb  fsl_debug_console.o [1]
DbgConsole_Printf       0x6000'4df9   0x2e  Code  Gb  fsl_debug_console.o [1]
DbgConsole_RelocateLog  0x6000'4e29   0x3a  Code  Lc  fsl_debug_console.o [1]
DeadBand_Set            0x2000'0098   0x10  Data  Gb  Appmain.o [1]
DefaultSPI_config       0x6000'482c   0x1c  Data  Gb  Pig_SPI.o [1]
DisReceiveIndex         0x2000'0305    0x1  Data  Gb  AvoidObstacle.o [1]
Distance_Meassured      0x2000'030c    0x4  Data  Gb  AvoidObstacle.o [1]
EDMA_AbortTransfer      0x6000'9211   0x38  Code  Gb  fsl_edma.o [1]
EDMA_CreateHandle       0x6000'90e5   0x90  Code  Gb  fsl_edma.o [1]
EDMA_GetChannelStatusFlags
                        0x6000'908b   0x46  Code  Gb  fsl_edma.o [1]
EDMA_GetDefaultConfig   0x6000'9063   0x28  Code  Gb  fsl_edma.o [1]
EDMA_GetInstance        0x6000'8fa1   0x2e  Code  Lc  fsl_edma.o [1]
EDMA_HandleIRQ          0x6000'9249   0xae  Code  Gb  fsl_edma.o [1]
EDMA_Init               0x6000'900d   0x52  Code  Gb  fsl_edma.o [1]
EDMA_SetCallback        0x6000'91c5   0x26  Code  Gb  fsl_edma.o [1]
ENC_DoSoftwareLoadInitialPositionValue
                        0x6000'c987   0x10  Code  Gb  fsl_enc.o [1]
ENC_GetDefaultConfig    0x6000'c945   0x42  Code  Gb  fsl_enc.o [1]
ENC_GetInstance         0x6000'c82d   0x32  Code  Lc  fsl_enc.o [1]
ENC_GetPositionDifferenceValue
                        0x6000'baf9    0x4  Code  Lc  MecanumWheelControl.o [1]
ENC_Init                0x6000'c85f   0xe6  Code  Gb  fsl_enc.o [1]
EnableIRQ               0x6000'844b   0x18  Code  Lc  DebugFuction.o [1]
EnableIRQ               0x6000'8f89   0x18  Code  Lc  fsl_edma.o [1]
EnableIRQ               0x6000'b0b9   0x18  Code  Lc  fsl_lpi2c.o [1]
EnableIRQ               0x6000'ddeb   0x18  Code  Lc  LQ_PIT.o [1]
EnableIRQ               0x6000'79ef   0x18  Code  Lc  LQ_UART.o [1]
EncoderDirectionPort    0x2000'0198   0x10  Data  Gb  MecanumWheelControl.o [1]
EncoderMeasure_Init     0x6000'be5f   0xa0  Code  Gb  MecanumWheelControl.o [1]
Encoder_ENCIndex        0x2000'0188   0x10  Data  Gb  MecanumWheelControl.o [1]
Encoder_PORTIndex_Direction
                        0x2000'01a8   0x10  Data  Gb  MecanumWheelControl.o [1]
FIFO                    0x6000'8a4f   0x1c  Code  Gb  DebugFuction.o [1]
FLEXIO1_DriverIRQHandler
                        0x6000'ef6d    0x2  Code  Gb  fsl_flexio.o [1]
FLEXIO2_DriverIRQHandler
                        0x6000'ef6f    0x2  Code  Gb  fsl_flexio.o [1]
FLEXIO_CommonIRQHandler
                        0x6000'ef45   0x20  Code  Gb  fsl_flexio.o [1]
FLEXSPI_CheckAndClearError
                        0x6000'eabf   0x5e  Code  Gb  fsl_flexspi.o [1]
FLEXSPI_ClearInterruptStatusFlags
                        0x6000'eab7    0x8  Code  Lc  fsl_flexspi.o [1]
FLEXSPI_DisableInterrupts
                        0x6000'eaad    0xa  Code  Lc  fsl_flexspi.o [1]
FLEXSPI_DriverIRQHandler
                        0x6000'ecad    0x8  Code  Gb  fsl_flexspi.o [1]
FLEXSPI_TransferAbort   0x6000'eb21   0x2a  Code  Gb  fsl_flexspi.o [1]
FLEXSPI_TransferHandleIRQ
                        0x6000'eb4b  0x162  Code  Gb  fsl_flexspi.o [1]
Flag_Reverse            0x2000'016c    0x4  Data  Gb  MecanumWheelControl.o [1]
Flag_TFTShow            0x2000'02f8    0x1  Data  Gb  TFTDriver.o [1]
Front_Distance_ReceiveBuff
                        0x2000'0334    0x4  Data  Gb  DebugFuction.o [1]
GPIO1_Combined_16_31_IRQHandler
                        0x6000'87e9   0x3a  Code  Gb  DebugFuction.o [1]
GPIO2_Combined_16_31_IRQHandler
                        0x6000'877f   0x6a  Code  Gb  DebugFuction.o [1]
GPIO5_Combined_0_15_IRQHandler
                        0x6000'ef07   0x2e  Code  Gb  LQ_KEY.o [1]
GPIO_GetInstance        0x6000'43d1   0x2e  Code  Lc  fsl_gpio.o [1]
GPIO_GetPinsInterruptFlags
                        0x6000'8499    0x2  Code  Lc  DebugFuction.o [1]
GPIO_GetPinsInterruptFlags
                        0x6000'ef01    0x2  Code  Lc  LQ_KEY.o [1]
GPIO_PinInit            0x6000'4401   0x4c  Code  Gb  fsl_gpio.o [1]
GPIO_PinRead            0x6000'8467   0x26  Code  Lc  DebugFuction.o [1]
GPIO_PinRead            0x6000'bafd   0x26  Code  Lc  MecanumWheelControl.o [1]
GPIO_PinSetInterruptConfig
                        0x6000'4485   0x7c  Code  Gb  fsl_gpio.o [1]
GPIO_PinWrite           0x6000'444d   0x38  Code  Gb  fsl_gpio.o [1]
GPIO_PortClearInterruptFlags
                        0x6000'849b    0x4  Code  Lc  DebugFuction.o [1]
GPIO_PortClearInterruptFlags
                        0x6000'ef03    0x4  Code  Lc  LQ_KEY.o [1]
GPIO_PortEnableInterrupts
                        0x6000'848d    0x8  Code  Lc  DebugFuction.o [1]
GPIO_PortGetInterruptFlags
                        0x6000'8495    0x4  Code  Lc  DebugFuction.o [1]
GPIO_PortGetInterruptFlags
                        0x6000'eefd    0x4  Code  Lc  LQ_KEY.o [1]
GPIO_SetPinInterruptConfig
                        0x6000'43cd    0x2  Code  Lc  fsl_gpio.o [1]
GPIO_WritePinOutput     0x6000'8463    0x4  Code  Lc  DebugFuction.o [1]
GYRO_OriginData         0x2000'0514   0x18  Data  Gb  LQ_MPU6050.o [1]
GYRO_Watch              0x2000'015c    0x4  Data  Gb  MecanumWheelControl.o [1]
GetBatteryVoltage       0x6000'8949   0x68  Code  Gb  DebugFuction.o [1]
GetPIDControlValue      0x6000'bbb3  0x106  Code  Gb  MecanumWheelControl.o [1]
GetSpeed                0x6000'bf7b   0x66  Code  Gb  MecanumWheelControl.o [1]
Get_AccData             0x6000'd815   0x68  Code  Gb  LQ_MPU6050.o [1]
Get_Gyro                0x6000'd87d   0x5a  Code  Gb  LQ_MPU6050.o [1]
Get_Offset              0x6000'd8d9   0xb8  Code  Gb  LQ_MPU6050.o [1]
Get_StartInstance       0x6000'90d1   0x12  Code  Lc  fsl_edma.o [1]
Get_StartInstance::StartInstanceNum
                        0x2000'03cc    0x1  Data  Lc  fsl_edma.o [1]
HEAP$$Base              0x8000'0000          --   Gb  - Linker created -
HEAP$$Limit             0x8010'0000          --   Gb  - Linker created -
IIC_ReadReg             0x6000'db19   0x4a  Code  Gb  LQ_IIC.o [1]
IIC_WriteReg            0x6000'db63   0x52  Code  Gb  LQ_IIC.o [1]
IIC_master_callback     0x6000'daa7   0x1a  Code  Gb  LQ_IIC.o [1]
IOMUXC_SetPinConfig     0x6000'84bb    0xc  Code  Lc  DebugFuction.o [1]
IOMUXC_SetPinConfig     0x6000'c39b    0xc  Code  Lc  LQ_Encoder.o [1]
IOMUXC_SetPinConfig     0x6000'9f85    0xc  Code  Lc  LQ_PWM.o [1]
IOMUXC_SetPinConfig     0x6000'7a23    0xc  Code  Lc  LQ_UART.o [1]
IOMUXC_SetPinConfig     0x6000'cbc5    0xc  Code  Lc  pin_mux.o [1]
IOMUXC_SetPinMux        0x6000'849f   0x1c  Code  Lc  DebugFuction.o [1]
IOMUXC_SetPinMux        0x6000'c37f   0x1c  Code  Lc  LQ_Encoder.o [1]
IOMUXC_SetPinMux        0x6000'9f69   0x1c  Code  Lc  LQ_PWM.o [1]
IOMUXC_SetPinMux        0x6000'7a07   0x1c  Code  Lc  LQ_UART.o [1]
IOMUXC_SetPinMux        0x6000'bb23   0x1c  Code  Lc  MecanumWheelControl.o [1]
IOMUXC_SetPinMux        0x6000'cba9   0x1c  Code  Lc  pin_mux.o [1]
IOMUXC_SetPinMux        0x6000'34fd   0x1c  Code  Lc  TFTDriver.o [1]
IO_Init                 0x6000'5f75   0x52  Code  Gb  fsl_io.o [1]
IO_Transfer             0x6000'5fc7   0x2c  Code  Gb  fsl_io.o [1]
I_Set                   0x2000'0088   0x10  Data  Gb  Appmain.o [1]
I_limit                 0x2000'0058    0x4  Data  Gb  Appmain.o [1]
InitAll                 0x6000'e609   0x96  Code  Gb  Appmain.o [1]
LCD_ShowBatteryVoltage  0x6000'8a19   0x36  Code  Gb  DebugFuction.o [1]
LCD_WriteData_16Bit     0x6000'363b   0x42  Code  Gb  TFTDriver.o [1]
LOG_Init                0x6000'5bcd   0x1a  Code  Gb  fsl_log.o [1]
LOG_Pop                 0x6000'5c0f   0x1a  Code  Gb  fsl_log.o [1]
LOG_Push                0x6000'5be9   0x26  Code  Gb  fsl_log.o [1]
LPI2C1_DriverIRQHandler
                        0x6000'b9ab    0x6  Code  Gb  fsl_lpi2c.o [1]
LPI2C2_DriverIRQHandler
                        0x6000'b9b1    0x6  Code  Gb  fsl_lpi2c.o [1]
LPI2C3_DriverIRQHandler
                        0x6000'b9b7    0x6  Code  Gb  fsl_lpi2c.o [1]
LPI2C4_DriverIRQHandler
                        0x6000'b9bd    0x6  Code  Gb  fsl_lpi2c.o [1]
LPI2C_CheckForBusyBus   0x6000'b28f   0x1a  Code  Gb  fsl_lpi2c.o [1]
LPI2C_CommonIRQHandler  0x6000'b96d   0x3e  Code  Lc  fsl_lpi2c.o [1]
LPI2C_GetCyclesForWidth
                        0x6000'b171   0x6c  Code  Lc  fsl_lpi2c.o [1]
LPI2C_GetInstance       0x6000'b12d   0x2e  Code  Gb  fsl_lpi2c.o [1]
LPI2C_Init              0x6000'dac1   0x58  Code  Gb  LQ_IIC.o [1]
LPI2C_InitTransferStateMachine
                        0x6000'b7b9   0xac  Code  Lc  fsl_lpi2c.o [1]
LPI2C_MasterCheckAndClearError
                        0x6000'b201   0x5c  Code  Gb  fsl_lpi2c.o [1]
LPI2C_MasterClearStatusFlags
                        0x6000'b0eb    0x4  Code  Lc  fsl_lpi2c.o [1]
LPI2C_MasterDisableInterrupts
                        0x6000'b0f7    0xa  Code  Lc  fsl_lpi2c.o [1]
LPI2C_MasterEnable      0x6000'b0db    0xc  Code  Lc  fsl_lpi2c.o [1]
LPI2C_MasterEnableInterrupts
                        0x6000'b0ef    0x8  Code  Lc  fsl_lpi2c.o [1]
LPI2C_MasterGetDefaultConfig
                        0x6000'b2a9   0x2c  Code  Gb  fsl_lpi2c.o [1]
LPI2C_MasterGetFifoCounts
                        0x6000'b111   0x1a  Code  Lc  fsl_lpi2c.o [1]
LPI2C_MasterGetStatusFlags
                        0x6000'b0e7    0x4  Code  Lc  fsl_lpi2c.o [1]
LPI2C_MasterInit        0x6000'b2d5   0xfc  Code  Gb  fsl_lpi2c.o [1]
LPI2C_MasterReceive     0x6000'b527   0x66  Code  Gb  fsl_lpi2c.o [1]
LPI2C_MasterReset       0x6000'b0d1    0xa  Code  Lc  fsl_lpi2c.o [1]
LPI2C_MasterSend        0x6000'b58d   0x40  Code  Gb  fsl_lpi2c.o [1]
LPI2C_MasterSetBaudRate
                        0x6000'b3d5   0xde  Code  Gb  fsl_lpi2c.o [1]
LPI2C_MasterSetWatermarks
                        0x6000'b101   0x10  Code  Lc  fsl_lpi2c.o [1]
LPI2C_MasterStart       0x6000'b4b3   0x3a  Code  Gb  fsl_lpi2c.o [1]
LPI2C_MasterStop        0x6000'b4ed   0x3a  Code  Gb  fsl_lpi2c.o [1]
LPI2C_MasterTransferCreateHandle
                        0x6000'b5cd   0x64  Code  Gb  fsl_lpi2c.o [1]
LPI2C_MasterTransferHandleIRQ
                        0x6000'b909   0x40  Code  Gb  fsl_lpi2c.o [1]
LPI2C_MasterTransferNonBlocking
                        0x6000'b865   0xa4  Code  Gb  fsl_lpi2c.o [1]
LPI2C_MasterWaitForTxReady
                        0x6000'b25d   0x32  Code  Lc  fsl_lpi2c.o [1]
LPI2C_RunTransferStateMachine
                        0x6000'b635  0x17a  Code  Lc  fsl_lpi2c.o [1]
LPSPI1_DriverIRQHandler
                        0x6000'5815   0x28  Code  Gb  fsl_lpspi.o [1]
LPSPI2_DriverIRQHandler
                        0x6000'583d   0x28  Code  Gb  fsl_lpspi.o [1]
LPSPI3_DriverIRQHandler
                        0x6000'5865   0x28  Code  Gb  fsl_lpspi.o [1]
LPSPI4_DriverIRQHandler
                        0x6000'588d   0x28  Code  Gb  fsl_lpspi.o [1]
LPSPI_CheckTransferArgument
                        0x6000'53f9   0x64  Code  Gb  fsl_lpspi.o [1]
LPSPI_ClearStatusFlags  0x6000'4fe3    0x4  Code  Lc  fsl_lpspi.o [1]
LPSPI_CombineWriteData  0x6000'56a5   0xac  Code  Lc  fsl_lpspi.o [1]
LPSPI_CommonIRQHandler  0x6000'57eb   0x24  Code  Lc  fsl_lpspi.o [1]
LPSPI_Enable            0x6000'4fad   0x16  Code  Lc  fsl_lpspi.o [1]
LPSPI_FlushFifo         0x6000'4fff    0xe  Code  Lc  fsl_lpspi.o [1]
LPSPI_GetInstance       0x6000'5029   0x32  Code  Gb  fsl_lpspi.o [1]
LPSPI_GetRxFifoCount    0x6000'4fdb    0x8  Code  Lc  fsl_lpspi.o [1]
LPSPI_GetRxFifoSize     0x6000'4fc7    0xc  Code  Lc  fsl_lpspi.o [1]
LPSPI_GetStatusFlags    0x6000'4fc3    0x4  Code  Lc  fsl_lpspi.o [1]
LPSPI_GetTxFifoCount    0x6000'4fd3    0x8  Code  Lc  fsl_lpspi.o [1]
LPSPI_IsMaster          0x6000'4ff7    0x8  Code  Lc  fsl_lpspi.o [1]
LPSPI_MasterInit        0x6000'50c1   0xec  Code  Gb  fsl_lpspi.o [1]
LPSPI_MasterSetBaudRate
                        0x6000'51fd   0xa2  Code  Gb  fsl_lpspi.o [1]
LPSPI_MasterSetDelayScaler
                        0x6000'52b5   0x56  Code  Gb  fsl_lpspi.o [1]
LPSPI_MasterSetDelayTimes
                        0x6000'530d   0xe2  Code  Gb  fsl_lpspi.o [1]
LPSPI_MasterTransferBlocking
                        0x6000'5461  0x216  Code  Gb  fsl_lpspi.o [1]
LPSPI_ReadData          0x6000'5021    0x4  Code  Lc  fsl_lpspi.o [1]
LPSPI_Reset             0x6000'51bd   0x16  Code  Gb  fsl_lpspi.o [1]
LPSPI_SeparateReadData  0x6000'5751   0x9a  Code  Lc  fsl_lpspi.o [1]
LPSPI_SetDummyData      0x6000'50b1   0x10  Code  Gb  fsl_lpspi.o [1]
LPSPI_SetFifoWatermarks
                        0x6000'500d   0x10  Code  Lc  fsl_lpspi.o [1]
LPSPI_SetMasterSlaveMode
                        0x6000'4fe7   0x10  Code  Lc  fsl_lpspi.o [1]
LPSPI_SetOnePcsPolarity
                        0x6000'51e1   0x1a  Code  Lc  fsl_lpspi.o [1]
LPSPI_WriteData         0x6000'501d    0x4  Code  Lc  fsl_lpspi.o [1]
LPUART1_IRQHandler      0x6000'8033    0xa  Code  Gb  LQ_UART.o [1]
LPUART2_IRQHandler      0x6000'803d   0x14  Code  Gb  LQ_UART.o [1]
LPUART3_IRQHandler      0x6000'8051   0x14  Code  Gb  LQ_UART.o [1]
LPUART4_IRQHandler      0x6000'8065   0x2c  Code  Gb  LQ_UART.o [1]
LPUART4_IRQHandler::res
                        0x2000'0590    0x1  Data  Lc  LQ_UART.o [1]
LPUART5_IRQHandler      0x6000'8091    0xa  Code  Gb  LQ_UART.o [1]
LPUART6_IRQHandler      0x6000'809b   0x14  Code  Gb  LQ_UART.o [1]
LPUART7_IRQHandler      0x6000'80af   0x2c  Code  Gb  LQ_UART.o [1]
LPUART7_IRQHandler::res
                        0x2000'0591    0x1  Data  Lc  LQ_UART.o [1]
LPUART8_IRQHandler      0x6000'80db   0x2c  Code  Gb  LQ_UART.o [1]
LPUART8_IRQHandler::res
                        0x2000'0592    0x1  Data  Lc  LQ_UART.o [1]
LPUART_ClearStatusFlags
                        0x6000'64c7   0x38  Code  Gb  fsl_lpuart.o [1]
LPUART_EnableInterrupts
                        0x6000'648d   0x2a  Code  Gb  fsl_lpuart.o [1]
LPUART_EnableRx         0x6000'5f5f   0x16  Code  Lc  fsl_io.o [1]
LPUART_EnableRxDMA      0x6000'96e3   0x16  Code  Lc  fsl_lpuart_edma.o [1]
LPUART_EnableTx         0x6000'5f49   0x16  Code  Lc  fsl_io.o [1]
LPUART_EnableTxDMA      0x6000'96cd   0x16  Code  Lc  fsl_lpuart_edma.o [1]
LPUART_GetDefaultConfig
                        0x6000'644d   0x40  Code  Gb  fsl_lpuart.o [1]
LPUART_GetInstance      0x6000'61b9   0x2e  Code  Gb  fsl_lpuart.o [1]
LPUART_GetStatusFlags   0x6000'64b7   0x10  Code  Gb  fsl_lpuart.o [1]
LPUART_Init             0x6000'624d  0x200  Code  Gb  fsl_lpuart.o [1]
LPUART_RX_BUF           0x2000'052c   0x64  Data  Gb  LQ_UART.o [1]
LPUART_ReadBlocking     0x6000'6539   0xb4  Code  Gb  fsl_lpuart.o [1]
LPUART_ReadByte         0x6000'8c05   0x26  Code  Lc  AvoidObstacle.o [1]
LPUART_ReadByte         0x6000'84c7   0x26  Code  Lc  DebugFuction.o [1]
LPUART_ReadByte         0x6000'7a2f   0x26  Code  Lc  LQ_UART.o [1]
LPUART_ReceiveEDMACallback
                        0x6000'9735   0x3c  Code  Lc  fsl_lpuart_edma.o [1]
LPUART_SendEDMACallback
                        0x6000'96f9   0x3c  Code  Lc  fsl_lpuart_edma.o [1]
LPUART_SoftwareReset    0x6000'61a5   0x12  Code  Lc  fsl_lpuart.o [1]
LPUART_TransferAbortReceiveEDMA
                        0x6000'984d   0x46  Code  Gb  fsl_lpuart_edma.o [1]
LPUART_TransferAbortSendEDMA
                        0x6000'9805   0x46  Code  Gb  fsl_lpuart_edma.o [1]
LPUART_TransferCreateHandleEDMA
                        0x6000'9771   0x86  Code  Gb  fsl_lpuart_edma.o [1]
LPUART_UserCallback     0x6000'8107    0xe  Code  Gb  LQ_UART.o [1]
LPUART_WriteBlocking    0x6000'6501   0x36  Code  Gb  fsl_lpuart.o [1]
LQADC_Init              0x6000'9999   0x22  Code  Gb  LQ_ADC.o [1]
LQ_ENC_Init             0x6000'c47b   0xc2  Code  Gb  LQ_Encoder.o [1]
LQ_ENC_InitPin          0x6000'c3a9   0xd2  Code  Gb  LQ_Encoder.o [1]
LQ_GetUartSrcFreq       0x6000'7ab3   0x42  Code  Gb  LQ_UART.o [1]
LQ_PIT_Init             0x6000'de4d   0x78  Code  Gb  LQ_PIT.o [1]
LQ_PWMA_B_SetDuty       0x6000'c2c1   0x7c  Code  Gb  LQ_PWM.o [1]
LQ_PWM_Init             0x6000'a67f  0x122  Code  Gb  LQ_PWM.o [1]
LQ_PWM_InitPins         0x6000'a0bd  0x5c2  Code  Gb  LQ_PWM.o [1]
LQ_QSPI_BOOT_SDRAM_INIT
                        0x6000'e27f  0x17e  Code  Gb  system_MIMXRT1052.o [1]
LQ_UART_Init            0x6000'7af5  0x534  Code  Gb  LQ_UART.o [1]
LQ_UART_PutChar         0x6000'8029    0xa  Code  Gb  LQ_UART.o [1]
Lcd_SetRegion           0x6000'367d   0x5e  Code  Gb  TFTDriver.o [1]
Lcd_WriteData           0x6000'3619   0x22  Code  Gb  TFTDriver.o [1]
Lcd_WriteIndex          0x6000'35f5   0x24  Code  Gb  TFTDriver.o [1]
LoadInt                 0x6000'68a3   0x7a  Code  Lc  xprintffull_nomb.o [2]
MPU6050_Init            0x6000'd609   0xc4  Code  Gb  LQ_MPU6050.o [1]
MPU_Get_Accelerometer   0x6000'd791   0x44  Code  Gb  LQ_MPU6050.o [1]
MPU_Get_Gyroscope       0x6000'd74d   0x44  Code  Gb  LQ_MPU6050.o [1]
MPU_Read_Byte           0x6000'd7fd   0x16  Code  Gb  LQ_MPU6050.o [1]
MPU_Read_Len            0x6000'd7d7   0x16  Code  Gb  LQ_MPU6050.o [1]
MPU_Set_Accel_Fsr       0x6000'd6d9    0xc  Code  Gb  LQ_MPU6050.o [1]
MPU_Set_Gyro_Fsr        0x6000'd6cd    0xc  Code  Gb  LQ_MPU6050.o [1]
MPU_Set_LPF             0x6000'd6e5   0x30  Code  Gb  LQ_MPU6050.o [1]
MPU_Set_Rate            0x6000'd715   0x36  Code  Gb  LQ_MPU6050.o [1]
MPU_Write_Byte          0x6000'd7ed   0x10  Code  Gb  LQ_MPU6050.o [1]
Max_output              0x2000'005c    0x4  Data  Gb  Appmain.o [1]
Max_output_Direction    0x2000'0064    0x4  Data  Gb  Appmain.o [1]
MeasureTime_Dis         0x2000'0308    0x2  Data  Gb  AvoidObstacle.o [1]
MotorOutput             0x6000'bd51  0x10e  Code  Gb  MecanumWheelControl.o [1]
Motor_init              0x6000'bb3f   0x46  Code  Gb  MecanumWheelControl.o [1]
NVIC_EncodePriority     0x6000'dcfd   0x36  Code  Lc  LQ_PIT.o [1]
NVIC_EncodePriority     0x6000'785d   0x36  Code  Lc  LQ_UART.o [1]
NowTrans                0x2000'0210   0x10  Data  Gb  Pig_SPI.o [1]
One_loop_bubblesort     0x6000'8a6b   0x40  Code  Gb  DebugFuction.o [1]
PIDControl_Constructor  0x6000'bb85   0x28  Code  Gb  MecanumWheelControl.o [1]
PIDControl_FunctionDefine
                        0x6000'bcc7   0x14  Code  Gb  MecanumWheelControl.o [1]
PID_SetTarget           0x6000'bbad    0x6  Code  Gb  MecanumWheelControl.o [1]
PID_Speedloop_init      0x6000'c09d   0x6e  Code  Gb  MecanumWheelControl.o [1]
PID_locationloop_init   0x6000'c10b   0x4e  Code  Gb  MecanumWheelControl.o [1]
PIT0_Flag               0x2000'0028    0x2  Data  Gb  Appmain.o [1]
PIT_ClearStatusFlags    0x6000'e551    0xa  Code  Lc  Appmain.o [1]
PIT_EnableInterrupts    0x6000'de21   0x10  Code  Lc  LQ_PIT.o [1]
PIT_GetDefaultConfig    0x6000'de05   0x1c  Code  Lc  LQ_PIT.o [1]
PIT_GetInstance         0x6000'e041   0x2a  Code  Lc  fsl_pit.o [1]
PIT_GetStatusFlags      0x6000'e543    0xe  Code  Lc  Appmain.o [1]
PIT_IRQHandler          0x6000'e69f  0x100  Code  Gb  Appmain.o [1]
PIT_Init                0x6000'e075   0x4a  Code  Gb  fsl_pit.o [1]
PIT_SetTimerPeriod      0x6000'de31    0xa  Code  Lc  LQ_PIT.o [1]
PIT_StartTimer          0x6000'de3b   0x12  Code  Lc  LQ_PIT.o [1]
PWM_GetDefaultConfig    0x6000'ac15   0x34  Code  Gb  fsl_pwm.o [1]
PWM_GetInstance         0x6000'aaa1   0x32  Code  Lc  fsl_pwm.o [1]
PWM_Init                0x6000'aad5  0x140  Code  Gb  fsl_pwm.o [1]
PWM_SetPwmLdok          0x6000'9fa3   0x22  Code  Lc  LQ_PWM.o [1]
PWM_SetupPwm            0x6000'ac49  0x1fa  Code  Gb  fsl_pwm.o [1]
PWM_StartTimer          0x6000'9f91   0x12  Code  Lc  LQ_PWM.o [1]
PWM_UpdateDuty          0x6000'9fc5   0xf8  Code  Gb  LQ_PWM.o [1]
P_Direction_Set_init    0x2000'0060    0x4  Data  Gb  Appmain.o [1]
P_Set                   0x2000'0068   0x10  Data  Gb  Appmain.o [1]
Para_Refresh            0x6000'bcb9    0xe  Code  Gb  MecanumWheelControl.o [1]
QuitSetFlag             0x2000'00c4    0x4  Data  Gb  DebugFuction.o [1]
RS_Now                  0x2000'0160    0xc  Data  Gb  MecanumWheelControl.o [1]
RW$$Base                0x2000'0000          --   Gb  - Linker created -
RW$$Limit               0x2000'02f9          --   Gb  - Linker created -
ReadADC                 0x6000'99bb   0x2e  Code  Gb  LQ_ADC.o [1]
ReceiveBuff             0x2000'0318    0x4  Data  Gb  DebugFuction.o [1]
ReceiveBuff_Dis         0x2000'0306    0x2  Data  Gb  AvoidObstacle.o [1]
ReceiveCMD_Remote       0x6000'856f   0x94  Code  Gb  DebugFuction.o [1]
ReceiveDistance         0x6000'8c89   0x56  Code  Gb  AvoidObstacle.o [1]
ReceiveIndex            0x2000'0320    0x4  Data  Gb  DebugFuction.o [1]
Region$$Table$$Base     0x6000'f00c          --   Gb  - Linker created -
Region$$Table$$Limit    0x6000'f038          --   Gb  - Linker created -
RemoteData              0x2000'0314    0x4  Data  Gb  DebugFuction.o [1]
RemoteData_init         0x6000'84f9   0x10  Code  Gb  DebugFuction.o [1]
RemoteInit              0x6000'84ed    0xc  Code  Gb  DebugFuction.o [1]
Remote_CMD_ReceiveStatus
                        0x2000'031d    0x1  Data  Gb  DebugFuction.o [1]
Rotate_sp               0x2000'0154    0x4  Data  Gb  MecanumWheelControl.o [1]
SCB_DisableDCache       0x6000'e8cd   0x52  Code  Lc  board.o [1]
SCB_DisableICache       0x6000'e855   0x26  Code  Lc  board.o [1]
SCB_EnableDCache        0x6000'e87b   0x52  Code  Lc  board.o [1]
SCB_EnableDCache        0x6000'e21f   0x52  Code  Lc  system_MIMXRT1052.o [1]
SCB_EnableICache        0x6000'e827   0x2e  Code  Lc  board.o [1]
SCB_EnableICache        0x6000'e1f1   0x2e  Code  Lc  system_MIMXRT1052.o [1]
SCCB_ReadMultiRegs      0x6000'dc55   0x6c  Code  Gb  fsl_sccb.o [1]
SDRAM_WaitIpCmdDone     0x6000'e271    0xe  Code  Gb  system_MIMXRT1052.o [1]
SPI1_config             0x2000'01f4   0x1c  Data  Gb  Pig_SPI.o [1]
SPI2_config             0x2000'0220   0x1c  Data  Gb  Pig_SPI.o [1]
SPI3_config             0x2000'023c   0x1c  Data  Gb  Pig_SPI.o [1]
SPI4_config             0x2000'0258   0x1c  Data  Gb  Pig_SPI.o [1]
SPI_Init                0x6000'4701   0x98  Code  Gb  Pig_SPI.o [1]
SendCMDToUltrasound     0x6000'8c59   0x2e  Code  Gb  AvoidObstacle.o [1]
SendRemoteCMDData       0x6000'8509   0x66  Code  Gb  DebugFuction.o [1]
SeriesIndex             0x2000'0331    0x1  Data  Gb  DebugFuction.o [1]
SeriesReceive           0x2000'0330    0x1  Data  Gb  DebugFuction.o [1]
Series_RX               0x6000'871b   0x58  Code  Gb  DebugFuction.o [1]
Series_ReceiveBuff      0x2000'032c    0x4  Data  Gb  DebugFuction.o [1]
Series_Receive_init     0x6000'8773    0xa  Code  Gb  DebugFuction.o [1]
Series_Speed            0x2000'0158    0x4  Data  Gb  MecanumWheelControl.o [1]
Series_deviation_received_back
                        0x2000'0002    0x1  Data  Gb  Appmain.o [1]
Series_deviation_received_front
                        0x2000'0000    0x1  Data  Gb  Appmain.o [1]
Series_distance_received
                        0x2000'0004    0x1  Data  Gb  Appmain.o [1]
Series_distance_received_back
                        0x2000'0003    0x1  Data  Gb  Appmain.o [1]
Series_distance_received_front
                        0x2000'0001    0x1  Data  Gb  Appmain.o [1]
SetSpeed_FromRemote_Analog
                        0x6000'bff9   0xa4  Code  Gb  MecanumWheelControl.o [1]
SetTargetSpeed_Car      0x6000'bcdb    0xe  Code  Gb  MecanumWheelControl.o [1]
Sort_MAX_N              0x6000'beff   0x32  Code  Gb  MecanumWheelControl.o [1]
SpeedClean              0x6000'bfe1   0x16  Code  Gb  MecanumWheelControl.o [1]
SpeedCount              0x2000'0178   0x10  Data  Gb  MecanumWheelControl.o [1]
Speed_get               0x2000'0140   0x10  Data  Gb  MecanumWheelControl.o [1]
Speed_watch             0x2000'0048   0x10  Data  Gb  Appmain.o [1]
StartReceive            0x2000'031c    0x1  Data  Gb  DebugFuction.o [1]
StrFormatPrintf         0x6000'5d29  0x21c  Code  Gb  fsl_str.o [1]
SysTick_Config          0x6000'ed4f   0x28  Code  Lc  m_systime.o [1]
SysTick_Handler         0x6000'ed9d    0xc  Code  Gb  m_systime.o [1]
SystemCoreClock         0x2000'0274    0x4  Data  Gb  system_MIMXRT1052.o [1]
SystemInit              0x6000'e3fd   0x88  Code  Gb  system_MIMXRT1052.o [1]
TFTSPI_config           0x6000'f08c   0x1c  Data  Gb  Pig_SPI.o [1]
TFT_PinInit             0x6000'3519   0xd2  Code  Gb  TFTDriver.o [1]
TFT_Pow                 0x6000'3a79   0x12  Code  Gb  TFTDriver.o [1]
TFT_init                0x6000'3711  0x262  Code  Gb  TFTDriver.o [1]
TFT_showUfloat          0x6000'3bc3   0xf4  Code  Gb  TFTDriver.o [1]
TFT_showchar            0x6000'39d1   0x74  Code  Gb  TFTDriver.o [1]
TFT_showfloat           0x6000'3a8b  0x138  Code  Gb  TFTDriver.o [1]
TFT_showstr             0x6000'3a45   0x34  Code  Gb  TFTDriver.o [1]
TestEndTime_us          0x2000'0038    0x8  Data  Gb  Appmain.o [1]
TestStartTime_us        0x2000'0030    0x8  Data  Gb  Appmain.o [1]
TimeTest_us             0x2000'0040    0x8  Data  Gb  Appmain.o [1]
UART_DMA_Init           0x6000'8115   0x82  Code  Gb  LQ_UART.o [1]
USDHC1_DriverIRQHandler
                        0x6000'efc5    0xa  Code  Gb  fsl_usdhc.o [1]
USDHC2_DriverIRQHandler
                        0x6000'efcf    0xa  Code  Gb  fsl_usdhc.o [1]
UltrasoundInit          0x6000'8c2b   0x2e  Code  Gb  AvoidObstacle.o [1]
UltrasoundMeassure      0x2000'0304    0x1  Data  Gb  AvoidObstacle.o [1]
UseBeepFlag             0x2000'0340    0x4  Data  Gb  DebugFuction.o [1]
WheelControl            0x2000'0600  0x120  Data  Gb  MecanumWheelControl.o [1]
Wheels_PWMChannel       0x2000'00e4    0x4  Data  Gb  MecanumWheelControl.o [1]
XBARA_GetInstance       0x6000'c645   0x2a  Code  Lc  fsl_xbara.o [1]
XBARA_Init              0x6000'c671   0x14  Code  Gb  fsl_xbara.o [1]
XBARA_SetSignalsConnection
                        0x6000'c685   0x26  Code  Gb  fsl_xbara.o [1]
ZI$$Base                0x2000'0300          --   Gb  - Linker created -
ZI$$Limit               0x2000'0968          --   Gb  - Linker created -
_GenldFullNoMb          0x6000'7219  0x274  Code  Lc  xprintffull_nomb.o [2]
_LdtobFullNoMb          0x6000'6ded  0x400  Code  Lc  xprintffull_nomb.o [2]
_LitobFullNoMb          0x6000'6c95  0x112  Code  Lc  xprintffull_nomb.o [2]
_Locale_lconv           0x2000'02c0   0x38  Data  Lc  xlocale_c.o [2]
_PrintfFullNoMb         0x6000'66f5  0x19e  Code  Gb  xprintffull_nomb.o [2]
_Prout                  0x6000'f0a9   0x16  Code  Gb  xprout.o [2]
_PutcharsFullNoMb       0x6000'748d   0x2e  Code  Lc  xprintffull_nomb.o [2]
_PutfldFullNoMb         0x6000'691d  0x26c  Code  Lc  xprintffull_nomb.o [2]
_PuttxtFullNoMb         0x6000'6b89  0x10c  Code  Lc  xprintffull_nomb.o [2]
__NVIC_EnableIRQ        0x6000'83ed   0x1a  Code  Lc  DebugFuction.o [1]
__NVIC_EnableIRQ        0x6000'8ead   0x1a  Code  Lc  fsl_edma.o [1]
__NVIC_EnableIRQ        0x6000'afdd   0x1a  Code  Lc  fsl_lpi2c.o [1]
__NVIC_EnableIRQ        0x6000'dccb   0x18  Code  Lc  LQ_PIT.o [1]
__NVIC_EnableIRQ        0x6000'7825   0x1a  Code  Lc  LQ_UART.o [1]
__NVIC_GetPriorityGrouping
                        0x6000'dcc1    0xa  Code  Lc  LQ_PIT.o [1]
__NVIC_GetPriorityGrouping
                        0x6000'7819    0xc  Code  Lc  LQ_UART.o [1]
__NVIC_SetPriority      0x6000'dce3   0x1a  Code  Lc  LQ_PIT.o [1]
__NVIC_SetPriority      0x6000'783f   0x1e  Code  Lc  LQ_UART.o [1]
__NVIC_SetPriority      0x6000'ed35   0x1a  Code  Lc  m_systime.o [1]
__NVIC_SetPriorityGrouping
                        0x6000'e525   0x1e  Code  Lc  Appmain.o [1]
__RAM_VECTOR_TABLE_SIZE {Abs}
                                0x0         Data  Gb  <internal module>
__VECTOR_RAM {Abs}      0x6000'2000         Data  Gb  <internal module>
__VECTOR_TABLE {Abs}    0x6000'2000         Data  Gb  <internal module>
__Vectors               0x6000'2000          --   Gb  startup_MIMXRT1052.o [1]
__Vectors_End           0x6000'2400         Data  Gb  startup_MIMXRT1052.o [1]
__Vectors_Size {Abs}          0x400          --   Gb  startup_MIMXRT1052.o [1]
__aeabi_assert          0x6000'4345   0x12  Code  Gb  fsl_assert.o [1]
__aeabi_cdcmple         0x6000'7651         Code  Gb  DblCmpLe.o [3]
__aeabi_cdrcmple        0x6000'7681         Code  Gb  DblCmpGe.o [3]
__aeabi_d2iz            0x6000'77b5    0xe  Code  Gb  DblToS32.o [3]
__aeabi_d2uiz           0x6000'77f5    0xe  Code  Gb  DblToU32.o [3]
__aeabi_ddiv            0x6000'77e3   0x12  Code  Gb  DblDiv.o [3]
__aeabi_dmul            0x6000'75cd   0x12  Code  Gb  DblMul.o [3]
__aeabi_dsub            0x6000'77d1   0x12  Code  Gb  DblSub.o [3]
__aeabi_i2d             0x6000'77c3    0xe  Code  Gb  S32ToDbl.o [3]
__aeabi_ldiv0           0x6000'5f45         Code  Gb  I64DivZer.o [4]
__aeabi_memclr4         0x6000'5ca5         Code  Gb  ABImemclr4.o [4]
__aeabi_memcpy          0x6000'4659         Code  Gb  ABImemcpy.o [4]
__aeabi_memcpy4         0x6000'4679         Code  Gb  ABImemcpy.o [4]
__aeabi_memcpy8         0x6000'4679         Code  Gb  ABImemcpy.o [4]
__aeabi_memset4         0x6000'6071         Code  Gb  ABImemset48.o [4]
__aeabi_memset8         0x6000'6071         Code  Gb  ABImemset48.o [4]
__aeabi_ui2d            0x6000'7803    0xe  Code  Gb  U32ToDbl.o [3]
__aeabi_uldivmod        0x6000'599d         Code  Gb  I64DivMod.o [4]
__cmain                 0x6000'f059         Code  Gb  cmain.o [4]
__data_GetMemChunk      0x6000'33c1   0x2c  Code  Gb  xgetmemchunk.o [2]
__data_GetMemChunk::start
                        0x2000'0910    0x4  Data  Lc  xgetmemchunk.o [2]
__exit                  0x6000'33ed   0x14  Code  Gb  exit.o [5]
__iar_Fail_s            0x6000'7535   0x1c  Code  Gb  xfail_s.o [2]
__iar_Memchr            0x6000'7575         Code  Gb  memchr.o [4]
__iar_Memset4_word      0x6000'6079         Code  Gb  ABImemset48.o [4]
__iar_Memset8_word      0x6000'6079         Code  Gb  ABImemset48.o [4]
__iar_Stdout            0x2000'0278   0x48  Data  Gb  xfiles.o [2]
__iar_Strchr            0x6000'751d         Code  Gb  strchr.o [4]
__iar_data_init3        0x6000'ef9d   0x28  Code  Gb  data_init.o [4]
__iar_dlmalloc          0x6000'30c5  0x2b6  Code  Gb  dlmalloc.o [2]
__iar_frexp             0x6000'75ed         Code  Gb  frexp.o [3]
__iar_frexpl            0x6000'75ed         Code  Gb  frexp.o [3]
__iar_init_vfp          0x6000'efe9         Code  Gb  fpinit_M.o [3]
__iar_ldexp64           0x6000'76c5         Code  Gb  ldexp.o [3]
__iar_packbits_init3    0x6000'ee61   0x9c  Code  Gb  packbits_init.o [4]
__iar_program_start     0x6000'f0cd         Code  Gb  cstartup_M.o [4]
__iar_scalbln64         0x6000'76c5         Code  Gb  ldexp.o [3]
__iar_scalbn64          0x6000'76c5         Code  Gb  ldexp.o [3]
__iar_softfp___iar_frexp64
                        0x6000'75e1         Code  Gb  frexp.o [3]
__iar_softfp___iar_ldexp64
                        0x6000'76b1         Code  Gb  ldexp.o [3]
__iar_softfp___iar_scalbln64
                        0x6000'76b1         Code  Gb  ldexp.o [3]
__iar_softfp___iar_scalbn64
                        0x6000'76b1         Code  Gb  ldexp.o [3]
__iar_softfp_frexp      0x6000'75e1         Code  Gb  frexp.o [3]
__iar_softfp_frexpl     0x6000'75e1         Code  Gb  frexp.o [3]
__iar_softfp_ldexp      0x6000'76b1         Code  Gb  ldexp.o [3]
__iar_softfp_ldexpl     0x6000'76b1         Code  Gb  ldexp.o [3]
__iar_softfp_scalbln    0x6000'76b1         Code  Gb  ldexp.o [3]
__iar_softfp_scalblnl   0x6000'76b1         Code  Gb  ldexp.o [3]
__iar_softfp_scalbn     0x6000'76b1         Code  Gb  ldexp.o [3]
__iar_softfp_scalbnl    0x6000'76b1         Code  Gb  ldexp.o [3]
__iar_zero_init3        0x6000'3387   0x3a  Code  Gb  zero_init3.o [4]
__low_level_init        0x6000'f077    0x4  Code  Gb  low_level_init.o [2]
__vector_table          0x6000'2000         Data  Gb  startup_MIMXRT1052.o [1]
__vector_table_0x1c     0x6000'201c         Data  Gb  startup_MIMXRT1052.o [1]
_call_main              0x6000'f065         Code  Gb  cmain.o [4]
_exit                   0x6000'f081         Code  Gb  cexit.o [4]
_gm_                    0x2000'0738  0x1d8  Data  Lc  dlmalloc.o [2]
_main                   0x6000'f073         Code  Gb  cmain.o [4]
_systime                0x2000'00d0   0x14  Data  Gb  m_systime.o [1]
abort                   0x6000'3381    0x6  Code  Gb  abort.o [2]
adc_value               0x2000'033c    0x2  Data  Gb  DebugFuction.o [1]
add_segment             0x6000'27c9  0x1f2  Code  Lc  dlmalloc.o [2]
armPllConfig_BOARD_BootClockRUN
                        0x6000'd5ec    0x8  Data  Gb  clock_config.o [1]
boot_data               0x6000'1020   0x10  Data  Gb  fsl_flexspi_nor_boot.o [1]
count_error_left        0x2000'0324    0x4  Data  Gb  DebugFuction.o [1]
count_error_right       0x2000'0328    0x4  Data  Gb  DebugFuction.o [1]
dcd_data                0x6000'46fe    0x2  Data  Gb  fsl_flexspi_nor_boot.o [1]
delay_ms                0x6000'ee3b    0xa  Code  Gb  m_systime.o [1]
delay_us                0x6000'edd5   0x66  Code  Gb  m_systime.o [1]
direction_flag          0x2000'0150    0x4  Data  Gb  MecanumWheelControl.o [1]
distance_deviation_relevance_left
                        0x2000'0008   0x20  Data  Gb  Appmain.o [1]
dsp_single_colour       0x6000'36db   0x36  Code  Gb  TFTDriver.o [1]
exit                    0x6000'f07b    0x4  Code  Gb  exit.o [2]
fiter_Medium            0x6000'bf31   0x4a  Code  Gb  MecanumWheelControl.o [1]
fputc                   0x6000'7ab1    0x2  Code  Gb  LQ_UART.o [1]
g_InputSignal           0x2000'00c8    0x1  Data  Gb  LQ_KEY.o [1]
g_MasterHandle          0x2000'04c0   0x38  Data  Gb  LQ_IIC.o [1]
g_completionFlag        0x2000'04f8    0x1  Data  Lc  LQ_IIC.o [1]
g_fxosHandle            0x2000'04a0   0x20  Data  Gb  LQ_IIC.o [1]
g_lpspiDummyData        0x2000'0440    0x8  Data  Gb  fsl_lpspi.o [1]
g_lpuartEdmaHandle      0x2000'0594   0x1c  Data  Gb  LQ_UART.o [1]
g_lpuartRxEdmaHandle    0x2000'05c8   0x18  Data  Gb  LQ_UART.o [1]
g_lpuartTxEdmaHandle    0x2000'05b0   0x18  Data  Gb  LQ_UART.o [1]
g_nakFlag               0x2000'04f9    0x1  Data  Lc  LQ_IIC.o [1]
g_rtcXtalFreq           0x2000'0348    0x4  Data  Gb  fsl_clock.o [1]
g_xtalFreq              0x2000'0344    0x4  Data  Gb  fsl_clock.o [1]
get_current_time_ms     0x6000'eda9   0x12  Code  Gb  m_systime.o [1]
get_current_time_us     0x6000'edbb   0x1a  Code  Gb  m_systime.o [1]
image_vector_table      0x6000'1000   0x20  Data  Gb  fsl_flexspi_nor_boot.o [1]
init_mparams            0x6000'241b   0x32  Code  Lc  dlmalloc.o [2]
init_top                0x6000'244d   0x36  Code  Lc  dlmalloc.o [2]
kLpi2cBases             0x6000'b15c   0x14  Data  Lc  fsl_lpi2c.o [1]
kLpi2cClocks            0x6000'b948    0xc  Data  Lc  fsl_lpi2c.o [1]
kLpi2cIrqs              0x6000'baa8    0xc  Data  Lc  fsl_lpi2c.o [1]
key_ok                  0x2000'00cc    0x4  Data  Gb  LQ_KEY.o [1]
ldexp                   0x6000'76c5         Code  Gb  ldexp.o [3]
ldexpl                  0x6000'76c5         Code  Gb  ldexp.o [3]
localeconv              0x6000'7811    0x4  Code  Gb  xlocale_c.o [2]
m_boot_hdr_conf_start {Abs}
                        0x6000'0000         Data  Gb  <internal module>
main                    0x6000'e55b   0xae  Code  Gb  Appmain.o [1]
memchr                  0x6000'7575         Code  Gb  memchr.o [4]
mparams                 0x2000'0720   0x18  Data  Lc  dlmalloc.o [2]
obuf                    0x2000'0914   0x50  Data  Lc  xfiles.o [2]
prepend_alloc           0x6000'2483  0x346  Code  Lc  dlmalloc.o [2]
printf                  0x6000'aa31   0x28  Code  Gb  printf.o [2]
putchar                 0x6000'f0c1    0xc  Code  Gb  putchar.o [2]
qspi_config             0x6000'0000  0x200  Data  Gb  xip_config.o [1]
s_EDMAHandle            0x2000'034c   0x80  Data  Lc  fsl_edma.o [1]
s_adcBases              0x6000'9eb4    0xc  Data  Lc  fsl_adc.o [1]
s_adcClocks             0x6000'9ec0    0x8  Data  Lc  fsl_adc.o [1]
s_baudratePrescaler     0x6000'53f0    0x8  Data  Lc  fsl_lpspi.o [1]
s_debugConsoleIO        0x2000'03ec    0x8  Data  Lc  fsl_io.o [1]
s_dmamuxClockName       0x6000'8ea8    0x2  Data  Lc  fsl_dmamux.o [1]
s_edmaClockName         0x6000'9060    0x2  Data  Lc  fsl_edma.o [1]
s_edmaIRQNumber         0x6000'9184   0x40  Data  Lc  fsl_edma.o [1]
s_edmaPrivateHandle     0x2000'0448   0x48  Data  Lc  fsl_lpuart_edma.o [1]
s_encBases              0x6000'cac8   0x14  Data  Lc  fsl_enc.o [1]
s_encClocks             0x6000'cadc    0xc  Data  Lc  fsl_enc.o [1]
s_flexioHandle          0x2000'03d0    0x8  Data  Lc  fsl_flexio.o [1]
s_flexioIsr             0x2000'03e0    0x8  Data  Lc  fsl_flexio.o [1]
s_flexioType            0x2000'03d8    0x8  Data  Lc  fsl_flexio.o [1]
s_flexspiHandle         0x2000'03e8    0x4  Data  Lc  fsl_flexspi.o [1]
s_gpioBases             0x6000'4634   0x18  Data  Lc  fsl_gpio.o [1]
s_gpioClock             0x6000'464c    0xc  Data  Lc  fsl_gpio.o [1]
s_lpi2cMasterHandle     0x2000'03f8   0x14  Data  Lc  fsl_lpi2c.o [1]
s_lpi2cMasterIsr        0x2000'03f4    0x4  Data  Lc  fsl_lpi2c.o [1]
s_lpi2cSlaveHandle      0x2000'0410   0x14  Data  Lc  fsl_lpi2c.o [1]
s_lpi2cSlaveIsr         0x2000'040c    0x4  Data  Lc  fsl_lpi2c.o [1]
s_lpspiBases            0x6000'505c   0x14  Data  Lc  fsl_lpspi.o [1]
s_lpspiClocks           0x6000'51d4    0xc  Data  Lc  fsl_lpspi.o [1]
s_lpspiHandle           0x2000'0424   0x14  Data  Lc  fsl_lpspi.o [1]
s_lpspiMasterIsr        0x2000'0438    0x4  Data  Lc  fsl_lpspi.o [1]
s_lpspiSlaveIsr         0x2000'043c    0x4  Data  Lc  fsl_lpspi.o [1]
s_lpuartBases           0x6000'61e8   0x24  Data  Lc  fsl_lpuart.o [1]
s_lpuartClock           0x6000'66e0   0x14  Data  Lc  fsl_lpuart.o [1]
s_pitClocks             0x6000'e1ec    0x2  Data  Lc  fsl_pit.o [1]
s_pwmBases              0x6000'afa0   0x14  Data  Lc  fsl_pwm.o [1]
s_pwmClocks             0x6000'afb4   0x28  Data  Lc  fsl_pwm.o [1]
s_usdhcHandle           0x2000'0490    0xc  Data  Lc  fsl_usdhc.o [1]
s_usdhcIsr              0x2000'049c    0x4  Data  Lc  fsl_usdhc.o [1]
s_xbaraClock            0x6000'c7e0    0x2  Data  Lc  fsl_xbara.o [1]
scalbln                 0x6000'76c5         Code  Gb  ldexp.o [3]
scalblnl                0x6000'76c5         Code  Gb  ldexp.o [3]
scalbn                  0x6000'76c5         Code  Gb  ldexp.o [3]
scalbnl                 0x6000'76c5         Code  Gb  ldexp.o [3]
scale                   0x6000'6da7   0x46  Code  Lc  xprintffull_nomb.o [2]
sec_hand                0x2000'0964    0x4  Data  Lc  xfail_s.o [2]
segment_holding         0x6000'2401   0x1a  Code  Lc  dlmalloc.o [2]
spi_mosi                0x6000'4799   0x6c  Code  Gb  Pig_SPI.o [1]
strchr                  0x6000'751d         Code  Gb  strchr.o [4]
strlen                  0x6000'60ad         Code  Gb  strlen.o [4]
sysPllConfig_BOARD_BootClockRUN
                        0x6000'd5f4   0x10  Data  Gb  clock_config.o [1]
sys_alloc               0x6000'29c1  0x164  Code  Lc  dlmalloc.o [2]
systime_init            0x6000'ed77   0x26  Code  Gb  m_systime.o [1]
temp_Speed              0x2000'0170    0x8  Data  Gb  MecanumWheelControl.o [1]
temp_Speed_W1           0x2000'01b8    0xc  Data  Gb  MecanumWheelControl.o [1]
temp_Speed_W2           0x2000'01c4    0xc  Data  Gb  MecanumWheelControl.o [1]
temp_Speed_W3           0x2000'01d0    0xc  Data  Gb  MecanumWheelControl.o [1]
temp_Speed_W4           0x2000'01dc    0xc  Data  Gb  MecanumWheelControl.o [1]
temp_Speed_buff         0x2000'01e8    0xc  Data  Gb  MecanumWheelControl.o [1]
tft_ascii               0x6000'3d54  0x5f0  Data  Gb  TFTDriver.o [1]
tft_delay               0x6000'35eb    0xa  Code  Gb  TFTDriver.o [1]
timer                   0x2000'05e0   0x20  Data  Gb  m_systime.o [1]
tmalloc_large           0x6000'2b31  0x386  Code  Lc  dlmalloc.o [2]
tmalloc_small           0x6000'2eb7  0x200  Code  Lc  dlmalloc.o [2]
usb1PllConfig_BOARD_BootClockRUN
                        0x6000'd604    0x2  Data  Gb  clock_config.o [1]


[1] = D:\智能车\麦轮信标\程序\RT1052\RT1052库\i.MX-RT1052-Library\sdram_release\obj
[2] = dl7M_tlf.a
[3] = m7M_tlv.a
[4] = rt7M_tl.a
[5] = shb_l.a

     53 670 bytes of readonly  code memory
      1 019 bytes of readonly  data memory
  1 083 745 bytes of readwrite data memory

Errors: none
Warnings: none
