###############################################################################
#
# IAR ELF Linker V8.30.1.114/W32 for ARM                  04/May/2019  20:50:23
# Copyright 2007-2018 IAR Systems AB.
#
#    Output file  =  
#        D:\智能车\麦轮信标\程序\RT1052\RT1052库\i.MX-RT1052-Library\LQ库改写\sdram_release\LQ_RT1052LCD.bin
#    Map file     =  
#        D:\智能车\麦轮信标\程序\RT1052\RT1052库\i.MX-RT1052-Library\LQ库改写\sdram_release\list\LQ_RT1052LCD.map
#    Command line =  
#        -f C:\Users\zhuzh\AppData\Local\Temp\EWBD03.tmp
#        (D:\智能车\麦轮信标\程序\RT1052\RT1052库\i.MX-RT1052-Library\LQ库改写\sdram_release\obj\AHRS.o
#        D:\智能车\麦轮信标\程序\RT1052\RT1052库\i.MX-RT1052-Library\LQ库改写\sdram_release\obj\ANO_DT.o
#        D:\智能车\麦轮信标\程序\RT1052\RT1052库\i.MX-RT1052-Library\LQ库改写\sdram_release\obj\AP_Math.o
#        D:\智能车\麦轮信标\程序\RT1052\RT1052库\i.MX-RT1052-Library\LQ库改写\sdram_release\obj\Appmain.o
#        D:\智能车\麦轮信标\程序\RT1052\RT1052库\i.MX-RT1052-Library\LQ库改写\sdram_release\obj\board.o
#        D:\智能车\麦轮信标\程序\RT1052\RT1052库\i.MX-RT1052-Library\LQ库改写\sdram_release\obj\clock_config.o
#        D:\智能车\麦轮信标\程序\RT1052\RT1052库\i.MX-RT1052-Library\LQ库改写\sdram_release\obj\fsl_adc.o
#        D:\智能车\麦轮信标\程序\RT1052\RT1052库\i.MX-RT1052-Library\LQ库改写\sdram_release\obj\fsl_assert.o
#        D:\智能车\麦轮信标\程序\RT1052\RT1052库\i.MX-RT1052-Library\LQ库改写\sdram_release\obj\fsl_clock.o
#        D:\智能车\麦轮信标\程序\RT1052\RT1052库\i.MX-RT1052-Library\LQ库改写\sdram_release\obj\fsl_common.o
#        D:\智能车\麦轮信标\程序\RT1052\RT1052库\i.MX-RT1052-Library\LQ库改写\sdram_release\obj\fsl_csi.o
#        D:\智能车\麦轮信标\程序\RT1052\RT1052库\i.MX-RT1052-Library\LQ库改写\sdram_release\obj\fsl_csi_camera_adapter.o
#        D:\智能车\麦轮信标\程序\RT1052\RT1052库\i.MX-RT1052-Library\LQ库改写\sdram_release\obj\fsl_debug_console.o
#        D:\智能车\麦轮信标\程序\RT1052\RT1052库\i.MX-RT1052-Library\LQ库改写\sdram_release\obj\fsl_dmamux.o
#        D:\智能车\麦轮信标\程序\RT1052\RT1052库\i.MX-RT1052-Library\LQ库改写\sdram_release\obj\fsl_edma.o
#        D:\智能车\麦轮信标\程序\RT1052\RT1052库\i.MX-RT1052-Library\LQ库改写\sdram_release\obj\fsl_elcdif.o
#        D:\智能车\麦轮信标\程序\RT1052\RT1052库\i.MX-RT1052-Library\LQ库改写\sdram_release\obj\fsl_enc.o
#        D:\智能车\麦轮信标\程序\RT1052\RT1052库\i.MX-RT1052-Library\LQ库改写\sdram_release\obj\fsl_flexio.o
#        D:\智能车\麦轮信标\程序\RT1052\RT1052库\i.MX-RT1052-Library\LQ库改写\sdram_release\obj\fsl_flexio_spi.o
#        D:\智能车\麦轮信标\程序\RT1052\RT1052库\i.MX-RT1052-Library\LQ库改写\sdram_release\obj\fsl_flexio_spi_edma.o
#        D:\智能车\麦轮信标\程序\RT1052\RT1052库\i.MX-RT1052-Library\LQ库改写\sdram_release\obj\fsl_flexspi.o
#        D:\智能车\麦轮信标\程序\RT1052\RT1052库\i.MX-RT1052-Library\LQ库改写\sdram_release\obj\fsl_flexspi_nor_boot.o
#        D:\智能车\麦轮信标\程序\RT1052\RT1052库\i.MX-RT1052-Library\LQ库改写\sdram_release\obj\fsl_gpio.o
#        D:\智能车\麦轮信标\程序\RT1052\RT1052库\i.MX-RT1052-Library\LQ库改写\sdram_release\obj\fsl_gpt.o
#        D:\智能车\麦轮信标\程序\RT1052\RT1052库\i.MX-RT1052-Library\LQ库改写\sdram_release\obj\fsl_io.o
#        D:\智能车\麦轮信标\程序\RT1052\RT1052库\i.MX-RT1052-Library\LQ库改写\sdram_release\obj\fsl_log.o
#        D:\智能车\麦轮信标\程序\RT1052\RT1052库\i.MX-RT1052-Library\LQ库改写\sdram_release\obj\fsl_lpi2c.o
#        D:\智能车\麦轮信标\程序\RT1052\RT1052库\i.MX-RT1052-Library\LQ库改写\sdram_release\obj\fsl_lpspi.o
#        D:\智能车\麦轮信标\程序\RT1052\RT1052库\i.MX-RT1052-Library\LQ库改写\sdram_release\obj\fsl_lpuart.o
#        D:\智能车\麦轮信标\程序\RT1052\RT1052库\i.MX-RT1052-Library\LQ库改写\sdram_release\obj\fsl_lpuart_edma.o
#        D:\智能车\麦轮信标\程序\RT1052\RT1052库\i.MX-RT1052-Library\LQ库改写\sdram_release\obj\fsl_pit.o
#        D:\智能车\麦轮信标\程序\RT1052\RT1052库\i.MX-RT1052-Library\LQ库改写\sdram_release\obj\fsl_pwm.o
#        D:\智能车\麦轮信标\程序\RT1052\RT1052库\i.MX-RT1052-Library\LQ库改写\sdram_release\obj\fsl_pxp.o
#        D:\智能车\麦轮信标\程序\RT1052\RT1052库\i.MX-RT1052-Library\LQ库改写\sdram_release\obj\fsl_qtmr.o
#        D:\智能车\麦轮信标\程序\RT1052\RT1052库\i.MX-RT1052-Library\LQ库改写\sdram_release\obj\fsl_sccb.o
#        D:\智能车\麦轮信标\程序\RT1052\RT1052库\i.MX-RT1052-Library\LQ库改写\sdram_release\obj\fsl_semc.o
#        D:\智能车\麦轮信标\程序\RT1052\RT1052库\i.MX-RT1052-Library\LQ库改写\sdram_release\obj\fsl_str.o
#        D:\智能车\麦轮信标\程序\RT1052\RT1052库\i.MX-RT1052-Library\LQ库改写\sdram_release\obj\fsl_trng.o
#        D:\智能车\麦轮信标\程序\RT1052\RT1052库\i.MX-RT1052-Library\LQ库改写\sdram_release\obj\fsl_usdhc.o
#        D:\智能车\麦轮信标\程序\RT1052\RT1052库\i.MX-RT1052-Library\LQ库改写\sdram_release\obj\fsl_wdog.o
#        D:\智能车\麦轮信标\程序\RT1052\RT1052库\i.MX-RT1052-Library\LQ库改写\sdram_release\obj\fsl_xbara.o
#        D:\智能车\麦轮信标\程序\RT1052\RT1052库\i.MX-RT1052-Library\LQ库改写\sdram_release\obj\Inertial_Sensor.o
#        D:\智能车\麦轮信标\程序\RT1052\RT1052库\i.MX-RT1052-Library\LQ库改写\sdram_release\obj\LQ_12864SPI.o
#        D:\智能车\麦轮信标\程序\RT1052\RT1052库\i.MX-RT1052-Library\LQ库改写\sdram_release\obj\LQ_9AX.o
#        D:\智能车\麦轮信标\程序\RT1052\RT1052库\i.MX-RT1052-Library\LQ库改写\sdram_release\obj\LQ_9AXtest.o
#        D:\智能车\麦轮信标\程序\RT1052\RT1052库\i.MX-RT1052-Library\LQ库改写\sdram_release\obj\LQ_ADC.o
#        D:\智能车\麦轮信标\程序\RT1052\RT1052库\i.MX-RT1052-Library\LQ库改写\sdram_release\obj\LQ_Control.o
#        D:\智能车\麦轮信标\程序\RT1052\RT1052库\i.MX-RT1052-Library\LQ库改写\sdram_release\obj\LQ_CSI.o
#        D:\智能车\麦轮信标\程序\RT1052\RT1052库\i.MX-RT1052-Library\LQ库改写\sdram_release\obj\LQ_Encoder.o
#        D:\智能车\麦轮信标\程序\RT1052\RT1052库\i.MX-RT1052-Library\LQ库改写\sdram_release\obj\LQ_IIC.o
#        D:\智能车\麦轮信标\程序\RT1052\RT1052库\i.MX-RT1052-Library\LQ库改写\sdram_release\obj\LQ_KEY.o
#        D:\智能车\麦轮信标\程序\RT1052\RT1052库\i.MX-RT1052-Library\LQ库改写\sdram_release\obj\LQ_LED.o
#        D:\智能车\麦轮信标\程序\RT1052\RT1052库\i.MX-RT1052-Library\LQ库改写\sdram_release\obj\LQ_MPU6050.o
#        D:\智能车\麦轮信标\程序\RT1052\RT1052库\i.MX-RT1052-Library\LQ库改写\sdram_release\obj\LQ_MT9V034M.o
#        D:\智能车\麦轮信标\程序\RT1052\RT1052库\i.MX-RT1052-Library\LQ库改写\sdram_release\obj\LQ_NRF2401.o
#        D:\智能车\麦轮信标\程序\RT1052\RT1052库\i.MX-RT1052-Library\LQ库改写\sdram_release\obj\LQ_OV7725M.o
#        D:\智能车\麦轮信标\程序\RT1052\RT1052库\i.MX-RT1052-Library\LQ库改写\sdram_release\obj\LQ_PIT.o
#        D:\智能车\麦轮信标\程序\RT1052\RT1052库\i.MX-RT1052-Library\LQ库改写\sdram_release\obj\LQ_PWM.o
#        D:\智能车\麦轮信标\程序\RT1052\RT1052库\i.MX-RT1052-Library\LQ库改写\sdram_release\obj\LQ_PXP.o
#        D:\智能车\麦轮信标\程序\RT1052\RT1052库\i.MX-RT1052-Library\LQ库改写\sdram_release\obj\LQ_QTMR.o
#        D:\智能车\麦轮信标\程序\RT1052\RT1052库\i.MX-RT1052-Library\LQ库改写\sdram_release\obj\LQ_SGP18T.o
#        D:\智能车\麦轮信标\程序\RT1052\RT1052库\i.MX-RT1052-Library\LQ库改写\sdram_release\obj\LQ_SGP18Test.o
#        D:\智能车\麦轮信标\程序\RT1052\RT1052库\i.MX-RT1052-Library\LQ库改写\sdram_release\obj\LQ_SPI.o
#        D:\智能车\麦轮信标\程序\RT1052\RT1052库\i.MX-RT1052-Library\LQ库改写\sdram_release\obj\LQ_TRNG.o
#        D:\智能车\麦轮信标\程序\RT1052\RT1052库\i.MX-RT1052-Library\LQ库改写\sdram_release\obj\LQ_UART.o
#        D:\智能车\麦轮信标\程序\RT1052\RT1052库\i.MX-RT1052-Library\LQ库改写\sdram_release\obj\LQ_WDog.o
#        D:\智能车\麦轮信标\程序\RT1052\RT1052库\i.MX-RT1052-Library\LQ库改写\sdram_release\obj\m_systime.o
#        D:\智能车\麦轮信标\程序\RT1052\RT1052库\i.MX-RT1052-Library\LQ库改写\sdram_release\obj\PID.o
#        D:\智能车\麦轮信标\程序\RT1052\RT1052库\i.MX-RT1052-Library\LQ库改写\sdram_release\obj\Pig_edma.o
#        D:\智能车\麦轮信标\程序\RT1052\RT1052库\i.MX-RT1052-Library\LQ库改写\sdram_release\obj\pin_mux.o
#        D:\智能车\麦轮信标\程序\RT1052\RT1052库\i.MX-RT1052-Library\LQ库改写\sdram_release\obj\Scheduler.o
#        D:\智能车\麦轮信标\程序\RT1052\RT1052库\i.MX-RT1052-Library\LQ库改写\sdram_release\obj\SEEKFREE_MT9V032.o
#        D:\智能车\麦轮信标\程序\RT1052\RT1052库\i.MX-RT1052-Library\LQ库改写\sdram_release\obj\startup_MIMXRT1052.o
#        D:\智能车\麦轮信标\程序\RT1052\RT1052库\i.MX-RT1052-Library\LQ库改写\sdram_release\obj\status.o
#        D:\智能车\麦轮信标\程序\RT1052\RT1052库\i.MX-RT1052-Library\LQ库改写\sdram_release\obj\system_MIMXRT1052.o
#        D:\智能车\麦轮信标\程序\RT1052\RT1052库\i.MX-RT1052-Library\LQ库改写\sdram_release\obj\xip_config.o
#        --no_out_extension -o
#        D:\智能车\麦轮信标\程序\RT1052\RT1052库\i.MX-RT1052-Library\LQ库改写\sdram_release\LQ_RT1052LCD.bin
#        --keep image_vector_table --keep boot_data --keep dcd_data --map
#        D:\智能车\麦轮信标\程序\RT1052\RT1052库\i.MX-RT1052-Library\LQ库改写\sdram_release\list\LQ_RT1052LCD.map
#        --config
#        D:\智能车\麦轮信标\程序\RT1052\RT1052库\i.MX-RT1052-Library\LQ库改写\LQuserFlies\config\LQ_RT1052QSPI_Boot.icf
#        --semihosting --entry __iar_program_start --vfe --text_out locale)
#
###############################################################################

*******************************************************************************
*** RUNTIME MODEL ATTRIBUTES
***

CppFlavor       = *
__Heap_Handler  = DLMalloc
__SystemLibrary = DLib
__dlib_version  = 6


*******************************************************************************
*** HEAP SELECTION
***

The advanced heap was selected because the application calls memory
allocation functions outside of system library functions, and there
are calls to deallocation functions in the application.


*******************************************************************************
*** PLACEMENT SUMMARY
***

"A0":  place at 0x6000'2000 { ro section .intvec };
"A1":  place at 0x6000'0000 { section .boot_hdr.conf };
"A2":  place at 0x6000'1000 { section .boot_hdr.ivt };
"A3":  place at 0x6000'1020 { ro section .boot_hdr.boot_data };
"P1":  place in [from 0x6000'2000 to 0x6000'23ff] |
                [from 0x6000'2400 to 0x63ff'ffff] { ro };
define block RW { first rw, section m_usb_dma_init_data };
"P2":  place in [from 0x2000'0000 to 0x2001'7fff] { block RW };
define block ZI
   with alignment = 32 { first zi, section m_usb_dma_noninit_data };
"P3":  place in [from 0x2000'0000 to 0x2001'7fff] { block ZI };
define block CSTACK with size = 32K, alignment = 8 { };
"P5":  place in [from 0x2001'8000 to 0x2001'ffff] { block CSTACK };
define block NCACHE_VAR
   with size = 8M, alignment = 1M {
      section NonCacheable, section NonCacheable.init };
"P6":  place in [from 0x8180'0000 to 0x81ff'ffff] { block NCACHE_VAR };
initialize by copy { rw, section .textrw };
keep {
   section .boot_hdr.conf, section .boot_hdr.ivt, section .boot_hdr.boot_data,
   section .boot_hdr.dcd_data };

No sections matched the following patterns:

  ro section .boot_hdr.dcd_data   in "A4"
  section NonCacheable            in block NCACHE_VAR
  section m_usb_dma_init_data     in block RW
  section m_usb_dma_noninit_data  in block ZI


  Section                Kind         Address      Size  Object
  -------                ----         -------      ----  ------
"P2-P3", part 1 of 2:                             0x10b
  RW                              0x2000'0000     0x10b  <Block>
    RW-1                          0x2000'0000     0x10b  <Init block>
      .data              inited   0x2000'0000      0x34  LQ_Control.o [1]
      .data              inited   0x2000'0034      0x34  LQ_Control.o [1]
      .data              inited   0x2000'0068       0x4  LQ_KEY.o [1]
      .data              inited   0x2000'006c       0x4  LQ_LED.o [1]
      .data              inited   0x2000'0070      0x14  m_systime.o [1]
      .data              inited   0x2000'0084       0x4  system_MIMXRT1052.o [1]
      .data              inited   0x2000'0088      0x48  xfiles.o [2]
      .data              inited   0x2000'00d0      0x38  xlocale_c.o [2]
      .data              inited   0x2000'0108       0x2  status.o [1]
      .data              inited   0x2000'010a       0x1  SEEKFREE_MT9V032.o [1]
                                - 0x2000'010b     0x10b

"P2-P3", part 2 of 2:                             0x2a4
  ZI                              0x2000'0120     0x2a4  <Block>
    .bss                 zero     0x2000'0120      0x34  ANO_DT.o [1]
    .bss                 zero     0x2000'0154       0x1  ANO_DT.o [1]
    .bss                 zero     0x2000'0155       0x1  ANO_DT.o [1]
    .bss                 zero     0x2000'0156       0x1  ANO_DT.o [1]
    .bss                 zero     0x2000'0158       0x8  Appmain.o [1]
    .bss                 zero     0x2000'0160       0x1  Appmain.o [1]
    .bss                 zero     0x2000'0164      0x18  Appmain.o [1]
    .bss                 zero     0x2000'017c       0x4  Appmain.o [1]
    .bss                 zero     0x2000'0180      0x18  Appmain.o [1]
    .bss                 zero     0x2000'0198       0x4  fsl_clock.o [1]
    .bss                 zero     0x2000'019c       0x4  fsl_clock.o [1]
    .bss                 zero     0x2000'01a0       0x4  fsl_csi.o [1]
    .bss                 zero     0x2000'01a4       0x4  fsl_csi.o [1]
    .bss                 zero     0x2000'01a8      0x80  fsl_edma.o [1]
    .bss                 zero     0x2000'0228       0x1  fsl_edma.o [1]
    .bss                 zero     0x2000'022c       0x8  fsl_flexio.o [1]
    .bss                 zero     0x2000'0234       0x8  fsl_flexio.o [1]
    .bss                 zero     0x2000'023c       0x8  fsl_flexio.o [1]
    .bss                 zero     0x2000'0244       0x4  fsl_flexspi.o [1]
    .bss                 zero     0x2000'0248       0x8  fsl_io.o [1]
    .bss                 zero     0x2000'0250       0x4  fsl_lpi2c.o [1]
    .bss                 zero     0x2000'0254      0x14  fsl_lpi2c.o [1]
    .bss                 zero     0x2000'0268       0x4  fsl_lpi2c.o [1]
    .bss                 zero     0x2000'026c      0x14  fsl_lpi2c.o [1]
    .bss                 zero     0x2000'0280      0x14  fsl_lpspi.o [1]
    .bss                 zero     0x2000'0294       0x4  fsl_lpspi.o [1]
    .bss                 zero     0x2000'0298       0x4  fsl_lpspi.o [1]
    .bss                 zero     0x2000'029c       0xc  fsl_usdhc.o [1]
    .bss                 zero     0x2000'02a8       0x4  fsl_usdhc.o [1]
    .bss                 zero     0x2000'02ac       0x1  LQ_KEY.o [1]
    .bss                 zero     0x2000'02ae       0x2  LQ_PIT.o [1]
    .bss                 zero     0x2000'02b0       0x2  LQ_PIT.o [1]
    .bss                 zero     0x2000'02b2       0x2  LQ_PIT.o [1]
    .bss                 zero     0x2000'02b4       0x2  LQ_PIT.o [1]
    .bss                 zero     0x2000'02b6       0x1  LQ_UART.o [1]
    .bss                 zero     0x2000'02b8      0x64  LQ_UART.o [1]
    .bss                 zero     0x2000'031c       0x1  LQ_UART.o [1]
    .bss                 zero     0x2000'031d       0x1  LQ_UART.o [1]
    .bss                 zero     0x2000'031e       0x1  LQ_UART.o [1]
    .bss                 zero     0x2000'031f       0x1  LQ_UART.o [1]
    .bss                 zero     0x2000'0320       0x1  LQ_UART.o [1]
    .bss                 zero     0x2000'0321       0x1  LQ_UART.o [1]
    .bss                 zero     0x2000'0324       0x8  LQ_UART.o [1]
    .bss                 zero     0x2000'032c      0x1c  LQ_UART.o [1]
    .bss                 zero     0x2000'0348      0x20  m_systime.o [1]
    .bss                 zero     0x2000'0368       0x4  SEEKFREE_MT9V032.o [1]
    .bss                 zero     0x2000'036c       0x1  SEEKFREE_MT9V032.o [1]
    .bss                 zero     0x2000'0370      0x50  xfiles.o [2]
    .bss                 zero     0x2000'03c0       0x4  xfail_s.o [2]
                                - 0x2000'03c4     0x2a4

"P5":                                            0x8000
  CSTACK                          0x2001'8000    0x8000  <Block>
    CSTACK               uninit   0x2001'8000    0x8000  <Block tail>
                                - 0x2002'0000    0x8000

"A1":                                             0x200
  .boot_hdr.conf         const    0x6000'0000     0x200  xip_config.o [1]
                                - 0x6000'0200     0x200

"A2":                                              0x20
  .boot_hdr.ivt          const    0x6000'1000      0x20  fsl_flexspi_nor_boot.o [1]
                                - 0x6000'1020      0x20

"A3":                                              0x10
  .boot_hdr.boot_data    const    0x6000'1020      0x10  fsl_flexspi_nor_boot.o [1]
                                - 0x6000'1030      0x10

"A0":                                             0x400
  .intvec                ro code  0x6000'2000     0x400  startup_MIMXRT1052.o [1]
                                - 0x6000'2400     0x400

"P1":                                            0x9bbb
  .text                  ro code  0x6000'2400     0xe26  xprintffull_nomb.o [2]
  .text                  ro code  0x6000'3226      0x3a  zero_init3.o [4]
  .text                  ro code  0x6000'3260      0x16  strchr.o [4]
  .rodata                const    0x6000'3276       0x2  clock_config.o [1]
  .text                  ro code  0x6000'3278      0x40  xfail_s.o [2]
  .text                  ro code  0x6000'32b8      0x36  strlen.o [4]
  .rodata                const    0x6000'32ee       0x2  fsl_dmamux.o [1]
  .text                  ro code  0x6000'32f0      0x58  memchr.o [4]
  .text                  ro code  0x6000'3348     0x230  I64DivMod.o [4]
  .text                  ro code  0x6000'3578      0x12  DblMul.o [3]
  .rodata                const    0x6000'358a       0x2  fsl_edma.o [1]
  .text                  ro code  0x6000'358c      0xa6  ABImemcpy.o [4]
  .rodata                const    0x6000'3632       0x2  fsl_flexspi_nor_boot.o [1]
  .text                  ro code  0x6000'3634      0x70  frexp.o [3]
  .text                  ro code  0x6000'36a4      0x2e  DblCmpLe.o [3]
  .text                  ro code  0x6000'36d2       0x2  startup_MIMXRT1052.o [1]
  .text                  ro code  0x6000'36d4      0x2e  DblCmpGe.o [3]
  .text                  ro code  0x6000'3702       0x2  startup_MIMXRT1052.o [1]
  .text                  ro code  0x6000'3704     0x104  ldexp.o [3]
  .text                  ro code  0x6000'3808       0xe  DblToS32.o [3]
  .text                  ro code  0x6000'3816       0xe  S32ToDbl.o [3]
  .text                  ro code  0x6000'3824      0x12  DblSub.o [3]
  .text                  ro code  0x6000'3836      0x12  DblDiv.o [3]
  .text                  ro code  0x6000'3848       0xe  DblToU32.o [3]
  .text                  ro code  0x6000'3856       0xe  U32ToDbl.o [3]
  .text                  ro code  0x6000'3864       0x8  xlocale_c.o [2]
  .text                  ro code  0x6000'386c       0x6  abort.o [2]
  .text                  ro code  0x6000'3872       0x2  startup_MIMXRT1052.o [1]
  .text                  ro code  0x6000'3874       0x2  I64DivZer.o [4]
  .text                  ro code  0x6000'3876       0x2  startup_MIMXRT1052.o [1]
  .text                  ro code  0x6000'3878      0x14  exit.o [5]
  .text                  ro code  0x6000'388c     0xd08  fsl_edma.o [1]
  .text                  ro code  0x6000'4594      0x18  fsl_assert.o [1]
  .text                  ro code  0x6000'45ac      0x66  ABImemset.o [4]
  .text                  ro code  0x6000'4612       0x2  startup_MIMXRT1052.o [1]
  .text                  ro code  0x6000'4614      0xaa  fsl_debug_console.o [1]
  .text                  ro code  0x6000'46be       0x2  startup_MIMXRT1052.o [1]
  .text                  ro code  0x6000'46c0      0x70  fsl_log.o [1]
  .text                  ro code  0x6000'4730       0x6  ABImemclr4.o [4]
  .text                  ro code  0x6000'4736     0x2d0  fsl_str.o [1]
  .text                  ro code  0x6000'4a06       0x2  startup_MIMXRT1052.o [1]
  .text                  ro code  0x6000'4a08      0xc8  fsl_io.o [1]
  .text                  ro code  0x6000'4ad0      0x32  ABImemset48.o [4]
  .text                  ro code  0x6000'4b02       0x2  startup_MIMXRT1052.o [1]
  .text                  ro code  0x6000'4b04     0x4c4  fsl_lpuart.o [1]
  .text                  ro code  0x6000'4fc8     0xc30  LQ_PWM.o [1]
  .text                  ro code  0x6000'5bf8      0x28  printf.o [2]
  .text                  ro code  0x6000'5c20     0x64c  fsl_clock.o [1]
  .text                  ro code  0x6000'626c     0x6b4  fsl_pwm.o [1]
  .text                  ro code  0x6000'6920     0xadc  LQ_UART.o [1]
  .text                  ro code  0x6000'73fc     0x2ec  ANO_DT.o [1]
  .text                  ro code  0x6000'76e8      0xf8  fsl_lpuart_edma.o [1]
  .text                  ro code  0x6000'77e0     0x320  LQ_LED.o [1]
  .text                  ro code  0x6000'7b00     0x1d0  fsl_gpio.o [1]
  .text                  ro code  0x6000'7cd0     0x76a  system_MIMXRT1052.o [1]
  .text                  ro code  0x6000'843c     0x5b8  pin_mux.o [1]
  .text                  ro code  0x6000'89f4     0x518  LQ_SGP18T.o [1]
  .text                  ro code  0x6000'8f0c     0x498  Appmain.o [1]
  .text                  ro code  0x6000'93a4     0x304  board.o [1]
  .text                  ro code  0x6000'96a8     0x40c  clock_config.o [1]
  .text                  ro code  0x6000'9ab4     0x19c  m_systime.o [1]
  .text                  ro code  0x6000'9c50      0x42  fsl_xbara.o [1]
  .text                  ro code  0x6000'9c94     0x20a  fsl_qtmr.o [1]
  .text                  ro code  0x6000'9ea0      0xa8  fsl_dmamux.o [1]
  .text                  ro code  0x6000'9f48      0x88  LQ_PWM.o [1]
  .text                  ro code  0x6000'9fd0     0x240  fsl_flexspi.o [1]
  .text                  ro code  0x6000'a210      0xf0  fsl_lpspi.o [1]
  .text                  ro code  0x6000'a300      0xb0  LQ_PIT.o [1]
  .text                  ro code  0x6000'a3b0      0x9c  packbits_init.o [4]
  .text                  ro code  0x6000'a44c      0x90  fsl_lpi2c.o [1]
  .rodata                const    0x6000'a4dc      0x8c  fsl_debug_console.o [1]
  .text                  ro code  0x6000'a568      0x88  SEEKFREE_MT9V032.o [1]
  .rodata                const    0x6000'a5f0      0x84  fsl_flexspi.o [1]
  .rodata                const    0x6000'a674      0x80  clock_config.o [1]
  .rodata                const    0x6000'a6f4      0x80  fsl_dmamux.o [1]
  .rodata                const    0x6000'a774      0x80  fsl_dmamux.o [1]
  .rodata                const    0x6000'a7f4      0x80  fsl_gpio.o [1]
  .rodata                const    0x6000'a874      0x80  fsl_gpio.o [1]
  .rodata                const    0x6000'a8f4      0x80  fsl_io.o [1]
  .rodata                const    0x6000'a974      0x80  fsl_log.o [1]
  .rodata                const    0x6000'a9f4      0x80  fsl_lpspi.o [1]
  .rodata                const    0x6000'aa74      0x80  fsl_lpuart.o [1]
  .rodata                const    0x6000'aaf4      0x80  fsl_lpuart.o [1]
  .rodata                const    0x6000'ab74      0x80  fsl_lpuart_edma.o [1]
  .rodata                const    0x6000'abf4      0x7c  Appmain.o [1]
  .rodata                const    0x6000'ac70      0x7c  Appmain.o [1]
  .rodata                const    0x6000'acec      0x7c  fsl_edma.o [1]
  .rodata                const    0x6000'ad68      0x7c  fsl_edma.o [1]
  .rodata                const    0x6000'ade4      0x7c  fsl_pwm.o [1]
  .rodata                const    0x6000'ae60      0x7c  fsl_qtmr.o [1]
  .rodata                const    0x6000'aedc      0x7c  fsl_qtmr.o [1]
  .rodata                const    0x6000'af58      0x7c  LQ_LED.o [1]
  .rodata                const    0x6000'afd4      0x7c  LQ_PWM.o [1]
  .rodata                const    0x6000'b050      0x7c  LQ_SGP18T.o [1]
  .rodata                const    0x6000'b0cc      0x7c  LQ_UART.o [1]
  .rodata                const    0x6000'b148      0x7c  pin_mux.o [1]
  .rodata                const    0x6000'b1c4      0x78  fsl_pwm.o [1]
  .rodata                const    0x6000'b23c      0x6c  LQ_PWM.o [1]
  .rodata                const    0x6000'b2a8      0x68  fsl_edma.o [1]
  .rodata                const    0x6000'b310      0x64  fsl_edma.o [1]
  .text                  ro code  0x6000'b374      0x5c  fsl_flexio.o [1]
  .text                  ro code  0x6000'b3d0      0x4c  LQ_KEY.o [1]
  .rodata                const    0x6000'b41c      0x40  fsl_dmamux.o [1]
  .rodata                const    0x6000'b45c      0x40  fsl_edma.o [1]
  .rodata                const    0x6000'b49c      0x40  fsl_lpuart.o [1]
  .rodata                const    0x6000'b4dc      0x3c  fsl_edma.o [1]
  .rodata                const    0x6000'b518      0x3c  fsl_gpio.o [1]
  .rodata                const    0x6000'b554      0x3c  fsl_pwm.o [1]
  .rodata                const    0x6000'b590      0x3c  fsl_qtmr.o [1]
  .text                  ro code  0x6000'b5cc      0x34  fsl_usdhc.o [1]
  .rodata                const    0x6000'b600      0x2c  fsl_assert.o [1]
  .rodata                const    0x6000'b62c      0x28  fsl_edma.o [1]
  .rodata                const    0x6000'b654      0x28  fsl_pwm.o [1]
  .rodata                const    0x6000'b67c      0x28  LQ_PWM.o [1]
  .text                  ro code  0x6000'b6a4      0x28  startup_MIMXRT1052.o [1]
  .text                  ro code  0x6000'b6cc      0x28  data_init.o [4]
  .rodata                const    0x6000'b6f4      0x24  fsl_edma.o [1]
  .rodata                const    0x6000'b718      0x24  fsl_lpuart.o [1]
  .text                  ro code  0x6000'b73c      0x22  fpinit_M.o [3]
  .iar.init_table        const    0x6000'b760      0x48  - Linker created -
  .rodata                const    0x6000'b7a8      0x20  fsl_edma.o [1]
  .rodata                const    0x6000'b7c8      0x20  fsl_lpuart.o [1]
  .rodata                const    0x6000'b7e8      0x20  fsl_lpuart.o [1]
  .text                  ro code  0x6000'b808      0x20  fsl_csi.o [1]
  .text                  ro code  0x6000'b828      0x1e  cmain.o [4]
  .text                  ro code  0x6000'b846       0x4  low_level_init.o [2]
  .text                  ro code  0x6000'b84a       0x4  exit.o [2]
  .text                  ro code  0x6000'b850       0xa  cexit.o [4]
  .rodata                const    0x6000'b85c      0x1c  Appmain.o [1]
  .rodata                const    0x6000'b878      0x1c  Appmain.o [1]
  .rodata                const    0x6000'b894      0x1c  Appmain.o [1]
  .rodata                const    0x6000'b8b0      0x1c  Appmain.o [1]
  .rodata                const    0x6000'b8cc      0x1c  Appmain.o [1]
  .rodata                const    0x6000'b8e8      0x1c  Appmain.o [1]
  .rodata                const    0x6000'b904      0x1c  Appmain.o [1]
  .rodata                const    0x6000'b920      0x1c  Appmain.o [1]
  .rodata                const    0x6000'b93c      0x1c  Appmain.o [1]
  .rodata                const    0x6000'b958      0x1c  Appmain.o [1]
  .rodata                const    0x6000'b974      0x1c  Appmain.o [1]
  .rodata                const    0x6000'b990      0x1c  Appmain.o [1]
  .rodata                const    0x6000'b9ac      0x1c  Appmain.o [1]
  .rodata                const    0x6000'b9c8      0x1c  Appmain.o [1]
  .rodata                const    0x6000'b9e4      0x1c  LQ_PWM.o [1]
  .rodata                const    0x6000'ba00      0x18  clock_config.o [1]
  .rodata                const    0x6000'ba18      0x18  fsl_gpio.o [1]
  .rodata                const    0x6000'ba30      0x18  fsl_lpuart.o [1]
  .rodata                const    0x6000'ba48      0x18  fsl_lpuart_edma.o [1]
  .rodata                const    0x6000'ba60      0x18  LQ_PWM.o [1]
  .rodata                const    0x6000'ba78      0x18  LQ_PWM.o [1]
  .rodata                const    0x6000'ba90      0x18  LQ_UART.o [1]
  .text                  ro code  0x6000'baa8      0x16  xprout.o [2]
  .text                  ro code  0x6000'bac0       0xc  putchar.o [2]
  .rodata                const    0x6000'bacc      0x14  Appmain.o [1]
  .rodata                const    0x6000'bae0      0x14  fsl_lpspi.o [1]
  .rodata                const    0x6000'baf4      0x14  fsl_lpspi.o [1]
  .rodata                const    0x6000'bb08      0x14  fsl_lpspi.o [1]
  .rodata                const    0x6000'bb1c      0x14  fsl_lpspi.o [1]
  .rodata                const    0x6000'bb30      0x14  fsl_lpuart.o [1]
  .rodata                const    0x6000'bb44      0x14  fsl_pwm.o [1]
  .rodata                const    0x6000'bb58      0x14  fsl_qtmr.o [1]
  .rodata                const    0x6000'bb6c      0x10  Appmain.o [1]
  .rodata                const    0x6000'bb7c      0x10  Appmain.o [1]
  .rodata                const    0x6000'bb8c      0x10  clock_config.o [1]
  .rodata                const    0x6000'bb9c      0x10  fsl_clock.o [1]
  .rodata                const    0x6000'bbac      0x10  fsl_debug_console.o [1]
  .rodata                const    0x6000'bbbc      0x10  fsl_edma.o [1]
  .rodata                const    0x6000'bbcc      0x10  fsl_edma.o [1]
  .rodata                const    0x6000'bbdc      0x10  fsl_edma.o [1]
  .rodata                const    0x6000'bbec      0x10  fsl_lpuart_edma.o [1]
  .rodata                const    0x6000'bbfc      0x10  LQ_PWM.o [1]
  .rodata                const    0x6000'bc0c      0x10  LQ_PWM.o [1]
  .rodata                const    0x6000'bc1c      0x10  LQ_PWM.o [1]
  .rodata                const    0x6000'bc2c       0xc  Appmain.o [1]
  .rodata                const    0x6000'bc38       0xc  fsl_dmamux.o [1]
  .rodata                const    0x6000'bc44       0xc  fsl_edma.o [1]
  .rodata                const    0x6000'bc50       0xc  fsl_edma.o [1]
  .rodata                const    0x6000'bc5c       0xc  fsl_edma.o [1]
  .rodata                const    0x6000'bc68       0xc  fsl_edma.o [1]
  .rodata                const    0x6000'bc74       0xc  fsl_gpio.o [1]
  .rodata                const    0x6000'bc80       0xc  fsl_gpio.o [1]
  .rodata                const    0x6000'bc8c       0xc  fsl_gpio.o [1]
  .rodata                const    0x6000'bc98       0xc  fsl_log.o [1]
  .rodata                const    0x6000'bca4       0xc  fsl_lpuart.o [1]
  .rodata                const    0x6000'bcb0       0xc  fsl_lpuart_edma.o [1]
  .rodata                const    0x6000'bcbc       0xc  fsl_pwm.o [1]
  .rodata                const    0x6000'bcc8       0xc  fsl_pwm.o [1]
  .rodata                const    0x6000'bcd4       0xc  fsl_pwm.o [1]
  .rodata                const    0x6000'bce0       0xc  fsl_pwm.o [1]
  .rodata                const    0x6000'bcec       0xc  fsl_pwm.o [1]
  .rodata                const    0x6000'bcf8       0xc  fsl_qtmr.o [1]
  .rodata                const    0x6000'bd04       0xc  fsl_qtmr.o [1]
  .rodata                const    0x6000'bd10       0xc  fsl_usdhc.o [1]
  .rodata                const    0x6000'bd1c       0xc  LQ_LED.o [1]
  .rodata                const    0x6000'bd28       0xc  LQ_PWM.o [1]
  .rodata                const    0x6000'bd34       0xc  LQ_SGP18T.o [1]
  .rodata                const    0x6000'bd40       0xc  LQ_UART.o [1]
  .rodata                const    0x6000'bd4c       0xc  pin_mux.o [1]
  .text                  ro code  0x6000'bd58       0xc  cstartup_M.o [4]
  .rodata                const    0x6000'bd64       0x8  Appmain.o [1]
  .rodata                const    0x6000'bd6c       0x8  clock_config.o [1]
  .rodata                const    0x6000'bd74       0x8  fsl_flexspi.o [1]
  .rodata                const    0x6000'bd7c       0x8  fsl_io.o [1]
  .rodata                const    0x6000'bd84       0x8  fsl_lpuart.o [1]
  .rodata                const    0x6000'bd8c       0x8  fsl_lpuart.o [1]
  .rodata                const    0x6000'bd94       0x8  fsl_lpuart_edma.o [1]
  .rodata                const    0x6000'bd9c       0x8  fsl_lpuart_edma.o [1]
  .rodata                const    0x6000'bda4       0x8  fsl_pwm.o [1]
  .rodata                const    0x6000'bdac       0x8  fsl_qtmr.o [1]
  .text                  ro code  0x6000'bdb4       0x8  LQ_CSI.o [1]
  .text                  ro code  0x6000'bdbc       0x8  startup_MIMXRT1052.o [1]
  .text                  ro code  0x6000'bdc4       0x8  startup_MIMXRT1052.o [1]
  .text                  ro code  0x6000'bdcc       0x8  startup_MIMXRT1052.o [1]
  .text                  ro code  0x6000'bdd4       0x8  startup_MIMXRT1052.o [1]
  .text                  ro code  0x6000'bddc       0x8  startup_MIMXRT1052.o [1]
  .text                  ro code  0x6000'bde4       0x8  startup_MIMXRT1052.o [1]
  .text                  ro code  0x6000'bdec       0x8  startup_MIMXRT1052.o [1]
  .text                  ro code  0x6000'bdf4       0x8  startup_MIMXRT1052.o [1]
  .text                  ro code  0x6000'bdfc       0x8  startup_MIMXRT1052.o [1]
  .text                  ro code  0x6000'be04       0x8  startup_MIMXRT1052.o [1]
  .text                  ro code  0x6000'be0c       0x8  startup_MIMXRT1052.o [1]
  .text                  ro code  0x6000'be14       0x8  startup_MIMXRT1052.o [1]
  .text                  ro code  0x6000'be1c       0x8  startup_MIMXRT1052.o [1]
  .text                  ro code  0x6000'be24       0x8  startup_MIMXRT1052.o [1]
  .text                  ro code  0x6000'be2c       0x8  startup_MIMXRT1052.o [1]
  .text                  ro code  0x6000'be34       0x8  startup_MIMXRT1052.o [1]
  .text                  ro code  0x6000'be3c       0x8  startup_MIMXRT1052.o [1]
  .text                  ro code  0x6000'be44       0x8  startup_MIMXRT1052.o [1]
  .text                  ro code  0x6000'be4c       0x8  startup_MIMXRT1052.o [1]
  .text                  ro code  0x6000'be54       0x8  startup_MIMXRT1052.o [1]
  .text                  ro code  0x6000'be5c       0x8  startup_MIMXRT1052.o [1]
  .text                  ro code  0x6000'be64       0x8  startup_MIMXRT1052.o [1]
  .text                  ro code  0x6000'be6c       0x8  startup_MIMXRT1052.o [1]
  .text                  ro code  0x6000'be74       0x8  startup_MIMXRT1052.o [1]
  .text                  ro code  0x6000'be7c       0x8  startup_MIMXRT1052.o [1]
  .text                  ro code  0x6000'be84       0x8  startup_MIMXRT1052.o [1]
  .text                  ro code  0x6000'be8c       0x8  startup_MIMXRT1052.o [1]
  .text                  ro code  0x6000'be94       0x8  startup_MIMXRT1052.o [1]
  .text                  ro code  0x6000'be9c       0x8  startup_MIMXRT1052.o [1]
  .text                  ro code  0x6000'bea4       0x8  startup_MIMXRT1052.o [1]
  .text                  ro code  0x6000'beac       0x8  startup_MIMXRT1052.o [1]
  .text                  ro code  0x6000'beb4       0x8  startup_MIMXRT1052.o [1]
  .text                  ro code  0x6000'bebc       0x8  startup_MIMXRT1052.o [1]
  .text                  ro code  0x6000'bec4       0x8  startup_MIMXRT1052.o [1]
  .text                  ro code  0x6000'becc       0x8  startup_MIMXRT1052.o [1]
  .text                  ro code  0x6000'bed4       0x8  startup_MIMXRT1052.o [1]
  .text                  ro code  0x6000'bedc       0x8  startup_MIMXRT1052.o [1]
  .text                  ro code  0x6000'bee4       0x8  startup_MIMXRT1052.o [1]
  .text                  ro code  0x6000'beec       0x8  startup_MIMXRT1052.o [1]
  .rodata                const    0x6000'bef4       0x4  fsl_dmamux.o [1]
  .rodata                const    0x6000'bef8       0x4  fsl_edma.o [1]
  .rodata                const    0x6000'befc       0x4  xlocale_c.o [2]
  .text                  ro code  0x6000'bf00       0x4  startup_MIMXRT1052.o [1]
  .rodata                const    0x6000'bf04       0x0  zero_init3.o [4]
  .rodata                const    0x6000'bf04       0x0  packbits_init.o [4]
  Initializer bytes      const    0x6000'bf04      0xa7  <for RW-1>
  Initializer bytes      const    0x6000'bfab      0x10  <for NCACHE_VAR-1>
                                - 0x6000'bfbb    0x9bbb

"P6":                                          0x800000
  NCACHE_VAR                      0x8180'0000  0x800000  <Block>
    NCACHE_VAR-1                  0x8180'0000      0x20  <Init block>
      NonCacheable.init  inited   0x8180'0000      0x10  Appmain.o [1]
      NonCacheable.init  inited   0x8180'0010      0x10  Appmain.o [1]
    NCACHE_VAR           uninit   0x8180'0020  0x7fffe0  <Block tail>
                                - 0x8200'0000  0x800000

Unused ranges:

         From           To        Size
         ----           --        ----
  0x2000'010b  0x2000'011f        0x15
  0x2000'03c4  0x2001'7fff    0x1'7c3c
  0x6000'bfbb  0x63ff'ffff  0x3ff'4045


*******************************************************************************
*** INIT TABLE
***

          Address      Size
          -------      ----
Zero (__iar_zero_init3)
    1 destination range, total size 0x2a4:
          0x2000'0120  0x2a4

Copy/packbits (__iar_packbits_init3)
    1 source range, total size 0xa7 (62% of destination):
          0x6000'bf04   0xa7
    1 destination range, total size 0x10b:
          0x2000'0000  0x10b

Copy/packbits (__iar_packbits_init3)
    1 source range, total size 0x10 (50% of destination):
          0x6000'bfab   0x10
    1 destination range, total size 0x20:
          0x8180'0000   0x20



*******************************************************************************
*** MODULE SUMMARY
***

    Module                  ro code  ro data    rw data
    ------                  -------  -------    -------
command line/config:
    ---------------------------------------------------
    Total:

D:\智能车\麦轮信标\程序\RT1052\RT1052库\i.MX-RT1052-Library\LQ库改写\sdram_release\obj: [1]
    ANO_DT.o                    748                  55
    Appmain.o                 1 176      728         93
    LQ_CSI.o                      8
    LQ_Control.o                          65        104
    LQ_KEY.o                     76        2          5
    LQ_LED.o                    800      139          4
    LQ_PIT.o                    176                   8
    LQ_PWM.o                  3 256      408
    LQ_SGP18T.o               1 304      136
    LQ_UART.o                 2 780      160        143
    SEEKFREE_MT9V032.o          136        1          6
    board.o                     772
    clock_config.o            1 036      178
    fsl_assert.o                 24       44
    fsl_clock.o               1 612       16          8
    fsl_csi.o                    32                   8
    fsl_debug_console.o         170      156
    fsl_dmamux.o                168      338
    fsl_edma.o                3 336      786        129
    fsl_flexio.o                 92                  24
    fsl_flexspi.o               576      140          4
    fsl_flexspi_nor_boot.o                50
    fsl_gpio.o                  464      376
    fsl_io.o                    200      136          8
    fsl_log.o                   112      140
    fsl_lpi2c.o                 144                  48
    fsl_lpspi.o                 240      208         28
    fsl_lpuart.o              1 220      492
    fsl_lpuart_edma.o           248      196
    fsl_pwm.o                 1 716      432
    fsl_qtmr.o                  522      360
    fsl_str.o                   720
    fsl_usdhc.o                  52       12         16
    fsl_xbara.o                  66
    m_systime.o                 412       12         52
    pin_mux.o                 1 464      136
    startup_MIMXRT1052.o      1 396
    status.o                               1          2
    system_MIMXRT1052.o       1 898        3          4
    xip_config.o                         512
    ---------------------------------------------------
    Total:                   29 152    6 363        749

dl7M_tlf.a: [2]
    abort.o                       6
    exit.o                        4
    low_level_init.o              4
    printf.o                     40
    putchar.o                    12
    xfail_s.o                    64                   4
    xfiles.o                              45        152
    xlocale_c.o                   8       39         56
    xprintffull_nomb.o        3 622
    xprout.o                     22
    ---------------------------------------------------
    Total:                    3 782       84        212

m7M_tlv.a: [3]
    DblCmpGe.o                   46
    DblCmpLe.o                   46
    DblDiv.o                     18
    DblMul.o                     18
    DblSub.o                     18
    DblToS32.o                   14
    DblToU32.o                   14
    S32ToDbl.o                   14
    U32ToDbl.o                   14
    fpinit_M.o                   34
    frexp.o                     112
    ldexp.o                     260
    ---------------------------------------------------
    Total:                      608

rt7M_tl.a: [4]
    ABImemclr4.o                  6
    ABImemcpy.o                 166
    ABImemset.o                 102
    ABImemset48.o                50
    I64DivMod.o                 560
    I64DivZer.o                   2
    cexit.o                      10
    cmain.o                      30
    cstartup_M.o                 12
    data_init.o                  40
    memchr.o                     88
    packbits_init.o             156
    strchr.o                     22
    strlen.o                     54
    zero_init3.o                 58
    ---------------------------------------------------
    Total:                    1 356

shb_l.a: [5]
    exit.o                       20
    ---------------------------------------------------
    Total:                       20

    Gaps                         10        4         14
    Linker created                        72  8 421 344
-------------------------------------------------------
    Grand Total:             34 928    6 523  8 422 319


*******************************************************************************
*** ENTRY LIST
***

Entry                       Address   Size  Type      Object
-----                       -------   ----  ----      ------
.iar.init_table$$Base   0x6000'b760          --   Gb  - Linker created -
.iar.init_table$$Limit  0x6000'b7a8          --   Gb  - Linker created -
?main                   0x6000'b829         Code  Gb  cmain.o [4]
ANO_DT_Data_Receive_Anl
                        0x6000'7555  0x162  Code  Gb  ANO_DT.o [1]
ANO_DT_Data_Receive_Prepare
                        0x6000'7475   0xde  Code  Gb  ANO_DT.o [1]
ANO_DT_Data_Receive_Prepare::RxBuffer
                        0x2000'0120   0x34  Data  Lc  ANO_DT.o [1]
ANO_DT_Data_Receive_Prepare::_data_cnt
                        0x2000'0155    0x1  Data  Lc  ANO_DT.o [1]
ANO_DT_Data_Receive_Prepare::_data_len
                        0x2000'0154    0x1  Data  Lc  ANO_DT.o [1]
ANO_DT_Data_Receive_Prepare::state
                        0x2000'0156    0x1  Data  Lc  ANO_DT.o [1]
ANO_DT_Send_Check       0x6000'742d   0x48  Code  Lc  ANO_DT.o [1]
ANO_DT_Send_Data        0x6000'73fd   0x30  Code  Gb  ANO_DT.o [1]
ARM_MPU_Disable         0x6000'93c5   0x22  Code  Lc  board.o [1]
ARM_MPU_Enable          0x6000'93a5   0x20  Code  Lc  board.o [1]
BOARD_BootClockRUN      0x6000'9785  0x22c  Code  Gb  clock_config.o [1]
BOARD_ConfigMPU         0x6000'95b5   0x74  Code  Gb  board.o [1]
BOARD_DebugConsoleSrcFreq
                        0x6000'955b   0x42  Code  Gb  board.o [1]
BOARD_InitDEBUG_UARTPins
                        0x6000'84b7   0x64  Code  Gb  pin_mux.o [1]
BOARD_InitDebugConsole  0x6000'959d   0x18  Code  Gb  board.o [1]
BOARD_InitSDRAMPins     0x6000'8535  0x384  Code  Gb  pin_mux.o [1]
CLOCK_ControlGate       0x6000'8f49   0x46  Code  Lc  Appmain.o [1]
CLOCK_ControlGate       0x6000'9ea1   0x40  Code  Lc  fsl_dmamux.o [1]
CLOCK_ControlGate       0x6000'38ab   0x46  Code  Lc  fsl_edma.o [1]
CLOCK_ControlGate       0x6000'7b01   0x40  Code  Lc  fsl_gpio.o [1]
CLOCK_ControlGate       0x6000'4b05   0x46  Code  Lc  fsl_lpuart.o [1]
CLOCK_ControlGate       0x6000'626d   0x46  Code  Lc  fsl_pwm.o [1]
CLOCK_ControlGate       0x6000'9c95   0x40  Code  Lc  fsl_qtmr.o [1]
CLOCK_ControlGate       0x6000'77e1   0x46  Code  Lc  LQ_LED.o [1]
CLOCK_ControlGate       0x6000'5039   0x46  Code  Lc  LQ_PWM.o [1]
CLOCK_ControlGate       0x6000'89f5   0x46  Code  Lc  LQ_SGP18T.o [1]
CLOCK_ControlGate       0x6000'6ae3   0x46  Code  Lc  LQ_UART.o [1]
CLOCK_ControlGate       0x6000'843d   0x46  Code  Lc  pin_mux.o [1]
CLOCK_EnableClock       0x6000'8f8f    0xc  Code  Lc  Appmain.o [1]
CLOCK_EnableClock       0x6000'9ee1    0xc  Code  Lc  fsl_dmamux.o [1]
CLOCK_EnableClock       0x6000'38f1    0xc  Code  Lc  fsl_edma.o [1]
CLOCK_EnableClock       0x6000'7b41    0xc  Code  Lc  fsl_gpio.o [1]
CLOCK_EnableClock       0x6000'4b4b    0xc  Code  Lc  fsl_lpuart.o [1]
CLOCK_EnableClock       0x6000'62b3    0xc  Code  Lc  fsl_pwm.o [1]
CLOCK_EnableClock       0x6000'9cd5    0xc  Code  Lc  fsl_qtmr.o [1]
CLOCK_EnableClock       0x6000'7827    0xc  Code  Lc  LQ_LED.o [1]
CLOCK_EnableClock       0x6000'507f    0xc  Code  Lc  LQ_PWM.o [1]
CLOCK_EnableClock       0x6000'8a3b    0xc  Code  Lc  LQ_SGP18T.o [1]
CLOCK_EnableClock       0x6000'6b29    0xc  Code  Lc  LQ_UART.o [1]
CLOCK_EnableClock       0x6000'8483    0xc  Code  Lc  pin_mux.o [1]
CLOCK_GetDiv            0x6000'9519   0x2a  Code  Lc  board.o [1]
CLOCK_GetDiv            0x6000'6ab9   0x2a  Code  Lc  LQ_UART.o [1]
CLOCK_GetFreq           0x6000'5d2b  0x152  Code  Gb  fsl_clock.o [1]
CLOCK_GetMux            0x6000'94ef   0x2a  Code  Lc  board.o [1]
CLOCK_GetMux            0x6000'6a1f   0x2a  Code  Lc  LQ_UART.o [1]
CLOCK_GetOscFreq        0x6000'9543   0x18  Code  Lc  board.o [1]
CLOCK_GetOscFreq        0x6000'5c21   0x18  Code  Lc  fsl_clock.o [1]
CLOCK_GetOscFreq        0x6000'6b35   0x18  Code  Lc  LQ_UART.o [1]
CLOCK_GetPeriphClkFreq  0x6000'5c81   0xaa  Code  Lc  fsl_clock.o [1]
CLOCK_GetPllBypassRefClk
                        0x6000'5c65   0x1c  Code  Lc  fsl_clock.o [1]
CLOCK_GetPllFreq        0x6000'5f3d  0x1b4  Code  Gb  fsl_clock.o [1]
CLOCK_GetRtcFreq        0x6000'5c39    0x6  Code  Lc  fsl_clock.o [1]
CLOCK_GetSysPfdFreq     0x6000'612b   0x5c  Code  Gb  fsl_clock.o [1]
CLOCK_GetUsb1PfdFreq    0x6000'6187   0x5c  Code  Gb  fsl_clock.o [1]
CLOCK_InitArmPll        0x6000'5e7d   0x40  Code  Gb  fsl_clock.o [1]
CLOCK_InitSysPfd        0x6000'60f1   0x3a  Code  Gb  fsl_clock.o [1]
CLOCK_InitSysPll        0x6000'5ebd   0x40  Code  Gb  fsl_clock.o [1]
CLOCK_InitUsb1Pll       0x6000'5efd   0x40  Code  Gb  fsl_clock.o [1]
CLOCK_IsPllBypassed     0x6000'5c3f   0x10  Code  Lc  fsl_clock.o [1]
CLOCK_IsPllEnabled      0x6000'5c4f   0x16  Code  Lc  fsl_clock.o [1]
CLOCK_SetDiv            0x6000'9711   0x68  Code  Lc  clock_config.o [1]
CLOCK_SetDiv            0x6000'4fc9   0x70  Code  Lc  LQ_PWM.o [1]
CLOCK_SetDiv            0x6000'6a49   0x70  Code  Lc  LQ_UART.o [1]
CLOCK_SetMux            0x6000'96a9   0x68  Code  Lc  clock_config.o [1]
CLOCK_SetMux            0x6000'69af   0x70  Code  Lc  LQ_UART.o [1]
CLOCK_SetRtcXtalFreq    0x6000'977f    0x6  Code  Lc  clock_config.o [1]
CLOCK_SetXtalFreq       0x6000'9779    0x6  Code  Lc  clock_config.o [1]
CSI_DriverIRQHandler    0x6000'b809   0x10  Code  Gb  fsl_csi.o [1]
CSI_IRQHandler          0x6000'bdb5    0x8  Code  Gb  LQ_CSI.o [1]
CSTACK$$Base            0x2001'8000          --   Gb  - Linker created -
CSTACK$$Limit           0x2002'0000          --   Gb  - Linker created -
ConvertRadixNumToString
                        0x6000'4737   0x8a  Code  Lc  fsl_str.o [1]
DMA0_DMA16_DriverIRQHandler
                        0x6000'423f   0x34  Code  Gb  fsl_edma.o [1]
DMA10_DMA26_DriverIRQHandler
                        0x6000'444b   0x30  Code  Gb  fsl_edma.o [1]
DMA11_DMA27_DriverIRQHandler
                        0x6000'447b   0x30  Code  Gb  fsl_edma.o [1]
DMA12_DMA28_DriverIRQHandler
                        0x6000'44ab   0x2e  Code  Gb  fsl_edma.o [1]
DMA13_DMA29_DriverIRQHandler
                        0x6000'44d9   0x2e  Code  Gb  fsl_edma.o [1]
DMA14_DMA30_DriverIRQHandler
                        0x6000'4507   0x2e  Code  Gb  fsl_edma.o [1]
DMA15_DMA31_DriverIRQHandler
                        0x6000'4535   0x2e  Code  Gb  fsl_edma.o [1]
DMA1_DMA17_DriverIRQHandler
                        0x6000'4273   0x34  Code  Gb  fsl_edma.o [1]
DMA2_DMA18_DriverIRQHandler
                        0x6000'42ad   0x34  Code  Gb  fsl_edma.o [1]
DMA3_DMA19_DriverIRQHandler
                        0x6000'42e1   0x34  Code  Gb  fsl_edma.o [1]
DMA4_DMA20_DriverIRQHandler
                        0x6000'4315   0x34  Code  Gb  fsl_edma.o [1]
DMA5_DMA21_DriverIRQHandler
                        0x6000'4349   0x34  Code  Gb  fsl_edma.o [1]
DMA6_DMA22_DriverIRQHandler
                        0x6000'437d   0x34  Code  Gb  fsl_edma.o [1]
DMA7_DMA23_DriverIRQHandler
                        0x6000'43b5   0x34  Code  Gb  fsl_edma.o [1]
DMA8_DMA24_DriverIRQHandler
                        0x6000'43e9   0x32  Code  Gb  fsl_edma.o [1]
DMA9_DMA25_DriverIRQHandler
                        0x6000'441b   0x30  Code  Gb  fsl_edma.o [1]
DMAMUX_EnableChannel    0x6000'8ff1   0x26  Code  Lc  Appmain.o [1]
DMAMUX_GetInstance      0x6000'9eed   0x2c  Code  Lc  fsl_dmamux.o [1]
DMAMUX_Init             0x6000'9f19   0x12  Code  Gb  fsl_dmamux.o [1]
DMAMUX_SetSource        0x6000'9017   0x2e  Code  Lc  Appmain.o [1]
DbgConsole_Init         0x6000'4615   0x30  Code  Gb  fsl_debug_console.o [1]
DbgConsole_Printf       0x6000'464d   0x32  Code  Gb  fsl_debug_console.o [1]
DbgConsole_RelocateLog  0x6000'4681   0x3e  Code  Lc  fsl_debug_console.o [1]
DelayTest               0x6000'905f    0xe  Code  Gb  Appmain.o [1]
DisableGlobalIRQ        0x6000'3919    0x8  Code  Lc  fsl_edma.o [1]
EDMA_Callback           0x6000'906d    0xe  Code  Gb  Appmain.o [1]
EDMA_CreateHandle       0x6000'3c8f   0xac  Code  Gb  fsl_edma.o [1]
EDMA_GetChannelStatusFlags
                        0x6000'3c31   0x4a  Code  Gb  fsl_edma.o [1]
EDMA_GetDefaultConfig   0x6000'3a89   0x2c  Code  Gb  fsl_edma.o [1]
EDMA_GetInstance        0x6000'3927   0x32  Code  Lc  fsl_edma.o [1]
EDMA_HandleIRQ          0x6000'416d   0xd2  Code  Gb  fsl_edma.o [1]
EDMA_Init               0x6000'3a35   0x54  Code  Gb  fsl_edma.o [1]
EDMA_InstallTCD         0x6000'3959   0xdc  Code  Gb  fsl_edma.o [1]
EDMA_PrepareTransfer    0x6000'3d65  0x174  Code  Gb  fsl_edma.o [1]
EDMA_SetCallback        0x6000'3d3b   0x24  Code  Gb  fsl_edma.o [1]
EDMA_SetTransferConfig  0x6000'3ab5   0x62  Code  Gb  fsl_edma.o [1]
EDMA_StartTransfer      0x6000'40f1   0x74  Code  Gb  fsl_edma.o [1]
EDMA_SubmitTransfer     0x6000'3ef9  0x1f2  Code  Gb  fsl_edma.o [1]
EDMA_TcdReset           0x6000'3b17   0x66  Code  Gb  fsl_edma.o [1]
EDMA_TcdSetTransferConfig
                        0x6000'3b7d   0xb4  Code  Gb  fsl_edma.o [1]
EnableGlobalIRQ         0x6000'3921    0x6  Code  Lc  fsl_edma.o [1]
EnableIRQ               0x6000'8f9b   0x1c  Code  Lc  Appmain.o [1]
EnableIRQ               0x6000'38fd   0x1c  Code  Lc  fsl_edma.o [1]
EnableIRQ               0x6000'6b4d   0x1c  Code  Lc  LQ_UART.o [1]
FLEXIO1_DriverIRQHandler
                        0x6000'b3c1    0x8  Code  Gb  fsl_flexio.o [1]
FLEXIO2_DriverIRQHandler
                        0x6000'b3c9    0x8  Code  Gb  fsl_flexio.o [1]
FLEXIO_CommonIRQHandler
                        0x6000'b375   0x3e  Code  Gb  fsl_flexio.o [1]
FLEXSPI_CheckAndClearError
                        0x6000'9fe3   0x64  Code  Gb  fsl_flexspi.o [1]
FLEXSPI_ClearInterruptStatusFlags
                        0x6000'9fdb    0x8  Code  Lc  fsl_flexspi.o [1]
FLEXSPI_DisableInterrupts
                        0x6000'9fd1    0xa  Code  Lc  fsl_flexspi.o [1]
FLEXSPI_DriverIRQHandler
                        0x6000'a1f1    0xe  Code  Gb  fsl_flexspi.o [1]
FLEXSPI_TransferAbort   0x6000'a04d   0x2a  Code  Gb  fsl_flexspi.o [1]
FLEXSPI_TransferHandleIRQ
                        0x6000'a077  0x17a  Code  Gb  fsl_flexspi.o [1]
GPIO5_Combined_0_15_IRQHandler
                        0x6000'b3e1   0x2e  Code  Gb  LQ_KEY.o [1]
GPIO_GetInstance        0x6000'7b57   0x2c  Code  Lc  fsl_gpio.o [1]
GPIO_GetPinsInterruptFlags
                        0x6000'b3d5    0x8  Code  Lc  LQ_KEY.o [1]
GPIO_Output_Config      0x2000'006c    0x4  Data  Gb  LQ_LED.o [1]
GPIO_PinInit            0x6000'7b83   0x54  Code  Gb  fsl_gpio.o [1]
GPIO_PinSetInterruptConfig
                        0x6000'7c35   0x9c  Code  Gb  fsl_gpio.o [1]
GPIO_PinWrite           0x6000'7bd7   0x3e  Code  Gb  fsl_gpio.o [1]
GPIO_PortClearInterruptFlags
                        0x6000'b3dd    0x4  Code  Lc  LQ_KEY.o [1]
GPIO_PortGetInterruptFlags
                        0x6000'b3d1    0x4  Code  Lc  LQ_KEY.o [1]
GPIO_SetPinInterruptConfig
                        0x6000'7b4d    0xa  Code  Lc  fsl_gpio.o [1]
Get_StartInstance       0x6000'3c7b   0x14  Code  Lc  fsl_edma.o [1]
Get_StartInstance::StartInstanceNum
                        0x2000'0228    0x1  Data  Lc  fsl_edma.o [1]
IOMUXC_SetPinConfig     0x6000'784f    0xc  Code  Lc  LQ_LED.o [1]
IOMUXC_SetPinConfig     0x6000'50a7    0xc  Code  Lc  LQ_PWM.o [1]
IOMUXC_SetPinConfig     0x6000'8a63    0xc  Code  Lc  LQ_SGP18T.o [1]
IOMUXC_SetPinConfig     0x6000'6b85    0xc  Code  Lc  LQ_UART.o [1]
IOMUXC_SetPinConfig     0x6000'84ab    0xc  Code  Lc  pin_mux.o [1]
IOMUXC_SetPinMux        0x6000'8fb7   0x1c  Code  Lc  Appmain.o [1]
IOMUXC_SetPinMux        0x6000'7833   0x1c  Code  Lc  LQ_LED.o [1]
IOMUXC_SetPinMux        0x6000'508b   0x1c  Code  Lc  LQ_PWM.o [1]
IOMUXC_SetPinMux        0x6000'8a47   0x1c  Code  Lc  LQ_SGP18T.o [1]
IOMUXC_SetPinMux        0x6000'6b69   0x1c  Code  Lc  LQ_UART.o [1]
IOMUXC_SetPinMux        0x6000'848f   0x1c  Code  Lc  pin_mux.o [1]
IO_Init                 0x6000'4a3d   0x54  Code  Gb  fsl_io.o [1]
IO_Transfer             0x6000'4a91   0x32  Code  Gb  fsl_io.o [1]
LED_Color               0x6000'798f  0x130  Code  Gb  LQ_LED.o [1]
LED_Init                0x6000'785b  0x134  Code  Gb  LQ_LED.o [1]
LOG_Init                0x6000'46c1   0x1a  Code  Gb  fsl_log.o [1]
LOG_Pop                 0x6000'46ff   0x28  Code  Gb  fsl_log.o [1]
LOG_Push                0x6000'46db   0x24  Code  Gb  fsl_log.o [1]
LPI2C1_DriverIRQHandler
                        0x6000'a48b    0xc  Code  Gb  fsl_lpi2c.o [1]
LPI2C2_DriverIRQHandler
                        0x6000'a497    0xc  Code  Gb  fsl_lpi2c.o [1]
LPI2C3_DriverIRQHandler
                        0x6000'a4a3    0xc  Code  Gb  fsl_lpi2c.o [1]
LPI2C4_DriverIRQHandler
                        0x6000'a4af    0xc  Code  Gb  fsl_lpi2c.o [1]
LPI2C_CommonIRQHandler  0x6000'a44d   0x3e  Code  Lc  fsl_lpi2c.o [1]
LPSPI1_DriverIRQHandler
                        0x6000'a241   0x24  Code  Gb  fsl_lpspi.o [1]
LPSPI2_DriverIRQHandler
                        0x6000'a265   0x24  Code  Gb  fsl_lpspi.o [1]
LPSPI3_DriverIRQHandler
                        0x6000'a289   0x24  Code  Gb  fsl_lpspi.o [1]
LPSPI4_DriverIRQHandler
                        0x6000'a2ad   0x24  Code  Gb  fsl_lpspi.o [1]
LPSPI_CommonIRQHandler  0x6000'a219   0x28  Code  Lc  fsl_lpspi.o [1]
LPSPI_IsMaster          0x6000'a211    0x8  Code  Lc  fsl_lpspi.o [1]
LPUART1_IRQHandler      0x6000'713f   0x2a  Code  Gb  LQ_UART.o [1]
LPUART2_IRQHandler      0x6000'7169   0x2c  Code  Gb  LQ_UART.o [1]
LPUART2_IRQHandler::res
                        0x2000'031c    0x1  Data  Lc  LQ_UART.o [1]
LPUART3_IRQHandler      0x6000'7195   0x36  Code  Gb  LQ_UART.o [1]
LPUART3_IRQHandler::res
                        0x2000'031d    0x1  Data  Lc  LQ_UART.o [1]
LPUART4_IRQHandler      0x6000'a593   0x48  Code  Gb  SEEKFREE_MT9V032.o [1]
LPUART5_IRQHandler      0x6000'71cb   0x36  Code  Gb  LQ_UART.o [1]
LPUART5_IRQHandler::res
                        0x2000'031e    0x1  Data  Lc  LQ_UART.o [1]
LPUART6_IRQHandler      0x6000'7209   0x36  Code  Gb  LQ_UART.o [1]
LPUART6_IRQHandler::res
                        0x2000'031f    0x1  Data  Lc  LQ_UART.o [1]
LPUART7_IRQHandler      0x6000'723f   0x36  Code  Gb  LQ_UART.o [1]
LPUART7_IRQHandler::res
                        0x2000'0320    0x1  Data  Lc  LQ_UART.o [1]
LPUART8_IRQHandler      0x6000'7281   0x36  Code  Gb  LQ_UART.o [1]
LPUART8_IRQHandler::res
                        0x2000'0321    0x1  Data  Lc  LQ_UART.o [1]
LPUART_ClearStatusFlags
                        0x6000'4e4d   0x4c  Code  Gb  fsl_lpuart.o [1]
LPUART_EnableInterrupts
                        0x6000'4e15   0x28  Code  Gb  fsl_lpuart.o [1]
LPUART_EnableRx         0x6000'4a23   0x1a  Code  Lc  fsl_io.o [1]
LPUART_EnableTx         0x6000'4a09   0x1a  Code  Lc  fsl_io.o [1]
LPUART_EnableTxDMA      0x6000'76ed   0x1a  Code  Lc  fsl_lpuart_edma.o [1]
LPUART_GetDataRegisterAddress
                        0x6000'76e9    0x4  Code  Lc  fsl_lpuart_edma.o [1]
LPUART_GetDefaultConfig
                        0x6000'4db9   0x5c  Code  Gb  fsl_lpuart.o [1]
LPUART_GetInstance      0x6000'4b69   0x32  Code  Gb  fsl_lpuart.o [1]
LPUART_GetStatusFlags   0x6000'4e3d   0x10  Code  Gb  fsl_lpuart.o [1]
LPUART_Init             0x6000'4b9b  0x21e  Code  Gb  fsl_lpuart.o [1]
LPUART_RX_BUF           0x2000'02b8   0x64  Data  Gb  LQ_UART.o [1]
LPUART_ReadBlocking     0x6000'4ed1   0xbc  Code  Gb  fsl_lpuart.o [1]
LPUART_ReadByte         0x6000'6b91   0x2a  Code  Lc  LQ_UART.o [1]
LPUART_ReadByte         0x6000'a569   0x2a  Code  Lc  SEEKFREE_MT9V032.o [1]
LPUART_SendEDMA         0x6000'7707   0xc0  Code  Gb  fsl_lpuart_edma.o [1]
LPUART_SoftwareReset    0x6000'4b57   0x12  Code  Lc  fsl_lpuart.o [1]
LPUART_WriteBlocking    0x6000'4e99   0x38  Code  Gb  fsl_lpuart.o [1]
LQ_GetUartSrcFreq       0x6000'6bbd   0x42  Code  Gb  LQ_UART.o [1]
LQ_PWMA_B_SetDuty       0x6000'9f49   0x88  Code  Gb  LQ_PWM.o [1]
LQ_PWM_Init             0x6000'5939  0x176  Code  Gb  LQ_PWM.o [1]
LQ_PWM_InitPins         0x6000'52f5  0x636  Code  Gb  LQ_PWM.o [1]
LQ_QSPI_BOOT_SDRAM_INIT
                        0x6000'7d67  0x3c0  Code  Gb  system_MIMXRT1052.o [1]
LQ_UART_Init            0x6000'6bff  0x540  Code  Gb  LQ_UART.o [1]
LoadInt                 0x6000'25af   0x7a  Code  Lc  xprintffull_nomb.o [2]
MeasureRunTime_ms       0x6000'9c11   0x18  Code  Gb  m_systime.o [1]
Motor_pid               0x2000'0000   0x34  Data  Gb  LQ_Control.o [1]
NCACHE_VAR$$Base        0x8180'0000          --   Gb  - Linker created -
NCACHE_VAR$$Limit       0x8200'0000          --   Gb  - Linker created -
NVIC_EncodePriority     0x6000'6973   0x3c  Code  Lc  LQ_UART.o [1]
PIT_ClearStatusFlags    0x6000'a311    0xc  Code  Lc  LQ_PIT.o [1]
PIT_GetStatusFlags      0x6000'a301   0x10  Code  Lc  LQ_PIT.o [1]
PIT_IRQHandler          0x6000'a31d   0x7e  Code  Gb  LQ_PIT.o [1]
PWM_GetDefaultConfig    0x6000'648b   0x4c  Code  Gb  fsl_pwm.o [1]
PWM_GetInstance         0x6000'62bf   0x32  Code  Lc  fsl_pwm.o [1]
PWM_Init                0x6000'62f1  0x19a  Code  Gb  fsl_pwm.o [1]
PWM_SetPwmLdok          0x6000'50c7   0x2c  Code  Lc  LQ_PWM.o [1]
PWM_SetupPwm            0x6000'64d7  0x418  Code  Gb  fsl_pwm.o [1]
PWM_StartTimer          0x6000'50b3   0x14  Code  Lc  LQ_PWM.o [1]
PWM_UpdateDuty          0x6000'50f3  0x202  Code  Gb  LQ_PWM.o [1]
QTMR_EnableDma          0x6000'9e55   0x4a  Code  Gb  fsl_qtmr.o [1]
QTMR_GetInstance        0x6000'9ce1   0x2c  Code  Lc  fsl_qtmr.o [1]
QTMR_Init               0x6000'9d0d   0x96  Code  Gb  fsl_qtmr.o [1]
QTMR_SetupInputCapture  0x6000'9dc5   0x90  Code  Gb  fsl_qtmr.o [1]
QTMR_StartTimer         0x6000'8fd3   0x1e  Code  Lc  Appmain.o [1]
RW$$Base                0x2000'0000          --   Gb  - Linker created -
RW$$Limit               0x2000'010b          --   Gb  - Linker created -
Region$$Table$$Base     0x6000'b760          --   Gb  - Linker created -
Region$$Table$$Limit    0x6000'b7a8          --   Gb  - Linker created -
SCB_DisableDCache       0x6000'9495   0x5a  Code  Lc  board.o [1]
SCB_DisableICache       0x6000'9415   0x26  Code  Lc  board.o [1]
SCB_EnableDCache        0x6000'943b   0x5a  Code  Lc  board.o [1]
SCB_EnableDCache        0x6000'7cff   0x5a  Code  Lc  system_MIMXRT1052.o [1]
SCB_EnableICache        0x6000'93e7   0x2e  Code  Lc  board.o [1]
SCB_EnableICache        0x6000'7cd1   0x2e  Code  Lc  system_MIMXRT1052.o [1]
SDRAM_WaitIpCmdDone     0x6000'7d59    0xe  Code  Gb  system_MIMXRT1052.o [1]
Servo_pid               0x2000'0034   0x34  Data  Gb  LQ_Control.o [1]
StrFormatPrintf         0x6000'47c1  0x246  Code  Gb  fsl_str.o [1]
SysTick_Config          0x6000'9ad9   0x2e  Code  Lc  m_systime.o [1]
SysTick_Handler         0x6000'9b3f    0xc  Code  Gb  m_systime.o [1]
SystemCoreClock         0x2000'0084    0x4  Data  Gb  system_MIMXRT1052.o [1]
SystemInit              0x6000'8127   0xa8  Code  Gb  system_MIMXRT1052.o [1]
TFTSPI_Addr_Rst         0x6000'8e5f   0x46  Code  Gb  LQ_SGP18T.o [1]
TFTSPI_CLS              0x6000'8ea5   0x26  Code  Gb  LQ_SGP18T.o [1]
TFTSPI_Init             0x6000'8a6f  0x2fc  Code  Gb  LQ_SGP18T.o [1]
TFTSPI_Write_Byte       0x6000'8dc7   0x54  Code  Gb  LQ_SGP18T.o [1]
TFTSPI_Write_Cmd        0x6000'8d83   0x44  Code  Gb  LQ_SGP18T.o [1]
TFTSPI_Write_Word       0x6000'8e1b   0x44  Code  Gb  LQ_SGP18T.o [1]
TMR2_IRQHandler         0x6000'93a1    0x4  Code  Gb  Appmain.o [1]
USDHC1_DriverIRQHandler
                        0x6000'b5cd   0x12  Code  Gb  fsl_usdhc.o [1]
USDHC2_DriverIRQHandler
                        0x6000'b5e1   0x12  Code  Gb  fsl_usdhc.o [1]
XBARA_SetSignalsConnection
                        0x6000'9c51   0x42  Code  Gb  fsl_xbara.o [1]
ZI$$Base                0x2000'0120          --   Gb  - Linker created -
ZI$$Limit               0x2000'03c4          --   Gb  - Linker created -
_GenldFullNoMb          0x6000'2f25  0x274  Code  Lc  xprintffull_nomb.o [2]
_LdtobFullNoMb          0x6000'2af9  0x400  Code  Lc  xprintffull_nomb.o [2]
_LitobFullNoMb          0x6000'29a1  0x112  Code  Lc  xprintffull_nomb.o [2]
_Locale_lconv           0x2000'00d0   0x38  Data  Lc  xlocale_c.o [2]
_PrintfFullNoMb         0x6000'2401  0x19e  Code  Gb  xprintffull_nomb.o [2]
_Prout                  0x6000'baa9   0x16  Code  Gb  xprout.o [2]
_PutcharsFullNoMb       0x6000'3199   0x2e  Code  Lc  xprintffull_nomb.o [2]
_PutfldFullNoMb         0x6000'2629  0x26c  Code  Lc  xprintffull_nomb.o [2]
_PuttxtFullNoMb         0x6000'2895  0x10c  Code  Lc  xprintffull_nomb.o [2]
__NVIC_EnableIRQ        0x6000'8f2b   0x1e  Code  Lc  Appmain.o [1]
__NVIC_EnableIRQ        0x6000'388d   0x1e  Code  Lc  fsl_edma.o [1]
__NVIC_EnableIRQ        0x6000'692d   0x1e  Code  Lc  LQ_UART.o [1]
__NVIC_GetPriorityGrouping
                        0x6000'6921    0xc  Code  Lc  LQ_UART.o [1]
__NVIC_SetPriority      0x6000'694b   0x28  Code  Lc  LQ_UART.o [1]
__NVIC_SetPriority      0x6000'9ab5   0x24  Code  Lc  m_systime.o [1]
__NVIC_SetPriorityGrouping
                        0x6000'8f0d   0x1e  Code  Lc  Appmain.o [1]
__RAM_VECTOR_TABLE_SIZE {Abs}
                                0x0         Data  Gb  <internal module>
__VECTOR_RAM {Abs}      0x6000'2000         Data  Gb  <internal module>
__VECTOR_TABLE {Abs}    0x6000'2000         Data  Gb  <internal module>
__Vectors               0x6000'2000          --   Gb  startup_MIMXRT1052.o [1]
__Vectors_End           0x6000'2400         Data  Gb  startup_MIMXRT1052.o [1]
__Vectors_Size {Abs}          0x400          --   Gb  startup_MIMXRT1052.o [1]
__aeabi_assert          0x6000'4595   0x18  Code  Gb  fsl_assert.o [1]
__aeabi_cdcmple         0x6000'36a5         Code  Gb  DblCmpLe.o [3]
__aeabi_cdrcmple        0x6000'36d5         Code  Gb  DblCmpGe.o [3]
__aeabi_d2iz            0x6000'3809    0xe  Code  Gb  DblToS32.o [3]
__aeabi_d2uiz           0x6000'3849    0xe  Code  Gb  DblToU32.o [3]
__aeabi_ddiv            0x6000'3837   0x12  Code  Gb  DblDiv.o [3]
__aeabi_dmul            0x6000'3579   0x12  Code  Gb  DblMul.o [3]
__aeabi_dsub            0x6000'3825   0x12  Code  Gb  DblSub.o [3]
__aeabi_i2d             0x6000'3817    0xe  Code  Gb  S32ToDbl.o [3]
__aeabi_ldiv0           0x6000'3875         Code  Gb  I64DivZer.o [4]
__aeabi_memclr4         0x6000'4731         Code  Gb  ABImemclr4.o [4]
__aeabi_memcpy          0x6000'358d         Code  Gb  ABImemcpy.o [4]
__aeabi_memcpy4         0x6000'35ad         Code  Gb  ABImemcpy.o [4]
__aeabi_memcpy8         0x6000'35ad         Code  Gb  ABImemcpy.o [4]
__aeabi_memset          0x6000'45ad         Code  Gb  ABImemset.o [4]
__aeabi_ui2d            0x6000'3857    0xe  Code  Gb  U32ToDbl.o [3]
__aeabi_uldivmod        0x6000'3349         Code  Gb  I64DivMod.o [4]
__cmain                 0x6000'b829         Code  Gb  cmain.o [4]
__exit                  0x6000'3879   0x14  Code  Gb  exit.o [5]
__iar_Fail_s            0x6000'3279   0x1c  Code  Gb  xfail_s.o [2]
__iar_Memchr            0x6000'32f1         Code  Gb  memchr.o [4]
__iar_Memset            0x6000'45ad         Code  Gb  ABImemset.o [4]
__iar_Memset4_word      0x6000'4ad1         Code  Gb  ABImemset48.o [4]
__iar_Memset8_word      0x6000'4ad1         Code  Gb  ABImemset48.o [4]
__iar_Memset_word       0x6000'45b5         Code  Gb  ABImemset.o [4]
__iar_Stdout            0x2000'0088   0x48  Data  Gb  xfiles.o [2]
__iar_Strchr            0x6000'3261         Code  Gb  strchr.o [4]
__iar_data_init3        0x6000'b6cd   0x28  Code  Gb  data_init.o [4]
__iar_frexp             0x6000'3641         Code  Gb  frexp.o [3]
__iar_frexpl            0x6000'3641         Code  Gb  frexp.o [3]
__iar_init_vfp          0x6000'b73d         Code  Gb  fpinit_M.o [3]
__iar_ldexp64           0x6000'3719         Code  Gb  ldexp.o [3]
__iar_packbits_init3    0x6000'a3b1   0x9c  Code  Gb  packbits_init.o [4]
__iar_program_start     0x6000'bd59         Code  Gb  cstartup_M.o [4]
__iar_scalbln64         0x6000'3719         Code  Gb  ldexp.o [3]
__iar_scalbn64          0x6000'3719         Code  Gb  ldexp.o [3]
__iar_softfp___iar_frexp64
                        0x6000'3635         Code  Gb  frexp.o [3]
__iar_softfp___iar_ldexp64
                        0x6000'3705         Code  Gb  ldexp.o [3]
__iar_softfp___iar_scalbln64
                        0x6000'3705         Code  Gb  ldexp.o [3]
__iar_softfp___iar_scalbn64
                        0x6000'3705         Code  Gb  ldexp.o [3]
__iar_softfp_frexp      0x6000'3635         Code  Gb  frexp.o [3]
__iar_softfp_frexpl     0x6000'3635         Code  Gb  frexp.o [3]
__iar_softfp_ldexp      0x6000'3705         Code  Gb  ldexp.o [3]
__iar_softfp_ldexpl     0x6000'3705         Code  Gb  ldexp.o [3]
__iar_softfp_scalbln    0x6000'3705         Code  Gb  ldexp.o [3]
__iar_softfp_scalblnl   0x6000'3705         Code  Gb  ldexp.o [3]
__iar_softfp_scalbn     0x6000'3705         Code  Gb  ldexp.o [3]
__iar_softfp_scalbnl    0x6000'3705         Code  Gb  ldexp.o [3]
__iar_zero_init3        0x6000'3227   0x3a  Code  Gb  zero_init3.o [4]
__low_level_init        0x6000'b847    0x4  Code  Gb  low_level_init.o [2]
__vector_table          0x6000'2000         Data  Gb  startup_MIMXRT1052.o [1]
__vector_table_0x1c     0x6000'201c         Data  Gb  startup_MIMXRT1052.o [1]
_call_main              0x6000'b835         Code  Gb  cmain.o [4]
_exit                   0x6000'b851         Code  Gb  cexit.o [4]
_main                   0x6000'b843         Code  Gb  cmain.o [4]
_status                 0x2000'0108    0x2  Data  Gb  status.o [1]
_systime                0x2000'0070   0x14  Data  Gb  m_systime.o [1]
abort                   0x6000'386d    0x6  Code  Gb  abort.o [2]
armPllConfig_BOARD_BootClockRUN
                        0x6000'bd6c    0x8  Data  Gb  clock_config.o [1]
boot_data               0x6000'1020   0x10  Data  Gb  fsl_flexspi_nor_boot.o [1]
databuff                0x8180'0000   0x10  Data  Gb  Appmain.o [1]
databuff2               0x8180'0010   0x10  Data  Gb  Appmain.o [1]
dcd_data                0x6000'3632    0x2  Data  Gb  fsl_flexspi_nor_boot.o [1]
delay_ms                0x6000'9c01   0x10  Code  Gb  m_systime.o [1]
delay_us                0x6000'9b77   0x8a  Code  Gb  m_systime.o [1]
delayms                 0x6000'9045   0x1a  Code  Gb  Appmain.o [1]
exit                    0x6000'b84b    0x4  Code  Gb  exit.o [2]
fputc                   0x6000'6bbb    0x2  Code  Gb  LQ_UART.o [1]
g_EDMA_Handle           0x2000'0164   0x18  Data  Gb  Appmain.o [1]
g_InputSignal           0x2000'02ac    0x1  Data  Gb  LQ_KEY.o [1]
g_Transfer_Done         0x2000'0160    0x1  Data  Gb  Appmain.o [1]
g_lpuartEdmaHandle      0x2000'032c   0x1c  Data  Gb  LQ_UART.o [1]
g_rtcXtalFreq           0x2000'019c    0x4  Data  Gb  fsl_clock.o [1]
g_xtalFreq              0x2000'0198    0x4  Data  Gb  fsl_clock.o [1]
get_current_time_ms     0x6000'9b4b   0x12  Code  Gb  m_systime.o [1]
get_current_time_us     0x6000'9b5d   0x1a  Code  Gb  m_systime.o [1]
image_vector_table      0x6000'1000   0x20  Data  Gb  fsl_flexspi_nor_boot.o [1]
key_ok                  0x2000'0068    0x4  Data  Gb  LQ_KEY.o [1]
ldexp                   0x6000'3719         Code  Gb  ldexp.o [3]
ldexpl                  0x6000'3719         Code  Gb  ldexp.o [3]
localeconv              0x6000'3865    0x4  Code  Gb  xlocale_c.o [2]
m_boot_hdr_conf_start {Abs}
                        0x6000'0000         Data  Gb  <internal module>
main                    0x6000'907b  0x266  Code  Gb  Appmain.o [1]
memchr                  0x6000'32f1         Code  Gb  memchr.o [4]
obuf                    0x2000'0370   0x50  Data  Lc  xfiles.o [2]
pitIsrCnt0              0x2000'02ae    0x2  Data  Gb  LQ_PIT.o [1]
pitIsrCnt1              0x2000'02b0    0x2  Data  Gb  LQ_PIT.o [1]
pitIsrCnt2              0x2000'02b2    0x2  Data  Gb  LQ_PIT.o [1]
pitIsrCnt3              0x2000'02b4    0x2  Data  Gb  LQ_PIT.o [1]
printf                  0x6000'5bf9   0x28  Code  Gb  printf.o [2]
putchar                 0x6000'bac1    0xc  Code  Gb  putchar.o [2]
qspi_config             0x6000'0000  0x200  Data  Gb  xip_config.o [1]
receive_1               0x2000'0368    0x4  Data  Gb  SEEKFREE_MT9V032.o [1]
receive_num_1           0x2000'036c    0x1  Data  Gb  SEEKFREE_MT9V032.o [1]
res                     0x2000'02b6    0x1  Data  Gb  LQ_UART.o [1]
s_EDMAHandle            0x2000'01a8   0x80  Data  Lc  fsl_edma.o [1]
s_csiHandle             0x2000'01a0    0x4  Data  Lc  fsl_csi.o [1]
s_csiIsr                0x2000'01a4    0x4  Data  Lc  fsl_csi.o [1]
s_debugConsoleIO        0x2000'0248    0x8  Data  Lc  fsl_io.o [1]
s_dmamuxBases           0x6000'bef4    0x4  Data  Lc  fsl_dmamux.o [1]
s_dmamuxClockName       0x6000'32ee    0x2  Data  Lc  fsl_dmamux.o [1]
s_edmaBases             0x6000'bef8    0x4  Data  Lc  fsl_edma.o [1]
s_edmaClockName         0x6000'358a    0x2  Data  Lc  fsl_edma.o [1]
s_edmaIRQNumber         0x6000'b45c   0x40  Data  Lc  fsl_edma.o [1]
s_flexioHandle          0x2000'022c    0x8  Data  Lc  fsl_flexio.o [1]
s_flexioIsr             0x2000'023c    0x8  Data  Lc  fsl_flexio.o [1]
s_flexioType            0x2000'0234    0x8  Data  Lc  fsl_flexio.o [1]
s_flexspiHandle         0x2000'0244    0x4  Data  Lc  fsl_flexspi.o [1]
s_gpioBases             0x6000'ba18   0x18  Data  Lc  fsl_gpio.o [1]
s_gpioClock             0x6000'bc8c    0xc  Data  Lc  fsl_gpio.o [1]
s_lpi2cMasterHandle     0x2000'0254   0x14  Data  Lc  fsl_lpi2c.o [1]
s_lpi2cMasterIsr        0x2000'0250    0x4  Data  Lc  fsl_lpi2c.o [1]
s_lpi2cSlaveHandle      0x2000'026c   0x14  Data  Lc  fsl_lpi2c.o [1]
s_lpi2cSlaveIsr         0x2000'0268    0x4  Data  Lc  fsl_lpi2c.o [1]
s_lpspiHandle           0x2000'0280   0x14  Data  Lc  fsl_lpspi.o [1]
s_lpspiMasterIsr        0x2000'0294    0x4  Data  Lc  fsl_lpspi.o [1]
s_lpspiSlaveIsr         0x2000'0298    0x4  Data  Lc  fsl_lpspi.o [1]
s_lpuartBases           0x6000'b718   0x24  Data  Lc  fsl_lpuart.o [1]
s_lpuartClock           0x6000'bb30   0x14  Data  Lc  fsl_lpuart.o [1]
s_pwmBases              0x6000'bb44   0x14  Data  Lc  fsl_pwm.o [1]
s_pwmClocks             0x6000'b654   0x28  Data  Lc  fsl_pwm.o [1]
s_qtmrBases             0x6000'bb58   0x14  Data  Lc  fsl_qtmr.o [1]
s_qtmrClocks            0x6000'bd04    0xc  Data  Lc  fsl_qtmr.o [1]
s_usdhcBase             0x6000'bd10    0xc  Data  Lc  fsl_usdhc.o [1]
s_usdhcHandle           0x2000'029c    0xc  Data  Lc  fsl_usdhc.o [1]
s_usdhcIsr              0x2000'02a8    0x4  Data  Lc  fsl_usdhc.o [1]
scalbln                 0x6000'3719         Code  Gb  ldexp.o [3]
scalblnl                0x6000'3719         Code  Gb  ldexp.o [3]
scalbn                  0x6000'3719         Code  Gb  ldexp.o [3]
scalbnl                 0x6000'3719         Code  Gb  ldexp.o [3]
scale                   0x6000'2ab3   0x46  Code  Lc  xprintffull_nomb.o [2]
sec_hand                0x2000'03c0    0x4  Data  Lc  xfail_s.o [2]
sendXfer                0x2000'0324    0x8  Data  Gb  LQ_UART.o [1]
strchr                  0x6000'3261         Code  Gb  strchr.o [4]
strlen                  0x6000'32b9         Code  Gb  strlen.o [4]
sysPllConfig_BOARD_BootClockRUN
                        0x6000'bb8c   0x10  Data  Gb  clock_config.o [1]
systime_init            0x6000'9b07   0x38  Code  Gb  m_systime.o [1]
tft18delay_1us          0x6000'8d6d   0x16  Code  Gb  LQ_SGP18T.o [1]
time                    0x2000'0158    0x8  Data  Gb  Appmain.o [1]
timer                   0x2000'0348   0x20  Data  Gb  m_systime.o [1]
transferConfig          0x2000'0180   0x18  Data  Gb  Appmain.o [1]
uart_receive_flag_1     0x2000'010a    0x1  Data  Gb  SEEKFREE_MT9V032.o [1]
usb1PllConfig_BOARD_BootClockRUN
                        0x6000'3276    0x2  Data  Gb  clock_config.o [1]
userConfig              0x2000'017c    0x4  Data  Gb  Appmain.o [1]


[1] = D:\智能车\麦轮信标\程序\RT1052\RT1052库\i.MX-RT1052-Library\LQ库改写\sdram_release\obj
[2] = dl7M_tlf.a
[3] = m7M_tlv.a
[4] = rt7M_tl.a
[5] = shb_l.a

     34 928 bytes of readonly  code memory
      6 523 bytes of readonly  data memory
  8 422 319 bytes of readwrite data memory

Errors: none
Warnings: none
