###############################################################################
#
# IAR ELF Linker V8.30.1.114/W32 for ARM                  27/Apr/2019  23:51:47
# Copyright 2007-2018 IAR Systems AB.
#
#    Output file  =  
#        D:\智能车\麦轮信标\程序\RT1052\RT1052库\i.MX-RT1052-Library\LQ库改写\sdram_release\LQ_RT1052LCD.bin
#    Map file     =  
#        D:\智能车\麦轮信标\程序\RT1052\RT1052库\i.MX-RT1052-Library\LQ库改写\sdram_release\list\LQ_RT1052LCD.map
#    Command line =  
#        -f C:\Users\zhuzh\AppData\Local\Temp\EW480B.tmp
#        (D:\智能车\麦轮信标\程序\RT1052\RT1052库\i.MX-RT1052-Library\LQ库改写\sdram_release\obj\AHRS.o
#        D:\智能车\麦轮信标\程序\RT1052\RT1052库\i.MX-RT1052-Library\LQ库改写\sdram_release\obj\ANO_DT.o
#        D:\智能车\麦轮信标\程序\RT1052\RT1052库\i.MX-RT1052-Library\LQ库改写\sdram_release\obj\AP_Math.o
#        D:\智能车\麦轮信标\程序\RT1052\RT1052库\i.MX-RT1052-Library\LQ库改写\sdram_release\obj\Appmain.o
#        D:\智能车\麦轮信标\程序\RT1052\RT1052库\i.MX-RT1052-Library\LQ库改写\sdram_release\obj\board.o
#        D:\智能车\麦轮信标\程序\RT1052\RT1052库\i.MX-RT1052-Library\LQ库改写\sdram_release\obj\clock_config.o
#        D:\智能车\麦轮信标\程序\RT1052\RT1052库\i.MX-RT1052-Library\LQ库改写\sdram_release\obj\fsl_adc.o
#        D:\智能车\麦轮信标\程序\RT1052\RT1052库\i.MX-RT1052-Library\LQ库改写\sdram_release\obj\fsl_assert.o
#        D:\智能车\麦轮信标\程序\RT1052\RT1052库\i.MX-RT1052-Library\LQ库改写\sdram_release\obj\fsl_clock.o
#        D:\智能车\麦轮信标\程序\RT1052\RT1052库\i.MX-RT1052-Library\LQ库改写\sdram_release\obj\fsl_common.o
#        D:\智能车\麦轮信标\程序\RT1052\RT1052库\i.MX-RT1052-Library\LQ库改写\sdram_release\obj\fsl_csi.o
#        D:\智能车\麦轮信标\程序\RT1052\RT1052库\i.MX-RT1052-Library\LQ库改写\sdram_release\obj\fsl_csi_camera_adapter.o
#        D:\智能车\麦轮信标\程序\RT1052\RT1052库\i.MX-RT1052-Library\LQ库改写\sdram_release\obj\fsl_debug_console.o
#        D:\智能车\麦轮信标\程序\RT1052\RT1052库\i.MX-RT1052-Library\LQ库改写\sdram_release\obj\fsl_dmamux.o
#        D:\智能车\麦轮信标\程序\RT1052\RT1052库\i.MX-RT1052-Library\LQ库改写\sdram_release\obj\fsl_edma.o
#        D:\智能车\麦轮信标\程序\RT1052\RT1052库\i.MX-RT1052-Library\LQ库改写\sdram_release\obj\fsl_elcdif.o
#        D:\智能车\麦轮信标\程序\RT1052\RT1052库\i.MX-RT1052-Library\LQ库改写\sdram_release\obj\fsl_enc.o
#        D:\智能车\麦轮信标\程序\RT1052\RT1052库\i.MX-RT1052-Library\LQ库改写\sdram_release\obj\fsl_flexio.o
#        D:\智能车\麦轮信标\程序\RT1052\RT1052库\i.MX-RT1052-Library\LQ库改写\sdram_release\obj\fsl_flexio_spi.o
#        D:\智能车\麦轮信标\程序\RT1052\RT1052库\i.MX-RT1052-Library\LQ库改写\sdram_release\obj\fsl_flexio_spi_edma.o
#        D:\智能车\麦轮信标\程序\RT1052\RT1052库\i.MX-RT1052-Library\LQ库改写\sdram_release\obj\fsl_flexspi.o
#        D:\智能车\麦轮信标\程序\RT1052\RT1052库\i.MX-RT1052-Library\LQ库改写\sdram_release\obj\fsl_flexspi_nor_boot.o
#        D:\智能车\麦轮信标\程序\RT1052\RT1052库\i.MX-RT1052-Library\LQ库改写\sdram_release\obj\fsl_gpio.o
#        D:\智能车\麦轮信标\程序\RT1052\RT1052库\i.MX-RT1052-Library\LQ库改写\sdram_release\obj\fsl_gpt.o
#        D:\智能车\麦轮信标\程序\RT1052\RT1052库\i.MX-RT1052-Library\LQ库改写\sdram_release\obj\fsl_io.o
#        D:\智能车\麦轮信标\程序\RT1052\RT1052库\i.MX-RT1052-Library\LQ库改写\sdram_release\obj\fsl_log.o
#        D:\智能车\麦轮信标\程序\RT1052\RT1052库\i.MX-RT1052-Library\LQ库改写\sdram_release\obj\fsl_lpi2c.o
#        D:\智能车\麦轮信标\程序\RT1052\RT1052库\i.MX-RT1052-Library\LQ库改写\sdram_release\obj\fsl_lpspi.o
#        D:\智能车\麦轮信标\程序\RT1052\RT1052库\i.MX-RT1052-Library\LQ库改写\sdram_release\obj\fsl_lpuart.o
#        D:\智能车\麦轮信标\程序\RT1052\RT1052库\i.MX-RT1052-Library\LQ库改写\sdram_release\obj\fsl_lpuart_edma.o
#        D:\智能车\麦轮信标\程序\RT1052\RT1052库\i.MX-RT1052-Library\LQ库改写\sdram_release\obj\fsl_pit.o
#        D:\智能车\麦轮信标\程序\RT1052\RT1052库\i.MX-RT1052-Library\LQ库改写\sdram_release\obj\fsl_pwm.o
#        D:\智能车\麦轮信标\程序\RT1052\RT1052库\i.MX-RT1052-Library\LQ库改写\sdram_release\obj\fsl_pxp.o
#        D:\智能车\麦轮信标\程序\RT1052\RT1052库\i.MX-RT1052-Library\LQ库改写\sdram_release\obj\fsl_qtmr.o
#        D:\智能车\麦轮信标\程序\RT1052\RT1052库\i.MX-RT1052-Library\LQ库改写\sdram_release\obj\fsl_sccb.o
#        D:\智能车\麦轮信标\程序\RT1052\RT1052库\i.MX-RT1052-Library\LQ库改写\sdram_release\obj\fsl_semc.o
#        D:\智能车\麦轮信标\程序\RT1052\RT1052库\i.MX-RT1052-Library\LQ库改写\sdram_release\obj\fsl_str.o
#        D:\智能车\麦轮信标\程序\RT1052\RT1052库\i.MX-RT1052-Library\LQ库改写\sdram_release\obj\fsl_trng.o
#        D:\智能车\麦轮信标\程序\RT1052\RT1052库\i.MX-RT1052-Library\LQ库改写\sdram_release\obj\fsl_usdhc.o
#        D:\智能车\麦轮信标\程序\RT1052\RT1052库\i.MX-RT1052-Library\LQ库改写\sdram_release\obj\fsl_wdog.o
#        D:\智能车\麦轮信标\程序\RT1052\RT1052库\i.MX-RT1052-Library\LQ库改写\sdram_release\obj\fsl_xbara.o
#        D:\智能车\麦轮信标\程序\RT1052\RT1052库\i.MX-RT1052-Library\LQ库改写\sdram_release\obj\Inertial_Sensor.o
#        D:\智能车\麦轮信标\程序\RT1052\RT1052库\i.MX-RT1052-Library\LQ库改写\sdram_release\obj\LQ_12864SPI.o
#        D:\智能车\麦轮信标\程序\RT1052\RT1052库\i.MX-RT1052-Library\LQ库改写\sdram_release\obj\LQ_9AX.o
#        D:\智能车\麦轮信标\程序\RT1052\RT1052库\i.MX-RT1052-Library\LQ库改写\sdram_release\obj\LQ_9AXtest.o
#        D:\智能车\麦轮信标\程序\RT1052\RT1052库\i.MX-RT1052-Library\LQ库改写\sdram_release\obj\LQ_ADC.o
#        D:\智能车\麦轮信标\程序\RT1052\RT1052库\i.MX-RT1052-Library\LQ库改写\sdram_release\obj\LQ_Control.o
#        D:\智能车\麦轮信标\程序\RT1052\RT1052库\i.MX-RT1052-Library\LQ库改写\sdram_release\obj\LQ_CSI.o
#        D:\智能车\麦轮信标\程序\RT1052\RT1052库\i.MX-RT1052-Library\LQ库改写\sdram_release\obj\LQ_Encoder.o
#        D:\智能车\麦轮信标\程序\RT1052\RT1052库\i.MX-RT1052-Library\LQ库改写\sdram_release\obj\LQ_IIC.o
#        D:\智能车\麦轮信标\程序\RT1052\RT1052库\i.MX-RT1052-Library\LQ库改写\sdram_release\obj\LQ_KEY.o
#        D:\智能车\麦轮信标\程序\RT1052\RT1052库\i.MX-RT1052-Library\LQ库改写\sdram_release\obj\LQ_LED.o
#        D:\智能车\麦轮信标\程序\RT1052\RT1052库\i.MX-RT1052-Library\LQ库改写\sdram_release\obj\LQ_MPU6050.o
#        D:\智能车\麦轮信标\程序\RT1052\RT1052库\i.MX-RT1052-Library\LQ库改写\sdram_release\obj\LQ_MT9V034M.o
#        D:\智能车\麦轮信标\程序\RT1052\RT1052库\i.MX-RT1052-Library\LQ库改写\sdram_release\obj\LQ_NRF2401.o
#        D:\智能车\麦轮信标\程序\RT1052\RT1052库\i.MX-RT1052-Library\LQ库改写\sdram_release\obj\LQ_OV7725M.o
#        D:\智能车\麦轮信标\程序\RT1052\RT1052库\i.MX-RT1052-Library\LQ库改写\sdram_release\obj\LQ_PIT.o
#        D:\智能车\麦轮信标\程序\RT1052\RT1052库\i.MX-RT1052-Library\LQ库改写\sdram_release\obj\LQ_PWM.o
#        D:\智能车\麦轮信标\程序\RT1052\RT1052库\i.MX-RT1052-Library\LQ库改写\sdram_release\obj\LQ_PXP.o
#        D:\智能车\麦轮信标\程序\RT1052\RT1052库\i.MX-RT1052-Library\LQ库改写\sdram_release\obj\LQ_QTMR.o
#        D:\智能车\麦轮信标\程序\RT1052\RT1052库\i.MX-RT1052-Library\LQ库改写\sdram_release\obj\LQ_SGP18T.o
#        D:\智能车\麦轮信标\程序\RT1052\RT1052库\i.MX-RT1052-Library\LQ库改写\sdram_release\obj\LQ_SGP18Test.o
#        D:\智能车\麦轮信标\程序\RT1052\RT1052库\i.MX-RT1052-Library\LQ库改写\sdram_release\obj\LQ_SPI.o
#        D:\智能车\麦轮信标\程序\RT1052\RT1052库\i.MX-RT1052-Library\LQ库改写\sdram_release\obj\LQ_TRNG.o
#        D:\智能车\麦轮信标\程序\RT1052\RT1052库\i.MX-RT1052-Library\LQ库改写\sdram_release\obj\LQ_UART.o
#        D:\智能车\麦轮信标\程序\RT1052\RT1052库\i.MX-RT1052-Library\LQ库改写\sdram_release\obj\LQ_WDog.o
#        D:\智能车\麦轮信标\程序\RT1052\RT1052库\i.MX-RT1052-Library\LQ库改写\sdram_release\obj\m_systime.o
#        D:\智能车\麦轮信标\程序\RT1052\RT1052库\i.MX-RT1052-Library\LQ库改写\sdram_release\obj\PID.o
#        D:\智能车\麦轮信标\程序\RT1052\RT1052库\i.MX-RT1052-Library\LQ库改写\sdram_release\obj\pin_mux.o
#        D:\智能车\麦轮信标\程序\RT1052\RT1052库\i.MX-RT1052-Library\LQ库改写\sdram_release\obj\Scheduler.o
#        D:\智能车\麦轮信标\程序\RT1052\RT1052库\i.MX-RT1052-Library\LQ库改写\sdram_release\obj\startup_MIMXRT1052.o
#        D:\智能车\麦轮信标\程序\RT1052\RT1052库\i.MX-RT1052-Library\LQ库改写\sdram_release\obj\status.o
#        D:\智能车\麦轮信标\程序\RT1052\RT1052库\i.MX-RT1052-Library\LQ库改写\sdram_release\obj\system_MIMXRT1052.o
#        D:\智能车\麦轮信标\程序\RT1052\RT1052库\i.MX-RT1052-Library\LQ库改写\sdram_release\obj\xip_config.o
#        --no_out_extension -o
#        D:\智能车\麦轮信标\程序\RT1052\RT1052库\i.MX-RT1052-Library\LQ库改写\sdram_release\LQ_RT1052LCD.bin
#        --keep image_vector_table --keep boot_data --keep dcd_data --map
#        D:\智能车\麦轮信标\程序\RT1052\RT1052库\i.MX-RT1052-Library\LQ库改写\sdram_release\list\LQ_RT1052LCD.map
#        --config
#        D:\智能车\麦轮信标\程序\RT1052\RT1052库\i.MX-RT1052-Library\LQ库改写\LQuserFlies\config\LQ_RT1052QSPI_Boot.icf
#        --semihosting --entry __iar_program_start --vfe --text_out locale)
#
###############################################################################

*******************************************************************************
*** RUNTIME MODEL ATTRIBUTES
***

CppFlavor       = *
__Heap_Handler  = DLMalloc
__SystemLibrary = DLib
__dlib_version  = 6


*******************************************************************************
*** HEAP SELECTION
***

The advanced heap was selected because the application calls memory
allocation functions outside of system library functions, and there
are calls to deallocation functions in the application.


*******************************************************************************
*** PLACEMENT SUMMARY
***

"A0":  place at 0x6000'2000 { ro section .intvec };
"A1":  place at 0x6000'0000 { section .boot_hdr.conf };
"A2":  place at 0x6000'1000 { section .boot_hdr.ivt };
"A3":  place at 0x6000'1020 { ro section .boot_hdr.boot_data };
"P1":  place in [from 0x6000'2000 to 0x6000'23ff] |
                [from 0x6000'2400 to 0x63ff'ffff] { ro };
define block RW { first rw, section m_usb_dma_init_data };
"P2":  place in [from 0x2000'0000 to 0x2001'7fff] { block RW };
define block ZI
   with alignment = 32 { first zi, section m_usb_dma_noninit_data };
"P3":  place in [from 0x2000'0000 to 0x2001'7fff] { block ZI };
define block CSTACK with size = 32K, alignment = 8 { };
"P5":  place in [from 0x2001'8000 to 0x2001'ffff] { block CSTACK };
define block NCACHE_VAR
   with size = 8M, alignment = 1M {
      section NonCacheable, section NonCacheable.init };
"P6":  place in [from 0x8180'0000 to 0x81ff'ffff] { block NCACHE_VAR };
initialize by copy { rw, section .textrw };
keep {
   section .boot_hdr.conf, section .boot_hdr.ivt, section .boot_hdr.boot_data,
   section .boot_hdr.dcd_data };

No sections matched the following patterns:

  ro section .boot_hdr.dcd_data   in "A4"
  section NonCacheable.init       in block NCACHE_VAR
  section m_usb_dma_init_data     in block RW
  section m_usb_dma_noninit_data  in block ZI


  Section              Kind         Address      Size  Object
  -------              ----         -------      ----  ------
"P2-P3", part 1 of 2:                           0x14c
  RW                            0x2000'0000     0x14c  <Block>
    RW-1                        0x2000'0000     0x14a  <Init block>
      .data            inited   0x2000'0000      0x34  LQ_Control.o [1]
      .data            inited   0x2000'0034      0x34  LQ_Control.o [1]
      .data            inited   0x2000'0068      0x10  LQ_CSI.o [1]
      .data            inited   0x2000'0078       0x8  LQ_CSI.o [1]
      .data            inited   0x2000'0080       0x4  LQ_CSI.o [1]
      .data            inited   0x2000'0084       0xc  LQ_CSI.o [1]
      .data            inited   0x2000'0090      0x18  LQ_CSI.o [1]
      .data            inited   0x2000'00a8       0x4  LQ_KEY.o [1]
      .data            inited   0x2000'00ac       0x4  LQ_LED.o [1]
      .data            inited   0x2000'00b0      0x14  m_systime.o [1]
      .data            inited   0x2000'00c4       0x4  system_MIMXRT1052.o [1]
      .data            inited   0x2000'00c8      0x48  xfiles.o [2]
      .data            inited   0x2000'0110      0x38  xlocale_c.o [2]
      .data            inited   0x2000'0148       0x2  status.o [1]
                              - 0x2000'014c     0x14c

"P2-P3", part 2 of 2:                           0x2ec
  ZI                            0x2000'0160     0x2ec  <Block>
    .bss               zero     0x2000'0160      0x34  ANO_DT.o [1]
    .bss               zero     0x2000'0194       0x1  ANO_DT.o [1]
    .bss               zero     0x2000'0195       0x1  ANO_DT.o [1]
    .bss               zero     0x2000'0196       0x1  ANO_DT.o [1]
    .bss               zero     0x2000'0198       0x8  Appmain.o [1]
    .bss               zero     0x2000'01a0       0x4  fsl_clock.o [1]
    .bss               zero     0x2000'01a4       0x4  fsl_clock.o [1]
    .bss               zero     0x2000'01a8       0x4  fsl_csi.o [1]
    .bss               zero     0x2000'01ac       0x4  fsl_csi.o [1]
    .bss               zero     0x2000'01b0      0x80  fsl_edma.o [1]
    .bss               zero     0x2000'0230       0x8  fsl_flexio.o [1]
    .bss               zero     0x2000'0238       0x8  fsl_flexio.o [1]
    .bss               zero     0x2000'0240       0x8  fsl_flexio.o [1]
    .bss               zero     0x2000'0248       0x4  fsl_flexspi.o [1]
    .bss               zero     0x2000'024c       0x8  fsl_io.o [1]
    .bss               zero     0x2000'0254       0x4  fsl_lpi2c.o [1]
    .bss               zero     0x2000'0258      0x14  fsl_lpi2c.o [1]
    .bss               zero     0x2000'026c       0x4  fsl_lpi2c.o [1]
    .bss               zero     0x2000'0270      0x14  fsl_lpi2c.o [1]
    .bss               zero     0x2000'0284      0x14  fsl_lpspi.o [1]
    .bss               zero     0x2000'0298       0x4  fsl_lpspi.o [1]
    .bss               zero     0x2000'029c       0x4  fsl_lpspi.o [1]
    .bss               zero     0x2000'02a0       0xc  fsl_usdhc.o [1]
    .bss               zero     0x2000'02ac       0x4  fsl_usdhc.o [1]
    .bss               zero     0x2000'02b0      0x2c  LQ_CSI.o [1]
    .bss               zero     0x2000'02dc      0x38  LQ_IIC.o [1]
    .bss               zero     0x2000'0314      0x20  LQ_IIC.o [1]
    .bss               zero     0x2000'0334       0x1  LQ_IIC.o [1]
    .bss               zero     0x2000'0335       0x1  LQ_IIC.o [1]
    .bss               zero     0x2000'0336       0x1  LQ_KEY.o [1]
    .bss               zero     0x2000'0338       0x2  LQ_PIT.o [1]
    .bss               zero     0x2000'033a       0x2  LQ_PIT.o [1]
    .bss               zero     0x2000'033c       0x2  LQ_PIT.o [1]
    .bss               zero     0x2000'033e       0x2  LQ_PIT.o [1]
    .bss               zero     0x2000'0340       0x1  LQ_UART.o [1]
    .bss               zero     0x2000'0344      0x64  LQ_UART.o [1]
    .bss               zero     0x2000'03a8       0x1  LQ_UART.o [1]
    .bss               zero     0x2000'03a9       0x1  LQ_UART.o [1]
    .bss               zero     0x2000'03aa       0x1  LQ_UART.o [1]
    .bss               zero     0x2000'03ab       0x1  LQ_UART.o [1]
    .bss               zero     0x2000'03ac       0x1  LQ_UART.o [1]
    .bss               zero     0x2000'03ad       0x1  LQ_UART.o [1]
    .bss               zero     0x2000'03ae       0x1  LQ_UART.o [1]
    .bss               zero     0x2000'03b0       0x8  LQ_UART.o [1]
    .bss               zero     0x2000'03b8      0x1c  LQ_UART.o [1]
    .bss               zero     0x2000'03d8      0x20  m_systime.o [1]
    .bss               zero     0x2000'03f8      0x50  xfiles.o [2]
    .bss               zero     0x2000'0448       0x4  xfail_s.o [2]
                              - 0x2000'044c     0x2ec

"P5":                                          0x8000
  CSTACK                        0x2001'8000    0x8000  <Block>
    CSTACK             uninit   0x2001'8000    0x8000  <Block tail>
                              - 0x2002'0000    0x8000

"A1":                                           0x200
  .boot_hdr.conf       const    0x6000'0000     0x200  xip_config.o [1]
                              - 0x6000'0200     0x200

"A2":                                            0x20
  .boot_hdr.ivt        const    0x6000'1000      0x20  fsl_flexspi_nor_boot.o [1]
                              - 0x6000'1020      0x20

"A3":                                            0x10
  .boot_hdr.boot_data  const    0x6000'1020      0x10  fsl_flexspi_nor_boot.o [1]
                              - 0x6000'1030      0x10

"A0":                                           0x400
  .intvec              ro code  0x6000'2000     0x400  startup_MIMXRT1052.o [1]
                              - 0x6000'2400     0x400

"P1":                                          0x966c
  .text                ro code  0x6000'2400     0xe26  xprintffull_nomb.o [2]
  .text                ro code  0x6000'3226      0x3a  zero_init3.o [4]
  .text                ro code  0x6000'3260      0x16  strchr.o [4]
  .rodata              const    0x6000'3276       0x2  clock_config.o [1]
  .text                ro code  0x6000'3278      0x40  xfail_s.o [2]
  .text                ro code  0x6000'32b8      0x36  strlen.o [4]
  .rodata              const    0x6000'32ee       0x2  fsl_csi.o [1]
  .text                ro code  0x6000'32f0      0x58  memchr.o [4]
  .text                ro code  0x6000'3348     0x230  I64DivMod.o [4]
  .text                ro code  0x6000'3578      0x12  DblMul.o [3]
  .rodata              const    0x6000'358a       0x2  fsl_csi.o [1]
  .text                ro code  0x6000'358c      0xa6  ABImemcpy.o [4]
  .rodata              const    0x6000'3632       0x2  fsl_flexspi_nor_boot.o [1]
  .text                ro code  0x6000'3634      0x70  frexp.o [3]
  .text                ro code  0x6000'36a4      0x2e  DblCmpLe.o [3]
  .rodata              const    0x6000'36d2       0x2  fsl_pit.o [1]
  .text                ro code  0x6000'36d4      0x2e  DblCmpGe.o [3]
  .text                ro code  0x6000'3702       0x2  startup_MIMXRT1052.o [1]
  .text                ro code  0x6000'3704     0x104  ldexp.o [3]
  .text                ro code  0x6000'3808       0xe  DblToS32.o [3]
  .text                ro code  0x6000'3816       0xe  S32ToDbl.o [3]
  .text                ro code  0x6000'3824      0x12  DblSub.o [3]
  .text                ro code  0x6000'3836      0x12  DblDiv.o [3]
  .text                ro code  0x6000'3848       0xe  DblToU32.o [3]
  .text                ro code  0x6000'3856       0xe  U32ToDbl.o [3]
  .text                ro code  0x6000'3864       0x8  xlocale_c.o [2]
  .text                ro code  0x6000'386c       0x6  abort.o [2]
  .text                ro code  0x6000'3872       0x2  startup_MIMXRT1052.o [1]
  .text                ro code  0x6000'3874       0x2  I64DivZer.o [4]
  .text                ro code  0x6000'3876       0x2  startup_MIMXRT1052.o [1]
  .text                ro code  0x6000'3878      0x14  exit.o [5]
  .text                ro code  0x6000'388c     0xb18  LQ_UART.o [1]
  .text                ro code  0x6000'43a4      0x18  fsl_assert.o [1]
  .text                ro code  0x6000'43bc     0x64c  fsl_clock.o [1]
  .text                ro code  0x6000'4a08     0x4c4  fsl_lpuart.o [1]
  .text                ro code  0x6000'4ecc     0x2ec  ANO_DT.o [1]
  .text                ro code  0x6000'51b8      0xaa  fsl_debug_console.o [1]
  .text                ro code  0x6000'5262       0x2  startup_MIMXRT1052.o [1]
  .text                ro code  0x6000'5264      0xf8  fsl_lpuart_edma.o [1]
  .text                ro code  0x6000'535c     0x320  LQ_LED.o [1]
  .text                ro code  0x6000'567c      0x70  fsl_log.o [1]
  .text                ro code  0x6000'56ec       0x6  ABImemclr4.o [4]
  .text                ro code  0x6000'56f2     0x2d0  fsl_str.o [1]
  .text                ro code  0x6000'59c2       0x2  startup_MIMXRT1052.o [1]
  .text                ro code  0x6000'59c4     0xac0  fsl_edma.o [1]
  .text                ro code  0x6000'6484     0x1d0  fsl_gpio.o [1]
  .text                ro code  0x6000'6654      0xc8  fsl_io.o [1]
  .text                ro code  0x6000'671c      0x32  ABImemset48.o [4]
  .text                ro code  0x6000'674e       0x2  startup_MIMXRT1052.o [1]
  .text                ro code  0x6000'6750     0x7ec  pin_mux.o [1]
  .text                ro code  0x6000'6f3c     0x790  fsl_lpi2c.o [1]
  .text                ro code  0x6000'76cc      0x66  ABImemset.o [4]
  .text                ro code  0x6000'7732       0x2  startup_MIMXRT1052.o [1]
  .text                ro code  0x6000'7734     0x76a  system_MIMXRT1052.o [1]
  .text                ro code  0x6000'7e9e       0x2  startup_MIMXRT1052.o [1]
  .text                ro code  0x6000'7ea0     0x660  fsl_csi.o [1]
  .text                ro code  0x6000'8500     0x518  LQ_SGP18T.o [1]
  .text                ro code  0x6000'8a18     0x1d4  Appmain.o [1]
  .text                ro code  0x6000'8bec     0x304  board.o [1]
  .text                ro code  0x6000'8ef0     0x40c  clock_config.o [1]
  .text                ro code  0x6000'92fc     0x384  LQ_PIT.o [1]
  .text                ro code  0x6000'9680     0x19c  m_systime.o [1]
  .text                ro code  0x6000'981c     0x1b0  LQ_CSI.o [1]
  .text                ro code  0x6000'99cc      0x28  printf.o [2]
  .text                ro code  0x6000'99f4      0xe4  fsl_pit.o [1]
  .text                ro code  0x6000'9ad8     0x16c  LQ_IIC.o [1]
  .text                ro code  0x6000'9c44     0x240  fsl_flexspi.o [1]
  Initializer bytes    const    0x6000'9e84     0x14c  <for RW-1>
  .text                ro code  0x6000'9fd0     0x13e  fsl_csi_camera_adapter.o [1]
  .text                ro code  0x6000'a110      0xf0  fsl_lpspi.o [1]
  .rodata              const    0x6000'a200      0x8c  fsl_debug_console.o [1]
  .rodata              const    0x6000'a28c      0x88  fsl_lpuart_edma.o [1]
  .rodata              const    0x6000'a314      0x84  fsl_flexspi.o [1]
  .rodata              const    0x6000'a398      0x80  clock_config.o [1]
  .rodata              const    0x6000'a418      0x80  fsl_csi.o [1]
  .rodata              const    0x6000'a498      0x80  fsl_csi.o [1]
  .rodata              const    0x6000'a518      0x80  fsl_edma.o [1]
  .rodata              const    0x6000'a598      0x80  fsl_gpio.o [1]
  .rodata              const    0x6000'a618      0x80  fsl_gpio.o [1]
  .rodata              const    0x6000'a698      0x80  fsl_io.o [1]
  .rodata              const    0x6000'a718      0x80  fsl_log.o [1]
  .rodata              const    0x6000'a798      0x80  fsl_lpi2c.o [1]
  .rodata              const    0x6000'a818      0x80  fsl_lpi2c.o [1]
  .rodata              const    0x6000'a898      0x80  fsl_lpspi.o [1]
  .rodata              const    0x6000'a918      0x80  fsl_lpuart.o [1]
  .rodata              const    0x6000'a998      0x80  fsl_lpuart.o [1]
  .rodata              const    0x6000'aa18      0x80  fsl_pit.o [1]
  .rodata              const    0x6000'aa98      0x80  fsl_pit.o [1]
  .rodata              const    0x6000'ab18      0x80  pin_mux.o [1]
  .rodata              const    0x6000'ab98      0x7c  LQ_CSI.o [1]
  .rodata              const    0x6000'ac14      0x7c  LQ_IIC.o [1]
  .rodata              const    0x6000'ac90      0x7c  LQ_LED.o [1]
  .rodata              const    0x6000'ad0c      0x7c  LQ_PIT.o [1]
  .rodata              const    0x6000'ad88      0x7c  LQ_SGP18T.o [1]
  .rodata              const    0x6000'ae04      0x7c  LQ_UART.o [1]
  .rodata              const    0x6000'ae80      0x78  LQ_PIT.o [1]
  .rodata              const    0x6000'aef8      0x68  fsl_edma.o [1]
  .rodata              const    0x6000'af60      0x64  fsl_edma.o [1]
  .text                ro code  0x6000'afc4      0x5c  fsl_flexio.o [1]
  .text                ro code  0x6000'b020      0x4c  LQ_KEY.o [1]
  .rodata              const    0x6000'b06c      0x40  fsl_lpuart.o [1]
  .rodata              const    0x6000'b0ac      0x3c  fsl_csi.o [1]
  .rodata              const    0x6000'b0e8      0x3c  fsl_gpio.o [1]
  .rodata              const    0x6000'b124      0x3c  fsl_pit.o [1]
  .text                ro code  0x6000'b160      0x34  fsl_usdhc.o [1]
  .rodata              const    0x6000'b194      0x2c  fsl_assert.o [1]
  .text                ro code  0x6000'b1c0      0x2c  copy_init3.o [4]
  .text                ro code  0x6000'b1ec      0x2a  LQ_MT9V034M.o [1]
  .rodata              const    0x6000'b218      0x28  fsl_edma.o [1]
  .text                ro code  0x6000'b240      0x28  startup_MIMXRT1052.o [1]
  .text                ro code  0x6000'b268      0x28  data_init.o [4]
  .rodata              const    0x6000'b290      0x24  fsl_edma.o [1]
  .rodata              const    0x6000'b2b4      0x24  fsl_lpuart.o [1]
  .text                ro code  0x6000'b2d8      0x22  fpinit_M.o [3]
  .iar.init_table      const    0x6000'b2fc      0x2c  - Linker created -
  .rodata              const    0x6000'b328      0x20  fsl_edma.o [1]
  .rodata              const    0x6000'b348      0x20  fsl_lpuart.o [1]
  .rodata              const    0x6000'b368      0x20  fsl_lpuart.o [1]
  .text                ro code  0x6000'b388      0x1e  cmain.o [4]
  .text                ro code  0x6000'b3a6       0x4  low_level_init.o [2]
  .text                ro code  0x6000'b3aa       0x4  exit.o [2]
  .text                ro code  0x6000'b3b0       0xa  cexit.o [4]
  .rodata              const    0x6000'b3bc      0x1c  Appmain.o [1]
  .rodata              const    0x6000'b3d8      0x1c  Appmain.o [1]
  .rodata              const    0x6000'b3f4      0x1c  Appmain.o [1]
  .rodata              const    0x6000'b410      0x1c  Appmain.o [1]
  .rodata              const    0x6000'b42c      0x1c  Appmain.o [1]
  .rodata              const    0x6000'b448      0x1c  Appmain.o [1]
  .rodata              const    0x6000'b464      0x1c  Appmain.o [1]
  .rodata              const    0x6000'b480      0x1c  Appmain.o [1]
  .rodata              const    0x6000'b49c      0x1c  Appmain.o [1]
  .rodata              const    0x6000'b4b8      0x1c  Appmain.o [1]
  .rodata              const    0x6000'b4d4      0x1c  Appmain.o [1]
  .rodata              const    0x6000'b4f0      0x1c  Appmain.o [1]
  .rodata              const    0x6000'b50c      0x1c  Appmain.o [1]
  .rodata              const    0x6000'b528      0x1c  Appmain.o [1]
  .rodata              const    0x6000'b544      0x1c  fsl_csi_camera_adapter.o [1]
  .rodata              const    0x6000'b560      0x18  clock_config.o [1]
  .rodata              const    0x6000'b578      0x18  fsl_gpio.o [1]
  .rodata              const    0x6000'b590      0x18  fsl_lpuart.o [1]
  .rodata              const    0x6000'b5a8      0x18  fsl_lpuart_edma.o [1]
  .rodata              const    0x6000'b5c0      0x18  LQ_CSI.o [1]
  .rodata              const    0x6000'b5d8      0x18  LQ_IIC.o [1]
  .rodata              const    0x6000'b5f0      0x18  LQ_MT9V034M.o [1]
  .rodata              const    0x6000'b608      0x18  LQ_PIT.o [1]
  .rodata              const    0x6000'b620      0x18  LQ_PIT.o [1]
  .rodata              const    0x6000'b638      0x18  LQ_PIT.o [1]
  .rodata              const    0x6000'b650      0x18  LQ_PIT.o [1]
  .rodata              const    0x6000'b668      0x18  LQ_UART.o [1]
  .text                ro code  0x6000'b680      0x16  xprout.o [2]
  .text                ro code  0x6000'b698       0xc  putchar.o [2]
  .rodata              const    0x6000'b6a4      0x14  Appmain.o [1]
  .rodata              const    0x6000'b6b8      0x14  fsl_lpi2c.o [1]
  .rodata              const    0x6000'b6cc      0x14  fsl_lpi2c.o [1]
  .rodata              const    0x6000'b6e0      0x14  fsl_lpspi.o [1]
  .rodata              const    0x6000'b6f4      0x14  fsl_lpspi.o [1]
  .rodata              const    0x6000'b708      0x14  fsl_lpspi.o [1]
  .rodata              const    0x6000'b71c      0x14  fsl_lpspi.o [1]
  .rodata              const    0x6000'b730      0x14  fsl_lpuart.o [1]
  .rodata              const    0x6000'b744      0x10  Appmain.o [1]
  .rodata              const    0x6000'b754      0x10  clock_config.o [1]
  .rodata              const    0x6000'b764      0x10  fsl_clock.o [1]
  .rodata              const    0x6000'b774      0x10  fsl_debug_console.o [1]
  .rodata              const    0x6000'b784      0x10  fsl_edma.o [1]
  .rodata              const    0x6000'b794      0x10  fsl_edma.o [1]
  .rodata              const    0x6000'b7a4      0x10  fsl_edma.o [1]
  .rodata              const    0x6000'b7b4      0x10  fsl_lpi2c.o [1]
  .rodata              const    0x6000'b7c4      0x10  fsl_lpuart_edma.o [1]
  .rodata              const    0x6000'b7d4       0xc  fsl_csi.o [1]
  .rodata              const    0x6000'b7e0       0xc  fsl_edma.o [1]
  .rodata              const    0x6000'b7ec       0xc  fsl_edma.o [1]
  .rodata              const    0x6000'b7f8       0xc  fsl_edma.o [1]
  .rodata              const    0x6000'b804       0xc  fsl_gpio.o [1]
  .rodata              const    0x6000'b810       0xc  fsl_gpio.o [1]
  .rodata              const    0x6000'b81c       0xc  fsl_gpio.o [1]
  .rodata              const    0x6000'b828       0xc  fsl_log.o [1]
  .rodata              const    0x6000'b834       0xc  fsl_lpi2c.o [1]
  .rodata              const    0x6000'b840       0xc  fsl_lpi2c.o [1]
  .rodata              const    0x6000'b84c       0xc  fsl_lpi2c.o [1]
  .rodata              const    0x6000'b858       0xc  fsl_lpuart.o [1]
  .rodata              const    0x6000'b864       0xc  fsl_lpuart_edma.o [1]
  .rodata              const    0x6000'b870       0xc  fsl_pit.o [1]
  .rodata              const    0x6000'b87c       0xc  fsl_usdhc.o [1]
  .rodata              const    0x6000'b888       0xc  LQ_LED.o [1]
  .rodata              const    0x6000'b894       0xc  LQ_SGP18T.o [1]
  .rodata              const    0x6000'b8a0       0xc  LQ_UART.o [1]
  .rodata              const    0x6000'b8ac       0xc  pin_mux.o [1]
  .text                ro code  0x6000'b8b8       0xc  cstartup_M.o [4]
  .rodata              const    0x6000'b8c4       0x8  clock_config.o [1]
  .rodata              const    0x6000'b8cc       0x8  fsl_csi.o [1]
  .rodata              const    0x6000'b8d4       0x8  fsl_csi.o [1]
  .rodata              const    0x6000'b8dc       0x8  fsl_flexspi.o [1]
  .rodata              const    0x6000'b8e4       0x8  fsl_io.o [1]
  .rodata              const    0x6000'b8ec       0x8  fsl_lpi2c.o [1]
  .rodata              const    0x6000'b8f4       0x8  fsl_lpuart.o [1]
  .rodata              const    0x6000'b8fc       0x8  fsl_lpuart.o [1]
  .rodata              const    0x6000'b904       0x8  fsl_lpuart_edma.o [1]
  .rodata              const    0x6000'b90c       0x8  fsl_lpuart_edma.o [1]
  .rodata              const    0x6000'b914       0x8  fsl_pit.o [1]
  .rodata              const    0x6000'b91c       0x8  LQ_PIT.o [1]
  .text                ro code  0x6000'b924       0x8  startup_MIMXRT1052.o [1]
  .text                ro code  0x6000'b92c       0x8  startup_MIMXRT1052.o [1]
  .text                ro code  0x6000'b934       0x8  startup_MIMXRT1052.o [1]
  .text                ro code  0x6000'b93c       0x8  startup_MIMXRT1052.o [1]
  .text                ro code  0x6000'b944       0x8  startup_MIMXRT1052.o [1]
  .text                ro code  0x6000'b94c       0x8  startup_MIMXRT1052.o [1]
  .text                ro code  0x6000'b954       0x8  startup_MIMXRT1052.o [1]
  .text                ro code  0x6000'b95c       0x8  startup_MIMXRT1052.o [1]
  .text                ro code  0x6000'b964       0x8  startup_MIMXRT1052.o [1]
  .text                ro code  0x6000'b96c       0x8  startup_MIMXRT1052.o [1]
  .text                ro code  0x6000'b974       0x8  startup_MIMXRT1052.o [1]
  .text                ro code  0x6000'b97c       0x8  startup_MIMXRT1052.o [1]
  .text                ro code  0x6000'b984       0x8  startup_MIMXRT1052.o [1]
  .text                ro code  0x6000'b98c       0x8  startup_MIMXRT1052.o [1]
  .text                ro code  0x6000'b994       0x8  startup_MIMXRT1052.o [1]
  .text                ro code  0x6000'b99c       0x8  startup_MIMXRT1052.o [1]
  .text                ro code  0x6000'b9a4       0x8  startup_MIMXRT1052.o [1]
  .text                ro code  0x6000'b9ac       0x8  startup_MIMXRT1052.o [1]
  .text                ro code  0x6000'b9b4       0x8  startup_MIMXRT1052.o [1]
  .text                ro code  0x6000'b9bc       0x8  startup_MIMXRT1052.o [1]
  .text                ro code  0x6000'b9c4       0x8  startup_MIMXRT1052.o [1]
  .text                ro code  0x6000'b9cc       0x8  startup_MIMXRT1052.o [1]
  .text                ro code  0x6000'b9d4       0x8  startup_MIMXRT1052.o [1]
  .text                ro code  0x6000'b9dc       0x8  startup_MIMXRT1052.o [1]
  .text                ro code  0x6000'b9e4       0x8  startup_MIMXRT1052.o [1]
  .text                ro code  0x6000'b9ec       0x8  startup_MIMXRT1052.o [1]
  .text                ro code  0x6000'b9f4       0x8  startup_MIMXRT1052.o [1]
  .text                ro code  0x6000'b9fc       0x8  startup_MIMXRT1052.o [1]
  .text                ro code  0x6000'ba04       0x8  startup_MIMXRT1052.o [1]
  .text                ro code  0x6000'ba0c       0x8  startup_MIMXRT1052.o [1]
  .text                ro code  0x6000'ba14       0x8  startup_MIMXRT1052.o [1]
  .text                ro code  0x6000'ba1c       0x8  startup_MIMXRT1052.o [1]
  .text                ro code  0x6000'ba24       0x8  startup_MIMXRT1052.o [1]
  .text                ro code  0x6000'ba2c       0x8  startup_MIMXRT1052.o [1]
  .text                ro code  0x6000'ba34       0x8  startup_MIMXRT1052.o [1]
  .text                ro code  0x6000'ba3c       0x8  startup_MIMXRT1052.o [1]
  .text                ro code  0x6000'ba44       0x8  startup_MIMXRT1052.o [1]
  .text                ro code  0x6000'ba4c       0x8  startup_MIMXRT1052.o [1]
  .text                ro code  0x6000'ba54       0x8  startup_MIMXRT1052.o [1]
  .rodata              const    0x6000'ba5c       0x4  fsl_csi.o [1]
  .rodata              const    0x6000'ba60       0x4  fsl_pit.o [1]
  .rodata              const    0x6000'ba64       0x4  xlocale_c.o [2]
  .text                ro code  0x6000'ba68       0x4  startup_MIMXRT1052.o [1]
  .rodata              const    0x6000'ba6c       0x0  zero_init3.o [4]
  .rodata              const    0x6000'ba6c       0x0  copy_init3.o [4]
                              - 0x6000'ba6c    0x966c

"P6":                                        0x800000
  NCACHE_VAR                    0x8180'0000  0x800000  <Block>
    NonCacheable       zero     0x8180'0000   0x16080  LQ_CSI.o [1]
    NCACHE_VAR         uninit   0x8181'6080  0x7e9f80  <Block tail>
                              - 0x8200'0000  0x800000

Unused ranges:

         From           To        Size
         ----           --        ----
  0x2000'014c  0x2000'015f        0x14
  0x2000'044c  0x2001'7fff    0x1'7bb4
  0x6000'ba6c  0x63ff'ffff  0x3ff'4594


*******************************************************************************
*** INIT TABLE
***

          Address      Size
          -------      ----
Zero (__iar_zero_init3)
    2 destination ranges, total size 0x1636c:
          0x2000'0160    0x2ec
          0x8180'0000  0x16080

Copy (__iar_copy_init3)
    1 source range, total size 0x14c (100% of destination):
          0x6000'9e84    0x14c
    1 destination range, total size 0x14a:
          0x2000'0000    0x14a



*******************************************************************************
*** MODULE SUMMARY
***

    Module                    ro code  ro data    rw data
    ------                    -------  -------    -------
command line/config:
    -----------------------------------------------------
    Total:

D:\智能车\麦轮信标\程序\RT1052\RT1052库\i.MX-RT1052-Library\LQ库改写\sdram_release\obj: [1]
    ANO_DT.o                      748                  55
    Appmain.o                     468      428          8
    LQ_CSI.o                      432      212     90 348
    LQ_Control.o                           104        104
    LQ_IIC.o                      364      148         90
    LQ_KEY.o                       76        4          5
    LQ_LED.o                      800      140          4
    LQ_MT9V034M.o                  42       24
    LQ_PIT.o                      900      348          8
    LQ_SGP18T.o                 1 304      136
    LQ_UART.o                   2 840      160        144
    board.o                       772
    clock_config.o              1 036      178
    fsl_assert.o                   24       44
    fsl_clock.o                 1 612       16          8
    fsl_csi.o                   1 632      352          8
    fsl_csi_camera_adapter.o      318       28
    fsl_debug_console.o           170      156
    fsl_edma.o                  2 752      524        128
    fsl_flexio.o                   92                  24
    fsl_flexspi.o                 576      140          4
    fsl_flexspi_nor_boot.o                  50
    fsl_gpio.o                    464      376
    fsl_io.o                      200      136          8
    fsl_log.o                     112      140
    fsl_lpi2c.o                 1 936      356         48
    fsl_lpspi.o                   240      208         28
    fsl_lpuart.o                1 220      492
    fsl_lpuart_edma.o             248      204
    fsl_pit.o                     228      342
    fsl_str.o                     720
    fsl_usdhc.o                    52       12         16
    m_systime.o                   412       20         52
    pin_mux.o                   2 028      140
    startup_MIMXRT1052.o        1 396
    status.o                                 2          2
    system_MIMXRT1052.o         1 898        4          4
    xip_config.o                           512
    -----------------------------------------------------
    Total:                     28 112    6 136     91 096

dl7M_tlf.a: [2]
    abort.o                         6
    exit.o                          4
    low_level_init.o                4
    printf.o                       40
    putchar.o                      12
    xfail_s.o                      64                   4
    xfiles.o                                72        152
    xlocale_c.o                     8       60         56
    xprintffull_nomb.o          3 622
    xprout.o                       22
    -----------------------------------------------------
    Total:                      3 782      132        212

m7M_tlv.a: [3]
    DblCmpGe.o                     46
    DblCmpLe.o                     46
    DblDiv.o                       18
    DblMul.o                       18
    DblSub.o                       18
    DblToS32.o                     14
    DblToU32.o                     14
    S32ToDbl.o                     14
    U32ToDbl.o                     14
    fpinit_M.o                     34
    frexp.o                       112
    ldexp.o                       260
    -----------------------------------------------------
    Total:                        608

rt7M_tl.a: [4]
    ABImemclr4.o                    6
    ABImemcpy.o                   166
    ABImemset.o                   102
    ABImemset48.o                  50
    I64DivMod.o                   560
    I64DivZer.o                     2
    cexit.o                        10
    cmain.o                        30
    copy_init3.o                   44
    cstartup_M.o                   12
    data_init.o                    40
    memchr.o                       88
    strchr.o                       22
    strlen.o                       54
    zero_init3.o                   58
    -----------------------------------------------------
    Total:                      1 244

shb_l.a: [5]
    exit.o                         20
    -----------------------------------------------------
    Total:                         20

    Gaps                            6        6         10
    Linker created                          46  8 331 136
---------------------------------------------------------
    Grand Total:               33 772    6 320  8 422 454


*******************************************************************************
*** ENTRY LIST
***

Entry                       Address     Size  Type      Object
-----                       -------     ----  ----      ------
.iar.init_table$$Base   0x6000'b2fc            --   Gb  - Linker created -
.iar.init_table$$Limit  0x6000'b328            --   Gb  - Linker created -
?main                   0x6000'b389           Code  Gb  cmain.o [4]
ANO_DT_Data_Receive_Anl
                        0x6000'5025    0x162  Code  Gb  ANO_DT.o [1]
ANO_DT_Data_Receive_Prepare
                        0x6000'4f45     0xde  Code  Gb  ANO_DT.o [1]
ANO_DT_Data_Receive_Prepare::RxBuffer
                        0x2000'0160     0x34  Data  Lc  ANO_DT.o [1]
ANO_DT_Data_Receive_Prepare::_data_cnt
                        0x2000'0195      0x1  Data  Lc  ANO_DT.o [1]
ANO_DT_Data_Receive_Prepare::_data_len
                        0x2000'0194      0x1  Data  Lc  ANO_DT.o [1]
ANO_DT_Data_Receive_Prepare::state
                        0x2000'0196      0x1  Data  Lc  ANO_DT.o [1]
ANO_DT_Send_Check       0x6000'4efd     0x48  Code  Lc  ANO_DT.o [1]
ANO_DT_Send_Data        0x6000'4ecd     0x30  Code  Gb  ANO_DT.o [1]
ARM_MPU_Disable         0x6000'8c0d     0x22  Code  Lc  board.o [1]
ARM_MPU_Enable          0x6000'8bed     0x20  Code  Lc  board.o [1]
BOARD_BootClockRUN      0x6000'8fcd    0x22c  Code  Gb  clock_config.o [1]
BOARD_ConfigMPU         0x6000'8dfd     0x74  Code  Gb  board.o [1]
BOARD_DebugConsoleSrcFreq
                        0x6000'8da3     0x42  Code  Gb  board.o [1]
BOARD_InitCSIPins       0x6000'6c35    0x12a  Code  Gb  pin_mux.o [1]
BOARD_InitCameraResource
                        0x6000'9927     0x1c  Code  Gb  LQ_CSI.o [1]
BOARD_InitDEBUG_UARTPins
                        0x6000'67cb     0x64  Code  Gb  pin_mux.o [1]
BOARD_InitDebugConsole  0x6000'8de5     0x18  Code  Gb  board.o [1]
BOARD_InitLPI2C1Pins    0x6000'6d89     0x78  Code  Gb  pin_mux.o [1]
BOARD_InitSDRAMPins     0x6000'6849    0x376  Code  Gb  pin_mux.o [1]
CAMERA_DEVICE_Init      0x6000'990b      0xa  Code  Lc  LQ_CSI.o [1]
CAMERA_DEVICE_Start     0x6000'9915      0xa  Code  Lc  LQ_CSI.o [1]
CAMERA_RECEIVER_Init    0x6000'98ed      0xa  Code  Lc  LQ_CSI.o [1]
CAMERA_RECEIVER_Start   0x6000'98f7      0xa  Code  Lc  LQ_CSI.o [1]
CAMERA_RECEIVER_SubmitEmptyBuffer
                        0x6000'9901      0xa  Code  Lc  LQ_CSI.o [1]
CLOCK_ControlGate       0x6000'7ebf     0x46  Code  Lc  fsl_csi.o [1]
CLOCK_ControlGate       0x6000'6485     0x40  Code  Lc  fsl_gpio.o [1]
CLOCK_ControlGate       0x6000'6f5b     0x46  Code  Lc  fsl_lpi2c.o [1]
CLOCK_ControlGate       0x6000'4a09     0x46  Code  Lc  fsl_lpuart.o [1]
CLOCK_ControlGate       0x6000'99f5     0x40  Code  Lc  fsl_pit.o [1]
CLOCK_ControlGate       0x6000'535d     0x46  Code  Lc  LQ_LED.o [1]
CLOCK_ControlGate       0x6000'8501     0x46  Code  Lc  LQ_SGP18T.o [1]
CLOCK_ControlGate       0x6000'3a4f     0x46  Code  Lc  LQ_UART.o [1]
CLOCK_ControlGate       0x6000'6751     0x46  Code  Lc  pin_mux.o [1]
CLOCK_DisableClock      0x6000'7f11      0xc  Code  Lc  fsl_csi.o [1]
CLOCK_EnableClock       0x6000'7f05      0xc  Code  Lc  fsl_csi.o [1]
CLOCK_EnableClock       0x6000'64c5      0xc  Code  Lc  fsl_gpio.o [1]
CLOCK_EnableClock       0x6000'6fa1      0xc  Code  Lc  fsl_lpi2c.o [1]
CLOCK_EnableClock       0x6000'4a4f      0xc  Code  Lc  fsl_lpuart.o [1]
CLOCK_EnableClock       0x6000'9a35      0xc  Code  Lc  fsl_pit.o [1]
CLOCK_EnableClock       0x6000'53a3      0xc  Code  Lc  LQ_LED.o [1]
CLOCK_EnableClock       0x6000'8547      0xc  Code  Lc  LQ_SGP18T.o [1]
CLOCK_EnableClock       0x6000'3a95      0xc  Code  Lc  LQ_UART.o [1]
CLOCK_EnableClock       0x6000'6797      0xc  Code  Lc  pin_mux.o [1]
CLOCK_GetDiv            0x6000'8d61     0x2a  Code  Lc  board.o [1]
CLOCK_GetDiv            0x6000'3a25     0x2a  Code  Lc  LQ_UART.o [1]
CLOCK_GetFreq           0x6000'44c7    0x152  Code  Gb  fsl_clock.o [1]
CLOCK_GetMux            0x6000'8d37     0x2a  Code  Lc  board.o [1]
CLOCK_GetMux            0x6000'398b     0x2a  Code  Lc  LQ_UART.o [1]
CLOCK_GetOscFreq        0x6000'8d8b     0x18  Code  Lc  board.o [1]
CLOCK_GetOscFreq        0x6000'43bd     0x18  Code  Lc  fsl_clock.o [1]
CLOCK_GetOscFreq        0x6000'3aa1     0x18  Code  Lc  LQ_UART.o [1]
CLOCK_GetPeriphClkFreq  0x6000'441d     0xaa  Code  Lc  fsl_clock.o [1]
CLOCK_GetPllBypassRefClk
                        0x6000'4401     0x1c  Code  Lc  fsl_clock.o [1]
CLOCK_GetPllFreq        0x6000'46d9    0x1b4  Code  Gb  fsl_clock.o [1]
CLOCK_GetRtcFreq        0x6000'43d5      0x6  Code  Lc  fsl_clock.o [1]
CLOCK_GetSysPfdFreq     0x6000'48c7     0x5c  Code  Gb  fsl_clock.o [1]
CLOCK_GetUsb1PfdFreq    0x6000'4923     0x5c  Code  Gb  fsl_clock.o [1]
CLOCK_InitArmPll        0x6000'4619     0x40  Code  Gb  fsl_clock.o [1]
CLOCK_InitSysPfd        0x6000'488d     0x3a  Code  Gb  fsl_clock.o [1]
CLOCK_InitSysPll        0x6000'4659     0x40  Code  Gb  fsl_clock.o [1]
CLOCK_InitUsb1Pll       0x6000'4699     0x40  Code  Gb  fsl_clock.o [1]
CLOCK_IsPllBypassed     0x6000'43db     0x10  Code  Lc  fsl_clock.o [1]
CLOCK_IsPllEnabled      0x6000'43eb     0x16  Code  Lc  fsl_clock.o [1]
CLOCK_SetDiv            0x6000'8f59     0x68  Code  Lc  clock_config.o [1]
CLOCK_SetDiv            0x6000'9885     0x68  Code  Lc  LQ_CSI.o [1]
CLOCK_SetDiv            0x6000'9b41     0x68  Code  Lc  LQ_IIC.o [1]
CLOCK_SetDiv            0x6000'93eb     0x68  Code  Lc  LQ_PIT.o [1]
CLOCK_SetDiv            0x6000'39b5     0x70  Code  Lc  LQ_UART.o [1]
CLOCK_SetMux            0x6000'8ef1     0x68  Code  Lc  clock_config.o [1]
CLOCK_SetMux            0x6000'981d     0x68  Code  Lc  LQ_CSI.o [1]
CLOCK_SetMux            0x6000'9ad9     0x68  Code  Lc  LQ_IIC.o [1]
CLOCK_SetMux            0x6000'9383     0x68  Code  Lc  LQ_PIT.o [1]
CLOCK_SetMux            0x6000'391b     0x70  Code  Lc  LQ_UART.o [1]
CLOCK_SetRtcXtalFreq    0x6000'8fc7      0x6  Code  Lc  clock_config.o [1]
CLOCK_SetXtalFreq       0x6000'8fc1      0x6  Code  Lc  clock_config.o [1]
CSI_ADAPTER_Callback    0x6000'a0e1     0x22  Code  Lc  fsl_csi_camera_adapter.o [1]
CSI_ADAPTER_Deinit      0x6000'a097      0xe  Code  Lc  fsl_csi_camera_adapter.o [1]
CSI_ADAPTER_GetFullBuffer
                        0x6000'a0d1     0x10  Code  Lc  fsl_csi_camera_adapter.o [1]
CSI_ADAPTER_Init        0x6000'9fd1     0xc6  Code  Lc  fsl_csi_camera_adapter.o [1]
CSI_ADAPTER_InitExt     0x6000'a103      0xc  Code  Lc  fsl_csi_camera_adapter.o [1]
CSI_ADAPTER_Start       0x6000'a0a5      0xe  Code  Lc  fsl_csi_camera_adapter.o [1]
CSI_ADAPTER_Stop        0x6000'a0b3      0xe  Code  Lc  fsl_csi_camera_adapter.o [1]
CSI_ADAPTER_SubmitEmptyBuffer
                        0x6000'a0c1     0x10  Code  Lc  fsl_csi_camera_adapter.o [1]
CSI_ClearFifo           0x6000'8199     0x30  Code  Gb  fsl_csi.o [1]
CSI_Deinit              0x6000'80db     0x1e  Code  Gb  fsl_csi.o [1]
CSI_DisableInterrupts   0x6000'8239     0x24  Code  Gb  fsl_csi.o [1]
CSI_DriverIRQHandler    0x6000'84af     0x10  Code  Gb  fsl_csi.o [1]
CSI_EnableFifoDmaRequest
                        0x6000'81e9     0x2e  Code  Gb  fsl_csi.o [1]
CSI_EnableInterrupts    0x6000'8217     0x22  Code  Gb  fsl_csi.o [1]
CSI_GetDefaultConfig    0x6000'8147     0x44  Code  Gb  fsl_csi.o [1]
CSI_GetInstance         0x6000'7f65     0x32  Code  Lc  fsl_csi.o [1]
CSI_IRQHandler          0x6000'991f      0x8  Code  Gb  LQ_CSI.o [1]
CSI_Init                0x6000'7fe9     0xf2  Code  Gb  fsl_csi.o [1]
CSI_ReflashFifoDma      0x6000'81c9     0x20  Code  Gb  fsl_csi.o [1]
CSI_Reset               0x6000'80f9     0x4e  Code  Gb  fsl_csi.o [1]
CSI_SetRxBufferAddr     0x6000'818b      0xe  Code  Gb  fsl_csi.o [1]
CSI_Start               0x6000'7f39     0x18  Code  Lc  fsl_csi.o [1]
CSI_Stop                0x6000'7f51     0x14  Code  Lc  fsl_csi.o [1]
CSI_TransferCreateHandle
                        0x6000'825d     0x54  Code  Gb  fsl_csi.o [1]
CSI_TransferGetEmptyBufferCount
                        0x6000'7faf     0x10  Code  Lc  fsl_csi.o [1]
CSI_TransferGetFullBuffer
                        0x6000'83d9     0x34  Code  Gb  fsl_csi.o [1]
CSI_TransferGetQueueDelta
                        0x6000'7f97      0xe  Code  Lc  fsl_csi.o [1]
CSI_TransferHandleIRQ   0x6000'840d     0xa2  Code  Gb  fsl_csi.o [1]
CSI_TransferIncreaseQueueIdx
                        0x6000'7fa5      0xa  Code  Lc  fsl_csi.o [1]
CSI_TransferLoadBufferToDevice
                        0x6000'7fbf     0x2a  Code  Lc  fsl_csi.o [1]
CSI_TransferStart       0x6000'82b1     0x74  Code  Gb  fsl_csi.o [1]
CSI_TransferStop        0x6000'8325     0x3e  Code  Gb  fsl_csi.o [1]
CSI_TransferSubmitEmptyBuffer
                        0x6000'8363     0x76  Code  Gb  fsl_csi.o [1]
CSTACK$$Base            0x2001'8000            --   Gb  - Linker created -
CSTACK$$Limit           0x2002'0000            --   Gb  - Linker created -
ConvertRadixNumToString
                        0x6000'56f3     0x8a  Code  Lc  fsl_str.o [1]
DMA0_DMA16_DriverIRQHandler
                        0x6000'6137     0x34  Code  Gb  fsl_edma.o [1]
DMA10_DMA26_DriverIRQHandler
                        0x6000'6343     0x30  Code  Gb  fsl_edma.o [1]
DMA11_DMA27_DriverIRQHandler
                        0x6000'6373     0x30  Code  Gb  fsl_edma.o [1]
DMA12_DMA28_DriverIRQHandler
                        0x6000'63a3     0x2e  Code  Gb  fsl_edma.o [1]
DMA13_DMA29_DriverIRQHandler
                        0x6000'63d1     0x2e  Code  Gb  fsl_edma.o [1]
DMA14_DMA30_DriverIRQHandler
                        0x6000'63ff     0x2e  Code  Gb  fsl_edma.o [1]
DMA15_DMA31_DriverIRQHandler
                        0x6000'642d     0x2e  Code  Gb  fsl_edma.o [1]
DMA1_DMA17_DriverIRQHandler
                        0x6000'616b     0x34  Code  Gb  fsl_edma.o [1]
DMA2_DMA18_DriverIRQHandler
                        0x6000'61a5     0x34  Code  Gb  fsl_edma.o [1]
DMA3_DMA19_DriverIRQHandler
                        0x6000'61d9     0x34  Code  Gb  fsl_edma.o [1]
DMA4_DMA20_DriverIRQHandler
                        0x6000'620d     0x34  Code  Gb  fsl_edma.o [1]
DMA5_DMA21_DriverIRQHandler
                        0x6000'6241     0x34  Code  Gb  fsl_edma.o [1]
DMA6_DMA22_DriverIRQHandler
                        0x6000'6275     0x34  Code  Gb  fsl_edma.o [1]
DMA7_DMA23_DriverIRQHandler
                        0x6000'62ad     0x34  Code  Gb  fsl_edma.o [1]
DMA8_DMA24_DriverIRQHandler
                        0x6000'62e1     0x32  Code  Gb  fsl_edma.o [1]
DMA9_DMA25_DriverIRQHandler
                        0x6000'6313     0x30  Code  Gb  fsl_edma.o [1]
DbgConsole_Init         0x6000'51b9     0x30  Code  Gb  fsl_debug_console.o [1]
DbgConsole_Printf       0x6000'51f1     0x32  Code  Gb  fsl_debug_console.o [1]
DbgConsole_RelocateLog  0x6000'5225     0x3e  Code  Lc  fsl_debug_console.o [1]
DelayTest               0x6000'8a4d      0xe  Code  Gb  Appmain.o [1]
DisableGlobalIRQ        0x6000'59c5      0x8  Code  Lc  fsl_edma.o [1]
EDMA_GetChannelStatusFlags
                        0x6000'5c2b     0x4a  Code  Gb  fsl_edma.o [1]
EDMA_HandleIRQ          0x6000'6065     0xd2  Code  Gb  fsl_edma.o [1]
EDMA_InstallTCD         0x6000'59d3     0xdc  Code  Gb  fsl_edma.o [1]
EDMA_PrepareTransfer    0x6000'5c75    0x174  Code  Gb  fsl_edma.o [1]
EDMA_SetTransferConfig  0x6000'5aaf     0x62  Code  Gb  fsl_edma.o [1]
EDMA_StartTransfer      0x6000'5fed     0x74  Code  Gb  fsl_edma.o [1]
EDMA_SubmitTransfer     0x6000'5df9    0x1f2  Code  Gb  fsl_edma.o [1]
EDMA_TcdReset           0x6000'5b11     0x66  Code  Gb  fsl_edma.o [1]
EDMA_TcdSetTransferConfig
                        0x6000'5b77     0xb4  Code  Gb  fsl_edma.o [1]
EnableGlobalIRQ         0x6000'59cd      0x6  Code  Lc  fsl_edma.o [1]
EnableIRQ               0x6000'7f1d     0x1c  Code  Lc  fsl_csi.o [1]
EnableIRQ               0x6000'6fad     0x1c  Code  Lc  fsl_lpi2c.o [1]
EnableIRQ               0x6000'9453     0x1c  Code  Lc  LQ_PIT.o [1]
EnableIRQ               0x6000'3ab9     0x1c  Code  Lc  LQ_UART.o [1]
FLEXIO1_DriverIRQHandler
                        0x6000'b011      0x8  Code  Gb  fsl_flexio.o [1]
FLEXIO2_DriverIRQHandler
                        0x6000'b019      0x8  Code  Gb  fsl_flexio.o [1]
FLEXIO_CommonIRQHandler
                        0x6000'afc5     0x3e  Code  Gb  fsl_flexio.o [1]
FLEXSPI_CheckAndClearError
                        0x6000'9c57     0x64  Code  Gb  fsl_flexspi.o [1]
FLEXSPI_ClearInterruptStatusFlags
                        0x6000'9c4f      0x8  Code  Lc  fsl_flexspi.o [1]
FLEXSPI_DisableInterrupts
                        0x6000'9c45      0xa  Code  Lc  fsl_flexspi.o [1]
FLEXSPI_DriverIRQHandler
                        0x6000'9e65      0xe  Code  Gb  fsl_flexspi.o [1]
FLEXSPI_TransferAbort   0x6000'9cc1     0x2a  Code  Gb  fsl_flexspi.o [1]
FLEXSPI_TransferHandleIRQ
                        0x6000'9ceb    0x17a  Code  Gb  fsl_flexspi.o [1]
GPIO5_Combined_0_15_IRQHandler
                        0x6000'b031     0x2e  Code  Gb  LQ_KEY.o [1]
GPIO_GetInstance        0x6000'64db     0x2c  Code  Lc  fsl_gpio.o [1]
GPIO_GetPinsInterruptFlags
                        0x6000'b025      0x8  Code  Lc  LQ_KEY.o [1]
GPIO_Output_Config      0x2000'00ac      0x4  Data  Gb  LQ_LED.o [1]
GPIO_PinInit            0x6000'6507     0x54  Code  Gb  fsl_gpio.o [1]
GPIO_PinSetInterruptConfig
                        0x6000'65b9     0x9c  Code  Gb  fsl_gpio.o [1]
GPIO_PinWrite           0x6000'655b     0x3e  Code  Gb  fsl_gpio.o [1]
GPIO_PortClearInterruptFlags
                        0x6000'b02d      0x4  Code  Lc  LQ_KEY.o [1]
GPIO_PortGetInterruptFlags
                        0x6000'b021      0x4  Code  Lc  LQ_KEY.o [1]
GPIO_SetPinInterruptConfig
                        0x6000'64d1      0xa  Code  Lc  fsl_gpio.o [1]
IIC_master_callback     0x6000'9ba9     0x1a  Code  Gb  LQ_IIC.o [1]
IOMUXC_SetPinConfig     0x6000'53cb      0xc  Code  Lc  LQ_LED.o [1]
IOMUXC_SetPinConfig     0x6000'856f      0xc  Code  Lc  LQ_SGP18T.o [1]
IOMUXC_SetPinConfig     0x6000'3af1      0xc  Code  Lc  LQ_UART.o [1]
IOMUXC_SetPinConfig     0x6000'67bf      0xc  Code  Lc  pin_mux.o [1]
IOMUXC_SetPinMux        0x6000'53af     0x1c  Code  Lc  LQ_LED.o [1]
IOMUXC_SetPinMux        0x6000'8553     0x1c  Code  Lc  LQ_SGP18T.o [1]
IOMUXC_SetPinMux        0x6000'3ad5     0x1c  Code  Lc  LQ_UART.o [1]
IOMUXC_SetPinMux        0x6000'67a3     0x1c  Code  Lc  pin_mux.o [1]
IO_Init                 0x6000'6689     0x54  Code  Gb  fsl_io.o [1]
IO_Transfer             0x6000'66dd     0x32  Code  Gb  fsl_io.o [1]
LED_Color               0x6000'550b    0x130  Code  Gb  LQ_LED.o [1]
LED_Init                0x6000'53d7    0x134  Code  Gb  LQ_LED.o [1]
LOG_Init                0x6000'567d     0x1a  Code  Gb  fsl_log.o [1]
LOG_Pop                 0x6000'56bb     0x28  Code  Gb  fsl_log.o [1]
LOG_Push                0x6000'5697     0x24  Code  Gb  fsl_log.o [1]
LPI2C1_DriverIRQHandler
                        0x6000'7673      0xc  Code  Gb  fsl_lpi2c.o [1]
LPI2C2_DriverIRQHandler
                        0x6000'767f      0xc  Code  Gb  fsl_lpi2c.o [1]
LPI2C3_DriverIRQHandler
                        0x6000'768b      0xc  Code  Gb  fsl_lpi2c.o [1]
LPI2C4_DriverIRQHandler
                        0x6000'7697      0xc  Code  Gb  fsl_lpi2c.o [1]
LPI2C_CommonIRQHandler  0x6000'7635     0x3e  Code  Lc  fsl_lpi2c.o [1]
LPI2C_GetCyclesForWidth
                        0x6000'704d     0x6e  Code  Lc  fsl_lpi2c.o [1]
LPI2C_GetInstance       0x6000'701d     0x30  Code  Gb  fsl_lpi2c.o [1]
LPI2C_Init              0x6000'9bc3     0x54  Code  Gb  LQ_IIC.o [1]
LPI2C_MasterCheckAndClearError
                        0x6000'70bb     0x5e  Code  Gb  fsl_lpi2c.o [1]
LPI2C_MasterClearStatusFlags
                        0x6000'6fe5      0x4  Code  Lc  fsl_lpi2c.o [1]
LPI2C_MasterDisableInterrupts
                        0x6000'6fe9      0xa  Code  Lc  fsl_lpi2c.o [1]
LPI2C_MasterEnable      0x6000'6fd3      0xe  Code  Lc  fsl_lpi2c.o [1]
LPI2C_MasterGetDefaultConfig
                        0x6000'7119     0x38  Code  Gb  fsl_lpi2c.o [1]
LPI2C_MasterGetFifoCounts
                        0x6000'7003     0x1a  Code  Lc  fsl_lpi2c.o [1]
LPI2C_MasterGetStatusFlags
                        0x6000'6fe1      0x4  Code  Lc  fsl_lpi2c.o [1]
LPI2C_MasterInit        0x6000'7151    0x134  Code  Gb  fsl_lpi2c.o [1]
LPI2C_MasterReset       0x6000'6fc9      0xa  Code  Lc  fsl_lpi2c.o [1]
LPI2C_MasterSetBaudRate
                        0x6000'7289     0xf2  Code  Gb  fsl_lpi2c.o [1]
LPI2C_MasterSetWatermarks
                        0x6000'6ff3     0x10  Code  Lc  fsl_lpi2c.o [1]
LPI2C_MasterTransferCreateHandle
                        0x6000'737b     0x6a  Code  Gb  fsl_lpi2c.o [1]
LPI2C_MasterTransferHandleIRQ
                        0x6000'75c9     0x48  Code  Gb  fsl_lpi2c.o [1]
LPI2C_RunTransferStateMachine
                        0x6000'73e5    0x1ce  Code  Lc  fsl_lpi2c.o [1]
LPSPI1_DriverIRQHandler
                        0x6000'a141     0x24  Code  Gb  fsl_lpspi.o [1]
LPSPI2_DriverIRQHandler
                        0x6000'a165     0x24  Code  Gb  fsl_lpspi.o [1]
LPSPI3_DriverIRQHandler
                        0x6000'a189     0x24  Code  Gb  fsl_lpspi.o [1]
LPSPI4_DriverIRQHandler
                        0x6000'a1ad     0x24  Code  Gb  fsl_lpspi.o [1]
LPSPI_CommonIRQHandler  0x6000'a119     0x28  Code  Lc  fsl_lpspi.o [1]
LPSPI_IsMaster          0x6000'a111      0x8  Code  Lc  fsl_lpspi.o [1]
LPUART1_IRQHandler      0x6000'40ab     0x2a  Code  Gb  LQ_UART.o [1]
LPUART2_IRQHandler      0x6000'40d5     0x2c  Code  Gb  LQ_UART.o [1]
LPUART2_IRQHandler::res
                        0x2000'03a8      0x1  Data  Lc  LQ_UART.o [1]
LPUART3_IRQHandler      0x6000'4101     0x36  Code  Gb  LQ_UART.o [1]
LPUART3_IRQHandler::res
                        0x2000'03a9      0x1  Data  Lc  LQ_UART.o [1]
LPUART4_IRQHandler      0x6000'4137     0x36  Code  Gb  LQ_UART.o [1]
LPUART4_IRQHandler::res
                        0x2000'03aa      0x1  Data  Lc  LQ_UART.o [1]
LPUART5_IRQHandler      0x6000'4175     0x36  Code  Gb  LQ_UART.o [1]
LPUART5_IRQHandler::res
                        0x2000'03ab      0x1  Data  Lc  LQ_UART.o [1]
LPUART6_IRQHandler      0x6000'41ab     0x36  Code  Gb  LQ_UART.o [1]
LPUART6_IRQHandler::res
                        0x2000'03ac      0x1  Data  Lc  LQ_UART.o [1]
LPUART7_IRQHandler      0x6000'41ed     0x36  Code  Gb  LQ_UART.o [1]
LPUART7_IRQHandler::res
                        0x2000'03ad      0x1  Data  Lc  LQ_UART.o [1]
LPUART8_IRQHandler      0x6000'4223     0x36  Code  Gb  LQ_UART.o [1]
LPUART8_IRQHandler::res
                        0x2000'03ae      0x1  Data  Lc  LQ_UART.o [1]
LPUART_ClearStatusFlags
                        0x6000'4d51     0x4c  Code  Gb  fsl_lpuart.o [1]
LPUART_EnableInterrupts
                        0x6000'4d19     0x28  Code  Gb  fsl_lpuart.o [1]
LPUART_EnableRx         0x6000'666f     0x1a  Code  Lc  fsl_io.o [1]
LPUART_EnableTx         0x6000'6655     0x1a  Code  Lc  fsl_io.o [1]
LPUART_EnableTxDMA      0x6000'5269     0x1a  Code  Lc  fsl_lpuart_edma.o [1]
LPUART_GetDataRegisterAddress
                        0x6000'5265      0x4  Code  Lc  fsl_lpuart_edma.o [1]
LPUART_GetDefaultConfig
                        0x6000'4cbd     0x5c  Code  Gb  fsl_lpuart.o [1]
LPUART_GetInstance      0x6000'4a6d     0x32  Code  Gb  fsl_lpuart.o [1]
LPUART_GetStatusFlags   0x6000'4d41     0x10  Code  Gb  fsl_lpuart.o [1]
LPUART_Init             0x6000'4a9f    0x21e  Code  Gb  fsl_lpuart.o [1]
LPUART_RX_BUF           0x2000'0344     0x64  Data  Gb  LQ_UART.o [1]
LPUART_ReadBlocking     0x6000'4dd5     0xbc  Code  Gb  fsl_lpuart.o [1]
LPUART_ReadByte         0x6000'3afd     0x2a  Code  Lc  LQ_UART.o [1]
LPUART_SendEDMA         0x6000'5283     0xc0  Code  Gb  fsl_lpuart_edma.o [1]
LPUART_SoftwareReset    0x6000'4a5b     0x12  Code  Lc  fsl_lpuart.o [1]
LPUART_WriteBlocking    0x6000'4d9d     0x38  Code  Gb  fsl_lpuart.o [1]
LQMT9V034Resource       0x2000'0068     0x10  Data  Lc  LQ_CSI.o [1]
LQMT9V034_Control       0x6000'b1fd      0x4  Code  Gb  LQ_MT9V034M.o [1]
LQMT9V034_Deinit        0x6000'b1ed     0x10  Code  Gb  LQ_MT9V034M.o [1]
LQMT9V034_Init          0x6000'b211      0x6  Code  Gb  LQ_MT9V034M.o [1]
LQMT9V034_InitExt       0x6000'b209      0x8  Code  Gb  LQ_MT9V034M.o [1]
LQMT9V034_Start         0x6000'b201      0x4  Code  Gb  LQ_MT9V034M.o [1]
LQMT9V034_Stop          0x6000'b205      0x4  Code  Gb  LQ_MT9V034M.o [1]
LQMT9V034_ops           0x6000'b5f0     0x18  Data  Gb  LQ_MT9V034M.o [1]
LQ_Camera_Init          0x6000'9943     0x58  Code  Gb  LQ_CSI.o [1]
LQ_GetUartSrcFreq       0x6000'3b29     0x42  Code  Gb  LQ_UART.o [1]
LQ_PIT_Init             0x6000'95ab     0x7c  Code  Gb  LQ_PIT.o [1]
LQ_QSPI_BOOT_SDRAM_INIT
                        0x6000'77cb    0x3c0  Code  Gb  system_MIMXRT1052.o [1]
LQ_UART_Init            0x6000'3b6b    0x540  Code  Gb  LQ_UART.o [1]
LoadInt                 0x6000'25af     0x7a  Code  Lc  xprintffull_nomb.o [2]
MeasureRunTime_ms       0x6000'97dd     0x18  Code  Gb  m_systime.o [1]
Motor_pid               0x2000'0000     0x34  Data  Gb  LQ_Control.o [1]
NCACHE_VAR$$Base        0x8180'0000            --   Gb  - Linker created -
NCACHE_VAR$$Limit       0x8200'0000            --   Gb  - Linker created -
NVIC_EncodePriority     0x6000'9347     0x3c  Code  Lc  LQ_PIT.o [1]
NVIC_EncodePriority     0x6000'38df     0x3c  Code  Lc  LQ_UART.o [1]
PIT_ClearStatusFlags    0x6000'94b5      0xc  Code  Lc  LQ_PIT.o [1]
PIT_EnableInterrupts    0x6000'948b     0x1a  Code  Lc  LQ_PIT.o [1]
PIT_GetDefaultConfig    0x6000'946f     0x1c  Code  Lc  LQ_PIT.o [1]
PIT_GetInstance         0x6000'9a41     0x2c  Code  Lc  fsl_pit.o [1]
PIT_GetStatusFlags      0x6000'94a5     0x10  Code  Lc  LQ_PIT.o [1]
PIT_IRQHandler          0x6000'94e9     0x7e  Code  Gb  LQ_PIT.o [1]
PIT_Init                0x6000'9a6d     0x4a  Code  Gb  fsl_pit.o [1]
PIT_SetTimerPeriod      0x6000'94c1      0xc  Code  Lc  LQ_PIT.o [1]
PIT_StartTimer          0x6000'94cd     0x1c  Code  Lc  LQ_PIT.o [1]
RW$$Base                0x2000'0000            --   Gb  - Linker created -
RW$$Limit               0x2000'014c            --   Gb  - Linker created -
Region$$Table$$Base     0x6000'b2fc            --   Gb  - Linker created -
Region$$Table$$Limit    0x6000'b328            --   Gb  - Linker created -
SCB_DisableDCache       0x6000'8cdd     0x5a  Code  Lc  board.o [1]
SCB_DisableICache       0x6000'8c5d     0x26  Code  Lc  board.o [1]
SCB_EnableDCache        0x6000'8c83     0x5a  Code  Lc  board.o [1]
SCB_EnableDCache        0x6000'7763     0x5a  Code  Lc  system_MIMXRT1052.o [1]
SCB_EnableICache        0x6000'8c2f     0x2e  Code  Lc  board.o [1]
SCB_EnableICache        0x6000'7735     0x2e  Code  Lc  system_MIMXRT1052.o [1]
SDRAM_WaitIpCmdDone     0x6000'77bd      0xe  Code  Gb  system_MIMXRT1052.o [1]
Servo_pid               0x2000'0034     0x34  Data  Gb  LQ_Control.o [1]
StrFormatPrintf         0x6000'577d    0x246  Code  Gb  fsl_str.o [1]
SysTick_Config          0x6000'96a5     0x2e  Code  Lc  m_systime.o [1]
SysTick_Handler         0x6000'970b      0xc  Code  Gb  m_systime.o [1]
SystemCoreClock         0x2000'00c4      0x4  Data  Gb  system_MIMXRT1052.o [1]
SystemInit              0x6000'7b8b     0xa8  Code  Gb  system_MIMXRT1052.o [1]
TFTSPI_Addr_Rst         0x6000'896b     0x46  Code  Gb  LQ_SGP18T.o [1]
TFTSPI_CLS              0x6000'89b1     0x26  Code  Gb  LQ_SGP18T.o [1]
TFTSPI_Init             0x6000'857b    0x2fc  Code  Gb  LQ_SGP18T.o [1]
TFTSPI_Write_Byte       0x6000'88d3     0x54  Code  Gb  LQ_SGP18T.o [1]
TFTSPI_Write_Cmd        0x6000'888f     0x44  Code  Gb  LQ_SGP18T.o [1]
TFTSPI_Write_Word       0x6000'8927     0x44  Code  Gb  LQ_SGP18T.o [1]
Test_PIT                0x6000'9567     0x44  Code  Gb  LQ_PIT.o [1]
USDHC1_DriverIRQHandler
                        0x6000'b161     0x12  Code  Gb  fsl_usdhc.o [1]
USDHC2_DriverIRQHandler
                        0x6000'b175     0x12  Code  Gb  fsl_usdhc.o [1]
ZI$$Base                0x2000'0160            --   Gb  - Linker created -
ZI$$Limit               0x2000'044c            --   Gb  - Linker created -
_GenldFullNoMb          0x6000'2f25    0x274  Code  Lc  xprintffull_nomb.o [2]
_LdtobFullNoMb          0x6000'2af9    0x400  Code  Lc  xprintffull_nomb.o [2]
_LitobFullNoMb          0x6000'29a1    0x112  Code  Lc  xprintffull_nomb.o [2]
_Locale_lconv           0x2000'0110     0x38  Data  Lc  xlocale_c.o [2]
_PrintfFullNoMb         0x6000'2401    0x19e  Code  Gb  xprintffull_nomb.o [2]
_Prout                  0x6000'b681     0x16  Code  Gb  xprout.o [2]
_PutcharsFullNoMb       0x6000'3199     0x2e  Code  Lc  xprintffull_nomb.o [2]
_PutfldFullNoMb         0x6000'2629    0x26c  Code  Lc  xprintffull_nomb.o [2]
_PuttxtFullNoMb         0x6000'2895    0x10c  Code  Lc  xprintffull_nomb.o [2]
__NVIC_EnableIRQ        0x6000'7ea1     0x1e  Code  Lc  fsl_csi.o [1]
__NVIC_EnableIRQ        0x6000'6f3d     0x1e  Code  Lc  fsl_lpi2c.o [1]
__NVIC_EnableIRQ        0x6000'9307     0x1c  Code  Lc  LQ_PIT.o [1]
__NVIC_EnableIRQ        0x6000'3899     0x1e  Code  Lc  LQ_UART.o [1]
__NVIC_GetPriorityGrouping
                        0x6000'92fd      0xa  Code  Lc  LQ_PIT.o [1]
__NVIC_GetPriorityGrouping
                        0x6000'388d      0xc  Code  Lc  LQ_UART.o [1]
__NVIC_SetPriority      0x6000'9323     0x24  Code  Lc  LQ_PIT.o [1]
__NVIC_SetPriority      0x6000'38b7     0x28  Code  Lc  LQ_UART.o [1]
__NVIC_SetPriority      0x6000'9681     0x24  Code  Lc  m_systime.o [1]
__NVIC_SetPriorityGrouping
                        0x6000'8a19     0x1a  Code  Lc  Appmain.o [1]
__RAM_VECTOR_TABLE_SIZE {Abs}
                                0x0           Data  Gb  <internal module>
__VECTOR_RAM {Abs}      0x6000'2000           Data  Gb  <internal module>
__VECTOR_TABLE {Abs}    0x6000'2000           Data  Gb  <internal module>
__Vectors               0x6000'2000            --   Gb  startup_MIMXRT1052.o [1]
__Vectors_End           0x6000'2400           Data  Gb  startup_MIMXRT1052.o [1]
__Vectors_Size {Abs}          0x400            --   Gb  startup_MIMXRT1052.o [1]
__aeabi_assert          0x6000'43a5     0x18  Code  Gb  fsl_assert.o [1]
__aeabi_cdcmple         0x6000'36a5           Code  Gb  DblCmpLe.o [3]
__aeabi_cdrcmple        0x6000'36d5           Code  Gb  DblCmpGe.o [3]
__aeabi_d2iz            0x6000'3809      0xe  Code  Gb  DblToS32.o [3]
__aeabi_d2uiz           0x6000'3849      0xe  Code  Gb  DblToU32.o [3]
__aeabi_ddiv            0x6000'3837     0x12  Code  Gb  DblDiv.o [3]
__aeabi_dmul            0x6000'3579     0x12  Code  Gb  DblMul.o [3]
__aeabi_dsub            0x6000'3825     0x12  Code  Gb  DblSub.o [3]
__aeabi_i2d             0x6000'3817      0xe  Code  Gb  S32ToDbl.o [3]
__aeabi_ldiv0           0x6000'3875           Code  Gb  I64DivZer.o [4]
__aeabi_memclr4         0x6000'56ed           Code  Gb  ABImemclr4.o [4]
__aeabi_memcpy          0x6000'358d           Code  Gb  ABImemcpy.o [4]
__aeabi_memcpy4         0x6000'35ad           Code  Gb  ABImemcpy.o [4]
__aeabi_memcpy8         0x6000'35ad           Code  Gb  ABImemcpy.o [4]
__aeabi_memset          0x6000'76cd           Code  Gb  ABImemset.o [4]
__aeabi_ui2d            0x6000'3857      0xe  Code  Gb  U32ToDbl.o [3]
__aeabi_uldivmod        0x6000'3349           Code  Gb  I64DivMod.o [4]
__cmain                 0x6000'b389           Code  Gb  cmain.o [4]
__exit                  0x6000'3879     0x14  Code  Gb  exit.o [5]
__iar_Fail_s            0x6000'3279     0x1c  Code  Gb  xfail_s.o [2]
__iar_Memchr            0x6000'32f1           Code  Gb  memchr.o [4]
__iar_Memset            0x6000'76cd           Code  Gb  ABImemset.o [4]
__iar_Memset4_word      0x6000'671d           Code  Gb  ABImemset48.o [4]
__iar_Memset8_word      0x6000'671d           Code  Gb  ABImemset48.o [4]
__iar_Memset_word       0x6000'76d5           Code  Gb  ABImemset.o [4]
__iar_Stdout            0x2000'00c8     0x48  Data  Gb  xfiles.o [2]
__iar_Strchr            0x6000'3261           Code  Gb  strchr.o [4]
__iar_copy_init3        0x6000'b1c1     0x2c  Code  Gb  copy_init3.o [4]
__iar_data_init3        0x6000'b269     0x28  Code  Gb  data_init.o [4]
__iar_frexp             0x6000'3641           Code  Gb  frexp.o [3]
__iar_frexpl            0x6000'3641           Code  Gb  frexp.o [3]
__iar_init_vfp          0x6000'b2d9           Code  Gb  fpinit_M.o [3]
__iar_ldexp64           0x6000'3719           Code  Gb  ldexp.o [3]
__iar_program_start     0x6000'b8b9           Code  Gb  cstartup_M.o [4]
__iar_scalbln64         0x6000'3719           Code  Gb  ldexp.o [3]
__iar_scalbn64          0x6000'3719           Code  Gb  ldexp.o [3]
__iar_softfp___iar_frexp64
                        0x6000'3635           Code  Gb  frexp.o [3]
__iar_softfp___iar_ldexp64
                        0x6000'3705           Code  Gb  ldexp.o [3]
__iar_softfp___iar_scalbln64
                        0x6000'3705           Code  Gb  ldexp.o [3]
__iar_softfp___iar_scalbn64
                        0x6000'3705           Code  Gb  ldexp.o [3]
__iar_softfp_frexp      0x6000'3635           Code  Gb  frexp.o [3]
__iar_softfp_frexpl     0x6000'3635           Code  Gb  frexp.o [3]
__iar_softfp_ldexp      0x6000'3705           Code  Gb  ldexp.o [3]
__iar_softfp_ldexpl     0x6000'3705           Code  Gb  ldexp.o [3]
__iar_softfp_scalbln    0x6000'3705           Code  Gb  ldexp.o [3]
__iar_softfp_scalblnl   0x6000'3705           Code  Gb  ldexp.o [3]
__iar_softfp_scalbn     0x6000'3705           Code  Gb  ldexp.o [3]
__iar_softfp_scalbnl    0x6000'3705           Code  Gb  ldexp.o [3]
__iar_zero_init3        0x6000'3227     0x3a  Code  Gb  zero_init3.o [4]
__low_level_init        0x6000'b3a7      0x4  Code  Gb  low_level_init.o [2]
__vector_table          0x6000'2000           Data  Gb  startup_MIMXRT1052.o [1]
__vector_table_0x1c     0x6000'201c           Data  Gb  startup_MIMXRT1052.o [1]
_call_main              0x6000'b395           Code  Gb  cmain.o [4]
_exit                   0x6000'b3b1           Code  Gb  cexit.o [4]
_main                   0x6000'b3a3           Code  Gb  cmain.o [4]
_status                 0x2000'0148      0x2  Data  Gb  status.o [1]
_systime                0x2000'00b0     0x14  Data  Gb  m_systime.o [1]
abort                   0x6000'386d      0x6  Code  Gb  abort.o [2]
armPllConfig_BOARD_BootClockRUN
                        0x6000'b8c4      0x8  Data  Gb  clock_config.o [1]
boot_data               0x6000'1020     0x10  Data  Gb  fsl_flexspi_nor_boot.o [1]
cameraConfig            0x2000'0090     0x18  Data  Gb  LQ_CSI.o [1]
cameraDevice            0x2000'0078      0x8  Data  Gb  LQ_CSI.o [1]
cameraReceiver          0x2000'0084      0xc  Data  Gb  LQ_CSI.o [1]
csiFrameBuf             0x8180'0000  0x16080  Data  Gb  LQ_CSI.o [1]
csiPrivateData          0x2000'02b0     0x2c  Data  Lc  LQ_CSI.o [1]
csiResource             0x2000'0080      0x4  Data  Lc  LQ_CSI.o [1]
csi_ops                 0x6000'b544     0x1c  Data  Gb  fsl_csi_camera_adapter.o [1]
dcd_data                0x6000'3632      0x2  Data  Gb  fsl_flexspi_nor_boot.o [1]
delay_ms                0x6000'97cd     0x10  Code  Gb  m_systime.o [1]
delay_us                0x6000'9743     0x8a  Code  Gb  m_systime.o [1]
delayms                 0x6000'8a33     0x1a  Code  Gb  Appmain.o [1]
exit                    0x6000'b3ab      0x4  Code  Gb  exit.o [2]
fputc                   0x6000'3b27      0x2  Code  Gb  LQ_UART.o [1]
g_InputSignal           0x2000'0336      0x1  Data  Gb  LQ_KEY.o [1]
g_MasterHandle          0x2000'02dc     0x38  Data  Gb  LQ_IIC.o [1]
g_completionFlag        0x2000'0334      0x1  Data  Lc  LQ_IIC.o [1]
g_fxosHandle            0x2000'0314     0x20  Data  Gb  LQ_IIC.o [1]
g_lpuartEdmaHandle      0x2000'03b8     0x1c  Data  Gb  LQ_UART.o [1]
g_nakFlag               0x2000'0335      0x1  Data  Lc  LQ_IIC.o [1]
g_rtcXtalFreq           0x2000'01a4      0x4  Data  Gb  fsl_clock.o [1]
g_xtalFreq              0x2000'01a0      0x4  Data  Gb  fsl_clock.o [1]
get_current_time_ms     0x6000'9717     0x12  Code  Gb  m_systime.o [1]
get_current_time_us     0x6000'9729     0x1a  Code  Gb  m_systime.o [1]
image_vector_table      0x6000'1000     0x20  Data  Gb  fsl_flexspi_nor_boot.o [1]
kLpi2cBases             0x6000'b6cc     0x14  Data  Lc  fsl_lpi2c.o [1]
kLpi2cClocks            0x6000'b84c      0xc  Data  Lc  fsl_lpi2c.o [1]
kLpi2cIrqs              0x6000'b840      0xc  Data  Lc  fsl_lpi2c.o [1]
key_ok                  0x2000'00a8      0x4  Data  Gb  LQ_KEY.o [1]
ldexp                   0x6000'3719           Code  Gb  ldexp.o [3]
ldexpl                  0x6000'3719           Code  Gb  ldexp.o [3]
localeconv              0x6000'3865      0x4  Code  Gb  xlocale_c.o [2]
m_boot_hdr_conf_start {Abs}
                        0x6000'0000           Data  Gb  <internal module>
main                    0x6000'8a5b    0x12e  Code  Gb  Appmain.o [1]
memchr                  0x6000'32f1           Code  Gb  memchr.o [4]
obuf                    0x2000'03f8     0x50  Data  Lc  xfiles.o [2]
pitIsrCnt0              0x2000'0338      0x2  Data  Gb  LQ_PIT.o [1]
pitIsrCnt1              0x2000'033a      0x2  Data  Gb  LQ_PIT.o [1]
pitIsrCnt2              0x2000'033c      0x2  Data  Gb  LQ_PIT.o [1]
pitIsrCnt3              0x2000'033e      0x2  Data  Gb  LQ_PIT.o [1]
printf                  0x6000'99cd     0x28  Code  Gb  printf.o [2]
putchar                 0x6000'b699      0xc  Code  Gb  putchar.o [2]
qspi_config             0x6000'0000    0x200  Data  Gb  xip_config.o [1]
res                     0x2000'0340      0x1  Data  Gb  LQ_UART.o [1]
s_EDMAHandle            0x2000'01b0     0x80  Data  Lc  fsl_edma.o [1]
s_csiBases              0x6000'ba5c      0x4  Data  Lc  fsl_csi.o [1]
s_csiClocks             0x6000'32ee      0x2  Data  Lc  fsl_csi.o [1]
s_csiHandle             0x2000'01a8      0x4  Data  Lc  fsl_csi.o [1]
s_csiIRQ                0x6000'358a      0x2  Data  Lc  fsl_csi.o [1]
s_csiIsr                0x2000'01ac      0x4  Data  Lc  fsl_csi.o [1]
s_debugConsoleIO        0x2000'024c      0x8  Data  Lc  fsl_io.o [1]
s_flexioHandle          0x2000'0230      0x8  Data  Lc  fsl_flexio.o [1]
s_flexioIsr             0x2000'0240      0x8  Data  Lc  fsl_flexio.o [1]
s_flexioType            0x2000'0238      0x8  Data  Lc  fsl_flexio.o [1]
s_flexspiHandle         0x2000'0248      0x4  Data  Lc  fsl_flexspi.o [1]
s_gpioBases             0x6000'b578     0x18  Data  Lc  fsl_gpio.o [1]
s_gpioClock             0x6000'b81c      0xc  Data  Lc  fsl_gpio.o [1]
s_lpi2cMasterHandle     0x2000'0258     0x14  Data  Lc  fsl_lpi2c.o [1]
s_lpi2cMasterIsr        0x2000'0254      0x4  Data  Lc  fsl_lpi2c.o [1]
s_lpi2cSlaveHandle      0x2000'0270     0x14  Data  Lc  fsl_lpi2c.o [1]
s_lpi2cSlaveIsr         0x2000'026c      0x4  Data  Lc  fsl_lpi2c.o [1]
s_lpspiHandle           0x2000'0284     0x14  Data  Lc  fsl_lpspi.o [1]
s_lpspiMasterIsr        0x2000'0298      0x4  Data  Lc  fsl_lpspi.o [1]
s_lpspiSlaveIsr         0x2000'029c      0x4  Data  Lc  fsl_lpspi.o [1]
s_lpuartBases           0x6000'b2b4     0x24  Data  Lc  fsl_lpuart.o [1]
s_lpuartClock           0x6000'b730     0x14  Data  Lc  fsl_lpuart.o [1]
s_pitBases              0x6000'ba60      0x4  Data  Lc  fsl_pit.o [1]
s_pitClocks             0x6000'36d2      0x2  Data  Lc  fsl_pit.o [1]
s_usdhcBase             0x6000'b87c      0xc  Data  Lc  fsl_usdhc.o [1]
s_usdhcHandle           0x2000'02a0      0xc  Data  Lc  fsl_usdhc.o [1]
s_usdhcIsr              0x2000'02ac      0x4  Data  Lc  fsl_usdhc.o [1]
scalbln                 0x6000'3719           Code  Gb  ldexp.o [3]
scalblnl                0x6000'3719           Code  Gb  ldexp.o [3]
scalbn                  0x6000'3719           Code  Gb  ldexp.o [3]
scalbnl                 0x6000'3719           Code  Gb  ldexp.o [3]
scale                   0x6000'2ab3     0x46  Code  Lc  xprintffull_nomb.o [2]
sec_hand                0x2000'0448      0x4  Data  Lc  xfail_s.o [2]
sendXfer                0x2000'03b0      0x8  Data  Gb  LQ_UART.o [1]
strchr                  0x6000'3261           Code  Gb  strchr.o [4]
strlen                  0x6000'32b9           Code  Gb  strlen.o [4]
sysPllConfig_BOARD_BootClockRUN
                        0x6000'b754     0x10  Data  Gb  clock_config.o [1]
systime_init            0x6000'96d3     0x38  Code  Gb  m_systime.o [1]
tft18delay_1us          0x6000'8879     0x16  Code  Gb  LQ_SGP18T.o [1]
time                    0x2000'0198      0x8  Data  Gb  Appmain.o [1]
timer                   0x2000'03d8     0x20  Data  Gb  m_systime.o [1]
usb1PllConfig_BOARD_BootClockRUN
                        0x6000'3276      0x2  Data  Gb  clock_config.o [1]


[1] = D:\智能车\麦轮信标\程序\RT1052\RT1052库\i.MX-RT1052-Library\LQ库改写\sdram_release\obj
[2] = dl7M_tlf.a
[3] = m7M_tlv.a
[4] = rt7M_tl.a
[5] = shb_l.a

     33 772 bytes of readonly  code memory
      6 320 bytes of readonly  data memory
  8 422 454 bytes of readwrite data memory

Errors: none
Warnings: none
